=== 📊 거래 설정 ===
손익비: 1.4:1 (익절 +3.5% / 손절 -2.5%)
거래당 투자금: 1,000,000원

=== 💰 당일 수익 요약 ===
총 거래: 2건 (1승 1패)
총 수익금: +10,000원 (+0.5%)
  ㄴ 승리 수익: +35,000원 (실제 수익률 합계)
  ㄴ 손실 금액: -25,000원 (실제 손실률 합계)

=== 총 승패: 1승 1패 ===
=== selection_date 이후 승패: 1승 1패 ===
=== 📊 최대 동시 보유 종목 수: 7개 ===
=== 🌅 12시 이전 매수 종목: 1승 1패 (승률 50.0%) ===
총 수익금: +10,000원 (+0.5%)
  ㄴ 승리 수익: +35,000원 (실제 수익률 합계)
  ㄴ 손실 금액: -25,000원 (실제 손실률 합계)

# [ML 필터링: 37.4%]       🔴 083500(에프엔에스테크) 09:40 매수 → -0.49% [ML: 54.4%]
# [ML 필터링: 46.2%]    # [ML 필터링: 36.4%]    🔴 307950(현대오토에버) 09:42 매수 → -2.50%
# [ML 필터링: 24.6%]    # [ML 필터링: 31.2%]    🟢 098460(고영) 09:55 매수 → +3.50%
   🔴 060280(큐렉소) 10:01 매수 → -2.50% [ML: 67.1%] [ML: 52.7%]
# [ML 필터링: 44.7%]    🔴 300080(플리토) 10:15 매수 → -0.54% [ML: 77.3%]
# [ML 필터링: 44.4%]    # [ML 필터링: 30.0%]    🟢 348210(넥스틴) 10:18 매수 → +2.26%
# [ML 필터링: 38.3%]    🟢 307950(현대오토에버) 10:18 매수 → +2.62% [ML: 55.2%]
# [ML 필터링: 46.5%]       🔴 036630(세종텔레콤) 10:24 매수 → -0.27% [ML: 62.8%]
   🟢 394800(쓰리빌리언) 10:51 매수 → +3.50% [ML: 50.0%] (패턴없음) [ML: 50.0%] (패턴없음)

=== 084670 - 20251202 눌림목(3분) 신호 재현 ===
  selection_date: 2025-12-02 09:22:48
  승패: 0승 0패
  selection_date 이후 승패: 0승 0패
  매매신호:
    없음
  체결 시뮬레이션:
    없음
  매수 못한 기회:
    없음

  🔍 상세 3분봉 분석 (09:00~15:30):
    09:00→09:03: 데이터부족
    09:03→09:06: 데이터부족
    09:06→09:09: 데이터부족
    09:09→09:12: 데이터부족
    09:12→09:15: 종가:13,450 | 거래량:42,453 | 🔴회피(4단계패턴없음) | 신뢰도:0%
    09:15→09:18: 종가:13,930 | 거래량:48,467 | 🔴회피(4단계패턴없음) | 신뢰도:0%
    09:18→09:21: 종가:15,310 | 거래량:295,117 | 🔴회피(4단계패턴없음) | 신뢰도:0%
    09:21→09:24: 종가:15,970 | 거래량:315,088 | 🔴회피(시가대비26.0%상승(22%이상차단)) | 신뢰도:0%
    09:24→09:27: 종가:15,880 | 거래량:170,638 | 🔴회피(시가대비25.3%상승(22%이상차단)) | 신뢰도:0%
    09:27→09:30: 종가:16,020 | 거래량:103,811 | 🔴회피(시가대비26.4%상승(22%이상차단)) | 신뢰도:0%
    09:30→09:33: 종가:15,540 | 거래량:92,463 | 🔴회피(시가대비22.7%상승(22%이상차단)) | 신뢰도:0%
    09:33→09:36: 종가:15,810 | 거래량:46,525 | 🔴회피(시가대비24.8%상승(22%이상차단)) | 신뢰도:0%
    09:36→09:39: 종가:16,080 | 거래량:69,674 | 🔴회피(시가대비26.9%상승(22%이상차단)) | 신뢰도:0%
    09:39→09:42: 종가:16,150 | 거래량:177,954 | 🔴회피(시가대비27.5%상승(22%이상차단)) | 신뢰도:0%
    09:42→09:45: 종가:16,060 | 거래량:34,964 | 🔴회피(시가대비26.8%상승(22%이상차단)) | 신뢰도:0%
    09:45→09:48: 종가:15,905 | 거래량:48,434 | 🔴회피(시가대비25.5%상승(22%이상차단)) | 신뢰도:0%
    09:48→09:51: 종가:16,040 | 거래량:28,802 | 🔴회피(시가대비26.6%상승(22%이상차단)) | 신뢰도:0%
    09:51→09:54: 종가:16,015 | 거래량:21,612 | 🔴회피(시가대비26.4%상승(22%이상차단)) | 신뢰도:0%
    09:54→09:57: 종가:15,950 | 거래량:13,803 | 🔴회피(시가대비25.9%상승(22%이상차단)) | 신뢰도:0%
    09:57→10:00: 종가:15,900 | 거래량:18,412 | 🔴회피(시가대비25.5%상승(22%이상차단)) | 신뢰도:0%
    10:00→10:03: 종가:15,620 | 거래량:40,793 | 🔴회피(시가대비23.3%상승(22%이상차단)) | 신뢰도:0%
    10:03→10:06: 종가:15,770 | 거래량:21,236 | 🔴회피(시가대비24.5%상승(22%이상차단)) | 신뢰도:0%
    10:06→10:09: 종가:15,840 | 거래량:15,395 | 🔴회피(시가대비25.0%상승(22%이상차단)) | 신뢰도:0%
    10:09→10:12: 종가:15,850 | 거래량:13,824 | 🔴회피(시가대비25.1%상승(22%이상차단)) | 신뢰도:0%
    10:12→10:15: 종가:15,740 | 거래량:12,739 | 🔴회피(시가대비24.2%상승(22%이상차단)) | 신뢰도:0%
    10:15→10:18: 종가:15,750 | 거래량:10,177 | 🔴회피(시가대비24.3%상승(22%이상차단)) | 신뢰도:0%
    10:18→10:21: 종가:15,730 | 거래량:14,651 | 🔴회피(시가대비24.2%상승(22%이상차단)) | 신뢰도:0%
    10:21→10:24: 종가:15,650 | 거래량:4,910 | 🔴회피(시가대비23.5%상승(22%이상차단)) | 신뢰도:0%
    10:24→10:27: 종가:15,830 | 거래량:14,699 | 🔴회피(시가대비24.9%상승(22%이상차단)) | 신뢰도:0%
    10:27→10:30: 종가:15,850 | 거래량:9,191 | 🔴회피(시가대비25.1%상승(22%이상차단)) | 신뢰도:0%
    10:30→10:33: 종가:15,840 | 거래량:4,372 | 🔴회피(시가대비25.0%상승(22%이상차단)) | 신뢰도:0%
    10:33→10:36: 종가:15,940 | 거래량:17,133 | 🔴회피(시가대비25.8%상승(22%이상차단)) | 신뢰도:0%
    10:36→10:39: 종가:15,860 | 거래량:6,574 | 🔴회피(시가대비25.2%상승(22%이상차단)) | 신뢰도:0%
    10:39→10:42: 종가:16,190 | 거래량:48,965 | 🔴회피(시가대비27.8%상승(22%이상차단)) | 신뢰도:0%
    10:42→10:45: 종가:16,110 | 거래량:13,648 | 🔴회피(시가대비27.2%상승(22%이상차단)) | 신뢰도:0%
    10:45→10:48: 종가:15,900 | 거래량:14,838 | 🔴회피(시가대비25.5%상승(22%이상차단)) | 신뢰도:0%
    10:48→10:51: 종가:15,780 | 거래량:9,667 | 🔴회피(시가대비24.5%상승(22%이상차단)) | 신뢰도:0%
    10:51→10:54: 종가:15,790 | 거래량:9,899 | 🔴회피(시가대비24.6%상승(22%이상차단)) | 신뢰도:0%
    10:54→10:57: 종가:15,770 | 거래량:12,188 | 🔴회피(시가대비24.5%상승(22%이상차단)) | 신뢰도:0%
    10:57→11:00: 종가:15,820 | 거래량:7,292 | 🔴회피(시가대비24.9%상승(22%이상차단)) | 신뢰도:0%
    11:00→11:03: 종가:15,900 | 거래량:9,124 | 🔴회피(시가대비25.5%상승(22%이상차단)) | 신뢰도:0%
    11:03→11:06: 종가:15,900 | 거래량:3,582 | 🔴회피(시가대비25.5%상승(22%이상차단)) | 신뢰도:0%
    11:06→11:09: 종가:15,850 | 거래량:4,088 | 🔴회피(시가대비25.1%상승(22%이상차단)) | 신뢰도:0%
    11:09→11:12: 종가:15,940 | 거래량:5,325 | 🔴회피(시가대비25.8%상승(22%이상차단)) | 신뢰도:0%
    11:12→11:15: 종가:15,920 | 거래량:8,956 | 🔴회피(시가대비25.7%상승(22%이상차단)) | 신뢰도:0%
    11:15→11:18: 종가:15,950 | 거래량:4,894 | 🔴회피(시가대비25.9%상승(22%이상차단)) | 신뢰도:0%
    11:18→11:21: 종가:16,020 | 거래량:9,575 | 🔴회피(시가대비26.4%상승(22%이상차단)) | 신뢰도:0%
    11:21→11:24: 종가:16,180 | 거래량:30,704 | 🔴회피(시가대비27.7%상승(22%이상차단)) | 신뢰도:0%
    11:24→11:27: 종가:16,150 | 거래량:8,889 | 🔴회피(시가대비27.5%상승(22%이상차단)) | 신뢰도:0%
    11:27→11:30: 종가:16,100 | 거래량:14,175 | 🔴회피(시가대비27.1%상승(22%이상차단)) | 신뢰도:0%
    11:30→11:33: 종가:16,090 | 거래량:7,125 | 🔴회피(시가대비27.0%상승(22%이상차단)) | 신뢰도:0%
    11:33→11:36: 종가:16,010 | 거래량:5,636 | 🔴회피(시가대비26.4%상승(22%이상차단)) | 신뢰도:0%
    11:36→11:39: 종가:15,900 | 거래량:9,316 | 🔴회피(시가대비25.5%상승(22%이상차단)) | 신뢰도:0%
    11:39→11:42: 종가:15,990 | 거래량:4,098 | 🔴회피(시가대비26.2%상승(22%이상차단)) | 신뢰도:0%
    11:42→11:45: 종가:16,030 | 거래량:2,893 | 🔴회피(시가대비26.5%상승(22%이상차단)) | 신뢰도:0%
    11:45→11:48: 종가:16,010 | 거래량:4,093 | 🔴회피(시가대비26.4%상승(22%이상차단)) | 신뢰도:0%
    11:48→11:51: 종가:15,940 | 거래량:4,652 | 🔴회피(시가대비25.8%상승(22%이상차단)) | 신뢰도:0%
    11:51→11:54: 종가:16,120 | 거래량:6,080 | 🔴회피(시가대비27.2%상승(22%이상차단)) | 신뢰도:0%
    11:54→11:57: 종가:16,060 | 거래량:6,168 | 🔴회피(시가대비26.8%상승(22%이상차단)) | 신뢰도:0%
    11:57→12:00: 종가:16,320 | 거래량:86,239 | 🔴회피(시가대비28.8%상승(22%이상차단)) | 신뢰도:0%
    12:00→12:03: 종가:16,220 | 거래량:47,643 | 🔴회피(시가대비28.0%상승(22%이상차단)) | 신뢰도:0%
    12:03→12:06: 종가:16,270 | 거래량:9,359 | 🔴회피(시가대비28.4%상승(22%이상차단)) | 신뢰도:0%
    12:06→12:09: 종가:16,300 | 거래량:7,554 | 🔴회피(시가대비28.7%상승(22%이상차단)) | 신뢰도:0%
    12:09→12:12: 종가:16,440 | 거래량:73,132 | 🔴회피(시가대비29.8%상승(22%이상차단)) | 신뢰도:0%
    12:12→12:15: 종가:16,440 | 거래량:4,100 | 🔴회피(시가대비29.8%상승(22%이상차단)) | 신뢰도:0%
    12:15→12:18: 종가:16,440 | 거래량:7,067 | 🔴회피(시가대비29.8%상승(22%이상차단)) | 신뢰도:0%
    12:18→12:21: 종가:16,440 | 거래량:1,247 | 🔴회피(시가대비29.8%상승(22%이상차단)) | 신뢰도:0%
    12:21→12:24: 종가:16,440 | 거래량:2,194 | 🔴회피(시가대비29.8%상승(22%이상차단)) | 신뢰도:0%
    12:24→12:27: 종가:16,440 | 거래량:808 | 🔴회피(시가대비29.8%상승(22%이상차단)) | 신뢰도:0%
    12:27→12:30: 종가:16,440 | 거래량:174 | 🔴회피(시가대비29.8%상승(22%이상차단)) | 신뢰도:0%
    12:30→12:33: 종가:16,440 | 거래량:918 | 🔴회피(시가대비29.8%상승(22%이상차단)) | 신뢰도:0%
    12:33→12:36: 종가:16,440 | 거래량:100 | 🔴회피(시가대비29.8%상승(22%이상차단)) | 신뢰도:0%
    12:36→12:39: 종가:16,440 | 거래량:609 | 🔴회피(시가대비29.8%상승(22%이상차단)) | 신뢰도:0%
    12:39→12:42: 종가:16,440 | 거래량:242 | 🔴회피(시가대비29.8%상승(22%이상차단)) | 신뢰도:0%
    12:42→12:45: 종가:16,440 | 거래량:44 | 🔴회피(시가대비29.8%상승(22%이상차단)) | 신뢰도:0%
    12:45→12:48: 종가:16,440 | 거래량:16 | 🔴회피(시가대비29.8%상승(22%이상차단)) | 신뢰도:0%
    12:48→12:51: 종가:16,440 | 거래량:435 | 🔴회피(시가대비29.8%상승(22%이상차단)) | 신뢰도:0%
    12:51→12:54: 종가:16,440 | 거래량:689 | 🔴회피(시가대비29.8%상승(22%이상차단)) | 신뢰도:0%
    12:54→12:57: 종가:16,440 | 거래량:311 | 🔴회피(시가대비29.8%상승(22%이상차단)) | 신뢰도:0%
    12:57→13:00: 종가:16,440 | 거래량:612 | 🔴회피(시가대비29.8%상승(22%이상차단)) | 신뢰도:0%
    13:00→13:03: 종가:16,440 | 거래량:1,761 | 🔴회피(시가대비29.8%상승(22%이상차단)) | 신뢰도:0%
    13:03→13:06: 종가:16,440 | 거래량:173 | 🔴회피(시가대비29.8%상승(22%이상차단)) | 신뢰도:0%
    13:06→13:09: 종가:16,440 | 거래량:87 | 🔴회피(시가대비29.8%상승(22%이상차단)) | 신뢰도:0%
    13:09→13:12: 종가:16,440 | 거래량:153 | 🔴회피(시가대비29.8%상승(22%이상차단)) | 신뢰도:0%
    13:15→13:18: 종가:16,440 | 거래량:76 | 🔴회피(시가대비29.8%상승(22%이상차단)) | 신뢰도:0%
    13:18→13:21: 종가:16,440 | 거래량:81 | 🔴회피(시가대비29.8%상승(22%이상차단)) | 신뢰도:0%
    13:21→13:24: 종가:16,440 | 거래량:71 | 🔴회피(시가대비29.8%상승(22%이상차단)) | 신뢰도:0%
    13:24→13:27: 종가:16,440 | 거래량:142 | 🔴회피(시가대비29.8%상승(22%이상차단)) | 신뢰도:0%
    13:27→13:30: 종가:16,440 | 거래량:268 | 🔴회피(시가대비29.8%상승(22%이상차단)) | 신뢰도:0%
    13:30→13:33: 종가:16,440 | 거래량:1,070 | 🔴회피(시가대비29.8%상승(22%이상차단)) | 신뢰도:0%
    13:33→13:36: 종가:16,440 | 거래량:97 | 🔴회피(시가대비29.8%상승(22%이상차단)) | 신뢰도:0%
    13:36→13:39: 종가:16,440 | 거래량:159 | 🔴회피(시가대비29.8%상승(22%이상차단)) | 신뢰도:0%
    13:39→13:42: 종가:16,440 | 거래량:27 | 🔴회피(시가대비29.8%상승(22%이상차단)) | 신뢰도:0%
    13:42→13:45: 종가:16,440 | 거래량:353 | 🔴회피(시가대비29.8%상승(22%이상차단)) | 신뢰도:0%
    13:45→13:48: 종가:16,440 | 거래량:131 | 🔴회피(시가대비29.8%상승(22%이상차단)) | 신뢰도:0%
    13:48→13:51: 종가:16,440 | 거래량:16 | 🔴회피(시가대비29.8%상승(22%이상차단)) | 신뢰도:0%
    13:51→13:54: 종가:16,440 | 거래량:27 | 🔴회피(시가대비29.8%상승(22%이상차단)) | 신뢰도:0%
    13:54→13:57: 종가:16,440 | 거래량:19 | 🔴회피(시가대비29.8%상승(22%이상차단)) | 신뢰도:0%
    13:57→14:00: 종가:16,440 | 거래량:1,244 | 🔴회피(시가대비29.8%상승(22%이상차단)) | 신뢰도:0%
    14:00→14:03: 종가:16,440 | 거래량:45 | 🔴회피(시가대비29.8%상승(22%이상차단)) | 신뢰도:0%
    14:03→14:06: 종가:16,440 | 거래량:80 | 🔴회피(시가대비29.8%상승(22%이상차단)) | 신뢰도:0%
    14:06→14:09: 종가:16,440 | 거래량:84 | 🔴회피(시가대비29.8%상승(22%이상차단)) | 신뢰도:0%
    14:09→14:12: 종가:16,440 | 거래량:132 | 🔴회피(시가대비29.8%상승(22%이상차단)) | 신뢰도:0%
    14:12→14:15: 종가:16,440 | 거래량:27 | 🔴회피(시가대비29.8%상승(22%이상차단)) | 신뢰도:0%
    14:15→14:18: 종가:16,440 | 거래량:314 | 🔴회피(시가대비29.8%상승(22%이상차단)) | 신뢰도:0%
    14:18→14:21: 종가:16,440 | 거래량:64 | 🔴회피(시가대비29.8%상승(22%이상차단)) | 신뢰도:0%
    14:21→14:24: 종가:16,440 | 거래량:76 | 🔴회피(시가대비29.8%상승(22%이상차단)) | 신뢰도:0%
    14:24→14:27: 종가:16,440 | 거래량:40 | 🔴회피(시가대비29.8%상승(22%이상차단)) | 신뢰도:0%
    14:27→14:30: 종가:16,440 | 거래량:40 | 🔴회피(시가대비29.8%상승(22%이상차단)) | 신뢰도:0%
    14:30→14:33: 종가:16,440 | 거래량:730 | 🔴회피(시가대비29.8%상승(22%이상차단)) | 신뢰도:0%
    14:33→14:36: 종가:16,440 | 거래량:22 | 🔴회피(시가대비29.8%상승(22%이상차단)) | 신뢰도:0%
    14:36→14:39: 종가:16,440 | 거래량:4 | 🔴회피(시가대비29.8%상승(22%이상차단)) | 신뢰도:0%
    14:39→14:42: 종가:16,440 | 거래량:24 | 🔴회피(시가대비29.8%상승(22%이상차단)) | 신뢰도:0%
    14:42→14:45: 종가:16,440 | 거래량:7 | 🔴회피(시가대비29.8%상승(22%이상차단)) | 신뢰도:0%
    14:45→14:48: 종가:16,440 | 거래량:158 | 🔴회피(시가대비29.8%상승(22%이상차단)) | 신뢰도:0%
    14:48→14:51: 종가:16,440 | 거래량:145 | 🔴회피(시가대비29.8%상승(22%이상차단)) | 신뢰도:0%
    14:51→14:54: 종가:16,440 | 거래량:74 | 🔴회피(시가대비29.8%상승(22%이상차단)) | 신뢰도:0%
    14:54→14:57: 종가:16,440 | 거래량:17 | 🔴회피(시가대비29.8%상승(22%이상차단)) | 신뢰도:0%
    14:57→15:00: 종가:16,440 | 거래량:64 | 🔴회피(시가대비29.8%상승(22%이상차단)) | 신뢰도:0%
    15:00→15:03: 종가:16,440 | 거래량:1 | 🔴회피(시가대비29.8%상승(22%이상차단)) | 신뢰도:0%
    15:03→15:06: 종가:16,440 | 거래량:93 | 🔴회피(시가대비29.8%상승(22%이상차단)) | 신뢰도:0%
    15:06→15:09: 종가:16,440 | 거래량:7 | 🔴회피(시가대비29.8%상승(22%이상차단)) | 신뢰도:0%
    15:09→15:12: 종가:16,440 | 거래량:31 | 🔴회피(시가대비29.8%상승(22%이상차단)) | 신뢰도:0%
    15:12→15:15: 종가:16,440 | 거래량:79 | 🔴회피(시가대비29.8%상승(22%이상차단)) | 신뢰도:0%
    15:15→15:18: 종가:16,440 | 거래량:1,341 | 🔴회피(시가대비29.8%상승(22%이상차단)) | 신뢰도:0%
    15:18→15:21: 종가:16,440 | 거래량:61 | 🔴회피(시가대비29.8%상승(22%이상차단)) | 신뢰도:0%

=== 307950 - 20251202 눌림목(3분) 신호 재현 ===
  selection_date: 2025-12-02 09:30:08
  승패: 1승 1패
  selection_date 이후 승패: 1승 1패
  매매신호:
    09:42 [pullback_pattern]
    10:18 [pullback_pattern]
  체결 시뮬레이션:
    09:42 매수[pullback_pattern] @228,000 → 09:46 매도[stop_loss_2.5pct] @222,300 (-2.50%)
    10:18 매수[pullback_pattern] @227,300 → 15:00 매도[profit_2.6pct] @233,250 (+2.62%)
  매수 못한 기회:
    없음

  🔍 상세 3분봉 분석 (09:00~15:30):
    09:00→09:03: 데이터부족
    09:03→09:06: 데이터부족
    09:06→09:09: 데이터부족
    09:09→09:12: 데이터부족
    09:12→09:15: 종가:225,000 | 거래량:27,892 | 🔴회피(4단계패턴없음) | 신뢰도:0%
    09:15→09:18: 종가:223,000 | 거래량:24,946 | 🔴회피(4단계패턴없음) | 신뢰도:0%
    09:18→09:21: 종가:220,000 | 거래량:17,498 | 🔴회피(4단계패턴없음) | 신뢰도:0%
    09:21→09:24: 종가:221,000 | 거래량:19,046 | 🔴회피(4단계패턴없음) | 신뢰도:0%
    09:24→09:27: 종가:221,250 | 거래량:9,566 | 🔴회피(4단계패턴없음) | 신뢰도:0%
    09:27→09:30: 종가:225,000 | 거래량:17,488 | 🟢강매수 | 신뢰도:89%
    09:30→09:33: 종가:232,000 | 거래량:34,559 | 🔴회피(4단계패턴없음) | 신뢰도:0%
    09:33→09:36: 종가:227,500 | 거래량:27,855 | 🔴회피(4단계패턴없음) | 신뢰도:0%
    09:36→09:39: 종가:226,500 | 거래량:9,735 | 🔴회피(4단계패턴없음) | 신뢰도:0%
    09:39→09:42: 종가:228,500 | 거래량:11,102 | 🟢강매수 | 신뢰도:91% | 💰매수@228,000 | →09:46매도@222,300
    09:42→09:45: 종가:225,500 | 거래량:6,104 | 🔴회피(4단계패턴없음) | 신뢰도:0%
    09:45→09:48: 종가:223,500 | 거래량:14,060 | 🔴회피(4단계패턴없음) | 신뢰도:0%
    09:48→09:51: 종가:225,500 | 거래량:7,546 | 🔴회피(4단계패턴없음) | 신뢰도:0%
    09:51→09:54: 종가:225,500 | 거래량:4,751 | 🔴회피(4단계패턴없음) | 신뢰도:0%
    09:54→09:57: 종가:226,000 | 거래량:5,272 | 🔴회피(4단계패턴없음) | 신뢰도:0%
    09:57→10:00: 종가:224,000 | 거래량:3,837 | 🔴회피(4단계패턴없음) | 신뢰도:0%
    10:00→10:03: 종가:227,500 | 거래량:5,643 | 🔴회피(4단계패턴없음) | 신뢰도:0%
    10:03→10:06: 종가:227,000 | 거래량:5,490 | 🔴회피(4단계패턴없음) | 신뢰도:0%
    10:06→10:09: 종가:225,000 | 거래량:3,093 | 🔴회피(4단계패턴없음) | 신뢰도:0%
    10:09→10:12: 종가:226,000 | 거래량:3,030 | 🔴회피(4단계패턴없음) | 신뢰도:0%
    10:12→10:15: 종가:226,500 | 거래량:2,041 | 🔴회피(4단계패턴없음) | 신뢰도:0%
    10:15→10:18: 종가:227,500 | 거래량:9,997 | 🟢강매수 | 신뢰도:89% | 💰매수@227,300 | →15:00매도@233,250
    10:18→10:21: 종가:228,000 | 거래량:7,874 | 🔴회피(4단계패턴없음) | 신뢰도:0%
    10:21→10:24: 종가:227,000 | 거래량:3,182 | 🔴회피(4단계패턴없음) | 신뢰도:0%
    10:24→10:27: 종가:227,000 | 거래량:2,414 | 🔴회피(4단계패턴없음) | 신뢰도:0%
    10:27→10:30: 종가:225,500 | 거래량:5,545 | 🔴회피(4단계패턴없음) | 신뢰도:0%
    10:30→10:33: 종가:225,500 | 거래량:1,406 | 🔴회피(4단계패턴없음) | 신뢰도:0%
    10:33→10:36: 종가:224,500 | 거래량:3,458 | 🔴회피(4단계패턴없음) | 신뢰도:0%
    10:36→10:39: 종가:224,000 | 거래량:3,315 | 🔴회피(4단계패턴없음) | 신뢰도:0%
    10:39→10:42: 종가:224,500 | 거래량:2,851 | 🔴회피(4단계패턴없음) | 신뢰도:0%
    10:42→10:45: 종가:225,500 | 거래량:2,834 | 🔴회피(4단계패턴없음) | 신뢰도:0%
    10:45→10:48: 종가:224,500 | 거래량:2,127 | 🔴회피(4단계패턴없음) | 신뢰도:0%
    10:48→10:51: 종가:223,000 | 거래량:5,701 | 🔴회피(4단계패턴없음) | 신뢰도:0%
    10:51→10:54: 종가:224,000 | 거래량:1,592 | 🔴회피(4단계패턴없음) | 신뢰도:0%
    10:54→10:57: 종가:224,500 | 거래량:1,536 | 🔴회피(4단계패턴없음) | 신뢰도:0%
    10:57→11:00: 종가:224,500 | 거래량:2,621 | 🔴회피(4단계패턴없음) | 신뢰도:0%
    11:00→11:03: 종가:225,500 | 거래량:2,667 | 🔴회피(4단계패턴없음) | 신뢰도:0%
    11:03→11:06: 종가:226,000 | 거래량:1,617 | 🔴회피(4단계패턴없음) | 신뢰도:0%
    11:06→11:09: 종가:226,500 | 거래량:3,352 | 🔴회피(4단계패턴없음) | 신뢰도:0%
    11:09→11:12: 종가:227,500 | 거래량:3,400 | 🔴회피(4단계패턴없음) | 신뢰도:0%
    11:12→11:15: 종가:225,500 | 거래량:2,214 | 🔴회피(4단계패턴없음) | 신뢰도:0%
    11:15→11:18: 종가:226,000 | 거래량:2,228 | 🔴회피(4단계패턴없음) | 신뢰도:0%
    11:18→11:21: 종가:225,500 | 거래량:971 | 🔴회피(4단계패턴없음) | 신뢰도:0%
    11:21→11:24: 종가:224,500 | 거래량:1,423 | 🔴회피(4단계패턴없음) | 신뢰도:0%
    11:24→11:27: 종가:225,500 | 거래량:1,339 | 🔴회피(4단계패턴없음) | 신뢰도:0%
    11:27→11:30: 종가:226,000 | 거래량:1,525 | 🔴회피(4단계패턴없음) | 신뢰도:0%
    11:30→11:33: 종가:225,000 | 거래량:1,466 | 🔴회피(4단계패턴없음) | 신뢰도:0%
    11:33→11:36: 종가:225,000 | 거래량:811 | 🔴회피(4단계패턴없음) | 신뢰도:0%
    11:36→11:39: 종가:226,000 | 거래량:996 | 🔴회피(4단계패턴없음) | 신뢰도:0%
    11:39→11:42: 종가:225,750 | 거래량:495 | 🔴회피(4단계패턴없음) | 신뢰도:0%
    11:42→11:45: 종가:225,750 | 거래량:766 | 🔴회피(4단계패턴없음) | 신뢰도:0%
    11:45→11:48: 종가:226,000 | 거래량:2,507 | 🔴회피(4단계패턴없음) | 신뢰도:0%
    11:48→11:51: 종가:226,500 | 거래량:1,492 | 🔴회피(4단계패턴없음) | 신뢰도:0%
    11:51→11:54: 종가:226,000 | 거래량:1,039 | 🔴회피(4단계패턴없음) | 신뢰도:0%
    11:54→11:57: 종가:230,000 | 거래량:15,609 | 🔴회피(4단계패턴없음) | 신뢰도:0%
    11:57→12:00: 종가:227,500 | 거래량:5,781 | 🔴회피(4단계패턴없음) | 신뢰도:0%
    12:00→12:03: 종가:226,000 | 거래량:3,176 | 🔴회피(4단계패턴없음) | 신뢰도:0%
    12:03→12:06: 종가:226,500 | 거래량:1,672 | 🔴회피(4단계패턴없음) | 신뢰도:0%
    12:06→12:09: 종가:226,500 | 거래량:965 | 🔴회피(4단계패턴없음) | 신뢰도:0%
    12:09→12:12: 종가:225,500 | 거래량:1,296 | 🔴회피(4단계패턴없음) | 신뢰도:0%
    12:12→12:15: 종가:225,500 | 거래량:1,804 | 🔴회피(4단계패턴없음) | 신뢰도:0%
    12:15→12:18: 종가:225,750 | 거래량:859 | 🔴회피(4단계패턴없음) | 신뢰도:0%
    12:18→12:21: 종가:224,500 | 거래량:2,191 | 🔴회피(4단계패턴없음) | 신뢰도:0%
    12:21→12:24: 종가:224,500 | 거래량:3,419 | 🔴회피(4단계패턴없음) | 신뢰도:0%
    12:24→12:27: 종가:223,500 | 거래량:1,446 | 🔴회피(4단계패턴없음) | 신뢰도:0%
    12:27→12:30: 종가:224,000 | 거래량:2,562 | 🔴회피(4단계패턴없음) | 신뢰도:0%
    12:30→12:33: 종가:224,000 | 거래량:940 | 🔴회피(4단계패턴없음) | 신뢰도:0%
    12:33→12:36: 종가:223,500 | 거래량:617 | 🔴회피(4단계패턴없음) | 신뢰도:0%
    12:36→12:39: 종가:223,500 | 거래량:951 | 🔴회피(4단계패턴없음) | 신뢰도:0%
    12:39→12:42: 종가:224,000 | 거래량:887 | 🔴회피(4단계패턴없음) | 신뢰도:0%
    12:42→12:45: 종가:224,500 | 거래량:1,312 | 🔴회피(4단계패턴없음) | 신뢰도:0%
    12:45→12:48: 종가:225,500 | 거래량:921 | 🔴회피(4단계패턴없음) | 신뢰도:0%
    12:48→12:51: 종가:225,000 | 거래량:1,186 | 🔴회피(4단계패턴없음) | 신뢰도:0%
    12:51→12:54: 종가:225,000 | 거래량:655 | 🔴회피(4단계패턴없음) | 신뢰도:0%
    12:54→12:57: 종가:225,500 | 거래량:497 | 🔴회피(4단계패턴없음) | 신뢰도:0%
    12:57→13:00: 종가:225,500 | 거래량:1,253 | 🔴회피(4단계패턴없음) | 신뢰도:0%
    13:00→13:03: 종가:225,500 | 거래량:423 | 🔴회피(4단계패턴없음) | 신뢰도:0%
    13:03→13:06: 종가:225,000 | 거래량:1,288 | 🔴회피(4단계패턴없음) | 신뢰도:0%
    13:06→13:09: 종가:225,500 | 거래량:869 | 🔴회피(4단계패턴없음) | 신뢰도:0%
    13:09→13:12: 종가:225,000 | 거래량:1,053 | 🔴회피(4단계패턴없음) | 신뢰도:0%
    13:12→13:15: 종가:224,500 | 거래량:865 | 🔴회피(4단계패턴없음) | 신뢰도:0%
    13:15→13:18: 종가:225,000 | 거래량:1,525 | 🔴회피(4단계패턴없음) | 신뢰도:0%
    13:18→13:21: 종가:225,500 | 거래량:814 | 🔴회피(4단계패턴없음) | 신뢰도:0%
    13:21→13:24: 종가:225,500 | 거래량:1,420 | 🔴회피(4단계패턴없음) | 신뢰도:0%
    13:24→13:27: 종가:225,000 | 거래량:1,551 | 🔴회피(4단계패턴없음) | 신뢰도:0%
    13:27→13:30: 종가:224,500 | 거래량:706 | 🔴회피(4단계패턴없음) | 신뢰도:0%
    13:30→13:33: 종가:225,000 | 거래량:756 | 🔴회피(4단계패턴없음) | 신뢰도:0%
    13:33→13:36: 종가:225,500 | 거래량:561 | 🔴회피(4단계패턴없음) | 신뢰도:0%
    13:36→13:39: 종가:225,500 | 거래량:1,829 | 🔴회피(4단계패턴없음) | 신뢰도:0%
    13:39→13:42: 종가:226,000 | 거래량:1,782 | 🔴회피(4단계패턴없음) | 신뢰도:0%
    13:42→13:45: 종가:227,000 | 거래량:3,912 | 🔴회피(4단계패턴없음) | 신뢰도:0%
    13:45→13:48: 종가:227,000 | 거래량:846 | 🔴회피(4단계패턴없음) | 신뢰도:0%
    13:48→13:51: 종가:228,000 | 거래량:1,771 | 🔴회피(4단계패턴없음) | 신뢰도:0%
    13:51→13:54: 종가:226,500 | 거래량:3,199 | 🔴회피(4단계패턴없음) | 신뢰도:0%
    13:54→13:57: 종가:227,500 | 거래량:3,181 | 🔴회피(4단계패턴없음) | 신뢰도:0%
    13:57→14:00: 종가:226,500 | 거래량:798 | 🔴회피(4단계패턴없음) | 신뢰도:0%
    14:00→14:03: 종가:226,500 | 거래량:1,128 | 🔴회피(4단계패턴없음) | 신뢰도:0%
    14:03→14:06: 종가:226,500 | 거래량:696 | 🔴회피(4단계패턴없음) | 신뢰도:0%
    14:06→14:09: 종가:226,500 | 거래량:1,332 | 🔴회피(4단계패턴없음) | 신뢰도:0%
    14:09→14:12: 종가:226,000 | 거래량:2,011 | 🔴회피(4단계패턴없음) | 신뢰도:0%
    14:12→14:15: 종가:226,500 | 거래량:815 | 🔴회피(4단계패턴없음) | 신뢰도:0%
    14:15→14:18: 종가:226,000 | 거래량:525 | 🔴회피(4단계패턴없음) | 신뢰도:0%
    14:18→14:21: 종가:225,000 | 거래량:4,098 | 🔴회피(4단계패턴없음) | 신뢰도:0%
    14:21→14:24: 종가:224,750 | 거래량:2,081 | 🔴회피(4단계패턴없음) | 신뢰도:0%
    14:24→14:27: 종가:225,500 | 거래량:1,439 | 🔴회피(4단계패턴없음) | 신뢰도:0%
    14:27→14:30: 종가:226,000 | 거래량:1,201 | 🔴회피(4단계패턴없음) | 신뢰도:0%
    14:30→14:33: 종가:225,500 | 거래량:1,172 | 🔴회피(4단계패턴없음) | 신뢰도:0%
    14:33→14:36: 종가:225,500 | 거래량:1,169 | 🔴회피(4단계패턴없음) | 신뢰도:0%
    14:36→14:39: 종가:226,000 | 거래량:1,425 | 🔴회피(4단계패턴없음) | 신뢰도:0%
    14:39→14:42: 종가:225,750 | 거래량:517 | 🔴회피(4단계패턴없음) | 신뢰도:0%
    14:42→14:45: 종가:226,500 | 거래량:1,410 | 🔴회피(4단계패턴없음) | 신뢰도:0%
    14:45→14:48: 종가:227,000 | 거래량:2,818 | 🔴회피(4단계패턴없음) | 신뢰도:0%
    14:48→14:51: 종가:228,000 | 거래량:5,242 | 🔴회피(4단계패턴없음) | 신뢰도:0%
    14:51→14:54: 종가:231,500 | 거래량:26,001 | 🔴회피(4단계패턴없음) | 신뢰도:0%
    14:54→14:57: 종가:231,000 | 거래량:14,411 | 🔴회피(4단계패턴없음) | 신뢰도:0%
    14:57→15:00: 종가:231,000 | 거래량:7,705 | 🔴회피(4단계패턴없음) | 신뢰도:0%
    15:00→15:03: 종가:232,000 | 거래량:14,486 | 🔴회피(4단계패턴없음) | 신뢰도:0%
    15:03→15:06: 종가:233,000 | 거래량:12,647 | 🔴회피(4단계패턴없음) | 신뢰도:0%
    15:06→15:09: 종가:232,000 | 거래량:10,455 | 🔴회피(4단계패턴없음) | 신뢰도:0%
    15:09→15:12: 종가:232,000 | 거래량:6,390 | 🔴회피(4단계패턴없음) | 신뢰도:0%
    15:12→15:15: 종가:232,000 | 거래량:3,190 | 🔴회피(4단계패턴없음) | 신뢰도:0%
    15:15→15:18: 종가:233,500 | 거래량:6,801 | 🔴회피(4단계패턴없음) | 신뢰도:0%
    15:18→15:21: 종가:233,000 | 거래량:11,339 | 🔴회피(4단계패턴없음) | 신뢰도:0%

=== 000650 - 20251202 눌림목(3분) 신호 재현 ===
  selection_date: 2025-12-02 09:00:39
  승패: 0승 0패
  selection_date 이후 승패: 0승 0패
  매매신호:
    없음
  체결 시뮬레이션:
    없음
  매수 못한 기회:
    없음

  🔍 상세 3분봉 분석 (09:00~15:30):
    09:00→09:03: 데이터부족
    09:03→09:06: 데이터부족
    09:06→09:09: 데이터부족
    09:09→09:12: 데이터부족
    09:12→09:15: 종가:278,500 | 거래량:13,273 | 🔴회피(4단계패턴없음) | 신뢰도:0%
    09:15→09:18: 종가:288,500 | 거래량:9,686 | 🔴회피(4단계패턴없음) | 신뢰도:0%
    09:18→09:21: 종가:307,000 | 거래량:30,713 | 🔴회피(4단계패턴없음) | 신뢰도:0%
    09:21→09:24: 종가:307,000 | 거래량:2,205 | 🔴회피(4단계패턴없음) | 신뢰도:0%
    09:24→09:27: 종가:307,000 | 거래량:675 | 🔴회피(4단계패턴없음) | 신뢰도:0%
    09:27→09:30: 종가:307,000 | 거래량:805 | 🔴회피(4단계패턴없음) | 신뢰도:0%
    09:30→09:33: 종가:307,000 | 거래량:249 | 🔴회피(4단계패턴없음) | 신뢰도:0%
    09:33→09:36: 종가:307,000 | 거래량:387 | 🔴회피(4단계패턴없음) | 신뢰도:0%
    09:36→09:39: 종가:307,000 | 거래량:701 | 🔴회피(4단계패턴없음) | 신뢰도:0%
    09:39→09:42: 종가:307,000 | 거래량:62 | 🔴회피(4단계패턴없음) | 신뢰도:0%
    09:42→09:45: 종가:307,000 | 거래량:336 | 🔴회피(4단계패턴없음) | 신뢰도:0%
    09:45→09:48: 종가:307,000 | 거래량:67 | 🔴회피(4단계패턴없음) | 신뢰도:0%
    09:48→09:51: 종가:307,000 | 거래량:42 | 🔴회피(4단계패턴없음) | 신뢰도:0%
    09:51→09:54: 종가:307,000 | 거래량:12 | 🔴회피(4단계패턴없음) | 신뢰도:0%
    09:54→09:57: 종가:307,000 | 거래량:34 | 🔴회피(4단계패턴없음) | 신뢰도:0%
    09:57→10:00: 종가:307,000 | 거래량:7 | 🔴회피(4단계패턴없음) | 신뢰도:0%
    10:00→10:03: 종가:307,000 | 거래량:34 | 🔴회피(4단계패턴없음) | 신뢰도:0%
    10:03→10:06: 종가:307,000 | 거래량:20 | 🔴회피(4단계패턴없음) | 신뢰도:0%
    10:06→10:09: 종가:307,000 | 거래량:88 | 🔴회피(4단계패턴없음) | 신뢰도:0%
    10:09→10:12: 종가:307,000 | 거래량:21 | 🔴회피(4단계패턴없음) | 신뢰도:0%
    10:12→10:15: 종가:307,000 | 거래량:34 | 🔴회피(4단계패턴없음) | 신뢰도:0%
    10:15→10:18: 종가:307,000 | 거래량:18 | 🔴회피(4단계패턴없음) | 신뢰도:0%
    10:18→10:21: 종가:307,000 | 거래량:64 | 🔴회피(4단계패턴없음) | 신뢰도:0%
    10:21→10:24: 종가:307,000 | 거래량:17 | 🔴회피(4단계패턴없음) | 신뢰도:0%
    10:24→10:27: 종가:307,000 | 거래량:46 | 🔴회피(4단계패턴없음) | 신뢰도:0%
    10:27→10:30: 종가:307,000 | 거래량:40 | 🔴회피(4단계패턴없음) | 신뢰도:0%
    10:30→10:33: 종가:307,000 | 거래량:27 | 🔴회피(4단계패턴없음) | 신뢰도:0%
    10:33→10:36: 종가:307,000 | 거래량:6 | 🔴회피(4단계패턴없음) | 신뢰도:0%
    10:36→10:39: 종가:307,000 | 거래량:46 | 🔴회피(4단계패턴없음) | 신뢰도:0%
    10:39→10:42: 종가:307,000 | 거래량:52 | 🔴회피(4단계패턴없음) | 신뢰도:0%
    10:42→10:45: 종가:307,000 | 거래량:1 | 🔴회피(4단계패턴없음) | 신뢰도:0%
    10:45→10:48: 종가:307,000 | 거래량:1 | 🔴회피(4단계패턴없음) | 신뢰도:0%
    10:48→10:51: 종가:307,000 | 거래량:17 | 🔴회피(4단계패턴없음) | 신뢰도:0%
    10:51→10:54: 종가:307,000 | 거래량:4 | 🔴회피(4단계패턴없음) | 신뢰도:0%
    10:54→10:57: 종가:307,000 | 거래량:7 | 🔴회피(4단계패턴없음) | 신뢰도:0%
    10:57→11:00: 종가:307,000 | 거래량:5 | 🔴회피(4단계패턴없음) | 신뢰도:0%
    11:00→11:03: 종가:307,000 | 거래량:17 | 🔴회피(4단계패턴없음) | 신뢰도:0%
    11:03→11:06: 종가:307,000 | 거래량:22 | 🔴회피(4단계패턴없음) | 신뢰도:0%
    11:06→11:09: 종가:307,000 | 거래량:3 | 🔴회피(4단계패턴없음) | 신뢰도:0%
    11:09→11:12: 종가:307,000 | 거래량:11 | 🔴회피(4단계패턴없음) | 신뢰도:0%
    11:12→11:15: 종가:307,000 | 거래량:18 | 🔴회피(4단계패턴없음) | 신뢰도:0%
    11:15→11:18: 종가:307,000 | 거래량:2 | 🔴회피(4단계패턴없음) | 신뢰도:0%
    11:18→11:21: 종가:307,000 | 거래량:6 | 🔴회피(4단계패턴없음) | 신뢰도:0%
    11:21→11:24: 종가:307,000 | 거래량:13 | 🔴회피(4단계패턴없음) | 신뢰도:0%
    11:24→11:27: 종가:307,000 | 거래량:8 | 🔴회피(4단계패턴없음) | 신뢰도:0%
    11:27→11:30: 종가:307,000 | 거래량:1 | 🔴회피(4단계패턴없음) | 신뢰도:0%
    11:30→11:33: 종가:307,000 | 거래량:2 | 🔴회피(4단계패턴없음) | 신뢰도:0%
    11:39→11:42: 종가:307,000 | 거래량:5 | 🔴회피(4단계패턴없음) | 신뢰도:0%
    11:45→11:48: 종가:307,000 | 거래량:5 | 🔴회피(4단계패턴없음) | 신뢰도:0%
    11:48→11:51: 종가:307,000 | 거래량:12 | 🔴회피(4단계패턴없음) | 신뢰도:0%
    11:51→11:54: 종가:307,000 | 거래량:2 | 🔴회피(4단계패턴없음) | 신뢰도:0%
    11:54→11:57: 종가:307,000 | 거래량:2 | 🔴회피(4단계패턴없음) | 신뢰도:0%
    11:57→12:00: 종가:307,000 | 거래량:4 | 🔴회피(4단계패턴없음) | 신뢰도:0%
    12:00→12:03: 종가:307,000 | 거래량:27 | 🔴회피(4단계패턴없음) | 신뢰도:0%
    12:03→12:06: 종가:307,000 | 거래량:1 | 🔴회피(4단계패턴없음) | 신뢰도:0%
    12:06→12:09: 종가:307,000 | 거래량:25 | 🔴회피(4단계패턴없음) | 신뢰도:0%
    12:09→12:12: 종가:307,000 | 거래량:29 | 🔴회피(4단계패턴없음) | 신뢰도:0%
    12:12→12:15: 종가:307,000 | 거래량:1 | 🔴회피(4단계패턴없음) | 신뢰도:0%
    12:15→12:18: 종가:307,000 | 거래량:32 | 🔴회피(4단계패턴없음) | 신뢰도:0%
    12:18→12:21: 종가:307,000 | 거래량:2 | 🔴회피(4단계패턴없음) | 신뢰도:0%
    12:21→12:24: 종가:307,000 | 거래량:8 | 🔴회피(4단계패턴없음) | 신뢰도:0%
    12:27→12:30: 종가:307,000 | 거래량:1 | 🔴회피(4단계패턴없음) | 신뢰도:0%
    12:30→12:33: 종가:307,000 | 거래량:5 | 🔴회피(4단계패턴없음) | 신뢰도:0%
    12:33→12:36: 종가:307,000 | 거래량:1 | 🔴회피(4단계패턴없음) | 신뢰도:0%
    12:36→12:39: 종가:307,000 | 거래량:4 | 🔴회피(4단계패턴없음) | 신뢰도:0%
    12:39→12:42: 종가:307,000 | 거래량:18 | 🔴회피(4단계패턴없음) | 신뢰도:0%
    12:42→12:45: 종가:307,000 | 거래량:1 | 🔴회피(4단계패턴없음) | 신뢰도:0%
    12:45→12:48: 종가:307,000 | 거래량:34 | 🔴회피(4단계패턴없음) | 신뢰도:0%
    12:48→12:51: 종가:307,000 | 거래량:2 | 🔴회피(4단계패턴없음) | 신뢰도:0%
    12:54→12:57: 종가:307,000 | 거래량:3 | 🔴회피(4단계패턴없음) | 신뢰도:0%
    12:57→13:00: 종가:307,000 | 거래량:28 | 🔴회피(4단계패턴없음) | 신뢰도:0%
    13:00→13:03: 종가:307,000 | 거래량:20 | 🔴회피(4단계패턴없음) | 신뢰도:0%
    13:03→13:06: 종가:307,000 | 거래량:1 | 🔴회피(4단계패턴없음) | 신뢰도:0%
    13:06→13:09: 종가:307,000 | 거래량:1 | 🔴회피(4단계패턴없음) | 신뢰도:0%
    13:09→13:12: 종가:307,000 | 거래량:1 | 🔴회피(4단계패턴없음) | 신뢰도:0%
    13:12→13:15: 종가:307,000 | 거래량:1 | 🔴회피(4단계패턴없음) | 신뢰도:0%
    13:15→13:18: 종가:307,000 | 거래량:3 | 🔴회피(4단계패턴없음) | 신뢰도:0%
    13:18→13:21: 종가:307,000 | 거래량:3 | 🔴회피(4단계패턴없음) | 신뢰도:0%
    13:27→13:30: 종가:307,000 | 거래량:11 | 🔴회피(4단계패턴없음) | 신뢰도:0%
    13:30→13:33: 종가:307,000 | 거래량:1 | 🔴회피(4단계패턴없음) | 신뢰도:0%
    13:33→13:36: 종가:307,000 | 거래량:1 | 🔴회피(4단계패턴없음) | 신뢰도:0%
    13:39→13:42: 종가:307,000 | 거래량:1 | 🔴회피(4단계패턴없음) | 신뢰도:0%
    13:42→13:45: 종가:307,000 | 거래량:32 | 🔴회피(4단계패턴없음) | 신뢰도:0%
    13:48→13:51: 종가:307,000 | 거래량:6 | 🔴회피(4단계패턴없음) | 신뢰도:0%
    13:51→13:54: 종가:307,000 | 거래량:6 | 🔴회피(4단계패턴없음) | 신뢰도:0%
    13:57→14:00: 종가:307,000 | 거래량:7 | 🔴회피(4단계패턴없음) | 신뢰도:0%
    14:03→14:06: 종가:307,000 | 거래량:18 | 🔴회피(4단계패턴없음) | 신뢰도:0%
    14:06→14:09: 종가:307,000 | 거래량:188 | 🔴회피(4단계패턴없음) | 신뢰도:0%
    14:09→14:12: 종가:307,000 | 거래량:1 | 🔴회피(4단계패턴없음) | 신뢰도:0%
    14:12→14:15: 종가:307,000 | 거래량:10 | 🔴회피(4단계패턴없음) | 신뢰도:0%
    14:18→14:21: 종가:307,000 | 거래량:10 | 🔴회피(4단계패턴없음) | 신뢰도:0%
    14:21→14:24: 종가:307,000 | 거래량:10 | 🔴회피(4단계패턴없음) | 신뢰도:0%
    14:24→14:27: 종가:307,000 | 거래량:4 | 🔴회피(4단계패턴없음) | 신뢰도:0%
    14:30→14:33: 종가:307,000 | 거래량:1 | 🔴회피(4단계패턴없음) | 신뢰도:0%
    14:33→14:36: 종가:307,000 | 거래량:6 | 🔴회피(4단계패턴없음) | 신뢰도:0%
    14:39→14:42: 종가:307,000 | 거래량:4 | 🔴회피(4단계패턴없음) | 신뢰도:0%
    14:42→14:45: 종가:307,000 | 거래량:11 | 🔴회피(4단계패턴없음) | 신뢰도:0%
    14:45→14:48: 종가:307,000 | 거래량:1 | 🔴회피(4단계패턴없음) | 신뢰도:0%
    14:48→14:51: 종가:307,000 | 거래량:9 | 🔴회피(4단계패턴없음) | 신뢰도:0%
    14:51→14:54: 종가:307,000 | 거래량:7 | 🔴회피(4단계패턴없음) | 신뢰도:0%
    14:54→14:57: 종가:307,000 | 거래량:1 | 🔴회피(4단계패턴없음) | 신뢰도:0%
    14:57→15:00: 종가:307,000 | 거래량:1 | 🔴회피(4단계패턴없음) | 신뢰도:0%
    15:00→15:03: 종가:307,000 | 거래량:4 | 🔴회피(4단계패턴없음) | 신뢰도:0%
    15:03→15:06: 종가:307,000 | 거래량:9 | 🔴회피(4단계패턴없음) | 신뢰도:0%
    15:06→15:09: 종가:307,000 | 거래량:3 | 🔴회피(4단계패턴없음) | 신뢰도:0%
    15:09→15:12: 종가:307,000 | 거래량:2 | 🔴회피(4단계패턴없음) | 신뢰도:0%
    15:12→15:15: 종가:307,000 | 거래량:6 | 🔴회피(4단계패턴없음) | 신뢰도:0%
    15:15→15:18: 종가:307,000 | 거래량:10 | 🔴회피(4단계패턴없음) | 신뢰도:0%
    15:18→15:21: 종가:307,000 | 거래량:2 | 🔴회피(4단계패턴없음) | 신뢰도:0%

=== 417970 - 20251202 눌림목(3분) 신호 재현 ===
  selection_date: 2025-12-02 11:56:30
  승패: 0승 0패
  selection_date 이후 승패: 0승 0패
  매매신호:
    없음
  체결 시뮬레이션:
    없음
  매수 못한 기회:
    없음

  🔍 상세 3분봉 분석 (09:00~15:30):
    09:00→09:03: 데이터부족
    09:03→09:06: 데이터부족
    09:06→09:09: 데이터부족
    09:09→09:12: 데이터부족
    09:12→09:15: 종가:22,100 | 거래량:28,981 | 🔴회피(4단계패턴없음) | 신뢰도:0%
    09:15→09:18: 종가:21,950 | 거래량:8,872 | 🔴회피(4단계패턴없음) | 신뢰도:0%
    09:18→09:21: 종가:21,600 | 거래량:12,560 | 🔴회피(4단계패턴없음) | 신뢰도:0%
    09:21→09:24: 종가:21,550 | 거래량:6,724 | 🔴회피(이등분선아래) | 신뢰도:0%
    09:24→09:27: 종가:21,650 | 거래량:4,076 | 🔴회피(4단계패턴없음) | 신뢰도:0%
    09:27→09:30: 종가:21,450 | 거래량:3,437 | 🔴회피(위험신호: BISECTOR_BREAK) | 신뢰도:0%
    09:30→09:33: 종가:21,650 | 거래량:3,294 | 🔴회피(4단계패턴없음) | 신뢰도:0%
    09:33→09:36: 종가:21,400 | 거래량:3,303 | 🔴회피(위험신호: BISECTOR_BREAK) | 신뢰도:0%
    09:36→09:39: 종가:21,550 | 거래량:1,282 | 🔴회피(이등분선아래) | 신뢰도:0%
    09:39→09:42: 종가:21,700 | 거래량:3,218 | 🔴회피(신뢰도95%이상차단) | 신뢰도:0%
    09:42→09:45: 종가:21,900 | 거래량:4,335 | 🟢강매수 | 신뢰도:94%
    09:45→09:48: 종가:21,900 | 거래량:3,496 | 🔴회피(4단계패턴없음) | 신뢰도:0%
    09:48→09:51: 종가:22,000 | 거래량:4,686 | 🟢강매수 | 신뢰도:92%
    09:51→09:54: 종가:21,900 | 거래량:6,757 | 🔴회피(4단계패턴없음) | 신뢰도:0%
    09:54→09:57: 종가:21,850 | 거래량:3,659 | 🔴회피(4단계패턴없음) | 신뢰도:0%
    09:57→10:00: 종가:21,750 | 거래량:1,877 | 🔴회피(4단계패턴없음) | 신뢰도:0%
    10:00→10:03: 종가:22,150 | 거래량:14,000 | 🟢강매수 | 신뢰도:93%
    10:03→10:06: 종가:22,050 | 거래량:8,579 | 🔴회피(4단계패턴없음) | 신뢰도:0%
    10:06→10:09: 종가:22,100 | 거래량:839 | 🔴회피(4단계패턴없음) | 신뢰도:0%
    10:09→10:12: 종가:22,250 | 거래량:4,013 | 🔴회피(신뢰도95%이상차단) | 신뢰도:0%
    10:12→10:15: 종가:22,150 | 거래량:1,867 | 🔴회피(4단계패턴없음) | 신뢰도:0%
    10:15→10:18: 종가:22,300 | 거래량:5,070 | 🔴회피(4단계패턴없음) | 신뢰도:0%
    10:18→10:21: 종가:22,400 | 거래량:11,402 | 🔴회피(4단계패턴없음) | 신뢰도:0%
    10:21→10:24: 종가:22,200 | 거래량:6,350 | 🔴회피(4단계패턴없음) | 신뢰도:0%
    10:24→10:27: 종가:22,200 | 거래량:1,426 | 🔴회피(4단계패턴없음) | 신뢰도:0%
    10:27→10:30: 종가:22,300 | 거래량:9,804 | 🔴회피(4단계패턴없음) | 신뢰도:0%
    10:30→10:33: 종가:22,400 | 거래량:6,220 | 🔴회피(4단계패턴없음) | 신뢰도:0%
    10:33→10:36: 종가:22,300 | 거래량:997 | 🔴회피(4단계패턴없음) | 신뢰도:0%
    10:36→10:39: 종가:22,250 | 거래량:5,608 | 🔴회피(4단계패턴없음) | 신뢰도:0%
    10:39→10:42: 종가:22,100 | 거래량:3,556 | 🔴회피(4단계패턴없음) | 신뢰도:0%
    10:42→10:45: 종가:21,900 | 거래량:2,963 | 🔴회피(4단계패턴없음) | 신뢰도:0%
    10:45→10:48: 종가:21,950 | 거래량:2,899 | 🔴회피(4단계패턴없음) | 신뢰도:0%
    10:48→10:51: 종가:22,200 | 거래량:2,134 | 🔴회피(4단계패턴없음) | 신뢰도:0%
    10:51→10:54: 종가:22,050 | 거래량:1,765 | 🔴회피(4단계패턴없음) | 신뢰도:0%
    10:54→10:57: 종가:22,050 | 거래량:998 | 🔴회피(4단계패턴없음) | 신뢰도:0%
    10:57→11:00: 종가:22,000 | 거래량:2,487 | 🔴회피(4단계패턴없음) | 신뢰도:0%
    11:00→11:03: 종가:21,850 | 거래량:769 | 🔴회피(4단계패턴없음) | 신뢰도:0%
    11:03→11:06: 종가:21,800 | 거래량:1,102 | 🔴회피(4단계패턴없음) | 신뢰도:0%
    11:06→11:09: 종가:21,900 | 거래량:458 | 🔴회피(4단계패턴없음) | 신뢰도:0%
    11:09→11:12: 종가:21,900 | 거래량:1,155 | 🔴회피(4단계패턴없음) | 신뢰도:0%
    11:12→11:15: 종가:21,900 | 거래량:119 | 🔴회피(4단계패턴없음) | 신뢰도:0%
    11:15→11:18: 종가:21,850 | 거래량:201 | 🔴회피(4단계패턴없음) | 신뢰도:0%
    11:18→11:21: 종가:21,850 | 거래량:1,335 | 🔴회피(4단계패턴없음) | 신뢰도:0%
    11:21→11:24: 종가:21,750 | 거래량:657 | 🔴회피(4단계패턴없음) | 신뢰도:0%
    11:24→11:27: 종가:21,750 | 거래량:960 | 🔴회피(4단계패턴없음) | 신뢰도:0%
    11:27→11:30: 종가:21,750 | 거래량:683 | 🔴회피(4단계패턴없음) | 신뢰도:0%
    11:30→11:33: 종가:21,750 | 거래량:793 | 🔴회피(4단계패턴없음) | 신뢰도:0%
    11:33→11:36: 종가:21,750 | 거래량:488 | 🔴회피(4단계패턴없음) | 신뢰도:0%
    11:36→11:39: 종가:21,800 | 거래량:541 | 🔴회피(4단계패턴없음) | 신뢰도:0%
    11:39→11:42: 종가:21,950 | 거래량:3,962 | 🔴회피(4단계패턴없음) | 신뢰도:0%
    11:42→11:45: 종가:21,950 | 거래량:1,300 | 🔴회피(4단계패턴없음) | 신뢰도:0%
    11:45→11:48: 종가:22,250 | 거래량:3,000 | 🔴회피(4단계패턴없음) | 신뢰도:0%
    11:48→11:51: 종가:22,200 | 거래량:3,813 | 🔴회피(4단계패턴없음) | 신뢰도:0%
    11:51→11:54: 종가:22,300 | 거래량:961 | 🔴회피(4단계패턴없음) | 신뢰도:0%
    11:54→11:57: 종가:22,800 | 거래량:22,838 | 🔴회피(4단계패턴없음) | 신뢰도:0%
    11:57→12:00: 종가:22,400 | 거래량:8,932 | 🔴회피(4단계패턴없음) | 신뢰도:0%
    12:00→12:03: 종가:22,300 | 거래량:6,318 | 🔴회피(4단계패턴없음) | 신뢰도:0%
    12:03→12:06: 종가:22,200 | 거래량:2,430 | 🔴회피(4단계패턴없음) | 신뢰도:0%
    12:06→12:09: 종가:22,200 | 거래량:880 | 🔴회피(4단계패턴없음) | 신뢰도:0%
    12:09→12:12: 종가:22,200 | 거래량:801 | 🔴회피(4단계패턴없음) | 신뢰도:0%
    12:12→12:15: 종가:22,100 | 거래량:1,272 | 🔴회피(4단계패턴없음) | 신뢰도:0%
    12:15→12:18: 종가:22,100 | 거래량:365 | 🔴회피(4단계패턴없음) | 신뢰도:0%
    12:18→12:21: 종가:21,950 | 거래량:1,597 | 🔴회피(4단계패턴없음) | 신뢰도:0%
    12:21→12:24: 종가:22,000 | 거래량:789 | 🔴회피(4단계패턴없음) | 신뢰도:0%
    12:24→12:27: 종가:22,100 | 거래량:839 | 🔴회피(신뢰도95%이상차단) | 신뢰도:0%
    12:27→12:30: 종가:22,150 | 거래량:374 | 🔴회피(4단계패턴없음) | 신뢰도:0%
    12:30→12:33: 종가:21,900 | 거래량:1,465 | 🔴회피(4단계패턴없음) | 신뢰도:0%
    12:33→12:36: 종가:21,950 | 거래량:360 | 🔴회피(4단계패턴없음) | 신뢰도:0%
    12:36→12:39: 종가:22,100 | 거래량:647 | 🔴회피(신뢰도95%이상차단) | 신뢰도:0%
    12:39→12:42: 종가:22,050 | 거래량:834 | 🔴회피(4단계패턴없음) | 신뢰도:0%
    12:42→12:45: 종가:22,150 | 거래량:316 | 🔴회피(4단계패턴없음) | 신뢰도:0%
    12:45→12:48: 종가:22,200 | 거래량:272 | 🔴회피(4단계패턴없음) | 신뢰도:0%
    12:48→12:51: 종가:22,100 | 거래량:815 | 🔴회피(4단계패턴없음) | 신뢰도:0%
    12:51→12:54: 종가:22,050 | 거래량:430 | 🔴회피(4단계패턴없음) | 신뢰도:0%
    12:54→12:57: 종가:22,000 | 거래량:344 | 🔴회피(4단계패턴없음) | 신뢰도:0%
    12:57→13:00: 종가:22,100 | 거래량:357 | 🔴회피(4단계패턴없음) | 신뢰도:0%
    13:00→13:03: 종가:22,250 | 거래량:686 | 🔴회피(4단계패턴없음) | 신뢰도:0%
    13:03→13:06: 종가:22,250 | 거래량:1,406 | 🔴회피(4단계패턴없음) | 신뢰도:0%
    13:06→13:09: 종가:22,200 | 거래량:1,125 | 🔴회피(4단계패턴없음) | 신뢰도:0%
    13:09→13:12: 종가:22,250 | 거래량:808 | 🔴회피(4단계패턴없음) | 신뢰도:0%
    13:12→13:15: 종가:22,050 | 거래량:3,263 | 🔴회피(4단계패턴없음) | 신뢰도:0%
    13:15→13:18: 종가:22,200 | 거래량:1,398 | 🔴회피(4단계패턴없음) | 신뢰도:0%
    13:18→13:21: 종가:22,200 | 거래량:1,306 | 🔴회피(4단계패턴없음) | 신뢰도:0%
    13:21→13:24: 종가:22,100 | 거래량:2,887 | 🔴회피(4단계패턴없음) | 신뢰도:0%
    13:24→13:27: 종가:22,050 | 거래량:1,813 | 🔴회피(4단계패턴없음) | 신뢰도:0%
    13:27→13:30: 종가:21,900 | 거래량:3,109 | 🔴회피(4단계패턴없음) | 신뢰도:0%
    13:30→13:33: 종가:21,800 | 거래량:3,420 | 🔴회피(4단계패턴없음) | 신뢰도:0%
    13:33→13:36: 종가:21,900 | 거래량:794 | 🔴회피(4단계패턴없음) | 신뢰도:0%
    13:36→13:39: 종가:21,900 | 거래량:253 | 🔴회피(4단계패턴없음) | 신뢰도:0%
    13:39→13:42: 종가:22,050 | 거래량:1,394 | 🔴회피(4단계패턴없음) | 신뢰도:0%
    13:42→13:45: 종가:22,050 | 거래량:540 | 🔴회피(4단계패턴없음) | 신뢰도:0%
    13:45→13:48: 종가:21,850 | 거래량:703 | 🔴회피(4단계패턴없음) | 신뢰도:0%
    13:48→13:51: 종가:21,850 | 거래량:301 | 🔴회피(4단계패턴없음) | 신뢰도:0%
    13:51→13:54: 종가:21,800 | 거래량:1,335 | 🔴회피(4단계패턴없음) | 신뢰도:0%
    13:54→13:57: 종가:21,950 | 거래량:935 | 🔴회피(4단계패턴없음) | 신뢰도:0%
    13:57→14:00: 종가:21,900 | 거래량:1,801 | 🔴회피(4단계패턴없음) | 신뢰도:0%
    14:00→14:03: 종가:21,800 | 거래량:2,845 | 🔴회피(4단계패턴없음) | 신뢰도:0%
    14:03→14:06: 종가:21,900 | 거래량:1,999 | 🔴회피(4단계패턴없음) | 신뢰도:0%
    14:06→14:09: 종가:21,750 | 거래량:393 | 🔴회피(4단계패턴없음) | 신뢰도:0%
    14:09→14:12: 종가:21,750 | 거래량:626 | 🔴회피(4단계패턴없음) | 신뢰도:0%
    14:12→14:15: 종가:21,900 | 거래량:867 | 🔴회피(4단계패턴없음) | 신뢰도:0%
    14:15→14:18: 종가:21,650 | 거래량:3,422 | 🔴회피(위험신호: BISECTOR_BREAK) | 신뢰도:0%
    14:18→14:21: 종가:21,700 | 거래량:1,130 | 🔴회피(위험신호: BISECTOR_BREAK) | 신뢰도:0%
    14:21→14:24: 종가:21,700 | 거래량:271 | 🔴회피(위험신호: BISECTOR_BREAK) | 신뢰도:0%
    14:24→14:27: 종가:21,700 | 거래량:286 | 🔴회피(위험신호: BISECTOR_BREAK) | 신뢰도:0%
    14:27→14:30: 종가:21,800 | 거래량:3,826 | 🔴회피(4단계패턴없음) | 신뢰도:0%
    14:30→14:33: 종가:21,800 | 거래량:237 | 🔴회피(4단계패턴없음) | 신뢰도:0%
    14:33→14:36: 종가:21,800 | 거래량:1,103 | 🔴회피(4단계패턴없음) | 신뢰도:0%
    14:36→14:39: 종가:21,750 | 거래량:1,829 | 🔴회피(4단계패턴없음) | 신뢰도:0%
    14:39→14:42: 종가:21,800 | 거래량:720 | 🔴회피(4단계패턴없음) | 신뢰도:0%
    14:42→14:45: 종가:21,700 | 거래량:1,510 | 🔴회피(위험신호: BISECTOR_BREAK) | 신뢰도:0%
    14:45→14:48: 종가:21,800 | 거래량:1,261 | 🔴회피(4단계패턴없음) | 신뢰도:0%
    14:48→14:51: 종가:21,750 | 거래량:755 | 🔴회피(4단계패턴없음) | 신뢰도:0%
    14:51→14:54: 종가:21,850 | 거래량:1,258 | 🔴회피(4단계패턴없음) | 신뢰도:0%
    14:54→14:57: 종가:21,900 | 거래량:2,085 | 🔴회피(4단계패턴없음) | 신뢰도:0%
    14:57→15:00: 종가:21,900 | 거래량:1,394 | 🔴회피(4단계패턴없음) | 신뢰도:0%
    15:00→15:03: 종가:21,900 | 거래량:1,085 | 🔴회피(4단계패턴없음) | 신뢰도:0%
    15:03→15:06: 종가:21,900 | 거래량:1,068 | 🔴회피(4단계패턴없음) | 신뢰도:0%
    15:06→15:09: 종가:21,900 | 거래량:4,722 | 🔴회피(4단계패턴없음) | 신뢰도:0%
    15:09→15:12: 종가:21,900 | 거래량:3,056 | 🔴회피(4단계패턴없음) | 신뢰도:0%
    15:12→15:15: 종가:21,950 | 거래량:338 | 🔴회피(4단계패턴없음) | 신뢰도:0%
    15:15→15:18: 종가:22,050 | 거래량:693 | 🔴회피(4단계패턴없음) | 신뢰도:0%
    15:18→15:21: 종가:22,100 | 거래량:1,358 | 🔴회피(4단계패턴없음) | 신뢰도:0%

=== 000760 - 20251202 눌림목(3분) 신호 재현 ===
  selection_date: 2025-12-02 09:55:19
  승패: 0승 0패
  selection_date 이후 승패: 0승 0패
  매매신호:
    없음
  체결 시뮬레이션:
    없음
  매수 못한 기회:
    없음

  🔍 상세 3분봉 분석 (09:00~15:30):
    09:00→09:03: 데이터부족
    09:03→09:06: 데이터부족
    09:06→09:09: 데이터부족
    09:09→09:12: 데이터부족
    09:12→09:15: 종가:18,880 | 거래량:6,844 | 🔴회피(위험신호: BISECTOR_BREAK) | 신뢰도:0%
    09:15→09:18: 종가:19,080 | 거래량:4,103 | 🔴회피(위험신호: BISECTOR_BREAK) | 신뢰도:0%
    09:18→09:21: 종가:19,580 | 거래량:12,234 | 🔴회피(당일시가이하(시가:20350)) | 신뢰도:0%
    09:21→09:24: 종가:19,600 | 거래량:6,203 | 🔴회피(당일시가이하(시가:20350)) | 신뢰도:0%
    09:24→09:27: 종가:20,000 | 거래량:30,329 | 🔴회피(당일시가이하(시가:20350)) | 신뢰도:0%
    09:27→09:30: 종가:19,600 | 거래량:9,743 | 🔴회피(당일시가이하(시가:20350)) | 신뢰도:0%
    09:30→09:33: 종가:19,580 | 거래량:6,153 | 🔴회피(당일시가이하(시가:20350)) | 신뢰도:0%
    09:33→09:36: 종가:19,450 | 거래량:7,461 | 🔴회피(위험신호: BISECTOR_BREAK) | 신뢰도:0%
    09:36→09:39: 종가:20,000 | 거래량:5,372 | 🔴회피(당일시가이하(시가:20350)) | 신뢰도:0%
    09:39→09:42: 종가:19,650 | 거래량:1,947 | 🔴회피(당일시가이하(시가:20350)) | 신뢰도:0%
    09:42→09:45: 종가:19,560 | 거래량:2,324 | 🔴회피(위험신호: BISECTOR_BREAK) | 신뢰도:0%
    09:45→09:48: 종가:19,450 | 거래량:1,868 | 🔴회피(위험신호: BISECTOR_BREAK) | 신뢰도:0%
    09:48→09:51: 종가:19,820 | 거래량:2,611 | 🔴회피(당일시가이하(시가:20350)) | 신뢰도:0%
    09:51→09:54: 종가:20,300 | 거래량:7,723 | 🔴회피(당일시가이하(시가:20350)) | 신뢰도:0%
    09:54→09:57: 종가:22,350 | 거래량:32,304 | 🔴회피(4단계패턴없음) | 신뢰도:0%
    09:57→10:00: 종가:23,900 | 거래량:151,863 | 🔴회피(4단계패턴없음) | 신뢰도:0%
    10:00→10:03: 종가:23,750 | 거래량:126,554 | 🔴회피(4단계패턴없음) | 신뢰도:0%
    10:03→10:06: 종가:22,950 | 거래량:68,393 | 🔴회피(4단계패턴없음) | 신뢰도:0%
    10:06→10:09: 종가:22,450 | 거래량:25,105 | 🔴회피(4단계패턴없음) | 신뢰도:0%
    10:09→10:12: 종가:22,950 | 거래량:20,605 | 🔴회피(4단계패턴없음) | 신뢰도:0%
    10:12→10:15: 종가:22,550 | 거래량:20,353 | 🔴회피(4단계패턴없음) | 신뢰도:0%
    10:15→10:18: 종가:23,050 | 거래량:12,648 | 🔴회피(4단계패턴없음) | 신뢰도:0%
    10:18→10:21: 종가:22,600 | 거래량:14,194 | 🔴회피(4단계패턴없음) | 신뢰도:0%
    10:21→10:24: 종가:21,800 | 거래량:26,161 | 🔴회피(위험신호: BISECTOR_BREAK) | 신뢰도:0%
    10:24→10:27: 종가:21,300 | 거래량:23,314 | 🔴회피(위험신호: BISECTOR_BREAK) | 신뢰도:0%
    10:27→10:30: 종가:21,300 | 거래량:8,540 | 🔴회피(위험신호: BISECTOR_BREAK) | 신뢰도:0%
    10:30→10:33: 종가:21,050 | 거래량:12,863 | 🔴회피(위험신호: BISECTOR_BREAK) | 신뢰도:0%
    10:33→10:36: 종가:21,100 | 거래량:6,272 | 🔴회피(위험신호: BISECTOR_BREAK) | 신뢰도:0%
    10:36→10:39: 종가:20,850 | 거래량:5,295 | 🔴회피(위험신호: BISECTOR_BREAK) | 신뢰도:0%
    10:39→10:42: 종가:20,400 | 거래량:13,198 | 🔴회피(위험신호: BISECTOR_BREAK) | 신뢰도:0%
    10:42→10:45: 종가:20,900 | 거래량:9,514 | 🔴회피(위험신호: BISECTOR_BREAK) | 신뢰도:0%
    10:45→10:48: 종가:20,950 | 거래량:5,076 | 🔴회피(위험신호: BISECTOR_BREAK) | 신뢰도:0%
    10:48→10:51: 종가:20,650 | 거래량:3,873 | 🔴회피(위험신호: BISECTOR_BREAK) | 신뢰도:0%
    10:51→10:54: 종가:20,900 | 거래량:2,018 | 🔴회피(위험신호: BISECTOR_BREAK) | 신뢰도:0%
    10:54→10:57: 종가:20,850 | 거래량:1,804 | 🔴회피(위험신호: BISECTOR_BREAK) | 신뢰도:0%
    10:57→11:00: 종가:20,750 | 거래량:2,067 | 🔴회피(위험신호: BISECTOR_BREAK) | 신뢰도:0%
    11:00→11:03: 종가:20,700 | 거래량:2,177 | 🔴회피(위험신호: BISECTOR_BREAK) | 신뢰도:0%
    11:03→11:06: 종가:20,800 | 거래량:554 | 🔴회피(위험신호: BISECTOR_BREAK) | 신뢰도:0%
    11:06→11:09: 종가:20,950 | 거래량:3,010 | 🔴회피(위험신호: BISECTOR_BREAK) | 신뢰도:0%
    11:09→11:12: 종가:20,900 | 거래량:355 | 🔴회피(위험신호: BISECTOR_BREAK) | 신뢰도:0%
    11:12→11:15: 종가:20,850 | 거래량:990 | 🔴회피(위험신호: BISECTOR_BREAK) | 신뢰도:0%
    11:15→11:18: 종가:20,550 | 거래량:4,375 | 🔴회피(위험신호: BISECTOR_BREAK) | 신뢰도:0%
    11:18→11:21: 종가:20,350 | 거래량:6,028 | 🔴회피(위험신호: BISECTOR_BREAK) | 신뢰도:0%
    11:21→11:24: 종가:20,100 | 거래량:3,580 | 🔴회피(위험신호: BISECTOR_BREAK) | 신뢰도:0%
    11:24→11:27: 종가:20,200 | 거래량:6,217 | 🔴회피(위험신호: BISECTOR_BREAK) | 신뢰도:0%
    11:27→11:30: 종가:20,150 | 거래량:4,237 | 🔴회피(위험신호: BISECTOR_BREAK) | 신뢰도:0%
    11:30→11:33: 종가:20,550 | 거래량:1,799 | 🔴회피(위험신호: BISECTOR_BREAK) | 신뢰도:0%
    11:33→11:36: 종가:20,400 | 거래량:2,185 | 🔴회피(위험신호: BISECTOR_BREAK) | 신뢰도:0%
    11:36→11:39: 종가:20,300 | 거래량:1,037 | 🔴회피(위험신호: BISECTOR_BREAK) | 신뢰도:0%
    11:39→11:42: 종가:20,600 | 거래량:1,591 | 🔴회피(위험신호: BISECTOR_BREAK) | 신뢰도:0%
    11:42→11:45: 종가:20,300 | 거래량:1,380 | 🔴회피(위험신호: BISECTOR_BREAK) | 신뢰도:0%
    11:45→11:48: 종가:20,200 | 거래량:651 | 🔴회피(위험신호: BISECTOR_BREAK) | 신뢰도:0%
    11:48→11:51: 종가:20,250 | 거래량:527 | 🔴회피(위험신호: BISECTOR_BREAK) | 신뢰도:0%
    11:51→11:54: 종가:20,100 | 거래량:2,575 | 🔴회피(위험신호: BISECTOR_BREAK) | 신뢰도:0%
    11:54→11:57: 종가:20,400 | 거래량:683 | 🔴회피(위험신호: BISECTOR_BREAK) | 신뢰도:0%
    11:57→12:00: 종가:20,150 | 거래량:494 | 🔴회피(위험신호: BISECTOR_BREAK) | 신뢰도:0%
    12:00→12:03: 종가:20,350 | 거래량:1,324 | 🔴회피(위험신호: BISECTOR_BREAK) | 신뢰도:0%
    12:03→12:06: 종가:20,250 | 거래량:2,430 | 🔴회피(위험신호: BISECTOR_BREAK) | 신뢰도:0%
    12:06→12:09: 종가:20,100 | 거래량:1,392 | 🔴회피(위험신호: BISECTOR_BREAK) | 신뢰도:0%
    12:09→12:12: 종가:19,960 | 거래량:3,256 | 🔴회피(위험신호: BISECTOR_BREAK) | 신뢰도:0%
    12:12→12:15: 종가:20,000 | 거래량:4,010 | 🔴회피(위험신호: BISECTOR_BREAK) | 신뢰도:0%
    12:15→12:18: 종가:20,150 | 거래량:852 | 🔴회피(위험신호: BISECTOR_BREAK) | 신뢰도:0%
    12:18→12:21: 종가:19,820 | 거래량:1,914 | 🔴회피(위험신호: BISECTOR_BREAK) | 신뢰도:0%
    12:21→12:24: 종가:19,990 | 거래량:837 | 🔴회피(위험신호: BISECTOR_BREAK) | 신뢰도:0%
    12:24→12:27: 종가:19,800 | 거래량:1,514 | 🔴회피(위험신호: BISECTOR_BREAK) | 신뢰도:0%
    12:27→12:30: 종가:19,820 | 거래량:1,549 | 🔴회피(위험신호: BISECTOR_BREAK) | 신뢰도:0%
    12:30→12:33: 종가:20,000 | 거래량:922 | 🔴회피(위험신호: BISECTOR_BREAK) | 신뢰도:0%
    12:33→12:36: 종가:19,980 | 거래량:878 | 🔴회피(위험신호: BISECTOR_BREAK) | 신뢰도:0%
    12:36→12:39: 종가:19,920 | 거래량:1,120 | 🔴회피(위험신호: BISECTOR_BREAK) | 신뢰도:0%
    12:39→12:42: 종가:19,870 | 거래량:1,288 | 🔴회피(위험신호: BISECTOR_BREAK) | 신뢰도:0%
    12:42→12:45: 종가:19,890 | 거래량:675 | 🔴회피(위험신호: BISECTOR_BREAK) | 신뢰도:0%
    12:45→12:48: 종가:19,860 | 거래량:507 | 🔴회피(위험신호: BISECTOR_BREAK) | 신뢰도:0%
    12:48→12:51: 종가:19,830 | 거래량:1,559 | 🔴회피(위험신호: BISECTOR_BREAK) | 신뢰도:0%
    12:51→12:54: 종가:19,850 | 거래량:1,091 | 🔴회피(위험신호: BISECTOR_BREAK) | 신뢰도:0%
    12:54→12:57: 종가:19,890 | 거래량:647 | 🔴회피(위험신호: BISECTOR_BREAK) | 신뢰도:0%
    12:57→13:00: 종가:19,950 | 거래량:629 | 🔴회피(위험신호: BISECTOR_BREAK) | 신뢰도:0%
    13:00→13:03: 종가:20,150 | 거래량:1,985 | 🔴회피(위험신호: BISECTOR_BREAK) | 신뢰도:0%
    13:03→13:06: 종가:20,050 | 거래량:478 | 🔴회피(위험신호: BISECTOR_BREAK) | 신뢰도:0%
    13:06→13:09: 종가:20,300 | 거래량:3,567 | 🔴회피(위험신호: BISECTOR_BREAK) | 신뢰도:0%
    13:09→13:12: 종가:20,150 | 거래량:1,380 | 🔴회피(위험신호: BISECTOR_BREAK) | 신뢰도:0%
    13:12→13:15: 종가:20,000 | 거래량:471 | 🔴회피(위험신호: BISECTOR_BREAK) | 신뢰도:0%
    13:15→13:18: 종가:19,970 | 거래량:1,191 | 🔴회피(위험신호: BISECTOR_BREAK) | 신뢰도:0%
    13:18→13:21: 종가:19,900 | 거래량:1,091 | 🔴회피(위험신호: BISECTOR_BREAK) | 신뢰도:0%
    13:21→13:24: 종가:19,980 | 거래량:1,340 | 🔴회피(위험신호: BISECTOR_BREAK) | 신뢰도:0%
    13:24→13:27: 종가:20,100 | 거래량:1,041 | 🔴회피(위험신호: BISECTOR_BREAK) | 신뢰도:0%
    13:27→13:30: 종가:20,100 | 거래량:413 | 🔴회피(위험신호: BISECTOR_BREAK) | 신뢰도:0%
    13:30→13:33: 종가:20,000 | 거래량:427 | 🔴회피(위험신호: BISECTOR_BREAK) | 신뢰도:0%
    13:33→13:36: 종가:19,990 | 거래량:1,205 | 🔴회피(위험신호: BISECTOR_BREAK) | 신뢰도:0%
    13:36→13:39: 종가:19,890 | 거래량:329 | 🔴회피(위험신호: BISECTOR_BREAK) | 신뢰도:0%
    13:39→13:42: 종가:19,890 | 거래량:364 | 🔴회피(위험신호: BISECTOR_BREAK) | 신뢰도:0%
    13:42→13:45: 종가:19,880 | 거래량:569 | 🔴회피(위험신호: BISECTOR_BREAK) | 신뢰도:0%
    13:45→13:48: 종가:19,960 | 거래량:413 | 🔴회피(위험신호: BISECTOR_BREAK) | 신뢰도:0%
    13:48→13:51: 종가:19,950 | 거래량:232 | 🔴회피(위험신호: BISECTOR_BREAK) | 신뢰도:0%
    13:51→13:54: 종가:19,830 | 거래량:2,646 | 🔴회피(위험신호: BISECTOR_BREAK) | 신뢰도:0%
    13:54→13:57: 종가:19,800 | 거래량:2,595 | 🔴회피(위험신호: BISECTOR_BREAK) | 신뢰도:0%
    13:57→14:00: 종가:19,800 | 거래량:681 | 🔴회피(위험신호: BISECTOR_BREAK) | 신뢰도:0%
    14:00→14:03: 종가:19,750 | 거래량:1,307 | 🔴회피(위험신호: BISECTOR_BREAK) | 신뢰도:0%
    14:03→14:06: 종가:19,600 | 거래량:1,728 | 🔴회피(위험신호: BISECTOR_BREAK) | 신뢰도:0%
    14:06→14:09: 종가:19,590 | 거래량:1,059 | 🔴회피(위험신호: BISECTOR_BREAK) | 신뢰도:0%
    14:09→14:12: 종가:19,760 | 거래량:1,351 | 🔴회피(위험신호: BISECTOR_BREAK) | 신뢰도:0%
    14:12→14:15: 종가:19,700 | 거래량:794 | 🔴회피(위험신호: BISECTOR_BREAK) | 신뢰도:0%
    14:15→14:18: 종가:19,540 | 거래량:1,750 | 🔴회피(위험신호: BISECTOR_BREAK) | 신뢰도:0%
    14:18→14:21: 종가:19,580 | 거래량:2,147 | 🔴회피(위험신호: BISECTOR_BREAK) | 신뢰도:0%
    14:21→14:24: 종가:19,600 | 거래량:794 | 🔴회피(위험신호: BISECTOR_BREAK) | 신뢰도:0%
    14:24→14:27: 종가:19,620 | 거래량:945 | 🔴회피(위험신호: BISECTOR_BREAK) | 신뢰도:0%
    14:27→14:30: 종가:19,710 | 거래량:914 | 🔴회피(위험신호: BISECTOR_BREAK) | 신뢰도:0%
    14:30→14:33: 종가:19,780 | 거래량:1,013 | 🔴회피(위험신호: BISECTOR_BREAK) | 신뢰도:0%
    14:33→14:36: 종가:19,660 | 거래량:2,700 | 🔴회피(위험신호: BISECTOR_BREAK) | 신뢰도:0%
    14:36→14:39: 종가:20,350 | 거래량:18,821 | 🔴회피(위험신호: BISECTOR_BREAK) | 신뢰도:0%
    14:39→14:42: 종가:19,875 | 거래량:5,787 | 🔴회피(위험신호: BISECTOR_BREAK) | 신뢰도:0%
    14:42→14:45: 종가:19,900 | 거래량:2,431 | 🔴회피(위험신호: BISECTOR_BREAK) | 신뢰도:0%
    14:45→14:48: 종가:19,820 | 거래량:693 | 🔴회피(위험신호: BISECTOR_BREAK) | 신뢰도:0%
    14:48→14:51: 종가:19,860 | 거래량:472 | 🔴회피(위험신호: BISECTOR_BREAK) | 신뢰도:0%
    14:51→14:54: 종가:19,930 | 거래량:1,925 | 🔴회피(위험신호: BISECTOR_BREAK) | 신뢰도:0%
    14:54→14:57: 종가:19,870 | 거래량:2,204 | 🔴회피(위험신호: BISECTOR_BREAK) | 신뢰도:0%
    14:57→15:00: 종가:19,690 | 거래량:1,890 | 🔴회피(위험신호: BISECTOR_BREAK) | 신뢰도:0%
    15:00→15:03: 종가:19,710 | 거래량:2,834 | 🔴회피(위험신호: BISECTOR_BREAK) | 신뢰도:0%
    15:03→15:06: 종가:19,570 | 거래량:2,173 | 🔴회피(위험신호: BISECTOR_BREAK) | 신뢰도:0%
    15:06→15:09: 종가:19,630 | 거래량:1,220 | 🔴회피(위험신호: BISECTOR_BREAK) | 신뢰도:0%
    15:09→15:12: 종가:19,540 | 거래량:1,751 | 🔴회피(위험신호: BISECTOR_BREAK) | 신뢰도:0%
    15:12→15:15: 종가:19,590 | 거래량:1,056 | 🔴회피(위험신호: BISECTOR_BREAK) | 신뢰도:0%
    15:15→15:18: 종가:19,480 | 거래량:2,364 | 🔴회피(위험신호: BISECTOR_BREAK) | 신뢰도:0%
    15:18→15:21: 종가:19,570 | 거래량:3,302 | 🔴회피(위험신호: BISECTOR_BREAK) | 신뢰도:0%

=== 372910 - 20251202 눌림목(3분) 신호 재현 ===
  selection_date: 2025-12-02 09:05:54
  승패: 0승 0패
  selection_date 이후 승패: 0승 0패
  매매신호:
    없음
  체결 시뮬레이션:
    없음
  매수 못한 기회:
    없음

  🔍 상세 3분봉 분석 (09:00~15:30):
    09:00→09:03: 데이터부족
    09:03→09:06: 데이터부족
    09:06→09:09: 데이터부족
    09:09→09:12: 데이터부족
    09:12→09:15: 종가:3,485 | 거래량:637,771 | 🔴회피(위험신호: BISECTOR_BREAK) | 신뢰도:0%
    09:15→09:18: 종가:3,465 | 거래량:467,078 | 🔴회피(위험신호: BISECTOR_BREAK) | 신뢰도:0%
    09:18→09:21: 종가:3,470 | 거래량:205,188 | 🔴회피(위험신호: BISECTOR_BREAK) | 신뢰도:0%
    09:21→09:24: 종가:3,490 | 거래량:304,508 | 🔴회피(위험신호: BISECTOR_BREAK) | 신뢰도:0%
    09:24→09:27: 종가:3,505 | 거래량:299,301 | 🔴회피(위험신호: BISECTOR_BREAK) | 신뢰도:0%
    09:27→09:30: 종가:3,450 | 거래량:190,676 | 🔴회피(위험신호: BISECTOR_BREAK) | 신뢰도:0%
    09:30→09:33: 종가:3,405 | 거래량:468,483 | 🔴회피(위험신호: BISECTOR_BREAK) | 신뢰도:0%
    09:33→09:36: 종가:3,420 | 거래량:194,858 | 🔴회피(위험신호: BISECTOR_BREAK) | 신뢰도:0%
    09:36→09:39: 종가:3,420 | 거래량:68,808 | 🔴회피(위험신호: BISECTOR_BREAK) | 신뢰도:0%
    09:39→09:42: 종가:3,445 | 거래량:83,745 | 🔴회피(위험신호: BISECTOR_BREAK) | 신뢰도:0%
    09:42→09:45: 종가:3,405 | 거래량:161,928 | 🔴회피(위험신호: BISECTOR_BREAK) | 신뢰도:0%
    09:45→09:48: 종가:3,430 | 거래량:64,076 | 🔴회피(위험신호: BISECTOR_BREAK) | 신뢰도:0%
    09:48→09:51: 종가:3,445 | 거래량:47,498 | 🔴회피(위험신호: BISECTOR_BREAK) | 신뢰도:0%
    09:51→09:54: 종가:3,435 | 거래량:23,215 | 🔴회피(위험신호: BISECTOR_BREAK) | 신뢰도:0%
    09:54→09:57: 종가:3,425 | 거래량:36,440 | 🔴회피(위험신호: BISECTOR_BREAK) | 신뢰도:0%
    09:57→10:00: 종가:3,407 | 거래량:44,938 | 🔴회피(위험신호: BISECTOR_BREAK) | 신뢰도:0%
    10:00→10:03: 종가:3,415 | 거래량:44,194 | 🔴회피(위험신호: BISECTOR_BREAK) | 신뢰도:0%
    10:03→10:06: 종가:3,460 | 거래량:105,309 | 🔴회피(위험신호: BISECTOR_BREAK) | 신뢰도:0%
    10:06→10:09: 종가:3,455 | 거래량:159,365 | 🔴회피(위험신호: BISECTOR_BREAK) | 신뢰도:0%
    10:09→10:12: 종가:3,410 | 거래량:91,750 | 🔴회피(위험신호: BISECTOR_BREAK) | 신뢰도:0%
    10:12→10:15: 종가:3,420 | 거래량:16,299 | 🔴회피(위험신호: BISECTOR_BREAK) | 신뢰도:0%
    10:15→10:18: 종가:3,410 | 거래량:46,056 | 🔴회피(위험신호: BISECTOR_BREAK) | 신뢰도:0%
    10:18→10:21: 종가:3,380 | 거래량:88,378 | 🔴회피(위험신호: BISECTOR_BREAK) | 신뢰도:0%
    10:21→10:24: 종가:3,410 | 거래량:39,585 | 🔴회피(위험신호: BISECTOR_BREAK) | 신뢰도:0%
    10:24→10:27: 종가:3,425 | 거래량:50,242 | 🔴회피(위험신호: BISECTOR_BREAK) | 신뢰도:0%
    10:27→10:30: 종가:3,420 | 거래량:20,142 | 🔴회피(위험신호: BISECTOR_BREAK) | 신뢰도:0%
    10:30→10:33: 종가:3,440 | 거래량:30,784 | 🔴회피(위험신호: BISECTOR_BREAK) | 신뢰도:0%
    10:33→10:36: 종가:3,425 | 거래량:19,582 | 🔴회피(위험신호: BISECTOR_BREAK) | 신뢰도:0%
    10:36→10:39: 종가:3,405 | 거래량:47,262 | 🔴회피(위험신호: BISECTOR_BREAK) | 신뢰도:0%
    10:39→10:42: 종가:3,415 | 거래량:31,236 | 🔴회피(위험신호: BISECTOR_BREAK) | 신뢰도:0%
    10:42→10:45: 종가:3,415 | 거래량:11,425 | 🔴회피(위험신호: BISECTOR_BREAK) | 신뢰도:0%
    10:45→10:48: 종가:3,405 | 거래량:27,147 | 🔴회피(위험신호: BISECTOR_BREAK) | 신뢰도:0%
    10:48→10:51: 종가:3,420 | 거래량:71,620 | 🔴회피(위험신호: BISECTOR_BREAK) | 신뢰도:0%
    10:51→10:54: 종가:3,380 | 거래량:101,852 | 🔴회피(위험신호: BISECTOR_BREAK) | 신뢰도:0%
    10:54→10:57: 종가:3,375 | 거래량:68,908 | 🔴회피(위험신호: BISECTOR_BREAK) | 신뢰도:0%
    10:57→11:00: 종가:3,375 | 거래량:37,982 | 🔴회피(위험신호: BISECTOR_BREAK) | 신뢰도:0%
    11:00→11:03: 종가:3,375 | 거래량:22,091 | 🔴회피(위험신호: BISECTOR_BREAK) | 신뢰도:0%
    11:03→11:06: 종가:3,370 | 거래량:70,514 | 🔴회피(위험신호: BISECTOR_BREAK) | 신뢰도:0%
    11:06→11:09: 종가:3,375 | 거래량:22,006 | 🔴회피(위험신호: BISECTOR_BREAK) | 신뢰도:0%
    11:09→11:12: 종가:3,390 | 거래량:19,229 | 🔴회피(위험신호: BISECTOR_BREAK) | 신뢰도:0%
    11:12→11:15: 종가:3,385 | 거래량:21,393 | 🔴회피(위험신호: BISECTOR_BREAK) | 신뢰도:0%
    11:15→11:18: 종가:3,340 | 거래량:197,879 | 🔴회피(위험신호: BISECTOR_BREAK) | 신뢰도:0%
    11:18→11:21: 종가:3,345 | 거래량:90,322 | 🔴회피(위험신호: BISECTOR_BREAK) | 신뢰도:0%
    11:21→11:24: 종가:3,335 | 거래량:20,483 | 🔴회피(위험신호: BISECTOR_BREAK) | 신뢰도:0%
    11:24→11:27: 종가:3,325 | 거래량:71,166 | 🔴회피(위험신호: BISECTOR_BREAK) | 신뢰도:0%
    11:27→11:30: 종가:3,325 | 거래량:94,846 | 🔴회피(위험신호: BISECTOR_BREAK) | 신뢰도:0%
    11:30→11:33: 종가:3,320 | 거래량:42,865 | 🔴회피(위험신호: BISECTOR_BREAK) | 신뢰도:0%
    11:33→11:36: 종가:3,325 | 거래량:26,420 | 🔴회피(위험신호: BISECTOR_BREAK) | 신뢰도:0%
    11:36→11:39: 종가:3,340 | 거래량:39,394 | 🔴회피(위험신호: BISECTOR_BREAK) | 신뢰도:0%
    11:39→11:42: 종가:3,345 | 거래량:15,860 | 🔴회피(위험신호: BISECTOR_BREAK) | 신뢰도:0%
    11:42→11:45: 종가:3,360 | 거래량:41,662 | 🔴회피(위험신호: BISECTOR_BREAK) | 신뢰도:0%
    11:45→11:48: 종가:3,380 | 거래량:45,095 | 🔴회피(위험신호: BISECTOR_BREAK) | 신뢰도:0%
    11:48→11:51: 종가:3,355 | 거래량:31,778 | 🔴회피(위험신호: BISECTOR_BREAK) | 신뢰도:0%
    11:51→11:54: 종가:3,345 | 거래량:15,807 | 🔴회피(위험신호: BISECTOR_BREAK) | 신뢰도:0%
    11:54→11:57: 종가:3,345 | 거래량:25,803 | 🔴회피(위험신호: BISECTOR_BREAK) | 신뢰도:0%
    11:57→12:00: 종가:3,345 | 거래량:27,688 | 🔴회피(위험신호: BISECTOR_BREAK) | 신뢰도:0%
    12:00→12:03: 종가:3,345 | 거래량:9,298 | 🔴회피(위험신호: BISECTOR_BREAK) | 신뢰도:0%
    12:03→12:06: 종가:3,355 | 거래량:11,252 | 🔴회피(위험신호: BISECTOR_BREAK) | 신뢰도:0%
    12:06→12:09: 종가:3,355 | 거래량:7,892 | 🔴회피(위험신호: BISECTOR_BREAK) | 신뢰도:0%
    12:09→12:12: 종가:3,350 | 거래량:9,732 | 🔴회피(위험신호: BISECTOR_BREAK) | 신뢰도:0%
    12:12→12:15: 종가:3,345 | 거래량:17,547 | 🔴회피(위험신호: BISECTOR_BREAK) | 신뢰도:0%
    12:15→12:18: 종가:3,335 | 거래량:8,282 | 🔴회피(위험신호: BISECTOR_BREAK) | 신뢰도:0%
    12:18→12:21: 종가:3,350 | 거래량:3,303 | 🔴회피(위험신호: BISECTOR_BREAK) | 신뢰도:0%
    12:21→12:24: 종가:3,350 | 거래량:6,601 | 🔴회피(위험신호: BISECTOR_BREAK) | 신뢰도:0%
    12:24→12:27: 종가:3,360 | 거래량:19,762 | 🔴회피(위험신호: BISECTOR_BREAK) | 신뢰도:0%
    12:27→12:30: 종가:3,340 | 거래량:12,332 | 🔴회피(위험신호: BISECTOR_BREAK) | 신뢰도:0%
    12:30→12:33: 종가:3,330 | 거래량:29,846 | 🔴회피(위험신호: BISECTOR_BREAK) | 신뢰도:0%
    12:33→12:36: 종가:3,350 | 거래량:21,313 | 🔴회피(위험신호: BISECTOR_BREAK) | 신뢰도:0%
    12:36→12:39: 종가:3,480 | 거래량:921,375 | 🔴회피(위험신호: BISECTOR_BREAK) | 신뢰도:0%
    12:39→12:42: 종가:3,400 | 거래량:415,198 | 🔴회피(위험신호: BISECTOR_BREAK) | 신뢰도:0%
    12:42→12:45: 종가:3,480 | 거래량:624,491 | 🔴회피(위험신호: BISECTOR_BREAK) | 신뢰도:0%
    12:45→12:48: 종가:3,515 | 거래량:809,930 | 🔴회피(위험신호: BISECTOR_BREAK) | 신뢰도:0%
    12:48→12:51: 종가:3,475 | 거래량:343,286 | 🔴회피(위험신호: BISECTOR_BREAK) | 신뢰도:0%
    12:51→12:54: 종가:3,505 | 거래량:329,435 | 🔴회피(위험신호: BISECTOR_BREAK) | 신뢰도:0%
    12:54→12:57: 종가:3,470 | 거래량:105,666 | 🔴회피(위험신호: BISECTOR_BREAK) | 신뢰도:0%
    12:57→13:00: 종가:3,470 | 거래량:86,749 | 🔴회피(위험신호: BISECTOR_BREAK) | 신뢰도:0%
    13:00→13:03: 종가:3,440 | 거래량:153,186 | 🔴회피(위험신호: BISECTOR_BREAK) | 신뢰도:0%
    13:03→13:06: 종가:3,440 | 거래량:146,444 | 🔴회피(위험신호: BISECTOR_BREAK) | 신뢰도:0%
    13:06→13:09: 종가:3,455 | 거래량:157,944 | 🔴회피(위험신호: BISECTOR_BREAK) | 신뢰도:0%
    13:09→13:12: 종가:3,425 | 거래량:55,739 | 🔴회피(위험신호: BISECTOR_BREAK) | 신뢰도:0%
    13:12→13:15: 종가:3,425 | 거래량:50,968 | 🔴회피(위험신호: BISECTOR_BREAK) | 신뢰도:0%
    13:15→13:18: 종가:3,445 | 거래량:44,660 | 🔴회피(위험신호: BISECTOR_BREAK) | 신뢰도:0%
    13:18→13:21: 종가:3,455 | 거래량:40,282 | 🔴회피(위험신호: BISECTOR_BREAK) | 신뢰도:0%
    13:21→13:24: 종가:3,435 | 거래량:67,984 | 🔴회피(위험신호: BISECTOR_BREAK) | 신뢰도:0%
    13:24→13:27: 종가:3,445 | 거래량:14,744 | 🔴회피(위험신호: BISECTOR_BREAK) | 신뢰도:0%
    13:27→13:30: 종가:3,420 | 거래량:92,444 | 🔴회피(위험신호: BISECTOR_BREAK) | 신뢰도:0%
    13:30→13:33: 종가:3,415 | 거래량:40,773 | 🔴회피(위험신호: BISECTOR_BREAK) | 신뢰도:0%
    13:33→13:36: 종가:3,415 | 거래량:36,343 | 🔴회피(위험신호: BISECTOR_BREAK) | 신뢰도:0%
    13:36→13:39: 종가:3,375 | 거래량:175,207 | 🔴회피(위험신호: BISECTOR_BREAK) | 신뢰도:0%
    13:39→13:42: 종가:3,385 | 거래량:42,765 | 🔴회피(위험신호: BISECTOR_BREAK) | 신뢰도:0%
    13:42→13:45: 종가:3,385 | 거래량:43,903 | 🔴회피(위험신호: BISECTOR_BREAK) | 신뢰도:0%
    13:45→13:48: 종가:3,395 | 거래량:36,804 | 🔴회피(위험신호: BISECTOR_BREAK) | 신뢰도:0%
    13:48→13:51: 종가:3,400 | 거래량:20,590 | 🔴회피(위험신호: BISECTOR_BREAK) | 신뢰도:0%
    13:51→13:54: 종가:3,420 | 거래량:29,376 | 🔴회피(위험신호: BISECTOR_BREAK) | 신뢰도:0%
    13:54→13:57: 종가:3,390 | 거래량:18,301 | 🔴회피(위험신호: BISECTOR_BREAK) | 신뢰도:0%
    13:57→14:00: 종가:3,405 | 거래량:8,214 | 🔴회피(위험신호: BISECTOR_BREAK) | 신뢰도:0%
    14:00→14:03: 종가:3,440 | 거래량:93,264 | 🔴회피(위험신호: BISECTOR_BREAK) | 신뢰도:0%
    14:03→14:06: 종가:3,415 | 거래량:22,517 | 🔴회피(위험신호: BISECTOR_BREAK) | 신뢰도:0%
    14:06→14:09: 종가:3,390 | 거래량:44,107 | 🔴회피(위험신호: BISECTOR_BREAK) | 신뢰도:0%
    14:09→14:12: 종가:3,415 | 거래량:66,170 | 🔴회피(위험신호: BISECTOR_BREAK) | 신뢰도:0%
    14:12→14:15: 종가:3,425 | 거래량:18,224 | 🔴회피(위험신호: BISECTOR_BREAK) | 신뢰도:0%
    14:15→14:18: 종가:3,425 | 거래량:12,934 | 🔴회피(위험신호: BISECTOR_BREAK) | 신뢰도:0%
    14:18→14:21: 종가:3,435 | 거래량:15,547 | 🔴회피(위험신호: BISECTOR_BREAK) | 신뢰도:0%
    14:21→14:24: 종가:3,420 | 거래량:9,097 | 🔴회피(위험신호: BISECTOR_BREAK) | 신뢰도:0%
    14:24→14:27: 종가:3,420 | 거래량:13,381 | 🔴회피(위험신호: BISECTOR_BREAK) | 신뢰도:0%
    14:27→14:30: 종가:3,405 | 거래량:28,324 | 🔴회피(위험신호: BISECTOR_BREAK) | 신뢰도:0%
    14:30→14:33: 종가:3,400 | 거래량:34,142 | 🔴회피(위험신호: BISECTOR_BREAK) | 신뢰도:0%
    14:33→14:36: 종가:3,415 | 거래량:12,710 | 🔴회피(위험신호: BISECTOR_BREAK) | 신뢰도:0%
    14:36→14:39: 종가:3,420 | 거래량:18,144 | 🔴회피(위험신호: BISECTOR_BREAK) | 신뢰도:0%
    14:39→14:42: 종가:3,440 | 거래량:39,178 | 🔴회피(위험신호: BISECTOR_BREAK) | 신뢰도:0%
    14:42→14:45: 종가:3,430 | 거래량:15,856 | 🔴회피(위험신호: BISECTOR_BREAK) | 신뢰도:0%
    14:45→14:48: 종가:3,420 | 거래량:10,659 | 🔴회피(위험신호: BISECTOR_BREAK) | 신뢰도:0%
    14:48→14:51: 종가:3,425 | 거래량:6,093 | 🔴회피(위험신호: BISECTOR_BREAK) | 신뢰도:0%
    14:51→14:54: 종가:3,415 | 거래량:30,967 | 🔴회피(위험신호: BISECTOR_BREAK) | 신뢰도:0%
    14:54→14:57: 종가:3,430 | 거래량:30,706 | 🔴회피(위험신호: BISECTOR_BREAK) | 신뢰도:0%
    14:57→15:00: 종가:3,425 | 거래량:12,992 | 🔴회피(위험신호: BISECTOR_BREAK) | 신뢰도:0%
    15:00→15:03: 종가:3,435 | 거래량:18,538 | 🔴회피(위험신호: BISECTOR_BREAK) | 신뢰도:0%
    15:03→15:06: 종가:3,435 | 거래량:50,145 | 🔴회피(위험신호: BISECTOR_BREAK) | 신뢰도:0%
    15:06→15:09: 종가:3,435 | 거래량:91,051 | 🔴회피(위험신호: BISECTOR_BREAK) | 신뢰도:0%
    15:09→15:12: 종가:3,440 | 거래량:53,229 | 🔴회피(위험신호: BISECTOR_BREAK) | 신뢰도:0%
    15:12→15:15: 종가:3,430 | 거래량:48,718 | 🔴회피(위험신호: BISECTOR_BREAK) | 신뢰도:0%
    15:15→15:18: 종가:3,415 | 거래량:65,711 | 🔴회피(위험신호: BISECTOR_BREAK) | 신뢰도:0%
    15:18→15:21: 종가:3,420 | 거래량:42,412 | 🔴회피(위험신호: BISECTOR_BREAK) | 신뢰도:0%

=== 323280 - 20251202 눌림목(3분) 신호 재현 ===
  selection_date: 2025-12-02 09:00:39
  승패: 0승 0패
  selection_date 이후 승패: 0승 0패
  매매신호:
    없음
  체결 시뮬레이션:
    없음
  매수 못한 기회:
    없음

  🔍 상세 3분봉 분석 (09:00~15:30):
    09:00→09:03: 데이터부족
    09:03→09:06: 데이터부족
    09:06→09:09: 데이터부족
    09:09→09:12: 데이터부족
    09:12→09:15: 종가:46,300 | 거래량:191,007 | 🔴회피(4단계패턴없음) | 신뢰도:0%
    09:15→09:18: 종가:45,700 | 거래량:121,571 | 🔴회피(4단계패턴없음) | 신뢰도:0%
    09:18→09:21: 종가:46,050 | 거래량:157,687 | 🔴회피(4단계패턴없음) | 신뢰도:0%
    09:21→09:24: 종가:45,800 | 거래량:100,661 | 🔴회피(4단계패턴없음) | 신뢰도:0%
    09:24→09:27: 종가:45,650 | 거래량:64,041 | 🔴회피(4단계패턴없음) | 신뢰도:0%
    09:27→09:30: 종가:44,850 | 거래량:107,664 | 🔴회피(4단계패턴없음) | 신뢰도:0%
    09:30→09:33: 종가:45,000 | 거래량:60,258 | 🔴회피(4단계패턴없음) | 신뢰도:0%
    09:33→09:36: 종가:44,750 | 거래량:32,867 | 🔴회피(4단계패턴없음) | 신뢰도:0%
    09:36→09:39: 종가:44,700 | 거래량:47,000 | 🔴회피(4단계패턴없음) | 신뢰도:0%
    09:39→09:42: 종가:44,700 | 거래량:15,712 | 🔴회피(4단계패턴없음) | 신뢰도:0%
    09:42→09:45: 종가:44,100 | 거래량:51,961 | 🔴회피(위험신호: BISECTOR_BREAK) | 신뢰도:0%
    09:45→09:48: 종가:44,500 | 거래량:35,256 | 🔴회피(이등분선아래) | 신뢰도:0%
    09:48→09:51: 종가:44,100 | 거래량:20,704 | 🔴회피(위험신호: BISECTOR_BREAK) | 신뢰도:0%
    09:51→09:54: 종가:44,100 | 거래량:53,584 | 🔴회피(위험신호: BISECTOR_BREAK) | 신뢰도:0%
    09:54→09:57: 종가:43,550 | 거래량:33,897 | 🔴회피(위험신호: BISECTOR_BREAK) | 신뢰도:0%
    09:57→10:00: 종가:43,450 | 거래량:15,847 | 🔴회피(위험신호: BISECTOR_BREAK) | 신뢰도:0%
    10:00→10:03: 종가:43,050 | 거래량:51,412 | 🔴회피(위험신호: BISECTOR_BREAK) | 신뢰도:0%
    10:03→10:06: 종가:43,350 | 거래량:18,960 | 🔴회피(위험신호: BISECTOR_BREAK) | 신뢰도:0%
    10:06→10:09: 종가:43,600 | 거래량:32,021 | 🔴회피(위험신호: BISECTOR_BREAK) | 신뢰도:0%
    10:09→10:12: 종가:43,250 | 거래량:19,397 | 🔴회피(위험신호: BISECTOR_BREAK) | 신뢰도:0%
    10:12→10:15: 종가:43,600 | 거래량:7,890 | 🔴회피(위험신호: BISECTOR_BREAK) | 신뢰도:0%
    10:15→10:18: 종가:43,400 | 거래량:18,974 | 🔴회피(위험신호: BISECTOR_BREAK) | 신뢰도:0%
    10:18→10:21: 종가:43,250 | 거래량:10,231 | 🔴회피(위험신호: BISECTOR_BREAK) | 신뢰도:0%
    10:21→10:24: 종가:43,250 | 거래량:10,778 | 🔴회피(위험신호: BISECTOR_BREAK) | 신뢰도:0%
    10:24→10:27: 종가:43,150 | 거래량:14,798 | 🔴회피(위험신호: BISECTOR_BREAK) | 신뢰도:0%
    10:27→10:30: 종가:43,200 | 거래량:12,745 | 🔴회피(위험신호: BISECTOR_BREAK) | 신뢰도:0%
    10:30→10:33: 종가:43,500 | 거래량:7,885 | 🔴회피(위험신호: BISECTOR_BREAK) | 신뢰도:0%
    10:33→10:36: 종가:43,400 | 거래량:2,865 | 🔴회피(위험신호: BISECTOR_BREAK) | 신뢰도:0%
    10:36→10:39: 종가:43,500 | 거래량:8,005 | 🔴회피(위험신호: BISECTOR_BREAK) | 신뢰도:0%
    10:39→10:42: 종가:43,600 | 거래량:12,326 | 🔴회피(위험신호: BISECTOR_BREAK) | 신뢰도:0%
    10:42→10:45: 종가:43,650 | 거래량:10,816 | 🔴회피(위험신호: BISECTOR_BREAK) | 신뢰도:0%
    10:45→10:48: 종가:43,850 | 거래량:17,379 | 🔴회피(위험신호: BISECTOR_BREAK) | 신뢰도:0%
    10:48→10:51: 종가:43,850 | 거래량:7,984 | 🔴회피(위험신호: BISECTOR_BREAK) | 신뢰도:0%
    10:51→10:54: 종가:43,850 | 거래량:7,164 | 🔴회피(위험신호: BISECTOR_BREAK) | 신뢰도:0%
    10:54→10:57: 종가:43,850 | 거래량:24,782 | 🔴회피(위험신호: BISECTOR_BREAK) | 신뢰도:0%
    10:57→11:00: 종가:43,850 | 거래량:3,547 | 🔴회피(위험신호: BISECTOR_BREAK) | 신뢰도:0%
    11:00→11:03: 종가:43,900 | 거래량:4,370 | 🔴회피(위험신호: BISECTOR_BREAK) | 신뢰도:0%
    11:03→11:06: 종가:44,100 | 거래량:11,342 | 🔴회피(위험신호: BISECTOR_BREAK) | 신뢰도:0%
    11:06→11:09: 종가:44,400 | 거래량:35,379 | 🔴회피(위험신호: BISECTOR_BREAK) | 신뢰도:0%
    11:09→11:12: 종가:44,400 | 거래량:18,913 | 🔴회피(위험신호: BISECTOR_BREAK) | 신뢰도:0%
    11:12→11:15: 종가:44,300 | 거래량:14,051 | 🔴회피(위험신호: BISECTOR_BREAK) | 신뢰도:0%
    11:15→11:18: 종가:44,100 | 거래량:6,393 | 🔴회피(위험신호: BISECTOR_BREAK) | 신뢰도:0%
    11:18→11:21: 종가:44,350 | 거래량:8,397 | 🔴회피(위험신호: BISECTOR_BREAK) | 신뢰도:0%
    11:21→11:24: 종가:44,650 | 거래량:18,623 | 🔴회피(4단계패턴없음) | 신뢰도:0%
    11:24→11:27: 종가:44,950 | 거래량:40,524 | 🔴회피(4단계패턴없음) | 신뢰도:0%
    11:27→11:30: 종가:44,500 | 거래량:18,946 | 🔴회피(이등분선아래) | 신뢰도:0%
    11:30→11:33: 종가:44,650 | 거래량:11,039 | 🔴회피(4단계패턴없음) | 신뢰도:0%
    11:33→11:36: 종가:45,000 | 거래량:26,697 | 🔴회피(4단계패턴없음) | 신뢰도:0%
    11:36→11:39: 종가:44,800 | 거래량:12,524 | 🔴회피(4단계패턴없음) | 신뢰도:0%
    11:39→11:42: 종가:45,000 | 거래량:24,726 | 🔴회피(4단계패턴없음) | 신뢰도:0%
    11:42→11:45: 종가:44,900 | 거래량:14,122 | 🔴회피(4단계패턴없음) | 신뢰도:0%
    11:45→11:48: 종가:44,600 | 거래량:14,068 | 🔴회피(4단계패턴없음) | 신뢰도:0%
    11:48→11:51: 종가:44,650 | 거래량:6,227 | 🔴회피(4단계패턴없음) | 신뢰도:0%
    11:51→11:54: 종가:44,600 | 거래량:6,410 | 🔴회피(4단계패턴없음) | 신뢰도:0%
    11:54→11:57: 종가:44,500 | 거래량:9,744 | 🔴회피(이등분선아래) | 신뢰도:0%
    11:57→12:00: 종가:44,450 | 거래량:9,607 | 🔴회피(위험신호: BISECTOR_BREAK) | 신뢰도:0%
    12:00→12:03: 종가:44,450 | 거래량:21,034 | 🔴회피(위험신호: BISECTOR_BREAK) | 신뢰도:0%
    12:03→12:06: 종가:44,550 | 거래량:3,880 | 🔴회피(이등분선아래) | 신뢰도:0%
    12:06→12:09: 종가:44,900 | 거래량:15,400 | 🔴회피(4단계패턴없음) | 신뢰도:0%
    12:09→12:12: 종가:44,750 | 거래량:7,745 | 🔴회피(4단계패턴없음) | 신뢰도:0%
    12:12→12:15: 종가:44,800 | 거래량:4,069 | 🔴회피(4단계패턴없음) | 신뢰도:0%
    12:15→12:18: 종가:44,800 | 거래량:3,128 | 🔴회피(4단계패턴없음) | 신뢰도:0%
    12:18→12:21: 종가:44,800 | 거래량:2,258 | 🔴회피(4단계패턴없음) | 신뢰도:0%
    12:21→12:24: 종가:44,650 | 거래량:2,040 | 🔴회피(4단계패턴없음) | 신뢰도:0%
    12:24→12:27: 종가:44,500 | 거래량:7,534 | 🔴회피(이등분선아래) | 신뢰도:0%
    12:27→12:30: 종가:44,500 | 거래량:4,533 | 🔴회피(이등분선아래) | 신뢰도:0%
    12:30→12:33: 종가:44,450 | 거래량:3,968 | 🔴회피(위험신호: BISECTOR_BREAK) | 신뢰도:0%
    12:33→12:36: 종가:44,500 | 거래량:1,417 | 🔴회피(이등분선아래) | 신뢰도:0%
    12:36→12:39: 종가:44,450 | 거래량:3,060 | 🔴회피(위험신호: BISECTOR_BREAK) | 신뢰도:0%
    12:39→12:42: 종가:44,425 | 거래량:3,612 | 🔴회피(위험신호: BISECTOR_BREAK) | 신뢰도:0%
    12:42→12:45: 종가:44,800 | 거래량:7,598 | 🔴회피(4단계패턴없음) | 신뢰도:0%
    12:45→12:48: 종가:44,850 | 거래량:11,543 | 🔴회피(4단계패턴없음) | 신뢰도:0%
    12:48→12:51: 종가:44,900 | 거래량:10,952 | 🔴회피(4단계패턴없음) | 신뢰도:0%
    12:51→12:54: 종가:44,950 | 거래량:22,934 | 🔴회피(4단계패턴없음) | 신뢰도:0%
    12:54→12:57: 종가:44,800 | 거래량:7,957 | 🔴회피(4단계패턴없음) | 신뢰도:0%
    12:57→13:00: 종가:44,650 | 거래량:3,776 | 🔴회피(4단계패턴없음) | 신뢰도:0%
    13:00→13:03: 종가:44,600 | 거래량:7,359 | 🔴회피(4단계패턴없음) | 신뢰도:0%
    13:03→13:06: 종가:44,900 | 거래량:6,791 | 🔴회피(4단계패턴없음) | 신뢰도:0%
    13:06→13:09: 종가:44,950 | 거래량:11,341 | 🔴회피(4단계패턴없음) | 신뢰도:0%
    13:09→13:12: 종가:45,150 | 거래량:57,239 | 🔴회피(4단계패턴없음) | 신뢰도:0%
    13:12→13:15: 종가:45,000 | 거래량:16,710 | 🔴회피(4단계패턴없음) | 신뢰도:0%
    13:15→13:18: 종가:45,150 | 거래량:7,519 | 🔴회피(4단계패턴없음) | 신뢰도:0%
    13:18→13:21: 종가:45,300 | 거래량:10,182 | 🔴회피(4단계패턴없음) | 신뢰도:0%
    13:21→13:24: 종가:45,150 | 거래량:7,685 | 🔴회피(4단계패턴없음) | 신뢰도:0%
    13:24→13:27: 종가:45,250 | 거래량:14,478 | 🔴회피(4단계패턴없음) | 신뢰도:0%
    13:27→13:30: 종가:45,250 | 거래량:34,625 | 🔴회피(4단계패턴없음) | 신뢰도:0%
    13:30→13:33: 종가:45,000 | 거래량:19,776 | 🔴회피(4단계패턴없음) | 신뢰도:0%
    13:33→13:36: 종가:45,050 | 거래량:4,275 | 🔴회피(4단계패턴없음) | 신뢰도:0%
    13:36→13:39: 종가:45,150 | 거래량:5,814 | 🔴회피(4단계패턴없음) | 신뢰도:0%
    13:39→13:42: 종가:45,350 | 거래량:6,968 | 🔴회피(4단계패턴없음) | 신뢰도:0%
    13:42→13:45: 종가:45,200 | 거래량:19,657 | 🔴회피(4단계패턴없음) | 신뢰도:0%
    13:45→13:48: 종가:45,150 | 거래량:5,054 | 🔴회피(4단계패턴없음) | 신뢰도:0%
    13:48→13:51: 종가:45,250 | 거래량:3,150 | 🔴회피(4단계패턴없음) | 신뢰도:0%
    13:51→13:54: 종가:45,300 | 거래량:4,029 | 🔴회피(4단계패턴없음) | 신뢰도:0%
    13:54→13:57: 종가:45,150 | 거래량:6,958 | 🔴회피(4단계패턴없음) | 신뢰도:0%
    13:57→14:00: 종가:45,300 | 거래량:8,041 | 🔴회피(4단계패턴없음) | 신뢰도:0%
    14:00→14:03: 종가:45,250 | 거래량:3,989 | 🔴회피(4단계패턴없음) | 신뢰도:0%
    14:03→14:06: 종가:45,600 | 거래량:44,562 | 🔴회피(4단계패턴없음) | 신뢰도:0%
    14:06→14:09: 종가:45,450 | 거래량:14,714 | 🔴회피(4단계패턴없음) | 신뢰도:0%
    14:09→14:12: 종가:45,450 | 거래량:5,374 | 🔴회피(4단계패턴없음) | 신뢰도:0%
    14:12→14:15: 종가:45,450 | 거래량:4,470 | 🔴회피(4단계패턴없음) | 신뢰도:0%
    14:15→14:18: 종가:45,250 | 거래량:12,148 | 🔴회피(4단계패턴없음) | 신뢰도:0%
    14:18→14:21: 종가:45,250 | 거래량:4,169 | 🔴회피(4단계패턴없음) | 신뢰도:0%
    14:21→14:24: 종가:44,900 | 거래량:27,284 | 🔴회피(4단계패턴없음) | 신뢰도:0%
    14:24→14:27: 종가:45,000 | 거래량:13,305 | 🔴회피(4단계패턴없음) | 신뢰도:0%
    14:27→14:30: 종가:45,050 | 거래량:3,632 | 🔴회피(4단계패턴없음) | 신뢰도:0%
    14:30→14:33: 종가:45,000 | 거래량:4,285 | 🔴회피(4단계패턴없음) | 신뢰도:0%
    14:33→14:36: 종가:45,100 | 거래량:1,954 | 🔴회피(4단계패턴없음) | 신뢰도:0%
    14:36→14:39: 종가:44,950 | 거래량:5,583 | 🔴회피(4단계패턴없음) | 신뢰도:0%
    14:39→14:42: 종가:45,025 | 거래량:4,122 | 🔴회피(4단계패턴없음) | 신뢰도:0%
    14:42→14:45: 종가:45,000 | 거래량:3,289 | 🔴회피(4단계패턴없음) | 신뢰도:0%
    14:45→14:48: 종가:45,150 | 거래량:5,938 | 🔴회피(4단계패턴없음) | 신뢰도:0%
    14:48→14:51: 종가:45,150 | 거래량:4,583 | 🔴회피(4단계패턴없음) | 신뢰도:0%
    14:51→14:54: 종가:45,000 | 거래량:9,746 | 🔴회피(4단계패턴없음) | 신뢰도:0%
    14:54→14:57: 종가:45,050 | 거래량:4,249 | 🔴회피(4단계패턴없음) | 신뢰도:0%
    14:57→15:00: 종가:45,050 | 거래량:3,603 | 🔴회피(4단계패턴없음) | 신뢰도:0%
    15:00→15:03: 종가:44,950 | 거래량:13,716 | 🔴회피(4단계패턴없음) | 신뢰도:0%
    15:03→15:06: 종가:44,850 | 거래량:10,725 | 🔴회피(4단계패턴없음) | 신뢰도:0%
    15:06→15:09: 종가:45,000 | 거래량:5,295 | 🔴회피(4단계패턴없음) | 신뢰도:0%
    15:09→15:12: 종가:45,100 | 거래량:5,458 | 🔴회피(4단계패턴없음) | 신뢰도:0%
    15:12→15:15: 종가:45,100 | 거래량:8,203 | 🔴회피(4단계패턴없음) | 신뢰도:0%
    15:15→15:18: 종가:45,250 | 거래량:14,240 | 🔴회피(4단계패턴없음) | 신뢰도:0%
    15:18→15:21: 종가:45,200 | 거래량:11,025 | 🔴회피(4단계패턴없음) | 신뢰도:0%

=== 084990 - 20251202 눌림목(3분) 신호 재현 ===
  selection_date: 2025-12-02 13:07:00
  승패: 0승 0패
  selection_date 이후 승패: 0승 0패
  매매신호:
    없음
  체결 시뮬레이션:
    없음
  매수 못한 기회:
    없음

  🔍 상세 3분봉 분석 (09:00~15:30):
    09:00→09:03: 데이터부족
    09:03→09:06: 데이터부족
    09:06→09:09: 데이터부족
    09:09→09:12: 데이터부족
    09:12→09:15: 종가:7,260 | 거래량:26,419 | 🔴회피(시가대비1.3%상승(2%미만차단)) | 신뢰도:0%
    09:15→09:18: 종가:7,240 | 거래량:31,878 | 🔴회피(이등분선아래) | 신뢰도:0%
    09:18→09:21: 종가:7,220 | 거래량:12,213 | 🔴회피(위험신호: BISECTOR_BREAK) | 신뢰도:0%
    09:21→09:24: 종가:7,270 | 거래량:13,563 | 🔴회피(시가대비1.4%상승(2%미만차단)) | 신뢰도:0%
    09:24→09:27: 종가:7,270 | 거래량:2,486 | 🔴회피(시가대비1.4%상승(2%미만차단)) | 신뢰도:0%
    09:27→09:30: 종가:7,280 | 거래량:11,643 | 🔴회피(시가대비1.5%상승(2%미만차단)) | 신뢰도:0%
    09:30→09:33: 종가:7,430 | 거래량:39,241 | 🔴회피(4단계패턴없음) | 신뢰도:0%
    09:33→09:36: 종가:7,360 | 거래량:7,207 | 🔴회피(4단계패턴없음) | 신뢰도:0%
    09:36→09:39: 종가:7,410 | 거래량:5,424 | 🔴회피(4단계패턴없음) | 신뢰도:0%
    09:39→09:42: 종가:7,400 | 거래량:13,474 | 🔴회피(4단계패턴없음) | 신뢰도:0%
    09:42→09:45: 종가:7,350 | 거래량:13,429 | 🔴회피(4단계패턴없음) | 신뢰도:0%
    09:45→09:48: 종가:7,350 | 거래량:3,788 | 🔴회피(4단계패턴없음) | 신뢰도:0%
    09:48→09:51: 종가:7,350 | 거래량:7,345 | 🔴회피(4단계패턴없음) | 신뢰도:0%
    09:51→09:54: 종가:7,380 | 거래량:5,613 | 🔴회피(4단계패턴없음) | 신뢰도:0%
    09:54→09:57: 종가:7,380 | 거래량:5,741 | 🔴회피(4단계패턴없음) | 신뢰도:0%
    09:57→10:00: 종가:7,350 | 거래량:7,420 | 🔴회피(4단계패턴없음) | 신뢰도:0%
    10:00→10:03: 종가:7,410 | 거래량:32,818 | 🔴회피(4단계패턴없음) | 신뢰도:0%
    10:03→10:06: 종가:7,380 | 거래량:25,262 | 🔴회피(4단계패턴없음) | 신뢰도:0%
    10:06→10:09: 종가:7,360 | 거래량:10,992 | 🔴회피(4단계패턴없음) | 신뢰도:0%
    10:09→10:12: 종가:7,410 | 거래량:126,550 | 🔴회피(4단계패턴없음) | 신뢰도:0%
    10:12→10:15: 종가:7,430 | 거래량:41,636 | 🔴회피(4단계패턴없음) | 신뢰도:0%
    10:15→10:18: 종가:7,430 | 거래량:22,203 | 🔴회피(4단계패턴없음) | 신뢰도:0%
    10:18→10:21: 종가:7,430 | 거래량:8,513 | 🔴회피(4단계패턴없음) | 신뢰도:0%
    10:21→10:24: 종가:7,400 | 거래량:24,784 | 🔴회피(4단계패턴없음) | 신뢰도:0%
    10:24→10:27: 종가:7,390 | 거래량:3,027 | 🔴회피(4단계패턴없음) | 신뢰도:0%
    10:27→10:30: 종가:7,430 | 거래량:9,324 | 🔴회피(4단계패턴없음) | 신뢰도:0%
    10:30→10:33: 종가:7,410 | 거래량:5,212 | 🔴회피(4단계패턴없음) | 신뢰도:0%
    10:33→10:36: 종가:7,400 | 거래량:7,505 | 🔴회피(4단계패턴없음) | 신뢰도:0%
    10:36→10:39: 종가:7,410 | 거래량:5,019 | 🔴회피(4단계패턴없음) | 신뢰도:0%
    10:39→10:42: 종가:7,420 | 거래량:8,145 | 🔴회피(4단계패턴없음) | 신뢰도:0%
    10:42→10:45: 종가:7,420 | 거래량:2,169 | 🔴회피(4단계패턴없음) | 신뢰도:0%
    10:45→10:48: 종가:7,490 | 거래량:37,464 | 🔴회피(4단계패턴없음) | 신뢰도:0%
    10:48→10:51: 종가:7,460 | 거래량:8,505 | 🔴회피(4단계패턴없음) | 신뢰도:0%
    10:51→10:54: 종가:7,450 | 거래량:3,320 | 🔴회피(4단계패턴없음) | 신뢰도:0%
    10:54→10:57: 종가:7,440 | 거래량:3,023 | 🔴회피(4단계패턴없음) | 신뢰도:0%
    10:57→11:00: 종가:7,430 | 거래량:7,633 | 🔴회피(4단계패턴없음) | 신뢰도:0%
    11:00→11:03: 종가:7,460 | 거래량:7,169 | 🔴회피(4단계패턴없음) | 신뢰도:0%
    11:03→11:06: 종가:7,460 | 거래량:4,601 | 🔴회피(4단계패턴없음) | 신뢰도:0%
    11:06→11:09: 종가:7,450 | 거래량:1,658 | 🔴회피(4단계패턴없음) | 신뢰도:0%
    11:09→11:12: 종가:7,460 | 거래량:1,622 | 🔴회피(4단계패턴없음) | 신뢰도:0%
    11:12→11:15: 종가:7,450 | 거래량:4,873 | 🔴회피(4단계패턴없음) | 신뢰도:0%
    11:15→11:18: 종가:7,440 | 거래량:3,058 | 🔴회피(4단계패턴없음) | 신뢰도:0%
    11:18→11:21: 종가:7,445 | 거래량:5,377 | 🔴회피(4단계패턴없음) | 신뢰도:0%
    11:21→11:24: 종가:7,450 | 거래량:3,084 | 🔴회피(4단계패턴없음) | 신뢰도:0%
    11:24→11:27: 종가:7,480 | 거래량:6,675 | 🔴회피(4단계패턴없음) | 신뢰도:0%
    11:27→11:30: 종가:7,450 | 거래량:2,578 | 🔴회피(4단계패턴없음) | 신뢰도:0%
    11:30→11:33: 종가:7,460 | 거래량:2,560 | 🔴회피(4단계패턴없음) | 신뢰도:0%
    11:33→11:36: 종가:7,440 | 거래량:4,641 | 🔴회피(4단계패턴없음) | 신뢰도:0%
    11:36→11:39: 종가:7,420 | 거래량:4,444 | 🔴회피(4단계패턴없음) | 신뢰도:0%
    11:39→11:42: 종가:7,430 | 거래량:2,436 | 🔴회피(4단계패턴없음) | 신뢰도:0%
    11:42→11:45: 종가:7,460 | 거래량:3,813 | 🔴회피(4단계패턴없음) | 신뢰도:0%
    11:45→11:48: 종가:7,460 | 거래량:1,186 | 🔴회피(4단계패턴없음) | 신뢰도:0%
    11:48→11:51: 종가:7,460 | 거래량:1,082 | 🔴회피(4단계패턴없음) | 신뢰도:0%
    11:51→11:54: 종가:7,430 | 거래량:297 | 🔴회피(4단계패턴없음) | 신뢰도:0%
    11:54→11:57: 종가:7,440 | 거래량:2,455 | 🔴회피(4단계패턴없음) | 신뢰도:0%
    11:57→12:00: 종가:7,450 | 거래량:2,736 | 🔴회피(4단계패턴없음) | 신뢰도:0%
    12:00→12:03: 종가:7,430 | 거래량:2,970 | 🔴회피(4단계패턴없음) | 신뢰도:0%
    12:03→12:06: 종가:7,440 | 거래량:5,555 | 🔴회피(4단계패턴없음) | 신뢰도:0%
    12:06→12:09: 종가:7,440 | 거래량:2,040 | 🔴회피(4단계패턴없음) | 신뢰도:0%
    12:09→12:12: 종가:7,440 | 거래량:3,243 | 🔴회피(4단계패턴없음) | 신뢰도:0%
    12:12→12:15: 종가:7,450 | 거래량:783 | 🔴회피(4단계패턴없음) | 신뢰도:0%
    12:15→12:18: 종가:7,430 | 거래량:2,221 | 🔴회피(4단계패턴없음) | 신뢰도:0%
    12:18→12:21: 종가:7,440 | 거래량:11,023 | 🔴회피(4단계패턴없음) | 신뢰도:0%
    12:21→12:24: 종가:7,440 | 거래량:1,480 | 🔴회피(4단계패턴없음) | 신뢰도:0%
    12:24→12:27: 종가:7,420 | 거래량:723 | 🔴회피(4단계패턴없음) | 신뢰도:0%
    12:27→12:30: 종가:7,420 | 거래량:1,546 | 🔴회피(4단계패턴없음) | 신뢰도:0%
    12:30→12:33: 종가:7,470 | 거래량:35,475 | 🔴회피(4단계패턴없음) | 신뢰도:0%
    12:33→12:36: 종가:7,490 | 거래량:58,104 | 🔴회피(4단계패턴없음) | 신뢰도:0%
    12:36→12:39: 종가:7,470 | 거래량:6,260 | 🔴회피(4단계패턴없음) | 신뢰도:0%
    12:39→12:42: 종가:7,470 | 거래량:2,622 | 🔴회피(4단계패턴없음) | 신뢰도:0%
    12:42→12:45: 종가:7,490 | 거래량:5,976 | 🔴회피(4단계패턴없음) | 신뢰도:0%
    12:45→12:48: 종가:7,480 | 거래량:3,136 | 🔴회피(4단계패턴없음) | 신뢰도:0%
    12:48→12:51: 종가:7,510 | 거래량:2,293 | 🔴회피(4단계패턴없음) | 신뢰도:0%
    12:51→12:54: 종가:7,510 | 거래량:5,539 | 🔴회피(4단계패턴없음) | 신뢰도:0%
    12:54→12:57: 종가:7,550 | 거래량:22,021 | 🔴회피(4단계패턴없음) | 신뢰도:0%
    12:57→13:00: 종가:7,650 | 거래량:49,367 | 🔴회피(4단계패턴없음) | 신뢰도:0%
    13:00→13:03: 종가:7,640 | 거래량:49,414 | 🔴회피(4단계패턴없음) | 신뢰도:0%
    13:03→13:06: 종가:7,690 | 거래량:23,038 | 🔴회피(4단계패턴없음) | 신뢰도:0%
    13:06→13:09: 종가:7,660 | 거래량:7,606 | 🔴회피(4단계패턴없음) | 신뢰도:0%
    13:09→13:12: 종가:7,640 | 거래량:5,797 | 🔴회피(4단계패턴없음) | 신뢰도:0%
    13:12→13:15: 종가:7,660 | 거래량:27,859 | 🔴회피(4단계패턴없음) | 신뢰도:0%
    13:15→13:18: 종가:7,740 | 거래량:21,589 | 🔴회피(4단계패턴없음) | 신뢰도:0%
    13:18→13:21: 종가:7,760 | 거래량:80,025 | 🔴회피(4단계패턴없음) | 신뢰도:0%
    13:21→13:24: 종가:7,730 | 거래량:19,643 | 🔴회피(4단계패턴없음) | 신뢰도:0%
    13:24→13:27: 종가:7,730 | 거래량:5,824 | 🔴회피(4단계패턴없음) | 신뢰도:0%
    13:27→13:30: 종가:7,750 | 거래량:8,570 | 🔴회피(4단계패턴없음) | 신뢰도:0%
    13:30→13:33: 종가:7,710 | 거래량:17,567 | 🔴회피(4단계패턴없음) | 신뢰도:0%
    13:33→13:36: 종가:7,840 | 거래량:22,048 | 🔴회피(4단계패턴없음) | 신뢰도:0%
    13:36→13:39: 종가:7,880 | 거래량:33,692 | 🔴회피(4단계패턴없음) | 신뢰도:0%
    13:39→13:42: 종가:7,830 | 거래량:106,496 | 🔴회피(위험신호: LARGE_BEARISH_VOLUME) | 신뢰도:0%
    13:42→13:45: 종가:7,840 | 거래량:21,211 | 🔴회피(4단계패턴없음) | 신뢰도:0%
    13:45→13:48: 종가:7,790 | 거래량:33,825 | 🔴회피(4단계패턴없음) | 신뢰도:0%
    13:48→13:51: 종가:7,920 | 거래량:38,807 | 🔴회피(4단계패턴없음) | 신뢰도:0%
    13:51→13:54: 종가:8,360 | 거래량:272,464 | 🔴회피(4단계패턴없음) | 신뢰도:0%
    13:54→13:57: 종가:8,510 | 거래량:201,977 | 🔴회피(4단계패턴없음) | 신뢰도:0%
    13:57→14:00: 종가:8,670 | 거래량:140,760 | 🔴회피(4단계패턴없음) | 신뢰도:0%
    14:00→14:03: 종가:8,780 | 거래량:436,327 | 🔴회피(시가대비22.5%상승(22%이상차단)) | 신뢰도:0%
    14:03→14:06: 종가:8,630 | 거래량:238,113 | 🔴회피(위험신호: LARGE_BEARISH_VOLUME) | 신뢰도:0%
    14:06→14:09: 종가:8,420 | 거래량:195,475 | 🔴회피(4단계패턴없음) | 신뢰도:0%
    14:09→14:12: 종가:8,370 | 거래량:114,514 | 🔴회피(4단계패턴없음) | 신뢰도:0%
    14:12→14:15: 종가:8,400 | 거래량:163,740 | 🔴회피(4단계패턴없음) | 신뢰도:0%
    14:15→14:18: 종가:8,220 | 거래량:145,385 | 🔴회피(4단계패턴없음) | 신뢰도:0%
    14:18→14:21: 종가:8,330 | 거래량:63,906 | 🔴회피(4단계패턴없음) | 신뢰도:0%
    14:21→14:24: 종가:8,460 | 거래량:83,945 | 🟢강매수 | 신뢰도:89%
    14:24→14:27: 종가:8,350 | 거래량:50,099 | 🔴회피(4단계패턴없음) | 신뢰도:0%
    14:27→14:30: 종가:8,360 | 거래량:28,636 | 🔴회피(4단계패턴없음) | 신뢰도:0%
    14:30→14:33: 종가:8,350 | 거래량:28,835 | 🔴회피(4단계패턴없음) | 신뢰도:0%
    14:33→14:36: 종가:8,360 | 거래량:27,262 | 🔴회피(4단계패턴없음) | 신뢰도:0%
    14:36→14:39: 종가:8,370 | 거래량:27,738 | 🔴회피(4단계패턴없음) | 신뢰도:0%
    14:39→14:42: 종가:8,460 | 거래량:52,950 | 🟢강매수 | 신뢰도:84%
    14:42→14:45: 종가:8,420 | 거래량:48,145 | 🔴회피(4단계패턴없음) | 신뢰도:0%
    14:45→14:48: 종가:8,420 | 거래량:23,896 | 🔴회피(4단계패턴없음) | 신뢰도:0%
    14:48→14:51: 종가:8,360 | 거래량:17,539 | 🔴회피(4단계패턴없음) | 신뢰도:0%
    14:51→14:54: 종가:8,390 | 거래량:17,836 | 🔴회피(4단계패턴없음) | 신뢰도:0%
    14:54→14:57: 종가:8,440 | 거래량:12,651 | 🔴회피(4단계패턴없음) | 신뢰도:0%
    14:57→15:00: 종가:8,300 | 거래량:31,853 | 🔴회피(4단계패턴없음) | 신뢰도:0%
    15:00→15:03: 종가:8,290 | 거래량:32,319 | 🔴회피(4단계패턴없음) | 신뢰도:0%
    15:03→15:06: 종가:8,260 | 거래량:21,255 | 🔴회피(4단계패턴없음) | 신뢰도:0%
    15:06→15:09: 종가:8,290 | 거래량:17,154 | 🔴회피(4단계패턴없음) | 신뢰도:0%
    15:09→15:12: 종가:8,310 | 거래량:8,582 | 🔴회피(4단계패턴없음) | 신뢰도:0%
    15:12→15:15: 종가:8,420 | 거래량:14,016 | 🔴회피(4단계패턴없음) | 신뢰도:0%
    15:15→15:18: 종가:8,350 | 거래량:23,304 | 🔴회피(4단계패턴없음) | 신뢰도:0%
    15:18→15:21: 종가:8,395 | 거래량:29,774 | 🔴회피(4단계패턴없음) | 신뢰도:0%

=== 058610 - 20251202 눌림목(3분) 신호 재현 ===
  selection_date: 2025-12-02 09:00:39
  승패: 0승 0패
  selection_date 이후 승패: 0승 0패
  매매신호:
    없음
  체결 시뮬레이션:
    없음
  매수 못한 기회:
    없음

  🔍 상세 3분봉 분석 (09:00~15:30):
    09:00→09:03: 데이터부족
    09:03→09:06: 데이터부족
    09:06→09:09: 데이터부족
    09:09→09:12: 데이터부족
    09:12→09:15: 종가:66,300 | 거래량:44,854 | 🔴회피(위험신호: BISECTOR_BREAK) | 신뢰도:0%
    09:15→09:18: 종가:65,900 | 거래량:43,168 | 🔴회피(위험신호: BISECTOR_BREAK) | 신뢰도:0%
    09:18→09:21: 종가:64,700 | 거래량:68,370 | 🔴회피(위험신호: BISECTOR_BREAK) | 신뢰도:0%
    09:21→09:24: 종가:64,000 | 거래량:60,349 | 🔴회피(위험신호: BISECTOR_BREAK) | 신뢰도:0%
    09:24→09:27: 종가:63,900 | 거래량:54,154 | 🔴회피(위험신호: BISECTOR_BREAK) | 신뢰도:0%
    09:27→09:30: 종가:64,900 | 거래량:31,729 | 🔴회피(위험신호: BISECTOR_BREAK) | 신뢰도:0%
    09:30→09:33: 종가:64,800 | 거래량:26,558 | 🔴회피(위험신호: BISECTOR_BREAK) | 신뢰도:0%
    09:33→09:36: 종가:65,400 | 거래량:32,382 | 🔴회피(위험신호: BISECTOR_BREAK) | 신뢰도:0%
    09:36→09:39: 종가:65,300 | 거래량:25,165 | 🔴회피(위험신호: BISECTOR_BREAK) | 신뢰도:0%
    09:39→09:42: 종가:65,300 | 거래량:18,152 | 🔴회피(위험신호: BISECTOR_BREAK) | 신뢰도:0%
    09:42→09:45: 종가:65,300 | 거래량:13,235 | 🔴회피(위험신호: BISECTOR_BREAK) | 신뢰도:0%
    09:45→09:48: 종가:64,450 | 거래량:13,511 | 🔴회피(위험신호: BISECTOR_BREAK) | 신뢰도:0%
    09:48→09:51: 종가:64,500 | 거래량:16,161 | 🔴회피(위험신호: BISECTOR_BREAK) | 신뢰도:0%
    09:51→09:54: 종가:64,000 | 거래량:17,789 | 🔴회피(위험신호: BISECTOR_BREAK) | 신뢰도:0%
    09:54→09:57: 종가:64,400 | 거래량:14,713 | 🔴회피(위험신호: BISECTOR_BREAK) | 신뢰도:0%
    09:57→10:00: 종가:64,700 | 거래량:9,471 | 🔴회피(위험신호: BISECTOR_BREAK) | 신뢰도:0%
    10:00→10:03: 종가:64,300 | 거래량:5,995 | 🔴회피(위험신호: BISECTOR_BREAK) | 신뢰도:0%
    10:03→10:06: 종가:64,500 | 거래량:5,349 | 🔴회피(위험신호: BISECTOR_BREAK) | 신뢰도:0%
    10:06→10:09: 종가:64,300 | 거래량:9,562 | 🔴회피(위험신호: BISECTOR_BREAK) | 신뢰도:0%
    10:09→10:12: 종가:64,400 | 거래량:9,298 | 🔴회피(위험신호: BISECTOR_BREAK) | 신뢰도:0%
    10:12→10:15: 종가:64,200 | 거래량:5,833 | 🔴회피(위험신호: BISECTOR_BREAK) | 신뢰도:0%
    10:15→10:18: 종가:64,000 | 거래량:5,770 | 🔴회피(위험신호: BISECTOR_BREAK) | 신뢰도:0%
    10:18→10:21: 종가:64,000 | 거래량:7,026 | 🔴회피(위험신호: BISECTOR_BREAK) | 신뢰도:0%
    10:21→10:24: 종가:63,900 | 거래량:17,306 | 🔴회피(위험신호: BISECTOR_BREAK) | 신뢰도:0%
    10:24→10:27: 종가:63,800 | 거래량:9,578 | 🔴회피(위험신호: BISECTOR_BREAK) | 신뢰도:0%
    10:27→10:30: 종가:63,900 | 거래량:6,965 | 🔴회피(위험신호: BISECTOR_BREAK) | 신뢰도:0%
    10:30→10:33: 종가:63,750 | 거래량:7,027 | 🔴회피(위험신호: BISECTOR_BREAK) | 신뢰도:0%
    10:33→10:36: 종가:64,400 | 거래량:11,303 | 🔴회피(위험신호: BISECTOR_BREAK) | 신뢰도:0%
    10:36→10:39: 종가:64,700 | 거래량:13,310 | 🔴회피(위험신호: BISECTOR_BREAK) | 신뢰도:0%
    10:39→10:42: 종가:64,700 | 거래량:8,167 | 🔴회피(위험신호: BISECTOR_BREAK) | 신뢰도:0%
    10:42→10:45: 종가:64,400 | 거래량:3,548 | 🔴회피(위험신호: BISECTOR_BREAK) | 신뢰도:0%
    10:45→10:48: 종가:64,000 | 거래량:7,528 | 🔴회피(위험신호: BISECTOR_BREAK) | 신뢰도:0%
    10:48→10:51: 종가:64,400 | 거래량:4,708 | 🔴회피(위험신호: BISECTOR_BREAK) | 신뢰도:0%
    10:51→10:54: 종가:64,300 | 거래량:3,734 | 🔴회피(위험신호: BISECTOR_BREAK) | 신뢰도:0%
    10:54→10:57: 종가:64,200 | 거래량:2,335 | 🔴회피(위험신호: BISECTOR_BREAK) | 신뢰도:0%
    10:57→11:00: 종가:64,200 | 거래량:2,970 | 🔴회피(위험신호: BISECTOR_BREAK) | 신뢰도:0%
    11:00→11:03: 종가:64,000 | 거래량:4,623 | 🔴회피(위험신호: BISECTOR_BREAK) | 신뢰도:0%
    11:03→11:06: 종가:64,200 | 거래량:4,766 | 🔴회피(위험신호: BISECTOR_BREAK) | 신뢰도:0%
    11:06→11:09: 종가:64,100 | 거래량:3,559 | 🔴회피(위험신호: BISECTOR_BREAK) | 신뢰도:0%
    11:09→11:12: 종가:63,900 | 거래량:5,420 | 🔴회피(위험신호: BISECTOR_BREAK) | 신뢰도:0%
    11:12→11:15: 종가:64,000 | 거래량:1,751 | 🔴회피(위험신호: BISECTOR_BREAK) | 신뢰도:0%
    11:15→11:18: 종가:64,000 | 거래량:2,306 | 🔴회피(위험신호: BISECTOR_BREAK) | 신뢰도:0%
    11:18→11:21: 종가:63,900 | 거래량:3,399 | 🔴회피(위험신호: BISECTOR_BREAK) | 신뢰도:0%
    11:21→11:24: 종가:63,700 | 거래량:6,735 | 🔴회피(위험신호: BISECTOR_BREAK) | 신뢰도:0%
    11:24→11:27: 종가:63,700 | 거래량:2,647 | 🔴회피(위험신호: BISECTOR_BREAK) | 신뢰도:0%
    11:27→11:30: 종가:63,900 | 거래량:2,807 | 🔴회피(위험신호: BISECTOR_BREAK) | 신뢰도:0%
    11:30→11:33: 종가:63,900 | 거래량:3,005 | 🔴회피(위험신호: BISECTOR_BREAK) | 신뢰도:0%
    11:33→11:36: 종가:64,000 | 거래량:3,590 | 🔴회피(위험신호: BISECTOR_BREAK) | 신뢰도:0%
    11:36→11:39: 종가:64,000 | 거래량:1,530 | 🔴회피(위험신호: BISECTOR_BREAK) | 신뢰도:0%
    11:39→11:42: 종가:64,300 | 거래량:2,321 | 🔴회피(위험신호: BISECTOR_BREAK) | 신뢰도:0%
    11:42→11:45: 종가:64,200 | 거래량:3,293 | 🔴회피(위험신호: BISECTOR_BREAK) | 신뢰도:0%
    11:45→11:48: 종가:64,400 | 거래량:6,821 | 🔴회피(위험신호: BISECTOR_BREAK) | 신뢰도:0%
    11:48→11:51: 종가:64,600 | 거래량:4,699 | 🔴회피(위험신호: BISECTOR_BREAK) | 신뢰도:0%
    11:51→11:54: 종가:64,500 | 거래량:5,029 | 🔴회피(위험신호: BISECTOR_BREAK) | 신뢰도:0%
    11:54→11:57: 종가:64,500 | 거래량:2,674 | 🔴회피(위험신호: BISECTOR_BREAK) | 신뢰도:0%
    11:57→12:00: 종가:64,700 | 거래량:3,919 | 🔴회피(위험신호: BISECTOR_BREAK) | 신뢰도:0%
    12:00→12:03: 종가:65,000 | 거래량:9,979 | 🔴회피(위험신호: BISECTOR_BREAK) | 신뢰도:0%
    12:03→12:06: 종가:64,600 | 거래량:4,520 | 🔴회피(위험신호: BISECTOR_BREAK) | 신뢰도:0%
    12:06→12:09: 종가:64,500 | 거래량:1,909 | 🔴회피(위험신호: BISECTOR_BREAK) | 신뢰도:0%
    12:09→12:12: 종가:64,500 | 거래량:844 | 🔴회피(위험신호: BISECTOR_BREAK) | 신뢰도:0%
    12:12→12:15: 종가:64,300 | 거래량:2,955 | 🔴회피(위험신호: BISECTOR_BREAK) | 신뢰도:0%
    12:15→12:18: 종가:64,300 | 거래량:1,885 | 🔴회피(위험신호: BISECTOR_BREAK) | 신뢰도:0%
    12:18→12:21: 종가:64,100 | 거래량:2,819 | 🔴회피(위험신호: BISECTOR_BREAK) | 신뢰도:0%
    12:21→12:24: 종가:64,100 | 거래량:1,272 | 🔴회피(위험신호: BISECTOR_BREAK) | 신뢰도:0%
    12:24→12:27: 종가:64,100 | 거래량:3,435 | 🔴회피(위험신호: BISECTOR_BREAK) | 신뢰도:0%
    12:27→12:30: 종가:63,800 | 거래량:5,046 | 🔴회피(위험신호: BISECTOR_BREAK) | 신뢰도:0%
    12:30→12:33: 종가:63,900 | 거래량:2,331 | 🔴회피(위험신호: BISECTOR_BREAK) | 신뢰도:0%
    12:33→12:36: 종가:63,900 | 거래량:5,878 | 🔴회피(위험신호: BISECTOR_BREAK) | 신뢰도:0%
    12:36→12:39: 종가:63,900 | 거래량:2,100 | 🔴회피(위험신호: BISECTOR_BREAK) | 신뢰도:0%
    12:39→12:42: 종가:63,700 | 거래량:8,170 | 🔴회피(위험신호: BISECTOR_BREAK) | 신뢰도:0%
    12:42→12:45: 종가:63,700 | 거래량:1,328 | 🔴회피(위험신호: BISECTOR_BREAK) | 신뢰도:0%
    12:45→12:48: 종가:63,700 | 거래량:2,767 | 🔴회피(위험신호: BISECTOR_BREAK) | 신뢰도:0%
    12:48→12:51: 종가:63,700 | 거래량:3,674 | 🔴회피(위험신호: BISECTOR_BREAK) | 신뢰도:0%
    12:51→12:54: 종가:63,600 | 거래량:3,651 | 🔴회피(위험신호: BISECTOR_BREAK) | 신뢰도:0%
    12:54→12:57: 종가:63,900 | 거래량:3,094 | 🔴회피(위험신호: BISECTOR_BREAK) | 신뢰도:0%
    12:57→13:00: 종가:63,900 | 거래량:1,704 | 🔴회피(위험신호: BISECTOR_BREAK) | 신뢰도:0%
    13:00→13:03: 종가:64,000 | 거래량:1,068 | 🔴회피(위험신호: BISECTOR_BREAK) | 신뢰도:0%
    13:03→13:06: 종가:64,400 | 거래량:7,007 | 🔴회피(위험신호: BISECTOR_BREAK) | 신뢰도:0%
    13:06→13:09: 종가:64,400 | 거래량:5,754 | 🔴회피(위험신호: BISECTOR_BREAK) | 신뢰도:0%
    13:09→13:12: 종가:64,400 | 거래량:4,252 | 🔴회피(위험신호: BISECTOR_BREAK) | 신뢰도:0%
    13:12→13:15: 종가:64,300 | 거래량:4,014 | 🔴회피(위험신호: BISECTOR_BREAK) | 신뢰도:0%
    13:15→13:18: 종가:64,900 | 거래량:15,277 | 🔴회피(위험신호: BISECTOR_BREAK) | 신뢰도:0%
    13:18→13:21: 종가:64,600 | 거래량:5,742 | 🔴회피(위험신호: BISECTOR_BREAK) | 신뢰도:0%
    13:21→13:24: 종가:64,900 | 거래량:5,358 | 🔴회피(위험신호: BISECTOR_BREAK) | 신뢰도:0%
    13:24→13:27: 종가:64,700 | 거래량:6,627 | 🔴회피(위험신호: BISECTOR_BREAK) | 신뢰도:0%
    13:27→13:30: 종가:64,500 | 거래량:1,801 | 🔴회피(위험신호: BISECTOR_BREAK) | 신뢰도:0%
    13:30→13:33: 종가:64,600 | 거래량:4,885 | 🔴회피(위험신호: BISECTOR_BREAK) | 신뢰도:0%
    13:33→13:36: 종가:64,700 | 거래량:2,701 | 🔴회피(위험신호: BISECTOR_BREAK) | 신뢰도:0%
    13:36→13:39: 종가:64,600 | 거래량:1,425 | 🔴회피(위험신호: BISECTOR_BREAK) | 신뢰도:0%
    13:39→13:42: 종가:64,700 | 거래량:1,945 | 🔴회피(위험신호: BISECTOR_BREAK) | 신뢰도:0%
    13:42→13:45: 종가:64,800 | 거래량:4,730 | 🔴회피(위험신호: BISECTOR_BREAK) | 신뢰도:0%
    13:45→13:48: 종가:64,800 | 거래량:1,652 | 🔴회피(위험신호: BISECTOR_BREAK) | 신뢰도:0%
    13:48→13:51: 종가:64,700 | 거래량:3,974 | 🔴회피(위험신호: BISECTOR_BREAK) | 신뢰도:0%
    13:51→13:54: 종가:64,700 | 거래량:1,905 | 🔴회피(위험신호: BISECTOR_BREAK) | 신뢰도:0%
    13:54→13:57: 종가:64,600 | 거래량:2,578 | 🔴회피(위험신호: BISECTOR_BREAK) | 신뢰도:0%
    13:57→14:00: 종가:64,800 | 거래량:5,638 | 🔴회피(위험신호: BISECTOR_BREAK) | 신뢰도:0%
    14:00→14:03: 종가:65,100 | 거래량:13,618 | 🔴회피(위험신호: BISECTOR_BREAK) | 신뢰도:0%
    14:03→14:06: 종가:65,300 | 거래량:7,699 | 🔴회피(위험신호: BISECTOR_BREAK) | 신뢰도:0%
    14:06→14:09: 종가:65,050 | 거래량:9,847 | 🔴회피(위험신호: BISECTOR_BREAK) | 신뢰도:0%
    14:09→14:12: 종가:65,100 | 거래량:5,180 | 🔴회피(위험신호: BISECTOR_BREAK) | 신뢰도:0%
    14:12→14:15: 종가:64,900 | 거래량:3,690 | 🔴회피(위험신호: BISECTOR_BREAK) | 신뢰도:0%
    14:15→14:18: 종가:64,700 | 거래량:8,467 | 🔴회피(위험신호: BISECTOR_BREAK) | 신뢰도:0%
    14:18→14:21: 종가:64,700 | 거래량:5,358 | 🔴회피(위험신호: BISECTOR_BREAK) | 신뢰도:0%
    14:21→14:24: 종가:64,600 | 거래량:2,310 | 🔴회피(위험신호: BISECTOR_BREAK) | 신뢰도:0%
    14:24→14:27: 종가:64,500 | 거래량:4,207 | 🔴회피(위험신호: BISECTOR_BREAK) | 신뢰도:0%
    14:27→14:30: 종가:64,400 | 거래량:7,243 | 🔴회피(위험신호: BISECTOR_BREAK) | 신뢰도:0%
    14:30→14:33: 종가:64,500 | 거래량:5,540 | 🔴회피(위험신호: BISECTOR_BREAK) | 신뢰도:0%
    14:33→14:36: 종가:64,400 | 거래량:6,405 | 🔴회피(위험신호: BISECTOR_BREAK) | 신뢰도:0%
    14:36→14:39: 종가:64,500 | 거래량:1,424 | 🔴회피(위험신호: BISECTOR_BREAK) | 신뢰도:0%
    14:39→14:42: 종가:64,700 | 거래량:4,098 | 🔴회피(위험신호: BISECTOR_BREAK) | 신뢰도:0%
    14:42→14:45: 종가:64,500 | 거래량:3,258 | 🔴회피(위험신호: BISECTOR_BREAK) | 신뢰도:0%
    14:45→14:48: 종가:64,600 | 거래량:3,556 | 🔴회피(위험신호: BISECTOR_BREAK) | 신뢰도:0%
    14:48→14:51: 종가:64,500 | 거래량:2,774 | 🔴회피(위험신호: BISECTOR_BREAK) | 신뢰도:0%
    14:51→14:54: 종가:64,900 | 거래량:4,678 | 🔴회피(위험신호: BISECTOR_BREAK) | 신뢰도:0%
    14:54→14:57: 종가:64,800 | 거래량:3,686 | 🔴회피(위험신호: BISECTOR_BREAK) | 신뢰도:0%
    14:57→15:00: 종가:64,900 | 거래량:7,256 | 🔴회피(위험신호: BISECTOR_BREAK) | 신뢰도:0%
    15:00→15:03: 종가:64,800 | 거래량:3,242 | 🔴회피(위험신호: BISECTOR_BREAK) | 신뢰도:0%
    15:03→15:06: 종가:64,850 | 거래량:5,405 | 🔴회피(위험신호: BISECTOR_BREAK) | 신뢰도:0%
    15:06→15:09: 종가:64,700 | 거래량:9,472 | 🔴회피(위험신호: BISECTOR_BREAK) | 신뢰도:0%
    15:09→15:12: 종가:64,500 | 거래량:5,400 | 🔴회피(위험신호: BISECTOR_BREAK) | 신뢰도:0%
    15:12→15:15: 종가:64,200 | 거래량:16,656 | 🔴회피(위험신호: BISECTOR_BREAK) | 신뢰도:0%
    15:15→15:18: 종가:64,500 | 거래량:12,688 | 🔴회피(위험신호: BISECTOR_BREAK) | 신뢰도:0%
    15:18→15:21: 종가:64,600 | 거래량:5,384 | 🔴회피(위험신호: BISECTOR_BREAK) | 신뢰도:0%

=== 348210 - 20251202 눌림목(3분) 신호 재현 ===
  selection_date: 2025-12-02 09:39:40
  승패: 1승 0패
  selection_date 이후 승패: 1승 0패
  매매신호:
    10:18 [pullback_pattern]
  체결 시뮬레이션:
    10:18 매수[pullback_pattern] @68,260 → 15:00 매도[profit_2.3pct] @69,800 (+2.26%)
  매수 못한 기회:
    없음

  🔍 상세 3분봉 분석 (09:00~15:30):
    09:00→09:03: 데이터부족
    09:03→09:06: 데이터부족
    09:06→09:09: 데이터부족
    09:09→09:12: 데이터부족
    09:12→09:15: 종가:66,900 | 거래량:5,505 | 🔴회피(시가대비0.8%상승(2%미만차단)) | 신뢰도:0%
    09:15→09:18: 종가:67,400 | 거래량:3,769 | 🔴회피(시가대비1.5%상승(2%미만차단)) | 신뢰도:0%
    09:18→09:21: 종가:67,500 | 거래량:5,890 | 🔴회피(시가대비1.7%상승(2%미만차단)) | 신뢰도:0%
    09:21→09:24: 종가:67,600 | 거래량:2,726 | 🔴회피(시가대비1.8%상승(2%미만차단)) | 신뢰도:0%
    09:24→09:27: 종가:68,600 | 거래량:9,872 | 🔴회피(4단계패턴없음) | 신뢰도:0%
    09:27→09:30: 종가:68,400 | 거래량:5,206 | 🔴회피(4단계패턴없음) | 신뢰도:0%
    09:30→09:33: 종가:68,800 | 거래량:4,391 | 🔴회피(4단계패턴없음) | 신뢰도:0%
    09:33→09:36: 종가:68,800 | 거래량:5,354 | 🔴회피(4단계패턴없음) | 신뢰도:0%
    09:36→09:39: 종가:69,200 | 거래량:3,875 | 🔴회피(4단계패턴없음) | 신뢰도:0%
    09:39→09:42: 종가:68,900 | 거래량:2,991 | 🔴회피(4단계패턴없음) | 신뢰도:0%
    09:42→09:45: 종가:68,100 | 거래량:1,808 | 🔴회피(4단계패턴없음) | 신뢰도:0%
    09:45→09:48: 종가:67,600 | 거래량:1,918 | 🔴회피(시가대비1.8%상승(2%미만차단)) | 신뢰도:0%
    09:48→09:51: 종가:67,900 | 거래량:793 | 🔴회피(4단계패턴없음) | 신뢰도:0%
    09:51→09:54: 종가:67,900 | 거래량:916 | 🔴회피(4단계패턴없음) | 신뢰도:0%
    09:54→09:57: 종가:68,050 | 거래량:489 | 🔴회피(4단계패턴없음) | 신뢰도:0%
    09:57→10:00: 종가:68,300 | 거래량:715 | 🟢강매수 | 신뢰도:90%
    10:00→10:03: 종가:68,100 | 거래량:1,125 | 🔴회피(4단계패턴없음) | 신뢰도:0%
    10:03→10:06: 종가:68,400 | 거래량:413 | 🔴회피(4단계패턴없음) | 신뢰도:0%
    10:06→10:09: 종가:68,000 | 거래량:815 | 🔴회피(4단계패턴없음) | 신뢰도:0%
    10:09→10:12: 종가:68,100 | 거래량:1,141 | 🔴회피(4단계패턴없음) | 신뢰도:0%
    10:12→10:15: 종가:68,100 | 거래량:387 | 🔴회피(4단계패턴없음) | 신뢰도:0%
    10:15→10:18: 종가:68,300 | 거래량:860 | 🟢강매수 | 신뢰도:89% | 💰매수@68,260 | →15:00매도@69,800
    10:18→10:21: 종가:68,300 | 거래량:1,479 | 🔴회피(4단계패턴없음) | 신뢰도:0%
    10:21→10:24: 종가:68,300 | 거래량:927 | 🔴회피(4단계패턴없음) | 신뢰도:0%
    10:24→10:27: 종가:68,300 | 거래량:975 | 🔴회피(4단계패턴없음) | 신뢰도:0%
    10:27→10:30: 종가:68,300 | 거래량:450 | 🔴회피(4단계패턴없음) | 신뢰도:0%
    10:30→10:33: 종가:68,400 | 거래량:1,246 | 🔴회피(4단계패턴없음) | 신뢰도:0%
    10:33→10:36: 종가:68,600 | 거래량:1,531 | 🔴회피(4단계패턴없음) | 신뢰도:0%
    10:36→10:39: 종가:68,900 | 거래량:2,609 | 🔴회피(4단계패턴없음) | 신뢰도:0%
    10:39→10:42: 종가:68,800 | 거래량:1,194 | 🔴회피(4단계패턴없음) | 신뢰도:0%
    10:42→10:45: 종가:68,900 | 거래량:765 | 🔴회피(4단계패턴없음) | 신뢰도:0%
    10:45→10:48: 종가:69,000 | 거래량:760 | 🔴회피(4단계패턴없음) | 신뢰도:0%
    10:48→10:51: 종가:69,100 | 거래량:588 | 🔴회피(4단계패턴없음) | 신뢰도:0%
    10:51→10:54: 종가:69,100 | 거래량:641 | 🔴회피(4단계패턴없음) | 신뢰도:0%
    10:54→10:57: 종가:69,150 | 거래량:924 | 🔴회피(4단계패턴없음) | 신뢰도:0%
    10:57→11:00: 종가:68,900 | 거래량:2,033 | 🔴회피(4단계패턴없음) | 신뢰도:0%
    11:00→11:03: 종가:68,800 | 거래량:858 | 🔴회피(4단계패턴없음) | 신뢰도:0%
    11:03→11:06: 종가:68,800 | 거래량:771 | 🔴회피(4단계패턴없음) | 신뢰도:0%
    11:06→11:09: 종가:69,000 | 거래량:399 | 🔴회피(4단계패턴없음) | 신뢰도:0%
    11:09→11:12: 종가:69,000 | 거래량:447 | 🔴회피(4단계패턴없음) | 신뢰도:0%
    11:12→11:15: 종가:69,000 | 거래량:470 | 🔴회피(4단계패턴없음) | 신뢰도:0%
    11:15→11:18: 종가:69,000 | 거래량:1,721 | 🔴회피(4단계패턴없음) | 신뢰도:0%
    11:18→11:21: 종가:68,900 | 거래량:1,076 | 🔴회피(4단계패턴없음) | 신뢰도:0%
    11:21→11:24: 종가:68,900 | 거래량:682 | 🔴회피(4단계패턴없음) | 신뢰도:0%
    11:24→11:27: 종가:68,900 | 거래량:454 | 🔴회피(4단계패턴없음) | 신뢰도:0%
    11:27→11:30: 종가:68,800 | 거래량:780 | 🔴회피(4단계패턴없음) | 신뢰도:0%
    11:30→11:33: 종가:69,000 | 거래량:973 | 🔴회피(4단계패턴없음) | 신뢰도:0%
    11:33→11:36: 종가:69,000 | 거래량:819 | 🔴회피(4단계패턴없음) | 신뢰도:0%
    11:36→11:39: 종가:68,900 | 거래량:326 | 🔴회피(4단계패턴없음) | 신뢰도:0%
    11:39→11:42: 종가:69,100 | 거래량:1,493 | 🔴회피(4단계패턴없음) | 신뢰도:0%
    11:42→11:45: 종가:69,000 | 거래량:435 | 🔴회피(4단계패턴없음) | 신뢰도:0%
    11:45→11:48: 종가:69,000 | 거래량:551 | 🔴회피(4단계패턴없음) | 신뢰도:0%
    11:48→11:51: 종가:69,200 | 거래량:717 | 🔴회피(4단계패턴없음) | 신뢰도:0%
    11:51→11:54: 종가:69,100 | 거래량:1,466 | 🔴회피(4단계패턴없음) | 신뢰도:0%
    11:54→11:57: 종가:69,200 | 거래량:429 | 🔴회피(4단계패턴없음) | 신뢰도:0%
    11:57→12:00: 종가:69,150 | 거래량:366 | 🔴회피(4단계패턴없음) | 신뢰도:0%
    12:00→12:03: 종가:69,100 | 거래량:1,508 | 🔴회피(4단계패턴없음) | 신뢰도:0%
    12:03→12:06: 종가:69,100 | 거래량:384 | 🔴회피(4단계패턴없음) | 신뢰도:0%
    12:06→12:09: 종가:69,100 | 거래량:1,099 | 🔴회피(4단계패턴없음) | 신뢰도:0%
    12:09→12:12: 종가:69,100 | 거래량:507 | 🔴회피(4단계패턴없음) | 신뢰도:0%
    12:12→12:15: 종가:69,100 | 거래량:1,084 | 🔴회피(4단계패턴없음) | 신뢰도:0%
    12:15→12:18: 종가:69,000 | 거래량:388 | 🔴회피(4단계패턴없음) | 신뢰도:0%
    12:18→12:21: 종가:69,200 | 거래량:592 | 🔴회피(4단계패턴없음) | 신뢰도:0%
    12:21→12:24: 종가:69,200 | 거래량:1,072 | 🔴회피(4단계패턴없음) | 신뢰도:0%
    12:24→12:27: 종가:69,300 | 거래량:1,380 | 🔴회피(4단계패턴없음) | 신뢰도:0%
    12:27→12:30: 종가:69,200 | 거래량:1,024 | 🔴회피(4단계패턴없음) | 신뢰도:0%
    12:30→12:33: 종가:69,200 | 거래량:1,633 | 🔴회피(4단계패턴없음) | 신뢰도:0%
    12:33→12:36: 종가:69,400 | 거래량:2,241 | 🔴회피(4단계패턴없음) | 신뢰도:0%
    12:36→12:39: 종가:69,300 | 거래량:771 | 🔴회피(4단계패턴없음) | 신뢰도:0%
    12:39→12:42: 종가:69,200 | 거래량:797 | 🔴회피(4단계패턴없음) | 신뢰도:0%
    12:42→12:45: 종가:69,300 | 거래량:817 | 🔴회피(4단계패턴없음) | 신뢰도:0%
    12:45→12:48: 종가:69,400 | 거래량:1,758 | 🔴회피(4단계패턴없음) | 신뢰도:0%
    12:48→12:51: 종가:69,500 | 거래량:1,190 | 🔴회피(4단계패턴없음) | 신뢰도:0%
    12:51→12:54: 종가:69,500 | 거래량:931 | 🔴회피(4단계패턴없음) | 신뢰도:0%
    12:54→12:57: 종가:69,400 | 거래량:1,549 | 🔴회피(4단계패턴없음) | 신뢰도:0%
    12:57→13:00: 종가:69,400 | 거래량:566 | 🔴회피(4단계패턴없음) | 신뢰도:0%
    13:00→13:03: 종가:69,500 | 거래량:566 | 🔴회피(4단계패턴없음) | 신뢰도:0%
    13:03→13:06: 종가:69,500 | 거래량:605 | 🔴회피(4단계패턴없음) | 신뢰도:0%
    13:06→13:09: 종가:69,800 | 거래량:2,118 | 🔴회피(4단계패턴없음) | 신뢰도:0%
    13:09→13:12: 종가:69,700 | 거래량:4,558 | 🔴회피(4단계패턴없음) | 신뢰도:0%
    13:12→13:15: 종가:69,700 | 거래량:1,939 | 🔴회피(4단계패턴없음) | 신뢰도:0%
    13:15→13:18: 종가:69,800 | 거래량:1,408 | 🔴회피(4단계패턴없음) | 신뢰도:0%
    13:18→13:21: 종가:69,900 | 거래량:1,394 | 🔴회피(4단계패턴없음) | 신뢰도:0%
    13:21→13:24: 종가:69,700 | 거래량:768 | 🔴회피(4단계패턴없음) | 신뢰도:0%
    13:24→13:27: 종가:69,800 | 거래량:800 | 🔴회피(4단계패턴없음) | 신뢰도:0%
    13:27→13:30: 종가:69,900 | 거래량:4,141 | 🔴회피(4단계패턴없음) | 신뢰도:0%
    13:30→13:33: 종가:70,000 | 거래량:2,052 | 🔴회피(4단계패턴없음) | 신뢰도:0%
    13:33→13:36: 종가:69,900 | 거래량:1,060 | 🔴회피(4단계패턴없음) | 신뢰도:0%
    13:36→13:39: 종가:69,700 | 거래량:1,218 | 🔴회피(4단계패턴없음) | 신뢰도:0%
    13:39→13:42: 종가:69,900 | 거래량:2,649 | 🔴회피(4단계패턴없음) | 신뢰도:0%
    13:42→13:45: 종가:69,900 | 거래량:5,301 | 🔴회피(4단계패턴없음) | 신뢰도:0%
    13:45→13:48: 종가:69,900 | 거래량:770 | 🔴회피(4단계패턴없음) | 신뢰도:0%
    13:48→13:51: 종가:70,000 | 거래량:1,802 | 🔴회피(4단계패턴없음) | 신뢰도:0%
    13:51→13:54: 종가:70,000 | 거래량:479 | 🔴회피(4단계패턴없음) | 신뢰도:0%
    13:54→13:57: 종가:70,000 | 거래량:1,891 | 🔴회피(4단계패턴없음) | 신뢰도:0%
    13:57→14:00: 종가:69,800 | 거래량:1,818 | 🔴회피(4단계패턴없음) | 신뢰도:0%
    14:00→14:03: 종가:69,900 | 거래량:1,517 | 🔴회피(4단계패턴없음) | 신뢰도:0%
    14:03→14:06: 종가:70,000 | 거래량:1,106 | 🔴회피(4단계패턴없음) | 신뢰도:0%
    14:06→14:09: 종가:70,000 | 거래량:1,479 | 🔴회피(4단계패턴없음) | 신뢰도:0%
    14:09→14:12: 종가:70,200 | 거래량:7,798 | 🔴회피(4단계패턴없음) | 신뢰도:0%
    14:12→14:15: 종가:69,900 | 거래량:2,634 | 🔴회피(4단계패턴없음) | 신뢰도:0%
    14:15→14:18: 종가:69,900 | 거래량:568 | 🔴회피(4단계패턴없음) | 신뢰도:0%
    14:18→14:21: 종가:69,900 | 거래량:850 | 🔴회피(4단계패턴없음) | 신뢰도:0%
    14:21→14:24: 종가:69,900 | 거래량:920 | 🔴회피(4단계패턴없음) | 신뢰도:0%
    14:24→14:27: 종가:69,800 | 거래량:689 | 🔴회피(4단계패턴없음) | 신뢰도:0%
    14:27→14:30: 종가:69,800 | 거래량:1,166 | 🔴회피(4단계패턴없음) | 신뢰도:0%
    14:30→14:33: 종가:69,700 | 거래량:899 | 🔴회피(4단계패턴없음) | 신뢰도:0%
    14:33→14:36: 종가:69,900 | 거래량:1,429 | 🔴회피(4단계패턴없음) | 신뢰도:0%
    14:36→14:39: 종가:70,000 | 거래량:742 | 🔴회피(4단계패턴없음) | 신뢰도:0%
    14:39→14:42: 종가:69,900 | 거래량:1,300 | 🔴회피(4단계패턴없음) | 신뢰도:0%
    14:42→14:45: 종가:69,900 | 거래량:489 | 🔴회피(4단계패턴없음) | 신뢰도:0%
    14:45→14:48: 종가:69,900 | 거래량:842 | 🔴회피(4단계패턴없음) | 신뢰도:0%
    14:48→14:51: 종가:69,700 | 거래량:777 | 🔴회피(4단계패턴없음) | 신뢰도:0%
    14:51→14:54: 종가:69,800 | 거래량:609 | 🔴회피(4단계패턴없음) | 신뢰도:0%
    14:54→14:57: 종가:69,700 | 거래량:872 | 🔴회피(4단계패턴없음) | 신뢰도:0%
    14:57→15:00: 종가:69,750 | 거래량:354 | 🔴회피(4단계패턴없음) | 신뢰도:0%
    15:00→15:03: 종가:69,800 | 거래량:1,355 | 🔴회피(4단계패턴없음) | 신뢰도:0%
    15:03→15:06: 종가:69,900 | 거래량:1,201 | 🔴회피(4단계패턴없음) | 신뢰도:0%
    15:06→15:09: 종가:69,900 | 거래량:1,050 | 🔴회피(4단계패턴없음) | 신뢰도:0%
    15:09→15:12: 종가:69,900 | 거래량:1,106 | 🔴회피(4단계패턴없음) | 신뢰도:0%
    15:12→15:15: 종가:69,900 | 거래량:975 | 🔴회피(4단계패턴없음) | 신뢰도:0%
    15:15→15:18: 종가:69,900 | 거래량:1,150 | 🔴회피(4단계패턴없음) | 신뢰도:0%
    15:18→15:21: 종가:70,000 | 거래량:3,934 | 🔴회피(4단계패턴없음) | 신뢰도:0%

=== 036630 - 20251202 눌림목(3분) 신호 재현 ===
  selection_date: 2025-12-02 09:08:00
  승패: 0승 1패
  selection_date 이후 승패: 0승 1패
  매매신호:
    10:24 [pullback_pattern]
  체결 시뮬레이션:
    10:24 매수[pullback_pattern] @11,702 → 15:00 매도[stop_loss_0.3pct] @11,670 (-0.27%)
  매수 못한 기회:
    없음

  🔍 상세 3분봉 분석 (09:00~15:30):
    09:00→09:03: 데이터부족
    09:03→09:06: 데이터부족
    09:06→09:09: 데이터부족
    09:09→09:12: 데이터부족
    09:12→09:15: 종가:10,860 | 거래량:1,170 | 🔴회피(4단계패턴없음) | 신뢰도:0%
    09:15→09:18: 종가:11,040 | 거래량:4,284 | 🔴회피(4단계패턴없음) | 신뢰도:0%
    09:18→09:21: 종가:11,090 | 거래량:2,770 | 🔴회피(4단계패턴없음) | 신뢰도:0%
    09:21→09:24: 종가:11,260 | 거래량:21,434 | 🔴회피(4단계패턴없음) | 신뢰도:0%
    09:24→09:27: 종가:11,240 | 거래량:7,388 | 🔴회피(4단계패턴없음) | 신뢰도:0%
    09:27→09:30: 종가:11,590 | 거래량:22,357 | 🔴회피(4단계패턴없음) | 신뢰도:0%
    09:30→09:33: 종가:11,480 | 거래량:36,902 | 🔴회피(4단계패턴없음) | 신뢰도:0%
    09:33→09:36: 종가:11,720 | 거래량:39,733 | 🔴회피(4단계패턴없음) | 신뢰도:0%
    09:36→09:39: 종가:11,450 | 거래량:21,992 | 🔴회피(4단계패턴없음) | 신뢰도:0%
    09:39→09:42: 종가:11,420 | 거래량:9,297 | 🔴회피(4단계패턴없음) | 신뢰도:0%
    09:42→09:45: 종가:11,280 | 거래량:5,941 | 🔴회피(4단계패턴없음) | 신뢰도:0%
    09:45→09:48: 종가:11,530 | 거래량:7,089 | 🔴회피(신뢰도95%이상차단) | 신뢰도:0%
    09:48→09:51: 종가:11,550 | 거래량:5,494 | 🔴회피(4단계패턴없음) | 신뢰도:0%
    09:51→09:54: 종가:11,400 | 거래량:3,818 | 🔴회피(4단계패턴없음) | 신뢰도:0%
    09:54→09:57: 종가:11,500 | 거래량:1,875 | 🔴회피(4단계패턴없음) | 신뢰도:0%
    09:57→10:00: 종가:11,520 | 거래량:2,657 | 🟢강매수 | 신뢰도:89%
    10:00→10:03: 종가:11,540 | 거래량:4,426 | 🔴회피(4단계패턴없음) | 신뢰도:0%
    10:03→10:06: 종가:11,580 | 거래량:3,665 | 🔴회피(4단계패턴없음) | 신뢰도:0%
    10:06→10:09: 종가:11,570 | 거래량:15,343 | 🔴회피(4단계패턴없음) | 신뢰도:0%
    10:09→10:12: 종가:11,600 | 거래량:5,383 | 🔴회피(4단계패턴없음) | 신뢰도:0%
    10:12→10:15: 종가:11,540 | 거래량:775 | 🔴회피(4단계패턴없음) | 신뢰도:0%
    10:15→10:18: 종가:11,540 | 거래량:3,198 | 🔴회피(4단계패턴없음) | 신뢰도:0%
    10:18→10:21: 종가:11,590 | 거래량:3,103 | 🔴회피(4단계패턴없음) | 신뢰도:0%
    10:21→10:24: 종가:11,730 | 거래량:9,356 | 🟢강매수 | 신뢰도:89% | 💰매수@11,702 | →15:00매도@11,670
    10:24→10:27: 종가:11,640 | 거래량:9,844 | 🔴회피(4단계패턴없음) | 신뢰도:0%
    10:27→10:30: 종가:11,510 | 거래량:6,458 | 🔴회피(4단계패턴없음) | 신뢰도:0%
    10:30→10:33: 종가:11,530 | 거래량:1,354 | 🔴회피(4단계패턴없음) | 신뢰도:0%
    10:33→10:36: 종가:11,510 | 거래량:1,891 | 🔴회피(4단계패턴없음) | 신뢰도:0%
    10:36→10:39: 종가:11,480 | 거래량:616 | 🔴회피(4단계패턴없음) | 신뢰도:0%
    10:39→10:42: 종가:11,460 | 거래량:1,635 | 🔴회피(4단계패턴없음) | 신뢰도:0%
    10:42→10:45: 종가:11,590 | 거래량:1,726 | 🟢강매수 | 신뢰도:93%
    10:45→10:48: 종가:11,630 | 거래량:7,044 | 🟢강매수 | 신뢰도:93%
    10:48→10:51: 종가:11,520 | 거래량:1,636 | 🔴회피(4단계패턴없음) | 신뢰도:0%
    10:51→10:54: 종가:11,520 | 거래량:2,175 | 🔴회피(4단계패턴없음) | 신뢰도:0%
    10:54→10:57: 종가:11,480 | 거래량:1,908 | 🔴회피(4단계패턴없음) | 신뢰도:0%
    10:57→11:00: 종가:11,500 | 거래량:1,556 | 🔴회피(4단계패턴없음) | 신뢰도:0%
    11:00→11:03: 종가:11,470 | 거래량:1,027 | 🔴회피(4단계패턴없음) | 신뢰도:0%
    11:03→11:06: 종가:11,520 | 거래량:416 | 🔴회피(4단계패턴없음) | 신뢰도:0%
    11:06→11:09: 종가:11,510 | 거래량:2,123 | 🔴회피(4단계패턴없음) | 신뢰도:0%
    11:09→11:12: 종가:11,460 | 거래량:383 | 🔴회피(4단계패턴없음) | 신뢰도:0%
    11:12→11:15: 종가:11,480 | 거래량:2,742 | 🔴회피(4단계패턴없음) | 신뢰도:0%
    11:15→11:18: 종가:11,470 | 거래량:759 | 🔴회피(4단계패턴없음) | 신뢰도:0%
    11:18→11:21: 종가:11,510 | 거래량:519 | 🔴회피(4단계패턴없음) | 신뢰도:0%
    11:21→11:24: 종가:11,490 | 거래량:619 | 🔴회피(4단계패턴없음) | 신뢰도:0%
    11:24→11:27: 종가:11,480 | 거래량:419 | 🔴회피(4단계패턴없음) | 신뢰도:0%
    11:27→11:30: 종가:11,500 | 거래량:519 | 🔴회피(4단계패턴없음) | 신뢰도:0%
    11:30→11:33: 종가:11,470 | 거래량:1,246 | 🔴회피(4단계패턴없음) | 신뢰도:0%
    11:33→11:36: 종가:11,540 | 거래량:491 | 🔴회피(4단계패턴없음) | 신뢰도:0%
    11:36→11:39: 종가:11,540 | 거래량:274 | 🔴회피(4단계패턴없음) | 신뢰도:0%
    11:39→11:42: 종가:11,490 | 거래량:648 | 🔴회피(4단계패턴없음) | 신뢰도:0%
    11:42→11:45: 종가:11,510 | 거래량:507 | 🔴회피(4단계패턴없음) | 신뢰도:0%
    11:45→11:48: 종가:11,540 | 거래량:1,511 | 🔴회피(4단계패턴없음) | 신뢰도:0%
    11:48→11:51: 종가:11,630 | 거래량:6,031 | 🔴회피(4단계패턴없음) | 신뢰도:0%
    11:51→11:54: 종가:11,690 | 거래량:33,717 | 🔴회피(4단계패턴없음) | 신뢰도:0%
    11:54→11:57: 종가:11,710 | 거래량:13,353 | 🔴회피(4단계패턴없음) | 신뢰도:0%
    11:57→12:00: 종가:11,620 | 거래량:6,097 | 🔴회피(4단계패턴없음) | 신뢰도:0%
    12:00→12:03: 종가:11,630 | 거래량:5,423 | 🔴회피(4단계패턴없음) | 신뢰도:0%
    12:03→12:06: 종가:11,650 | 거래량:1,329 | 🔴회피(4단계패턴없음) | 신뢰도:0%
    12:06→12:09: 종가:11,520 | 거래량:1,601 | 🔴회피(4단계패턴없음) | 신뢰도:0%
    12:09→12:12: 종가:11,590 | 거래량:1,130 | 🔴회피(4단계패턴없음) | 신뢰도:0%
    12:12→12:15: 종가:11,530 | 거래량:1,527 | 🔴회피(4단계패턴없음) | 신뢰도:0%
    12:15→12:18: 종가:11,570 | 거래량:491 | 🔴회피(4단계패턴없음) | 신뢰도:0%
    12:18→12:21: 종가:11,540 | 거래량:864 | 🔴회피(4단계패턴없음) | 신뢰도:0%
    12:21→12:24: 종가:11,640 | 거래량:1,892 | 🔴회피(4단계패턴없음) | 신뢰도:0%
    12:24→12:27: 종가:11,640 | 거래량:146 | 🔴회피(4단계패턴없음) | 신뢰도:0%
    12:27→12:30: 종가:11,550 | 거래량:2,748 | 🔴회피(4단계패턴없음) | 신뢰도:0%
    12:30→12:33: 종가:11,580 | 거래량:925 | 🔴회피(4단계패턴없음) | 신뢰도:0%
    12:33→12:36: 종가:11,540 | 거래량:544 | 🔴회피(4단계패턴없음) | 신뢰도:0%
    12:36→12:39: 종가:11,550 | 거래량:827 | 🔴회피(4단계패턴없음) | 신뢰도:0%
    12:39→12:42: 종가:11,540 | 거래량:1,505 | 🔴회피(4단계패턴없음) | 신뢰도:0%
    12:42→12:45: 종가:11,590 | 거래량:272 | 🔴회피(4단계패턴없음) | 신뢰도:0%
    12:45→12:48: 종가:11,590 | 거래량:433 | 🔴회피(4단계패턴없음) | 신뢰도:0%
    12:48→12:51: 종가:11,590 | 거래량:65 | 🔴회피(4단계패턴없음) | 신뢰도:0%
    12:51→12:54: 종가:11,640 | 거래량:1,620 | 🔴회피(4단계패턴없음) | 신뢰도:0%
    12:54→12:57: 종가:11,660 | 거래량:1,777 | 🔴회피(4단계패턴없음) | 신뢰도:0%
    12:57→13:00: 종가:11,730 | 거래량:4,175 | 🔴회피(4단계패턴없음) | 신뢰도:0%
    13:00→13:03: 종가:11,770 | 거래량:3,227 | 🔴회피(4단계패턴없음) | 신뢰도:0%
    13:03→13:06: 종가:11,780 | 거래량:1,360 | 🔴회피(4단계패턴없음) | 신뢰도:0%
    13:06→13:09: 종가:11,850 | 거래량:16,059 | 🔴회피(4단계패턴없음) | 신뢰도:0%
    13:09→13:12: 종가:11,640 | 거래량:5,802 | 🔴회피(4단계패턴없음) | 신뢰도:0%
    13:12→13:15: 종가:11,620 | 거래량:3,894 | 🔴회피(4단계패턴없음) | 신뢰도:0%
    13:15→13:18: 종가:11,640 | 거래량:1,519 | 🔴회피(4단계패턴없음) | 신뢰도:0%
    13:18→13:21: 종가:11,630 | 거래량:321 | 🔴회피(4단계패턴없음) | 신뢰도:0%
    13:21→13:24: 종가:11,670 | 거래량:333 | 🔴회피(4단계패턴없음) | 신뢰도:0%
    13:24→13:27: 종가:11,640 | 거래량:2,510 | 🔴회피(4단계패턴없음) | 신뢰도:0%
    13:27→13:30: 종가:11,650 | 거래량:466 | 🔴회피(4단계패턴없음) | 신뢰도:0%
    13:30→13:33: 종가:11,600 | 거래량:860 | 🔴회피(4단계패턴없음) | 신뢰도:0%
    13:33→13:36: 종가:11,630 | 거래량:1,377 | 🔴회피(4단계패턴없음) | 신뢰도:0%
    13:36→13:39: 종가:11,580 | 거래량:1,929 | 🔴회피(4단계패턴없음) | 신뢰도:0%
    13:39→13:42: 종가:11,540 | 거래량:1,929 | 🔴회피(4단계패턴없음) | 신뢰도:0%
    13:42→13:45: 종가:11,480 | 거래량:6,080 | 🔴회피(4단계패턴없음) | 신뢰도:0%
    13:45→13:48: 종가:11,460 | 거래량:2,903 | 🔴회피(4단계패턴없음) | 신뢰도:0%
    13:48→13:51: 종가:11,530 | 거래량:2,763 | 🔴회피(4단계패턴없음) | 신뢰도:0%
    13:51→13:54: 종가:11,590 | 거래량:1,133 | 🔴회피(4단계패턴없음) | 신뢰도:0%
    13:54→13:57: 종가:11,550 | 거래량:787 | 🔴회피(4단계패턴없음) | 신뢰도:0%
    13:57→14:00: 종가:11,510 | 거래량:658 | 🔴회피(4단계패턴없음) | 신뢰도:0%
    14:00→14:03: 종가:11,520 | 거래량:109 | 🔴회피(4단계패턴없음) | 신뢰도:0%
    14:03→14:06: 종가:11,500 | 거래량:860 | 🔴회피(4단계패턴없음) | 신뢰도:0%
    14:06→14:09: 종가:11,530 | 거래량:159 | 🔴회피(4단계패턴없음) | 신뢰도:0%
    14:09→14:12: 종가:11,570 | 거래량:1,614 | 🔴회피(4단계패턴없음) | 신뢰도:0%
    14:12→14:15: 종가:11,590 | 거래량:215 | 🔴회피(4단계패턴없음) | 신뢰도:0%
    14:15→14:18: 종가:11,610 | 거래량:565 | 🔴회피(4단계패턴없음) | 신뢰도:0%
    14:18→14:21: 종가:11,600 | 거래량:428 | 🔴회피(4단계패턴없음) | 신뢰도:0%
    14:21→14:24: 종가:11,590 | 거래량:1,913 | 🔴회피(4단계패턴없음) | 신뢰도:0%
    14:24→14:27: 종가:11,580 | 거래량:805 | 🔴회피(4단계패턴없음) | 신뢰도:0%
    14:27→14:30: 종가:11,580 | 거래량:574 | 🔴회피(4단계패턴없음) | 신뢰도:0%
    14:30→14:33: 종가:11,590 | 거래량:11 | 🔴회피(4단계패턴없음) | 신뢰도:0%
    14:33→14:36: 종가:11,570 | 거래량:194 | 🔴회피(4단계패턴없음) | 신뢰도:0%
    14:36→14:39: 종가:11,620 | 거래량:639 | 🔴회피(4단계패턴없음) | 신뢰도:0%
    14:39→14:42: 종가:11,680 | 거래량:1,949 | 🔴회피(4단계패턴없음) | 신뢰도:0%
    14:42→14:45: 종가:11,640 | 거래량:570 | 🔴회피(4단계패턴없음) | 신뢰도:0%
    14:45→14:48: 종가:11,680 | 거래량:616 | 🔴회피(4단계패턴없음) | 신뢰도:0%
    14:48→14:51: 종가:11,660 | 거래량:820 | 🔴회피(4단계패턴없음) | 신뢰도:0%
    14:51→14:54: 종가:11,710 | 거래량:2,928 | 🔴회피(4단계패턴없음) | 신뢰도:0%
    14:54→14:57: 종가:11,690 | 거래량:1,634 | 🔴회피(4단계패턴없음) | 신뢰도:0%
    14:57→15:00: 종가:11,670 | 거래량:2,294 | 🔴회피(4단계패턴없음) | 신뢰도:0%
    15:00→15:03: 종가:11,670 | 거래량:717 | 🔴회피(4단계패턴없음) | 신뢰도:0%
    15:03→15:06: 종가:11,680 | 거래량:2,313 | 🔴회피(4단계패턴없음) | 신뢰도:0%
    15:06→15:09: 종가:11,650 | 거래량:370 | 🔴회피(4단계패턴없음) | 신뢰도:0%
    15:09→15:12: 종가:11,630 | 거래량:2,610 | 🔴회피(4단계패턴없음) | 신뢰도:0%
    15:12→15:15: 종가:11,590 | 거래량:2,648 | 🔴회피(4단계패턴없음) | 신뢰도:0%
    15:15→15:18: 종가:11,620 | 거래량:1,805 | 🔴회피(4단계패턴없음) | 신뢰도:0%
    15:18→15:21: 종가:11,620 | 거래량:1,894 | 🔴회피(4단계패턴없음) | 신뢰도:0%

=== 060280 - 20251202 눌림목(3분) 신호 재현 ===
  selection_date: 2025-12-02 09:00:39
  승패: 0승 1패
  selection_date 이후 승패: 0승 1패
  매매신호:
    10:01 [pullback_pattern]
  체결 시뮬레이션:
    10:01 매수[pullback_pattern] @13,878 → 10:15 매도[stop_loss_2.5pct] @13,531 (-2.50%)
  매수 못한 기회:
    없음

  🔍 상세 3분봉 분석 (09:00~15:30):
    09:00→09:03: 데이터부족
    09:03→09:06: 데이터부족
    09:06→09:09: 데이터부족
    09:09→09:12: 데이터부족
    09:12→09:15: 종가:13,230 | 거래량:126,830 | 🔴회피(4단계패턴없음) | 신뢰도:0%
    09:15→09:18: 종가:13,230 | 거래량:173,655 | 🔴회피(4단계패턴없음) | 신뢰도:0%
    09:18→09:21: 종가:13,130 | 거래량:86,272 | 🔴회피(시가대비1.9%상승(2%미만차단)) | 신뢰도:0%
    09:21→09:24: 종가:13,190 | 거래량:64,687 | 🔴회피(4단계패턴없음) | 신뢰도:0%
    09:24→09:27: 종가:13,390 | 거래량:179,744 | 🔴회피(4단계패턴없음) | 신뢰도:0%
    09:27→09:30: 종가:13,860 | 거래량:851,817 | 🔴회피(4단계패턴없음) | 신뢰도:0%
    09:30→09:33: 종가:13,620 | 거래량:333,502 | 🔴회피(4단계패턴없음) | 신뢰도:0%
    09:33→09:36: 종가:13,770 | 거래량:227,895 | 🔴회피(4단계패턴없음) | 신뢰도:0%
    09:36→09:39: 종가:13,620 | 거래량:121,151 | 🔴회피(4단계패턴없음) | 신뢰도:0%
    09:39→09:42: 종가:13,580 | 거래량:135,762 | 🔴회피(4단계패턴없음) | 신뢰도:0%
    09:42→09:45: 종가:13,750 | 거래량:107,262 | 🔴회피(4단계패턴없음) | 신뢰도:0%
    09:45→09:48: 종가:13,640 | 거래량:113,922 | 🔴회피(4단계패턴없음) | 신뢰도:0%
    09:48→09:51: 종가:13,720 | 거래량:247,890 | 🔴회피(4단계패턴없음) | 신뢰도:0%
    09:51→09:54: 종가:13,810 | 거래량:168,489 | 🔴회피(4단계패턴없음) | 신뢰도:0%
    09:54→09:57: 종가:13,770 | 거래량:73,178 | 🔴회피(4단계패턴없음) | 신뢰도:0%
    09:57→10:00: 종가:13,900 | 거래량:280,212 | 🟢강매수 | 신뢰도:94% | 💰매수@13,878 | →10:15매도@13,531
    10:00→10:03: 종가:13,910 | 거래량:144,796 | 🔴회피(4단계패턴없음) | 신뢰도:0%
    10:03→10:06: 종가:13,910 | 거래량:283,575 | 🔴회피(4단계패턴없음) | 신뢰도:0%
    10:06→10:09: 종가:13,790 | 거래량:155,513 | 🔴회피(4단계패턴없음) | 신뢰도:0%
    10:09→10:12: 종가:13,750 | 거래량:145,820 | 🔴회피(4단계패턴없음) | 신뢰도:0%
    10:12→10:15: 종가:13,595 | 거래량:98,610 | 🔴회피(4단계패턴없음) | 신뢰도:0%
    10:15→10:18: 종가:13,540 | 거래량:143,955 | 🔴회피(4단계패턴없음) | 신뢰도:0%
    10:18→10:21: 종가:13,440 | 거래량:96,591 | 🔴회피(이등분선아래) | 신뢰도:0%
    10:21→10:24: 종가:13,480 | 거래량:80,949 | 🔴회피(4단계패턴없음) | 신뢰도:0%
    10:24→10:27: 종가:13,480 | 거래량:68,759 | 🔴회피(4단계패턴없음) | 신뢰도:0%
    10:27→10:30: 종가:13,560 | 거래량:43,098 | 🔴회피(4단계패턴없음) | 신뢰도:0%
    10:30→10:33: 종가:13,560 | 거래량:25,185 | 🔴회피(4단계패턴없음) | 신뢰도:0%
    10:33→10:36: 종가:13,450 | 거래량:41,469 | 🔴회피(4단계패턴없음) | 신뢰도:0%
    10:36→10:39: 종가:13,480 | 거래량:25,309 | 🔴회피(4단계패턴없음) | 신뢰도:0%
    10:39→10:42: 종가:13,390 | 거래량:28,649 | 🔴회피(위험신호: BISECTOR_BREAK) | 신뢰도:0%
    10:42→10:45: 종가:13,290 | 거래량:106,645 | 🔴회피(위험신호: BISECTOR_BREAK) | 신뢰도:0%
    10:45→10:48: 종가:13,340 | 거래량:31,833 | 🔴회피(위험신호: BISECTOR_BREAK) | 신뢰도:0%
    10:48→10:51: 종가:13,290 | 거래량:19,826 | 🔴회피(위험신호: BISECTOR_BREAK) | 신뢰도:0%
    10:51→10:54: 종가:13,290 | 거래량:47,430 | 🔴회피(위험신호: BISECTOR_BREAK) | 신뢰도:0%
    10:54→10:57: 종가:13,380 | 거래량:22,823 | 🔴회피(위험신호: BISECTOR_BREAK) | 신뢰도:0%
    10:57→11:00: 종가:13,370 | 거래량:12,224 | 🔴회피(위험신호: BISECTOR_BREAK) | 신뢰도:0%
    11:00→11:03: 종가:13,310 | 거래량:22,665 | 🔴회피(위험신호: BISECTOR_BREAK) | 신뢰도:0%
    11:03→11:06: 종가:13,390 | 거래량:15,159 | 🔴회피(위험신호: BISECTOR_BREAK) | 신뢰도:0%
    11:06→11:09: 종가:13,410 | 거래량:23,525 | 🔴회피(위험신호: BISECTOR_BREAK) | 신뢰도:0%
    11:09→11:12: 종가:13,410 | 거래량:25,444 | 🔴회피(위험신호: BISECTOR_BREAK) | 신뢰도:0%
    11:12→11:15: 종가:13,440 | 거래량:25,576 | 🔴회피(이등분선아래) | 신뢰도:0%
    11:15→11:18: 종가:13,440 | 거래량:14,310 | 🔴회피(이등분선아래) | 신뢰도:0%
    11:18→11:21: 종가:13,470 | 거래량:13,470 | 🔴회피(4단계패턴없음) | 신뢰도:0%
    11:21→11:24: 종가:13,400 | 거래량:18,585 | 🔴회피(위험신호: BISECTOR_BREAK) | 신뢰도:0%
    11:24→11:27: 종가:13,440 | 거래량:8,082 | 🔴회피(이등분선아래) | 신뢰도:0%
    11:27→11:30: 종가:13,360 | 거래량:15,092 | 🔴회피(위험신호: BISECTOR_BREAK) | 신뢰도:0%
    11:30→11:33: 종가:13,350 | 거래량:12,610 | 🔴회피(위험신호: BISECTOR_BREAK) | 신뢰도:0%
    11:33→11:36: 종가:13,310 | 거래량:17,408 | 🔴회피(위험신호: BISECTOR_BREAK) | 신뢰도:0%
    11:36→11:39: 종가:13,340 | 거래량:12,892 | 🔴회피(위험신호: BISECTOR_BREAK) | 신뢰도:0%
    11:39→11:42: 종가:13,360 | 거래량:3,462 | 🔴회피(위험신호: BISECTOR_BREAK) | 신뢰도:0%
    11:42→11:45: 종가:13,320 | 거래량:12,428 | 🔴회피(위험신호: BISECTOR_BREAK) | 신뢰도:0%
    11:45→11:48: 종가:13,330 | 거래량:4,872 | 🔴회피(위험신호: BISECTOR_BREAK) | 신뢰도:0%
    11:48→11:51: 종가:13,360 | 거래량:3,558 | 🔴회피(위험신호: BISECTOR_BREAK) | 신뢰도:0%
    11:51→11:54: 종가:13,380 | 거래량:4,626 | 🔴회피(위험신호: BISECTOR_BREAK) | 신뢰도:0%
    11:54→11:57: 종가:13,330 | 거래량:6,992 | 🔴회피(위험신호: BISECTOR_BREAK) | 신뢰도:0%
    11:57→12:00: 종가:13,320 | 거래량:14,612 | 🔴회피(위험신호: BISECTOR_BREAK) | 신뢰도:0%
    12:00→12:03: 종가:13,310 | 거래량:5,038 | 🔴회피(위험신호: BISECTOR_BREAK) | 신뢰도:0%
    12:03→12:06: 종가:13,280 | 거래량:14,623 | 🔴회피(위험신호: BISECTOR_BREAK) | 신뢰도:0%
    12:06→12:09: 종가:13,260 | 거래량:7,067 | 🔴회피(위험신호: BISECTOR_BREAK) | 신뢰도:0%
    12:09→12:12: 종가:13,260 | 거래량:24,133 | 🔴회피(위험신호: BISECTOR_BREAK) | 신뢰도:0%
    12:12→12:15: 종가:13,240 | 거래량:10,733 | 🔴회피(위험신호: BISECTOR_BREAK) | 신뢰도:0%
    12:15→12:18: 종가:13,290 | 거래량:8,256 | 🔴회피(위험신호: BISECTOR_BREAK) | 신뢰도:0%
    12:18→12:21: 종가:13,285 | 거래량:6,351 | 🔴회피(위험신호: BISECTOR_BREAK) | 신뢰도:0%
    12:21→12:24: 종가:13,300 | 거래량:7,674 | 🔴회피(위험신호: BISECTOR_BREAK) | 신뢰도:0%
    12:24→12:27: 종가:13,300 | 거래량:10,190 | 🔴회피(위험신호: BISECTOR_BREAK) | 신뢰도:0%
    12:27→12:30: 종가:13,280 | 거래량:4,759 | 🔴회피(위험신호: BISECTOR_BREAK) | 신뢰도:0%
    12:30→12:33: 종가:13,270 | 거래량:7,796 | 🔴회피(위험신호: BISECTOR_BREAK) | 신뢰도:0%
    12:33→12:36: 종가:13,320 | 거래량:16,261 | 🔴회피(위험신호: BISECTOR_BREAK) | 신뢰도:0%
    12:36→12:39: 종가:13,350 | 거래량:15,890 | 🔴회피(위험신호: BISECTOR_BREAK) | 신뢰도:0%
    12:39→12:42: 종가:13,280 | 거래량:9,251 | 🔴회피(위험신호: BISECTOR_BREAK) | 신뢰도:0%
    12:42→12:45: 종가:13,320 | 거래량:8,424 | 🔴회피(위험신호: BISECTOR_BREAK) | 신뢰도:0%
    12:45→12:48: 종가:13,310 | 거래량:4,582 | 🔴회피(위험신호: BISECTOR_BREAK) | 신뢰도:0%
    12:48→12:51: 종가:13,290 | 거래량:5,142 | 🔴회피(위험신호: BISECTOR_BREAK) | 신뢰도:0%
    12:51→12:54: 종가:13,270 | 거래량:9,496 | 🔴회피(위험신호: BISECTOR_BREAK) | 신뢰도:0%
    12:54→12:57: 종가:13,260 | 거래량:4,144 | 🔴회피(위험신호: BISECTOR_BREAK) | 신뢰도:0%
    12:57→13:00: 종가:13,280 | 거래량:5,322 | 🔴회피(위험신호: BISECTOR_BREAK) | 신뢰도:0%
    13:00→13:03: 종가:13,340 | 거래량:13,064 | 🔴회피(위험신호: BISECTOR_BREAK) | 신뢰도:0%
    13:03→13:06: 종가:13,300 | 거래량:5,974 | 🔴회피(위험신호: BISECTOR_BREAK) | 신뢰도:0%
    13:06→13:09: 종가:13,340 | 거래량:4,183 | 🔴회피(위험신호: BISECTOR_BREAK) | 신뢰도:0%
    13:09→13:12: 종가:13,350 | 거래량:7,202 | 🔴회피(위험신호: BISECTOR_BREAK) | 신뢰도:0%
    13:12→13:15: 종가:13,370 | 거래량:5,774 | 🔴회피(위험신호: BISECTOR_BREAK) | 신뢰도:0%
    13:15→13:18: 종가:13,380 | 거래량:10,539 | 🔴회피(위험신호: BISECTOR_BREAK) | 신뢰도:0%
    13:18→13:21: 종가:13,390 | 거래량:8,317 | 🔴회피(위험신호: BISECTOR_BREAK) | 신뢰도:0%
    13:21→13:24: 종가:13,370 | 거래량:4,105 | 🔴회피(위험신호: BISECTOR_BREAK) | 신뢰도:0%
    13:24→13:27: 종가:13,350 | 거래량:4,777 | 🔴회피(위험신호: BISECTOR_BREAK) | 신뢰도:0%
    13:27→13:30: 종가:13,340 | 거래량:3,236 | 🔴회피(위험신호: BISECTOR_BREAK) | 신뢰도:0%
    13:30→13:33: 종가:13,310 | 거래량:8,431 | 🔴회피(위험신호: BISECTOR_BREAK) | 신뢰도:0%
    13:33→13:36: 종가:13,340 | 거래량:5,998 | 🔴회피(위험신호: BISECTOR_BREAK) | 신뢰도:0%
    13:36→13:39: 종가:13,350 | 거래량:6,401 | 🔴회피(위험신호: BISECTOR_BREAK) | 신뢰도:0%
    13:39→13:42: 종가:13,360 | 거래량:4,836 | 🔴회피(위험신호: BISECTOR_BREAK) | 신뢰도:0%
    13:42→13:45: 종가:13,350 | 거래량:4,716 | 🔴회피(위험신호: BISECTOR_BREAK) | 신뢰도:0%
    13:45→13:48: 종가:13,380 | 거래량:4,048 | 🔴회피(위험신호: BISECTOR_BREAK) | 신뢰도:0%
    13:48→13:51: 종가:13,390 | 거래량:2,791 | 🔴회피(위험신호: BISECTOR_BREAK) | 신뢰도:0%
    13:51→13:54: 종가:13,370 | 거래량:4,639 | 🔴회피(위험신호: BISECTOR_BREAK) | 신뢰도:0%
    13:54→13:57: 종가:13,380 | 거래량:7,530 | 🔴회피(위험신호: BISECTOR_BREAK) | 신뢰도:0%
    13:57→14:00: 종가:13,360 | 거래량:3,390 | 🔴회피(위험신호: BISECTOR_BREAK) | 신뢰도:0%
    14:00→14:03: 종가:13,360 | 거래량:8,765 | 🔴회피(위험신호: BISECTOR_BREAK) | 신뢰도:0%
    14:03→14:06: 종가:13,360 | 거래량:6,655 | 🔴회피(위험신호: BISECTOR_BREAK) | 신뢰도:0%
    14:06→14:09: 종가:13,370 | 거래량:6,890 | 🔴회피(위험신호: BISECTOR_BREAK) | 신뢰도:0%
    14:09→14:12: 종가:13,360 | 거래량:12,133 | 🔴회피(위험신호: BISECTOR_BREAK) | 신뢰도:0%
    14:12→14:15: 종가:13,340 | 거래량:3,772 | 🔴회피(위험신호: BISECTOR_BREAK) | 신뢰도:0%
    14:15→14:18: 종가:13,350 | 거래량:6,030 | 🔴회피(위험신호: BISECTOR_BREAK) | 신뢰도:0%
    14:18→14:21: 종가:13,350 | 거래량:5,506 | 🔴회피(위험신호: BISECTOR_BREAK) | 신뢰도:0%
    14:21→14:24: 종가:13,340 | 거래량:5,755 | 🔴회피(위험신호: BISECTOR_BREAK) | 신뢰도:0%
    14:24→14:27: 종가:13,360 | 거래량:8,436 | 🔴회피(위험신호: BISECTOR_BREAK) | 신뢰도:0%
    14:27→14:30: 종가:13,360 | 거래량:2,171 | 🔴회피(위험신호: BISECTOR_BREAK) | 신뢰도:0%
    14:30→14:33: 종가:13,350 | 거래량:5,146 | 🔴회피(위험신호: BISECTOR_BREAK) | 신뢰도:0%
    14:33→14:36: 종가:13,380 | 거래량:10,640 | 🔴회피(위험신호: BISECTOR_BREAK) | 신뢰도:0%
    14:36→14:39: 종가:13,410 | 거래량:10,749 | 🔴회피(위험신호: BISECTOR_BREAK) | 신뢰도:0%
    14:39→14:42: 종가:13,420 | 거래량:10,984 | 🔴회피(위험신호: BISECTOR_BREAK) | 신뢰도:0%
    14:42→14:45: 종가:13,470 | 거래량:17,664 | 🔴회피(4단계패턴없음) | 신뢰도:0%
    14:45→14:48: 종가:13,470 | 거래량:20,958 | 🔴회피(4단계패턴없음) | 신뢰도:0%
    14:48→14:51: 종가:13,470 | 거래량:8,054 | 🔴회피(4단계패턴없음) | 신뢰도:0%
    14:51→14:54: 종가:13,550 | 거래량:43,006 | 🔴회피(4단계패턴없음) | 신뢰도:0%
    14:54→14:57: 종가:13,500 | 거래량:22,875 | 🔴회피(4단계패턴없음) | 신뢰도:0%
    14:57→15:00: 종가:13,520 | 거래량:15,222 | 🔴회피(4단계패턴없음) | 신뢰도:0%
    15:00→15:03: 종가:13,680 | 거래량:134,369 | 🔴회피(4단계패턴없음) | 신뢰도:0%
    15:03→15:06: 종가:13,640 | 거래량:45,841 | 🔴회피(4단계패턴없음) | 신뢰도:0%
    15:06→15:09: 종가:13,630 | 거래량:24,771 | 🔴회피(4단계패턴없음) | 신뢰도:0%
    15:09→15:12: 종가:13,620 | 거래량:25,201 | 🔴회피(4단계패턴없음) | 신뢰도:0%
    15:12→15:15: 종가:13,620 | 거래량:23,125 | 🔴회피(4단계패턴없음) | 신뢰도:0%
    15:15→15:18: 종가:13,600 | 거래량:78,270 | 🔴회피(4단계패턴없음) | 신뢰도:0%
    15:18→15:21: 종가:13,640 | 거래량:29,214 | 🔴회피(4단계패턴없음) | 신뢰도:0%

=== 448900 - 20251202 눌림목(3분) 신호 재현 ===
  selection_date: 2025-12-02 09:00:39
  승패: 0승 0패
  selection_date 이후 승패: 0승 0패
  매매신호:
    없음
  체결 시뮬레이션:
    없음
  매수 못한 기회:
    없음

  🔍 상세 3분봉 분석 (09:00~15:30):
    09:00→09:03: 데이터부족
    09:03→09:06: 데이터부족
    09:06→09:09: 데이터부족
    09:09→09:12: 데이터부족
    09:12→09:15: 종가:67,300 | 거래량:60,792 | 🔴회피(4단계패턴없음) | 신뢰도:0%
    09:15→09:18: 종가:66,700 | 거래량:22,680 | 🔴회피(4단계패턴없음) | 신뢰도:0%
    09:18→09:21: 종가:65,600 | 거래량:49,796 | 🔴회피(4단계패턴없음) | 신뢰도:0%
    09:21→09:24: 종가:65,200 | 거래량:23,180 | 🔴회피(4단계패턴없음) | 신뢰도:0%
    09:24→09:27: 종가:65,100 | 거래량:13,113 | 🔴회피(4단계패턴없음) | 신뢰도:0%
    09:27→09:30: 종가:63,900 | 거래량:29,076 | 🔴회피(위험신호: BISECTOR_BREAK) | 신뢰도:0%
    09:30→09:33: 종가:63,000 | 거래량:29,780 | 🔴회피(위험신호: BISECTOR_BREAK) | 신뢰도:0%
    09:33→09:36: 종가:62,700 | 거래량:15,007 | 🔴회피(위험신호: BISECTOR_BREAK) | 신뢰도:0%
    09:36→09:39: 종가:61,800 | 거래량:26,043 | 🔴회피(위험신호: BISECTOR_BREAK) | 신뢰도:0%
    09:39→09:42: 종가:61,200 | 거래량:16,518 | 🔴회피(위험신호: BISECTOR_BREAK) | 신뢰도:0%
    09:42→09:45: 종가:61,900 | 거래량:14,891 | 🔴회피(위험신호: BISECTOR_BREAK) | 신뢰도:0%
    09:45→09:48: 종가:61,800 | 거래량:10,897 | 🔴회피(위험신호: BISECTOR_BREAK) | 신뢰도:0%
    09:48→09:51: 종가:61,800 | 거래량:12,329 | 🔴회피(위험신호: BISECTOR_BREAK) | 신뢰도:0%
    09:51→09:54: 종가:61,600 | 거래량:4,876 | 🔴회피(위험신호: BISECTOR_BREAK) | 신뢰도:0%
    09:54→09:57: 종가:61,700 | 거래량:6,717 | 🔴회피(위험신호: BISECTOR_BREAK) | 신뢰도:0%
    09:57→10:00: 종가:62,500 | 거래량:3,675 | 🔴회피(위험신호: BISECTOR_BREAK) | 신뢰도:0%
    10:00→10:03: 종가:63,000 | 거래량:8,180 | 🔴회피(위험신호: BISECTOR_BREAK) | 신뢰도:0%
    10:03→10:06: 종가:62,800 | 거래량:8,028 | 🔴회피(위험신호: BISECTOR_BREAK) | 신뢰도:0%
    10:06→10:09: 종가:62,400 | 거래량:4,817 | 🔴회피(위험신호: BISECTOR_BREAK) | 신뢰도:0%
    10:09→10:12: 종가:62,500 | 거래량:3,169 | 🔴회피(위험신호: BISECTOR_BREAK) | 신뢰도:0%
    10:12→10:15: 종가:62,300 | 거래량:2,553 | 🔴회피(위험신호: BISECTOR_BREAK) | 신뢰도:0%
    10:15→10:18: 종가:62,700 | 거래량:3,367 | 🔴회피(위험신호: BISECTOR_BREAK) | 신뢰도:0%
    10:18→10:21: 종가:62,700 | 거래량:2,803 | 🔴회피(위험신호: BISECTOR_BREAK) | 신뢰도:0%
    10:21→10:24: 종가:63,900 | 거래량:6,727 | 🔴회피(위험신호: BISECTOR_BREAK) | 신뢰도:0%
    10:24→10:27: 종가:64,500 | 거래량:13,325 | 🔴회피(위험신호: BISECTOR_BREAK) | 신뢰도:0%
    10:27→10:30: 종가:63,700 | 거래량:8,388 | 🔴회피(위험신호: BISECTOR_BREAK) | 신뢰도:0%
    10:30→10:33: 종가:64,000 | 거래량:2,294 | 🔴회피(위험신호: BISECTOR_BREAK) | 신뢰도:0%
    10:33→10:36: 종가:64,500 | 거래량:5,165 | 🔴회피(위험신호: BISECTOR_BREAK) | 신뢰도:0%
    10:36→10:39: 종가:63,700 | 거래량:3,668 | 🔴회피(위험신호: BISECTOR_BREAK) | 신뢰도:0%
    10:39→10:42: 종가:63,000 | 거래량:7,478 | 🔴회피(위험신호: BISECTOR_BREAK) | 신뢰도:0%
    10:42→10:45: 종가:63,300 | 거래량:2,028 | 🔴회피(위험신호: BISECTOR_BREAK) | 신뢰도:0%
    10:45→10:48: 종가:62,550 | 거래량:5,115 | 🔴회피(위험신호: BISECTOR_BREAK) | 신뢰도:0%
    10:48→10:51: 종가:62,200 | 거래량:8,605 | 🔴회피(위험신호: BISECTOR_BREAK) | 신뢰도:0%
    10:51→10:54: 종가:62,400 | 거래량:2,296 | 🔴회피(위험신호: BISECTOR_BREAK) | 신뢰도:0%
    10:54→10:57: 종가:61,900 | 거래량:5,877 | 🔴회피(위험신호: BISECTOR_BREAK) | 신뢰도:0%
    10:57→11:00: 종가:61,300 | 거래량:5,547 | 🔴회피(위험신호: BISECTOR_BREAK) | 신뢰도:0%
    11:00→11:03: 종가:62,300 | 거래량:6,097 | 🔴회피(위험신호: BISECTOR_BREAK) | 신뢰도:0%
    11:03→11:06: 종가:62,800 | 거래량:4,494 | 🔴회피(위험신호: BISECTOR_BREAK) | 신뢰도:0%
    11:06→11:09: 종가:62,900 | 거래량:3,884 | 🔴회피(위험신호: BISECTOR_BREAK) | 신뢰도:0%
    11:09→11:12: 종가:63,000 | 거래량:2,408 | 🔴회피(위험신호: BISECTOR_BREAK) | 신뢰도:0%
    11:12→11:15: 종가:62,700 | 거래량:4,100 | 🔴회피(위험신호: BISECTOR_BREAK) | 신뢰도:0%
    11:15→11:18: 종가:62,500 | 거래량:1,771 | 🔴회피(위험신호: BISECTOR_BREAK) | 신뢰도:0%
    11:18→11:21: 종가:62,600 | 거래량:1,273 | 🔴회피(위험신호: BISECTOR_BREAK) | 신뢰도:0%
    11:21→11:24: 종가:62,900 | 거래량:1,382 | 🔴회피(위험신호: BISECTOR_BREAK) | 신뢰도:0%
    11:24→11:27: 종가:62,800 | 거래량:795 | 🔴회피(위험신호: BISECTOR_BREAK) | 신뢰도:0%
    11:27→11:30: 종가:62,800 | 거래량:836 | 🔴회피(위험신호: BISECTOR_BREAK) | 신뢰도:0%
    11:30→11:33: 종가:62,500 | 거래량:1,737 | 🔴회피(위험신호: BISECTOR_BREAK) | 신뢰도:0%
    11:33→11:36: 종가:62,700 | 거래량:1,398 | 🔴회피(위험신호: BISECTOR_BREAK) | 신뢰도:0%
    11:36→11:39: 종가:63,100 | 거래량:1,001 | 🔴회피(위험신호: BISECTOR_BREAK) | 신뢰도:0%
    11:39→11:42: 종가:63,100 | 거래량:2,601 | 🔴회피(위험신호: BISECTOR_BREAK) | 신뢰도:0%
    11:42→11:45: 종가:63,300 | 거래량:2,698 | 🔴회피(위험신호: BISECTOR_BREAK) | 신뢰도:0%
    11:45→11:48: 종가:62,900 | 거래량:482 | 🔴회피(위험신호: BISECTOR_BREAK) | 신뢰도:0%
    11:48→11:51: 종가:63,100 | 거래량:1,809 | 🔴회피(위험신호: BISECTOR_BREAK) | 신뢰도:0%
    11:51→11:54: 종가:63,200 | 거래량:1,415 | 🔴회피(위험신호: BISECTOR_BREAK) | 신뢰도:0%
    11:54→11:57: 종가:63,400 | 거래량:2,511 | 🔴회피(위험신호: BISECTOR_BREAK) | 신뢰도:0%
    11:57→12:00: 종가:63,500 | 거래량:4,115 | 🔴회피(위험신호: BISECTOR_BREAK) | 신뢰도:0%
    12:00→12:03: 종가:63,300 | 거래량:5,738 | 🔴회피(위험신호: BISECTOR_BREAK) | 신뢰도:0%
    12:03→12:06: 종가:63,000 | 거래량:667 | 🔴회피(위험신호: BISECTOR_BREAK) | 신뢰도:0%
    12:06→12:09: 종가:63,000 | 거래량:1,076 | 🔴회피(위험신호: BISECTOR_BREAK) | 신뢰도:0%
    12:09→12:12: 종가:63,000 | 거래량:507 | 🔴회피(위험신호: BISECTOR_BREAK) | 신뢰도:0%
    12:12→12:15: 종가:63,000 | 거래량:697 | 🔴회피(위험신호: BISECTOR_BREAK) | 신뢰도:0%
    12:15→12:18: 종가:63,300 | 거래량:3,731 | 🔴회피(위험신호: BISECTOR_BREAK) | 신뢰도:0%
    12:18→12:21: 종가:63,100 | 거래량:1,278 | 🔴회피(위험신호: BISECTOR_BREAK) | 신뢰도:0%
    12:21→12:24: 종가:62,800 | 거래량:1,343 | 🔴회피(위험신호: BISECTOR_BREAK) | 신뢰도:0%
    12:24→12:27: 종가:63,100 | 거래량:1,507 | 🔴회피(위험신호: BISECTOR_BREAK) | 신뢰도:0%
    12:27→12:30: 종가:63,100 | 거래량:561 | 🔴회피(위험신호: BISECTOR_BREAK) | 신뢰도:0%
    12:30→12:33: 종가:62,800 | 거래량:770 | 🔴회피(위험신호: BISECTOR_BREAK) | 신뢰도:0%
    12:33→12:36: 종가:62,700 | 거래량:943 | 🔴회피(위험신호: BISECTOR_BREAK) | 신뢰도:0%
    12:36→12:39: 종가:62,800 | 거래량:496 | 🔴회피(위험신호: BISECTOR_BREAK) | 신뢰도:0%
    12:39→12:42: 종가:62,600 | 거래량:1,065 | 🔴회피(위험신호: BISECTOR_BREAK) | 신뢰도:0%
    12:42→12:45: 종가:62,600 | 거래량:867 | 🔴회피(위험신호: BISECTOR_BREAK) | 신뢰도:0%
    12:45→12:48: 종가:62,600 | 거래량:1,342 | 🔴회피(위험신호: BISECTOR_BREAK) | 신뢰도:0%
    12:48→12:51: 종가:62,800 | 거래량:1,110 | 🔴회피(위험신호: BISECTOR_BREAK) | 신뢰도:0%
    12:51→12:54: 종가:63,100 | 거래량:1,395 | 🔴회피(위험신호: BISECTOR_BREAK) | 신뢰도:0%
    12:54→12:57: 종가:62,700 | 거래량:320 | 🔴회피(위험신호: BISECTOR_BREAK) | 신뢰도:0%
    12:57→13:00: 종가:62,900 | 거래량:888 | 🔴회피(위험신호: BISECTOR_BREAK) | 신뢰도:0%
    13:00→13:03: 종가:62,500 | 거래량:1,302 | 🔴회피(위험신호: BISECTOR_BREAK) | 신뢰도:0%
    13:03→13:06: 종가:62,800 | 거래량:807 | 🔴회피(위험신호: BISECTOR_BREAK) | 신뢰도:0%
    13:06→13:09: 종가:63,000 | 거래량:429 | 🔴회피(위험신호: BISECTOR_BREAK) | 신뢰도:0%
    13:09→13:12: 종가:63,000 | 거래량:852 | 🔴회피(위험신호: BISECTOR_BREAK) | 신뢰도:0%
    13:12→13:15: 종가:64,200 | 거래량:4,557 | 🔴회피(위험신호: BISECTOR_BREAK) | 신뢰도:0%
    13:15→13:18: 종가:64,100 | 거래량:7,580 | 🔴회피(위험신호: BISECTOR_BREAK) | 신뢰도:0%
    13:18→13:21: 종가:64,300 | 거래량:4,138 | 🔴회피(위험신호: BISECTOR_BREAK) | 신뢰도:0%
    13:21→13:24: 종가:64,200 | 거래량:2,448 | 🔴회피(위험신호: BISECTOR_BREAK) | 신뢰도:0%
    13:24→13:27: 종가:64,100 | 거래량:745 | 🔴회피(위험신호: BISECTOR_BREAK) | 신뢰도:0%
    13:27→13:30: 종가:64,200 | 거래량:2,984 | 🔴회피(위험신호: BISECTOR_BREAK) | 신뢰도:0%
    13:30→13:33: 종가:64,100 | 거래량:1,171 | 🔴회피(위험신호: BISECTOR_BREAK) | 신뢰도:0%
    13:33→13:36: 종가:64,200 | 거래량:2,030 | 🔴회피(위험신호: BISECTOR_BREAK) | 신뢰도:0%
    13:36→13:39: 종가:64,400 | 거래량:2,536 | 🔴회피(위험신호: BISECTOR_BREAK) | 신뢰도:0%
    13:39→13:42: 종가:63,900 | 거래량:1,077 | 🔴회피(위험신호: BISECTOR_BREAK) | 신뢰도:0%
    13:42→13:45: 종가:63,900 | 거래량:2,226 | 🔴회피(위험신호: BISECTOR_BREAK) | 신뢰도:0%
    13:45→13:48: 종가:63,600 | 거래량:2,355 | 🔴회피(위험신호: BISECTOR_BREAK) | 신뢰도:0%
    13:48→13:51: 종가:63,300 | 거래량:2,484 | 🔴회피(위험신호: BISECTOR_BREAK) | 신뢰도:0%
    13:51→13:54: 종가:63,300 | 거래량:1,438 | 🔴회피(위험신호: BISECTOR_BREAK) | 신뢰도:0%
    13:54→13:57: 종가:63,100 | 거래량:2,197 | 🔴회피(위험신호: BISECTOR_BREAK) | 신뢰도:0%
    13:57→14:00: 종가:63,200 | 거래량:2,649 | 🔴회피(위험신호: BISECTOR_BREAK) | 신뢰도:0%
    14:00→14:03: 종가:63,000 | 거래량:2,144 | 🔴회피(위험신호: BISECTOR_BREAK) | 신뢰도:0%
    14:03→14:06: 종가:63,000 | 거래량:1,075 | 🔴회피(위험신호: BISECTOR_BREAK) | 신뢰도:0%
    14:06→14:09: 종가:63,100 | 거래량:1,662 | 🔴회피(위험신호: BISECTOR_BREAK) | 신뢰도:0%
    14:09→14:12: 종가:63,300 | 거래량:953 | 🔴회피(위험신호: BISECTOR_BREAK) | 신뢰도:0%
    14:12→14:15: 종가:63,400 | 거래량:1,345 | 🔴회피(위험신호: BISECTOR_BREAK) | 신뢰도:0%
    14:15→14:18: 종가:63,000 | 거래량:5,737 | 🔴회피(위험신호: BISECTOR_BREAK) | 신뢰도:0%
    14:18→14:21: 종가:62,800 | 거래량:2,046 | 🔴회피(위험신호: BISECTOR_BREAK) | 신뢰도:0%
    14:21→14:24: 종가:62,800 | 거래량:1,239 | 🔴회피(위험신호: BISECTOR_BREAK) | 신뢰도:0%
    14:24→14:27: 종가:62,800 | 거래량:1,581 | 🔴회피(위험신호: BISECTOR_BREAK) | 신뢰도:0%
    14:27→14:30: 종가:62,600 | 거래량:3,844 | 🔴회피(위험신호: BISECTOR_BREAK) | 신뢰도:0%
    14:30→14:33: 종가:62,700 | 거래량:1,847 | 🔴회피(위험신호: BISECTOR_BREAK) | 신뢰도:0%
    14:33→14:36: 종가:62,500 | 거래량:2,803 | 🔴회피(위험신호: BISECTOR_BREAK) | 신뢰도:0%
    14:36→14:39: 종가:62,600 | 거래량:2,405 | 🔴회피(위험신호: BISECTOR_BREAK) | 신뢰도:0%
    14:39→14:42: 종가:63,500 | 거래량:2,783 | 🔴회피(위험신호: BISECTOR_BREAK) | 신뢰도:0%
    14:42→14:45: 종가:63,100 | 거래량:18,403 | 🔴회피(위험신호: BISECTOR_BREAK) | 신뢰도:0%
    14:45→14:48: 종가:63,200 | 거래량:7,615 | 🔴회피(위험신호: BISECTOR_BREAK) | 신뢰도:0%
    14:48→14:51: 종가:63,400 | 거래량:3,144 | 🔴회피(위험신호: BISECTOR_BREAK) | 신뢰도:0%
    14:51→14:54: 종가:63,300 | 거래량:2,017 | 🔴회피(위험신호: BISECTOR_BREAK) | 신뢰도:0%
    14:54→14:57: 종가:63,300 | 거래량:1,418 | 🔴회피(위험신호: BISECTOR_BREAK) | 신뢰도:0%
    14:57→15:00: 종가:63,200 | 거래량:2,055 | 🔴회피(위험신호: BISECTOR_BREAK) | 신뢰도:0%
    15:00→15:03: 종가:63,300 | 거래량:2,122 | 🔴회피(위험신호: BISECTOR_BREAK) | 신뢰도:0%
    15:03→15:06: 종가:63,200 | 거래량:1,561 | 🔴회피(위험신호: BISECTOR_BREAK) | 신뢰도:0%
    15:06→15:09: 종가:63,300 | 거래량:3,630 | 🔴회피(위험신호: BISECTOR_BREAK) | 신뢰도:0%
    15:09→15:12: 종가:63,400 | 거래량:1,218 | 🔴회피(위험신호: BISECTOR_BREAK) | 신뢰도:0%
    15:12→15:15: 종가:63,100 | 거래량:5,044 | 🔴회피(위험신호: BISECTOR_BREAK) | 신뢰도:0%
    15:15→15:18: 종가:62,900 | 거래량:4,978 | 🔴회피(위험신호: BISECTOR_BREAK) | 신뢰도:0%
    15:18→15:21: 종가:63,200 | 거래량:2,526 | 🔴회피(위험신호: BISECTOR_BREAK) | 신뢰도:0%

=== 437730 - 20251202 눌림목(3분) 신호 재현 ===
  selection_date: 2025-12-02 10:38:38
  승패: 0승 0패
  selection_date 이후 승패: 0승 0패
  매매신호:
    없음
  체결 시뮬레이션:
    없음
  매수 못한 기회:
    없음

  🔍 상세 3분봉 분석 (09:00~15:30):
    09:00→09:03: 데이터부족
    09:03→09:06: 데이터부족
    09:06→09:09: 데이터부족
    09:09→09:12: 데이터부족
    09:12→09:15: 종가:41,250 | 거래량:57,345 | 🔴회피(당일시가이하(시가:41300)) | 신뢰도:0%
    09:15→09:18: 종가:40,700 | 거래량:31,303 | 🔴회피(당일시가이하(시가:41300)) | 신뢰도:0%
    09:18→09:21: 종가:40,750 | 거래량:19,538 | 🔴회피(당일시가이하(시가:41300)) | 신뢰도:0%
    09:21→09:24: 종가:40,450 | 거래량:11,856 | 🔴회피(위험신호: BISECTOR_BREAK) | 신뢰도:0%
    09:24→09:27: 종가:40,200 | 거래량:27,765 | 🔴회피(위험신호: BISECTOR_BREAK) | 신뢰도:0%
    09:27→09:30: 종가:40,200 | 거래량:11,150 | 🔴회피(위험신호: BISECTOR_BREAK) | 신뢰도:0%
    09:30→09:33: 종가:40,600 | 거래량:9,899 | 🔴회피(위험신호: BISECTOR_BREAK) | 신뢰도:0%
    09:33→09:36: 종가:40,450 | 거래량:8,445 | 🔴회피(위험신호: BISECTOR_BREAK) | 신뢰도:0%
    09:36→09:39: 종가:40,450 | 거래량:5,986 | 🔴회피(위험신호: BISECTOR_BREAK) | 신뢰도:0%
    09:39→09:42: 종가:40,650 | 거래량:18,104 | 🔴회피(위험신호: BISECTOR_BREAK) | 신뢰도:0%
    09:42→09:45: 종가:40,900 | 거래량:10,851 | 🔴회피(당일시가이하(시가:41300)) | 신뢰도:0%
    09:45→09:48: 종가:40,650 | 거래량:10,158 | 🔴회피(위험신호: BISECTOR_BREAK) | 신뢰도:0%
    09:48→09:51: 종가:40,450 | 거래량:10,463 | 🔴회피(위험신호: BISECTOR_BREAK) | 신뢰도:0%
    09:51→09:54: 종가:40,800 | 거래량:8,473 | 🔴회피(당일시가이하(시가:41300)) | 신뢰도:0%
    09:54→09:57: 종가:40,800 | 거래량:4,599 | 🔴회피(당일시가이하(시가:41300)) | 신뢰도:0%
    09:57→10:00: 종가:40,700 | 거래량:5,748 | 🔴회피(당일시가이하(시가:41300)) | 신뢰도:0%
    10:00→10:03: 종가:40,900 | 거래량:6,988 | 🔴회피(당일시가이하(시가:41300)) | 신뢰도:0%
    10:03→10:06: 종가:41,100 | 거래량:10,226 | 🔴회피(당일시가이하(시가:41300)) | 신뢰도:0%
    10:06→10:09: 종가:41,100 | 거래량:10,355 | 🔴회피(당일시가이하(시가:41300)) | 신뢰도:0%
    10:09→10:12: 종가:40,950 | 거래량:9,454 | 🔴회피(당일시가이하(시가:41300)) | 신뢰도:0%
    10:12→10:15: 종가:40,850 | 거래량:5,302 | 🔴회피(당일시가이하(시가:41300)) | 신뢰도:0%
    10:15→10:18: 종가:41,000 | 거래량:6,477 | 🔴회피(당일시가이하(시가:41300)) | 신뢰도:0%
    10:18→10:21: 종가:41,150 | 거래량:5,202 | 🔴회피(당일시가이하(시가:41300)) | 신뢰도:0%
    10:21→10:24: 종가:41,050 | 거래량:11,122 | 🔴회피(당일시가이하(시가:41300)) | 신뢰도:0%
    10:24→10:27: 종가:40,900 | 거래량:4,454 | 🔴회피(당일시가이하(시가:41300)) | 신뢰도:0%
    10:27→10:30: 종가:41,050 | 거래량:4,244 | 🔴회피(당일시가이하(시가:41300)) | 신뢰도:0%
    10:30→10:33: 종가:41,200 | 거래량:6,690 | 🔴회피(당일시가이하(시가:41300)) | 신뢰도:0%
    10:33→10:36: 종가:41,550 | 거래량:28,372 | 🔴회피(시가대비0.6%상승(2%미만차단)) | 신뢰도:0%
    10:36→10:39: 종가:42,150 | 거래량:72,392 | 🔴회피(4단계패턴없음) | 신뢰도:0%
    10:39→10:42: 종가:41,800 | 거래량:178,174 | 🔴회피(위험신호: LARGE_BEARISH_VOLUME) | 신뢰도:0%
    10:42→10:45: 종가:41,750 | 거래량:43,597 | 🔴회피(시가대비1.1%상승(2%미만차단)) | 신뢰도:0%
    10:45→10:48: 종가:42,000 | 거래량:25,527 | 🔴회피(시가대비1.7%상승(2%미만차단)) | 신뢰도:0%
    10:48→10:51: 종가:41,400 | 거래량:38,336 | 🔴회피(시가대비0.2%상승(2%미만차단)) | 신뢰도:0%
    10:51→10:54: 종가:41,300 | 거래량:20,186 | 🔴회피(당일시가이하(시가:41300)) | 신뢰도:0%
    10:54→10:57: 종가:41,450 | 거래량:8,353 | 🔴회피(시가대비0.4%상승(2%미만차단)) | 신뢰도:0%
    10:57→11:00: 종가:41,000 | 거래량:16,762 | 🔴회피(위험신호: BISECTOR_BREAK) | 신뢰도:0%
    11:00→11:03: 종가:40,650 | 거래량:33,053 | 🔴회피(위험신호: BISECTOR_BREAK) | 신뢰도:0%
    11:03→11:06: 종가:40,750 | 거래량:23,615 | 🔴회피(위험신호: BISECTOR_BREAK) | 신뢰도:0%
    11:06→11:09: 종가:41,100 | 거래량:5,281 | 🔴회피(위험신호: BISECTOR_BREAK) | 신뢰도:0%
    11:09→11:12: 종가:40,850 | 거래량:4,284 | 🔴회피(위험신호: BISECTOR_BREAK) | 신뢰도:0%
    11:12→11:15: 종가:40,950 | 거래량:2,776 | 🔴회피(위험신호: BISECTOR_BREAK) | 신뢰도:0%
    11:15→11:18: 종가:41,150 | 거래량:4,831 | 🔴회피(위험신호: BISECTOR_BREAK) | 신뢰도:0%
    11:18→11:21: 종가:41,000 | 거래량:4,410 | 🔴회피(위험신호: BISECTOR_BREAK) | 신뢰도:0%
    11:21→11:24: 종가:41,050 | 거래량:3,390 | 🔴회피(위험신호: BISECTOR_BREAK) | 신뢰도:0%
    11:24→11:27: 종가:41,400 | 거래량:8,370 | 🔴회피(시가대비0.2%상승(2%미만차단)) | 신뢰도:0%
    11:27→11:30: 종가:41,200 | 거래량:4,345 | 🔴회피(위험신호: BISECTOR_BREAK) | 신뢰도:0%
    11:30→11:33: 종가:41,200 | 거래량:4,180 | 🔴회피(위험신호: BISECTOR_BREAK) | 신뢰도:0%
    11:33→11:36: 종가:41,150 | 거래량:5,099 | 🔴회피(위험신호: BISECTOR_BREAK) | 신뢰도:0%
    11:36→11:39: 종가:41,250 | 거래량:4,462 | 🔴회피(위험신호: BISECTOR_BREAK) | 신뢰도:0%
    11:39→11:42: 종가:41,200 | 거래량:2,782 | 🔴회피(위험신호: BISECTOR_BREAK) | 신뢰도:0%
    11:42→11:45: 종가:41,200 | 거래량:3,168 | 🔴회피(위험신호: BISECTOR_BREAK) | 신뢰도:0%
    11:45→11:48: 종가:41,200 | 거래량:4,178 | 🔴회피(위험신호: BISECTOR_BREAK) | 신뢰도:0%
    11:48→11:51: 종가:41,300 | 거래량:3,828 | 🔴회피(당일시가이하(시가:41300)) | 신뢰도:0%
    11:51→11:54: 종가:41,250 | 거래량:1,667 | 🔴회피(위험신호: BISECTOR_BREAK) | 신뢰도:0%
    11:54→11:57: 종가:41,350 | 거래량:3,762 | 🔴회피(이등분선아래) | 신뢰도:0%
    11:57→12:00: 종가:41,400 | 거래량:3,611 | 🔴회피(시가대비0.2%상승(2%미만차단)) | 신뢰도:0%
    12:00→12:03: 종가:41,550 | 거래량:18,058 | 🔴회피(시가대비0.6%상승(2%미만차단)) | 신뢰도:0%
    12:03→12:06: 종가:41,400 | 거래량:6,842 | 🔴회피(시가대비0.2%상승(2%미만차단)) | 신뢰도:0%
    12:06→12:09: 종가:41,550 | 거래량:2,950 | 🔴회피(시가대비0.6%상승(2%미만차단)) | 신뢰도:0%
    12:09→12:12: 종가:41,500 | 거래량:3,176 | 🔴회피(시가대비0.5%상승(2%미만차단)) | 신뢰도:0%
    12:12→12:15: 종가:41,300 | 거래량:10,424 | 🔴회피(당일시가이하(시가:41300)) | 신뢰도:0%
    12:15→12:18: 종가:41,500 | 거래량:1,319 | 🔴회피(시가대비0.5%상승(2%미만차단)) | 신뢰도:0%
    12:18→12:21: 종가:41,450 | 거래량:2,033 | 🔴회피(시가대비0.4%상승(2%미만차단)) | 신뢰도:0%
    12:21→12:24: 종가:41,400 | 거래량:3,542 | 🔴회피(시가대비0.2%상승(2%미만차단)) | 신뢰도:0%
    12:24→12:27: 종가:41,450 | 거래량:2,816 | 🔴회피(시가대비0.4%상승(2%미만차단)) | 신뢰도:0%
    12:27→12:30: 종가:41,100 | 거래량:9,447 | 🔴회피(위험신호: BISECTOR_BREAK) | 신뢰도:0%
    12:30→12:33: 종가:41,100 | 거래량:4,723 | 🔴회피(위험신호: BISECTOR_BREAK) | 신뢰도:0%
    12:33→12:36: 종가:41,100 | 거래량:2,794 | 🔴회피(위험신호: BISECTOR_BREAK) | 신뢰도:0%
    12:36→12:39: 종가:41,100 | 거래량:2,700 | 🔴회피(위험신호: BISECTOR_BREAK) | 신뢰도:0%
    12:39→12:42: 종가:41,100 | 거래량:1,851 | 🔴회피(위험신호: BISECTOR_BREAK) | 신뢰도:0%
    12:42→12:45: 종가:41,150 | 거래량:4,110 | 🔴회피(위험신호: BISECTOR_BREAK) | 신뢰도:0%
    12:45→12:48: 종가:41,300 | 거래량:3,926 | 🔴회피(당일시가이하(시가:41300)) | 신뢰도:0%
    12:48→12:51: 종가:41,250 | 거래량:2,054 | 🔴회피(위험신호: BISECTOR_BREAK) | 신뢰도:0%
    12:51→12:54: 종가:41,300 | 거래량:3,656 | 🔴회피(당일시가이하(시가:41300)) | 신뢰도:0%
    12:54→12:57: 종가:41,400 | 거래량:1,118 | 🔴회피(시가대비0.2%상승(2%미만차단)) | 신뢰도:0%
    12:57→13:00: 종가:41,450 | 거래량:4,739 | 🔴회피(시가대비0.4%상승(2%미만차단)) | 신뢰도:0%
    13:00→13:03: 종가:41,350 | 거래량:2,481 | 🔴회피(이등분선아래) | 신뢰도:0%
    13:03→13:06: 종가:41,450 | 거래량:4,905 | 🔴회피(시가대비0.4%상승(2%미만차단)) | 신뢰도:0%
    13:06→13:09: 종가:41,550 | 거래량:6,119 | 🔴회피(시가대비0.6%상승(2%미만차단)) | 신뢰도:0%
    13:09→13:12: 종가:41,400 | 거래량:5,705 | 🔴회피(시가대비0.2%상승(2%미만차단)) | 신뢰도:0%
    13:12→13:15: 종가:41,550 | 거래량:5,560 | 🔴회피(시가대비0.6%상승(2%미만차단)) | 신뢰도:0%
    13:15→13:18: 종가:41,500 | 거래량:6,452 | 🔴회피(시가대비0.5%상승(2%미만차단)) | 신뢰도:0%
    13:18→13:21: 종가:41,450 | 거래량:5,234 | 🔴회피(시가대비0.4%상승(2%미만차단)) | 신뢰도:0%
    13:21→13:24: 종가:41,400 | 거래량:3,743 | 🔴회피(시가대비0.2%상승(2%미만차단)) | 신뢰도:0%
    13:24→13:27: 종가:41,600 | 거래량:6,872 | 🔴회피(시가대비0.7%상승(2%미만차단)) | 신뢰도:0%
    13:27→13:30: 종가:41,600 | 거래량:8,736 | 🔴회피(시가대비0.7%상승(2%미만차단)) | 신뢰도:0%
    13:30→13:33: 종가:41,600 | 거래량:6,829 | 🔴회피(시가대비0.7%상승(2%미만차단)) | 신뢰도:0%
    13:33→13:36: 종가:41,800 | 거래량:8,499 | 🔴회피(시가대비1.2%상승(2%미만차단)) | 신뢰도:0%
    13:36→13:39: 종가:41,850 | 거래량:6,767 | 🔴회피(시가대비1.3%상승(2%미만차단)) | 신뢰도:0%
    13:39→13:42: 종가:42,100 | 거래량:28,432 | 🔴회피(시가대비1.9%상승(2%미만차단)) | 신뢰도:0%
    13:42→13:45: 종가:41,900 | 거래량:25,748 | 🔴회피(시가대비1.5%상승(2%미만차단)) | 신뢰도:0%
    13:45→13:48: 종가:41,700 | 거래량:18,462 | 🔴회피(시가대비1.0%상승(2%미만차단)) | 신뢰도:0%
    13:48→13:51: 종가:41,650 | 거래량:8,012 | 🔴회피(시가대비0.8%상승(2%미만차단)) | 신뢰도:0%
    13:51→13:54: 종가:41,800 | 거래량:6,740 | 🔴회피(시가대비1.2%상승(2%미만차단)) | 신뢰도:0%
    13:54→13:57: 종가:42,000 | 거래량:8,334 | 🔴회피(시가대비1.7%상승(2%미만차단)) | 신뢰도:0%
    13:57→14:00: 종가:41,800 | 거래량:6,026 | 🔴회피(시가대비1.2%상승(2%미만차단)) | 신뢰도:0%
    14:00→14:03: 종가:41,800 | 거래량:5,553 | 🔴회피(시가대비1.2%상승(2%미만차단)) | 신뢰도:0%
    14:03→14:06: 종가:41,950 | 거래량:5,317 | 🔴회피(시가대비1.6%상승(2%미만차단)) | 신뢰도:0%
    14:06→14:09: 종가:41,900 | 거래량:3,289 | 🔴회피(시가대비1.5%상승(2%미만차단)) | 신뢰도:0%
    14:09→14:12: 종가:42,150 | 거래량:9,532 | 🔴회피(4단계패턴없음) | 신뢰도:0%
    14:12→14:15: 종가:42,000 | 거래량:10,979 | 🔴회피(시가대비1.7%상승(2%미만차단)) | 신뢰도:0%
    14:15→14:18: 종가:41,900 | 거래량:3,841 | 🔴회피(시가대비1.5%상승(2%미만차단)) | 신뢰도:0%
    14:18→14:21: 종가:42,350 | 거래량:19,508 | 🔴회피(4단계패턴없음) | 신뢰도:0%
    14:21→14:24: 종가:42,250 | 거래량:14,681 | 🔴회피(4단계패턴없음) | 신뢰도:0%
    14:24→14:27: 종가:42,200 | 거래량:9,472 | 🔴회피(4단계패턴없음) | 신뢰도:0%
    14:27→14:30: 종가:42,100 | 거래량:10,052 | 🔴회피(시가대비1.9%상승(2%미만차단)) | 신뢰도:0%
    14:30→14:33: 종가:42,150 | 거래량:3,578 | 🔴회피(4단계패턴없음) | 신뢰도:0%
    14:33→14:36: 종가:42,000 | 거래량:6,701 | 🔴회피(시가대비1.7%상승(2%미만차단)) | 신뢰도:0%
    14:36→14:39: 종가:42,050 | 거래량:9,017 | 🔴회피(시가대비1.8%상승(2%미만차단)) | 신뢰도:0%
    14:39→14:42: 종가:42,150 | 거래량:4,964 | 🔴회피(4단계패턴없음) | 신뢰도:0%
    14:42→14:45: 종가:42,300 | 거래량:9,327 | 🔴회피(4단계패턴없음) | 신뢰도:0%
    14:45→14:48: 종가:43,850 | 거래량:145,686 | 🔴회피(4단계패턴없음) | 신뢰도:0%
    14:48→14:51: 종가:42,900 | 거래량:151,972 | 🔴회피(위험신호: LARGE_BEARISH_VOLUME) | 신뢰도:0%
    14:51→14:54: 종가:43,050 | 거래량:31,240 | 🔴회피(4단계패턴없음) | 신뢰도:0%
    14:54→14:57: 종가:43,350 | 거래량:21,379 | 🔴회피(4단계패턴없음) | 신뢰도:0%
    14:57→15:00: 종가:43,350 | 거래량:34,807 | 🔴회피(4단계패턴없음) | 신뢰도:0%
    15:00→15:03: 종가:43,150 | 거래량:18,745 | 🔴회피(4단계패턴없음) | 신뢰도:0%
    15:03→15:06: 종가:43,350 | 거래량:13,485 | 🔴회피(4단계패턴없음) | 신뢰도:0%
    15:06→15:09: 종가:44,350 | 거래량:121,829 | 🔴회피(4단계패턴없음) | 신뢰도:0%
    15:09→15:12: 종가:43,800 | 거래량:46,583 | 🔴회피(4단계패턴없음) | 신뢰도:0%
    15:12→15:15: 종가:43,350 | 거래량:37,977 | 🔴회피(4단계패턴없음) | 신뢰도:0%
    15:15→15:18: 종가:43,600 | 거래량:37,585 | 🔴회피(4단계패턴없음) | 신뢰도:0%
    15:18→15:21: 종가:44,000 | 거래량:25,056 | 🔴회피(4단계패턴없음) | 신뢰도:0%

=== 376270 - 20251202 눌림목(3분) 신호 재현 ===
  selection_date: 2025-12-02 09:02:43
  승패: 0승 0패
  selection_date 이후 승패: 0승 0패
  매매신호:
    없음
  체결 시뮬레이션:
    없음
  매수 못한 기회:
    없음

  🔍 상세 3분봉 분석 (09:00~15:30):
    09:00→09:03: 데이터부족
    09:03→09:06: 데이터부족
    09:06→09:09: 데이터부족
    09:09→09:12: 데이터부족
    09:12→09:15: 종가:51,400 | 거래량:1,955 | 🔴회피(위험신호: BISECTOR_BREAK) | 신뢰도:0%
    09:15→09:18: 종가:51,800 | 거래량:2,334 | 🔴회피(위험신호: BISECTOR_BREAK) | 신뢰도:0%
    09:18→09:21: 종가:51,400 | 거래량:2,636 | 🔴회피(위험신호: BISECTOR_BREAK) | 신뢰도:0%
    09:21→09:24: 종가:52,350 | 거래량:3,330 | 🔴회피(당일시가이하(시가:54500)) | 신뢰도:0%
    09:24→09:27: 종가:51,900 | 거래량:2,118 | 🔴회피(위험신호: BISECTOR_BREAK) | 신뢰도:0%
    09:27→09:30: 종가:52,300 | 거래량:914 | 🔴회피(당일시가이하(시가:54500)) | 신뢰도:0%
    09:30→09:33: 종가:52,900 | 거래량:2,973 | 🔴회피(당일시가이하(시가:54500)) | 신뢰도:0%
    09:33→09:36: 종가:52,500 | 거래량:4,932 | 🔴회피(위험신호: LARGE_BEARISH_VOLUME) | 신뢰도:0%
    09:36→09:39: 종가:52,600 | 거래량:2,021 | 🔴회피(당일시가이하(시가:54500)) | 신뢰도:0%
    09:39→09:42: 종가:52,600 | 거래량:2,117 | 🔴회피(당일시가이하(시가:54500)) | 신뢰도:0%
    09:42→09:45: 종가:51,700 | 거래량:2,270 | 🔴회피(위험신호: BISECTOR_BREAK) | 신뢰도:0%
    09:45→09:48: 종가:51,300 | 거래량:3,507 | 🔴회피(위험신호: BISECTOR_BREAK) | 신뢰도:0%
    09:48→09:51: 종가:51,600 | 거래량:600 | 🔴회피(위험신호: BISECTOR_BREAK) | 신뢰도:0%
    09:51→09:54: 종가:51,900 | 거래량:923 | 🔴회피(위험신호: BISECTOR_BREAK) | 신뢰도:0%
    09:54→09:57: 종가:51,600 | 거래량:570 | 🔴회피(위험신호: BISECTOR_BREAK) | 신뢰도:0%
    09:57→10:00: 종가:50,900 | 거래량:6,003 | 🔴회피(위험신호: BISECTOR_BREAK) | 신뢰도:0%
    10:00→10:03: 종가:51,200 | 거래량:625 | 🔴회피(위험신호: BISECTOR_BREAK) | 신뢰도:0%
    10:03→10:06: 종가:50,900 | 거래량:1,067 | 🔴회피(위험신호: BISECTOR_BREAK) | 신뢰도:0%
    10:06→10:09: 종가:50,900 | 거래량:1,715 | 🔴회피(위험신호: BISECTOR_BREAK) | 신뢰도:0%
    10:09→10:12: 종가:50,500 | 거래량:3,287 | 🔴회피(위험신호: BISECTOR_BREAK) | 신뢰도:0%
    10:12→10:15: 종가:49,800 | 거래량:6,415 | 🔴회피(위험신호: LARGE_BEARISH_VOLUME) | 신뢰도:0%
    10:15→10:18: 종가:50,400 | 거래량:1,342 | 🔴회피(위험신호: BISECTOR_BREAK) | 신뢰도:0%
    10:18→10:21: 종가:50,800 | 거래량:1,156 | 🔴회피(위험신호: BISECTOR_BREAK) | 신뢰도:0%
    10:21→10:24: 종가:50,600 | 거래량:409 | 🔴회피(위험신호: BISECTOR_BREAK) | 신뢰도:0%
    10:24→10:27: 종가:50,500 | 거래량:343 | 🔴회피(위험신호: BISECTOR_BREAK) | 신뢰도:0%
    10:27→10:30: 종가:50,600 | 거래량:629 | 🔴회피(위험신호: BISECTOR_BREAK) | 신뢰도:0%
    10:30→10:33: 종가:50,500 | 거래량:1,257 | 🔴회피(위험신호: BISECTOR_BREAK) | 신뢰도:0%
    10:33→10:36: 종가:50,700 | 거래량:622 | 🔴회피(위험신호: BISECTOR_BREAK) | 신뢰도:0%
    10:36→10:39: 종가:50,300 | 거래량:388 | 🔴회피(위험신호: BISECTOR_BREAK) | 신뢰도:0%
    10:39→10:42: 종가:50,600 | 거래량:222 | 🔴회피(위험신호: BISECTOR_BREAK) | 신뢰도:0%
    10:42→10:45: 종가:50,500 | 거래량:142 | 🔴회피(위험신호: BISECTOR_BREAK) | 신뢰도:0%
    10:45→10:48: 종가:49,950 | 거래량:1,686 | 🔴회피(위험신호: BISECTOR_BREAK) | 신뢰도:0%
    10:48→10:51: 종가:49,850 | 거래량:891 | 🔴회피(위험신호: BISECTOR_BREAK) | 신뢰도:0%
    10:51→10:54: 종가:49,900 | 거래량:1,055 | 🔴회피(위험신호: BISECTOR_BREAK) | 신뢰도:0%
    10:54→10:57: 종가:49,700 | 거래량:2,054 | 🔴회피(위험신호: BISECTOR_BREAK) | 신뢰도:0%
    10:57→11:00: 종가:49,850 | 거래량:708 | 🔴회피(위험신호: BISECTOR_BREAK) | 신뢰도:0%
    11:00→11:03: 종가:49,850 | 거래량:193 | 🔴회피(위험신호: BISECTOR_BREAK) | 신뢰도:0%
    11:03→11:06: 종가:50,000 | 거래량:504 | 🔴회피(위험신호: BISECTOR_BREAK) | 신뢰도:0%
    11:06→11:09: 종가:50,000 | 거래량:771 | 🔴회피(위험신호: BISECTOR_BREAK) | 신뢰도:0%
    11:09→11:12: 종가:50,400 | 거래량:547 | 🔴회피(위험신호: BISECTOR_BREAK) | 신뢰도:0%
    11:12→11:15: 종가:50,200 | 거래량:68 | 🔴회피(위험신호: BISECTOR_BREAK) | 신뢰도:0%
    11:15→11:18: 종가:50,000 | 거래량:120 | 🔴회피(위험신호: BISECTOR_BREAK) | 신뢰도:0%
    11:18→11:21: 종가:50,100 | 거래량:888 | 🔴회피(위험신호: BISECTOR_BREAK) | 신뢰도:0%
    11:21→11:24: 종가:50,400 | 거래량:492 | 🔴회피(위험신호: BISECTOR_BREAK) | 신뢰도:0%
    11:24→11:27: 종가:50,000 | 거래량:866 | 🔴회피(위험신호: BISECTOR_BREAK) | 신뢰도:0%
    11:27→11:30: 종가:50,500 | 거래량:7 | 🔴회피(위험신호: BISECTOR_BREAK) | 신뢰도:0%
    11:30→11:33: 종가:50,400 | 거래량:450 | 🔴회피(위험신호: BISECTOR_BREAK) | 신뢰도:0%
    11:33→11:36: 종가:50,400 | 거래량:81 | 🔴회피(위험신호: BISECTOR_BREAK) | 신뢰도:0%
    11:36→11:39: 종가:50,100 | 거래량:290 | 🔴회피(위험신호: BISECTOR_BREAK) | 신뢰도:0%
    11:39→11:42: 종가:50,400 | 거래량:121 | 🔴회피(위험신호: BISECTOR_BREAK) | 신뢰도:0%
    11:42→11:45: 종가:50,400 | 거래량:328 | 🔴회피(위험신호: BISECTOR_BREAK) | 신뢰도:0%
    11:45→11:48: 종가:50,200 | 거래량:105 | 🔴회피(위험신호: BISECTOR_BREAK) | 신뢰도:0%
    11:48→11:51: 종가:50,300 | 거래량:141 | 🔴회피(위험신호: BISECTOR_BREAK) | 신뢰도:0%
    11:51→11:54: 종가:50,300 | 거래량:168 | 🔴회피(위험신호: BISECTOR_BREAK) | 신뢰도:0%
    11:54→11:57: 종가:50,300 | 거래량:46 | 🔴회피(위험신호: BISECTOR_BREAK) | 신뢰도:0%
    11:57→12:00: 종가:50,200 | 거래량:104 | 🔴회피(위험신호: BISECTOR_BREAK) | 신뢰도:0%
    12:00→12:03: 종가:50,100 | 거래량:351 | 🔴회피(위험신호: BISECTOR_BREAK) | 신뢰도:0%
    12:03→12:06: 종가:50,200 | 거래량:137 | 🔴회피(위험신호: BISECTOR_BREAK) | 신뢰도:0%
    12:06→12:09: 종가:50,000 | 거래량:108 | 🔴회피(위험신호: BISECTOR_BREAK) | 신뢰도:0%
    12:09→12:12: 종가:50,100 | 거래량:186 | 🔴회피(위험신호: BISECTOR_BREAK) | 신뢰도:0%
    12:12→12:15: 종가:50,100 | 거래량:272 | 🔴회피(위험신호: BISECTOR_BREAK) | 신뢰도:0%
    12:15→12:18: 종가:50,100 | 거래량:116 | 🔴회피(위험신호: BISECTOR_BREAK) | 신뢰도:0%
    12:18→12:21: 종가:50,100 | 거래량:299 | 🔴회피(위험신호: BISECTOR_BREAK) | 신뢰도:0%
    12:21→12:24: 종가:50,100 | 거래량:192 | 🔴회피(위험신호: BISECTOR_BREAK) | 신뢰도:0%
    12:24→12:27: 종가:50,200 | 거래량:132 | 🔴회피(위험신호: BISECTOR_BREAK) | 신뢰도:0%
    12:27→12:30: 종가:50,000 | 거래량:104 | 🔴회피(위험신호: BISECTOR_BREAK) | 신뢰도:0%
    12:30→12:33: 종가:50,300 | 거래량:306 | 🔴회피(위험신호: BISECTOR_BREAK) | 신뢰도:0%
    12:33→12:36: 종가:50,400 | 거래량:110 | 🔴회피(위험신호: BISECTOR_BREAK) | 신뢰도:0%
    12:36→12:39: 종가:50,400 | 거래량:286 | 🔴회피(위험신호: BISECTOR_BREAK) | 신뢰도:0%
    12:39→12:42: 종가:50,400 | 거래량:379 | 🔴회피(위험신호: BISECTOR_BREAK) | 신뢰도:0%
    12:42→12:45: 종가:50,400 | 거래량:613 | 🔴회피(위험신호: BISECTOR_BREAK) | 신뢰도:0%
    12:45→12:48: 종가:50,400 | 거래량:159 | 🔴회피(위험신호: BISECTOR_BREAK) | 신뢰도:0%
    12:48→12:51: 종가:50,400 | 거래량:552 | 🔴회피(위험신호: BISECTOR_BREAK) | 신뢰도:0%
    12:51→12:54: 종가:50,400 | 거래량:37 | 🔴회피(위험신호: BISECTOR_BREAK) | 신뢰도:0%
    12:54→12:57: 종가:50,400 | 거래량:422 | 🔴회피(위험신호: BISECTOR_BREAK) | 신뢰도:0%
    12:57→13:00: 종가:50,400 | 거래량:110 | 🔴회피(위험신호: BISECTOR_BREAK) | 신뢰도:0%
    13:00→13:03: 종가:50,500 | 거래량:180 | 🔴회피(위험신호: BISECTOR_BREAK) | 신뢰도:0%
    13:03→13:06: 종가:50,400 | 거래량:136 | 🔴회피(위험신호: BISECTOR_BREAK) | 신뢰도:0%
    13:06→13:09: 종가:50,500 | 거래량:321 | 🔴회피(위험신호: BISECTOR_BREAK) | 신뢰도:0%
    13:09→13:12: 종가:50,400 | 거래량:205 | 🔴회피(위험신호: BISECTOR_BREAK) | 신뢰도:0%
    13:12→13:15: 종가:50,400 | 거래량:385 | 🔴회피(위험신호: BISECTOR_BREAK) | 신뢰도:0%
    13:15→13:18: 종가:50,200 | 거래량:387 | 🔴회피(위험신호: BISECTOR_BREAK) | 신뢰도:0%
    13:18→13:21: 종가:50,100 | 거래량:484 | 🔴회피(위험신호: BISECTOR_BREAK) | 신뢰도:0%
    13:21→13:24: 종가:50,300 | 거래량:296 | 🔴회피(위험신호: BISECTOR_BREAK) | 신뢰도:0%
    13:24→13:27: 종가:50,300 | 거래량:169 | 🔴회피(위험신호: BISECTOR_BREAK) | 신뢰도:0%
    13:27→13:30: 종가:50,200 | 거래량:134 | 🔴회피(위험신호: BISECTOR_BREAK) | 신뢰도:0%
    13:30→13:33: 종가:50,200 | 거래량:204 | 🔴회피(위험신호: BISECTOR_BREAK) | 신뢰도:0%
    13:33→13:36: 종가:50,200 | 거래량:316 | 🔴회피(위험신호: BISECTOR_BREAK) | 신뢰도:0%
    13:36→13:39: 종가:50,300 | 거래량:257 | 🔴회피(위험신호: BISECTOR_BREAK) | 신뢰도:0%
    13:39→13:42: 종가:50,300 | 거래량:75 | 🔴회피(위험신호: BISECTOR_BREAK) | 신뢰도:0%
    13:42→13:45: 종가:50,200 | 거래량:414 | 🔴회피(위험신호: BISECTOR_BREAK) | 신뢰도:0%
    13:45→13:48: 종가:50,100 | 거래량:747 | 🔴회피(위험신호: BISECTOR_BREAK) | 신뢰도:0%
    13:48→13:51: 종가:50,100 | 거래량:231 | 🔴회피(위험신호: BISECTOR_BREAK) | 신뢰도:0%
    13:51→13:54: 종가:50,100 | 거래량:939 | 🔴회피(위험신호: BISECTOR_BREAK) | 신뢰도:0%
    13:54→13:57: 종가:50,100 | 거래량:118 | 🔴회피(위험신호: BISECTOR_BREAK) | 신뢰도:0%
    13:57→14:00: 종가:50,200 | 거래량:119 | 🔴회피(위험신호: BISECTOR_BREAK) | 신뢰도:0%
    14:00→14:03: 종가:50,200 | 거래량:395 | 🔴회피(위험신호: BISECTOR_BREAK) | 신뢰도:0%
    14:03→14:06: 종가:50,200 | 거래량:81 | 🔴회피(위험신호: BISECTOR_BREAK) | 신뢰도:0%
    14:06→14:09: 종가:50,400 | 거래량:195 | 🔴회피(위험신호: BISECTOR_BREAK) | 신뢰도:0%
    14:09→14:12: 종가:50,400 | 거래량:395 | 🔴회피(위험신호: BISECTOR_BREAK) | 신뢰도:0%
    14:12→14:15: 종가:50,300 | 거래량:47 | 🔴회피(위험신호: BISECTOR_BREAK) | 신뢰도:0%
    14:15→14:18: 종가:50,300 | 거래량:170 | 🔴회피(위험신호: BISECTOR_BREAK) | 신뢰도:0%
    14:18→14:21: 종가:50,200 | 거래량:156 | 🔴회피(위험신호: BISECTOR_BREAK) | 신뢰도:0%
    14:21→14:24: 종가:50,200 | 거래량:152 | 🔴회피(위험신호: BISECTOR_BREAK) | 신뢰도:0%
    14:24→14:27: 종가:50,300 | 거래량:179 | 🔴회피(위험신호: BISECTOR_BREAK) | 신뢰도:0%
    14:27→14:30: 종가:50,300 | 거래량:108 | 🔴회피(위험신호: BISECTOR_BREAK) | 신뢰도:0%
    14:30→14:33: 종가:50,100 | 거래량:891 | 🔴회피(위험신호: BISECTOR_BREAK) | 신뢰도:0%
    14:33→14:36: 종가:50,300 | 거래량:300 | 🔴회피(위험신호: BISECTOR_BREAK) | 신뢰도:0%
    14:36→14:39: 종가:50,300 | 거래량:122 | 🔴회피(위험신호: BISECTOR_BREAK) | 신뢰도:0%
    14:39→14:42: 종가:50,300 | 거래량:400 | 🔴회피(위험신호: BISECTOR_BREAK) | 신뢰도:0%
    14:42→14:45: 종가:50,100 | 거래량:168 | 🔴회피(위험신호: BISECTOR_BREAK) | 신뢰도:0%
    14:45→14:48: 종가:50,300 | 거래량:228 | 🔴회피(위험신호: BISECTOR_BREAK) | 신뢰도:0%
    14:48→14:51: 종가:50,000 | 거래량:559 | 🔴회피(위험신호: BISECTOR_BREAK) | 신뢰도:0%
    14:51→14:54: 종가:50,100 | 거래량:26 | 🔴회피(위험신호: BISECTOR_BREAK) | 신뢰도:0%
    14:54→14:57: 종가:50,100 | 거래량:39 | 🔴회피(위험신호: BISECTOR_BREAK) | 신뢰도:0%
    14:57→15:00: 종가:50,200 | 거래량:314 | 🔴회피(위험신호: BISECTOR_BREAK) | 신뢰도:0%
    15:00→15:03: 종가:50,100 | 거래량:571 | 🔴회피(위험신호: BISECTOR_BREAK) | 신뢰도:0%
    15:03→15:06: 종가:50,200 | 거래량:1,284 | 🔴회피(위험신호: BISECTOR_BREAK) | 신뢰도:0%
    15:06→15:09: 종가:50,150 | 거래량:134 | 🔴회피(위험신호: BISECTOR_BREAK) | 신뢰도:0%
    15:09→15:12: 종가:50,200 | 거래량:458 | 🔴회피(위험신호: BISECTOR_BREAK) | 신뢰도:0%
    15:12→15:15: 종가:50,200 | 거래량:65 | 🔴회피(위험신호: BISECTOR_BREAK) | 신뢰도:0%
    15:15→15:18: 종가:50,100 | 거래량:548 | 🔴회피(위험신호: BISECTOR_BREAK) | 신뢰도:0%
    15:18→15:21: 종가:50,100 | 거래량:600 | 🔴회피(위험신호: BISECTOR_BREAK) | 신뢰도:0%

=== 308080 - 20251202 눌림목(3분) 신호 재현 ===
  selection_date: 2025-12-02 09:00:39
  승패: 0승 0패
  selection_date 이후 승패: 0승 0패
  매매신호:
    없음
  체결 시뮬레이션:
    없음
  매수 못한 기회:
    없음

  🔍 상세 3분봉 분석 (09:00~15:30):
    09:00→09:03: 데이터부족
    09:03→09:06: 데이터부족
    09:06→09:09: 데이터부족
    09:09→09:12: 데이터부족
    09:12→09:15: 종가:7,170 | 거래량:46,839 | 🔴회피(당일시가이하(시가:7230)) | 신뢰도:0%
    09:15→09:18: 종가:7,160 | 거래량:25,687 | 🔴회피(당일시가이하(시가:7230)) | 신뢰도:0%
    09:18→09:21: 종가:7,060 | 거래량:46,620 | 🔴회피(당일시가이하(시가:7230)) | 신뢰도:0%
    09:21→09:24: 종가:7,190 | 거래량:25,312 | 🔴회피(당일시가이하(시가:7230)) | 신뢰도:0%
    09:24→09:27: 종가:7,240 | 거래량:94,108 | 🔴회피(시가대비0.1%상승(2%미만차단)) | 신뢰도:0%
    09:27→09:30: 종가:7,140 | 거래량:38,715 | 🔴회피(당일시가이하(시가:7230)) | 신뢰도:0%
    09:30→09:33: 종가:7,205 | 거래량:37,889 | 🔴회피(당일시가이하(시가:7230)) | 신뢰도:0%
    09:33→09:36: 종가:7,210 | 거래량:23,738 | 🔴회피(당일시가이하(시가:7230)) | 신뢰도:0%
    09:36→09:39: 종가:7,200 | 거래량:21,554 | 🔴회피(당일시가이하(시가:7230)) | 신뢰도:0%
    09:39→09:42: 종가:7,160 | 거래량:16,845 | 🔴회피(당일시가이하(시가:7230)) | 신뢰도:0%
    09:42→09:45: 종가:7,110 | 거래량:26,743 | 🔴회피(당일시가이하(시가:7230)) | 신뢰도:0%
    09:45→09:48: 종가:7,180 | 거래량:13,065 | 🔴회피(당일시가이하(시가:7230)) | 신뢰도:0%
    09:48→09:51: 종가:7,260 | 거래량:18,258 | 🔴회피(시가대비0.4%상승(2%미만차단)) | 신뢰도:0%
    09:51→09:54: 종가:7,250 | 거래량:42,154 | 🔴회피(시가대비0.3%상승(2%미만차단)) | 신뢰도:0%
    09:54→09:57: 종가:7,140 | 거래량:25,557 | 🔴회피(당일시가이하(시가:7230)) | 신뢰도:0%
    09:57→10:00: 종가:7,160 | 거래량:9,669 | 🔴회피(당일시가이하(시가:7230)) | 신뢰도:0%
    10:00→10:03: 종가:7,180 | 거래량:5,038 | 🔴회피(당일시가이하(시가:7230)) | 신뢰도:0%
    10:03→10:06: 종가:7,280 | 거래량:35,617 | 🔴회피(시가대비0.7%상승(2%미만차단)) | 신뢰도:0%
    10:06→10:09: 종가:7,250 | 거래량:94,769 | 🔴회피(위험신호: LARGE_BEARISH_VOLUME) | 신뢰도:0%
    10:09→10:12: 종가:7,160 | 거래량:28,889 | 🔴회피(당일시가이하(시가:7230)) | 신뢰도:0%
    10:12→10:15: 종가:7,150 | 거래량:25,310 | 🔴회피(당일시가이하(시가:7230)) | 신뢰도:0%
    10:15→10:18: 종가:7,190 | 거래량:6,595 | 🔴회피(당일시가이하(시가:7230)) | 신뢰도:0%
    10:18→10:21: 종가:7,230 | 거래량:11,334 | 🔴회피(당일시가이하(시가:7230)) | 신뢰도:0%
    10:21→10:24: 종가:7,260 | 거래량:65,875 | 🔴회피(시가대비0.4%상승(2%미만차단)) | 신뢰도:0%
    10:24→10:27: 종가:7,210 | 거래량:13,397 | 🔴회피(당일시가이하(시가:7230)) | 신뢰도:0%
    10:27→10:30: 종가:7,260 | 거래량:9,734 | 🔴회피(시가대비0.4%상승(2%미만차단)) | 신뢰도:0%
    10:30→10:33: 종가:7,280 | 거래량:10,291 | 🔴회피(시가대비0.7%상승(2%미만차단)) | 신뢰도:0%
    10:33→10:36: 종가:7,280 | 거래량:8,791 | 🔴회피(시가대비0.7%상승(2%미만차단)) | 신뢰도:0%
    10:36→10:39: 종가:7,260 | 거래량:11,306 | 🔴회피(시가대비0.4%상승(2%미만차단)) | 신뢰도:0%
    10:39→10:42: 종가:7,250 | 거래량:11,070 | 🔴회피(시가대비0.3%상승(2%미만차단)) | 신뢰도:0%
    10:42→10:45: 종가:7,260 | 거래량:8,448 | 🔴회피(시가대비0.4%상승(2%미만차단)) | 신뢰도:0%
    10:45→10:48: 종가:7,250 | 거래량:15,623 | 🔴회피(시가대비0.3%상승(2%미만차단)) | 신뢰도:0%
    10:48→10:51: 종가:7,230 | 거래량:10,999 | 🔴회피(당일시가이하(시가:7230)) | 신뢰도:0%
    10:51→10:54: 종가:7,250 | 거래량:13,288 | 🔴회피(시가대비0.3%상승(2%미만차단)) | 신뢰도:0%
    10:54→10:57: 종가:7,260 | 거래량:9,141 | 🔴회피(시가대비0.4%상승(2%미만차단)) | 신뢰도:0%
    10:57→11:00: 종가:7,200 | 거래량:12,988 | 🔴회피(당일시가이하(시가:7230)) | 신뢰도:0%
    11:00→11:03: 종가:7,170 | 거래량:22,620 | 🔴회피(당일시가이하(시가:7230)) | 신뢰도:0%
    11:03→11:06: 종가:7,200 | 거래량:10,811 | 🔴회피(당일시가이하(시가:7230)) | 신뢰도:0%
    11:06→11:09: 종가:7,170 | 거래량:11,569 | 🔴회피(당일시가이하(시가:7230)) | 신뢰도:0%
    11:09→11:12: 종가:7,170 | 거래량:3,808 | 🔴회피(당일시가이하(시가:7230)) | 신뢰도:0%
    11:12→11:15: 종가:7,190 | 거래량:1,561 | 🔴회피(당일시가이하(시가:7230)) | 신뢰도:0%
    11:15→11:18: 종가:7,170 | 거래량:3,559 | 🔴회피(당일시가이하(시가:7230)) | 신뢰도:0%
    11:18→11:21: 종가:7,270 | 거래량:9,643 | 🔴회피(시가대비0.6%상승(2%미만차단)) | 신뢰도:0%
    11:21→11:24: 종가:7,270 | 거래량:11,632 | 🔴회피(시가대비0.6%상승(2%미만차단)) | 신뢰도:0%
    11:24→11:27: 종가:7,250 | 거래량:7,965 | 🔴회피(시가대비0.3%상승(2%미만차단)) | 신뢰도:0%
    11:27→11:30: 종가:7,250 | 거래량:1,738 | 🔴회피(시가대비0.3%상승(2%미만차단)) | 신뢰도:0%
    11:30→11:33: 종가:7,240 | 거래량:1,327 | 🔴회피(시가대비0.1%상승(2%미만차단)) | 신뢰도:0%
    11:33→11:36: 종가:7,250 | 거래량:3,466 | 🔴회피(시가대비0.3%상승(2%미만차단)) | 신뢰도:0%
    11:36→11:39: 종가:7,250 | 거래량:4,161 | 🔴회피(시가대비0.3%상승(2%미만차단)) | 신뢰도:0%
    11:39→11:42: 종가:7,240 | 거래량:3,169 | 🔴회피(시가대비0.1%상승(2%미만차단)) | 신뢰도:0%
    11:42→11:45: 종가:7,250 | 거래량:1,766 | 🔴회피(시가대비0.3%상승(2%미만차단)) | 신뢰도:0%
    11:45→11:48: 종가:7,240 | 거래량:3,034 | 🔴회피(시가대비0.1%상승(2%미만차단)) | 신뢰도:0%
    11:48→11:51: 종가:7,240 | 거래량:5,862 | 🔴회피(시가대비0.1%상승(2%미만차단)) | 신뢰도:0%
    11:51→11:54: 종가:7,250 | 거래량:4,745 | 🔴회피(시가대비0.3%상승(2%미만차단)) | 신뢰도:0%
    11:54→11:57: 종가:7,260 | 거래량:3,286 | 🔴회피(시가대비0.4%상승(2%미만차단)) | 신뢰도:0%
    11:57→12:00: 종가:7,290 | 거래량:21,090 | 🔴회피(시가대비0.8%상승(2%미만차단)) | 신뢰도:0%
    12:00→12:03: 종가:7,300 | 거래량:13,100 | 🔴회피(시가대비1.0%상승(2%미만차단)) | 신뢰도:0%
    12:03→12:06: 종가:7,300 | 거래량:20,817 | 🔴회피(시가대비1.0%상승(2%미만차단)) | 신뢰도:0%
    12:06→12:09: 종가:7,330 | 거래량:41,125 | 🔴회피(시가대비1.4%상승(2%미만차단)) | 신뢰도:0%
    12:09→12:12: 종가:7,250 | 거래량:16,648 | 🔴회피(시가대비0.3%상승(2%미만차단)) | 신뢰도:0%
    12:12→12:15: 종가:7,250 | 거래량:8,882 | 🔴회피(시가대비0.3%상승(2%미만차단)) | 신뢰도:0%
    12:15→12:18: 종가:7,250 | 거래량:8,265 | 🔴회피(시가대비0.3%상승(2%미만차단)) | 신뢰도:0%
    12:18→12:21: 종가:7,210 | 거래량:21,212 | 🔴회피(당일시가이하(시가:7230)) | 신뢰도:0%
    12:21→12:24: 종가:7,190 | 거래량:1,964 | 🔴회피(당일시가이하(시가:7230)) | 신뢰도:0%
    12:24→12:27: 종가:7,190 | 거래량:7,398 | 🔴회피(당일시가이하(시가:7230)) | 신뢰도:0%
    12:27→12:30: 종가:7,180 | 거래량:5,420 | 🔴회피(당일시가이하(시가:7230)) | 신뢰도:0%
    12:30→12:33: 종가:7,100 | 거래량:38,305 | 🔴회피(당일시가이하(시가:7230)) | 신뢰도:0%
    12:33→12:36: 종가:7,140 | 거래량:15,073 | 🔴회피(당일시가이하(시가:7230)) | 신뢰도:0%
    12:36→12:39: 종가:7,100 | 거래량:19,757 | 🔴회피(당일시가이하(시가:7230)) | 신뢰도:0%
    12:39→12:42: 종가:7,110 | 거래량:9,020 | 🔴회피(당일시가이하(시가:7230)) | 신뢰도:0%
    12:42→12:45: 종가:7,120 | 거래량:3,421 | 🔴회피(당일시가이하(시가:7230)) | 신뢰도:0%
    12:45→12:48: 종가:7,150 | 거래량:8,084 | 🔴회피(당일시가이하(시가:7230)) | 신뢰도:0%
    12:48→12:51: 종가:7,140 | 거래량:7,343 | 🔴회피(당일시가이하(시가:7230)) | 신뢰도:0%
    12:51→12:54: 종가:7,110 | 거래량:2,757 | 🔴회피(당일시가이하(시가:7230)) | 신뢰도:0%
    12:54→12:57: 종가:7,140 | 거래량:10,372 | 🔴회피(당일시가이하(시가:7230)) | 신뢰도:0%
    12:57→13:00: 종가:7,160 | 거래량:4,149 | 🔴회피(당일시가이하(시가:7230)) | 신뢰도:0%
    13:00→13:03: 종가:7,250 | 거래량:10,376 | 🔴회피(시가대비0.3%상승(2%미만차단)) | 신뢰도:0%
    13:03→13:06: 종가:7,160 | 거래량:1,509 | 🔴회피(당일시가이하(시가:7230)) | 신뢰도:0%
    13:06→13:09: 종가:7,140 | 거래량:3,533 | 🔴회피(당일시가이하(시가:7230)) | 신뢰도:0%
    13:09→13:12: 종가:7,100 | 거래량:4,903 | 🔴회피(당일시가이하(시가:7230)) | 신뢰도:0%
    13:12→13:15: 종가:7,090 | 거래량:13,901 | 🔴회피(당일시가이하(시가:7230)) | 신뢰도:0%
    13:15→13:18: 종가:7,080 | 거래량:13,470 | 🔴회피(위험신호: BISECTOR_BREAK) | 신뢰도:0%
    13:18→13:21: 종가:7,110 | 거래량:4,161 | 🔴회피(당일시가이하(시가:7230)) | 신뢰도:0%
    13:21→13:24: 종가:7,205 | 거래량:6,576 | 🔴회피(당일시가이하(시가:7230)) | 신뢰도:0%
    13:24→13:27: 종가:7,150 | 거래량:5,422 | 🔴회피(당일시가이하(시가:7230)) | 신뢰도:0%
    13:27→13:30: 종가:7,130 | 거래량:1,934 | 🔴회피(당일시가이하(시가:7230)) | 신뢰도:0%
    13:30→13:33: 종가:7,130 | 거래량:3,594 | 🔴회피(당일시가이하(시가:7230)) | 신뢰도:0%
    13:33→13:36: 종가:7,080 | 거래량:8,445 | 🔴회피(위험신호: BISECTOR_BREAK) | 신뢰도:0%
    13:36→13:39: 종가:7,080 | 거래량:6,394 | 🔴회피(위험신호: BISECTOR_BREAK) | 신뢰도:0%
    13:39→13:42: 종가:7,080 | 거래량:2,598 | 🔴회피(위험신호: BISECTOR_BREAK) | 신뢰도:0%
    13:42→13:45: 종가:7,160 | 거래량:9,726 | 🔴회피(당일시가이하(시가:7230)) | 신뢰도:0%
    13:45→13:48: 종가:7,230 | 거래량:24,884 | 🔴회피(당일시가이하(시가:7230)) | 신뢰도:0%
    13:48→13:51: 종가:7,260 | 거래량:15,992 | 🔴회피(시가대비0.4%상승(2%미만차단)) | 신뢰도:0%
    13:51→13:54: 종가:7,200 | 거래량:8,206 | 🔴회피(당일시가이하(시가:7230)) | 신뢰도:0%
    13:54→13:57: 종가:7,180 | 거래량:4,510 | 🔴회피(당일시가이하(시가:7230)) | 신뢰도:0%
    13:57→14:00: 종가:7,230 | 거래량:1,506 | 🔴회피(당일시가이하(시가:7230)) | 신뢰도:0%
    14:00→14:03: 종가:7,170 | 거래량:5,555 | 🔴회피(당일시가이하(시가:7230)) | 신뢰도:0%
    14:03→14:06: 종가:7,180 | 거래량:3,823 | 🔴회피(당일시가이하(시가:7230)) | 신뢰도:0%
    14:06→14:09: 종가:7,280 | 거래량:13,368 | 🔴회피(시가대비0.7%상승(2%미만차단)) | 신뢰도:0%
    14:09→14:12: 종가:7,270 | 거래량:24,308 | 🔴회피(시가대비0.6%상승(2%미만차단)) | 신뢰도:0%
    14:12→14:15: 종가:7,260 | 거래량:14,116 | 🔴회피(시가대비0.4%상승(2%미만차단)) | 신뢰도:0%
    14:15→14:18: 종가:7,200 | 거래량:8,520 | 🔴회피(당일시가이하(시가:7230)) | 신뢰도:0%
    14:18→14:21: 종가:7,110 | 거래량:20,749 | 🔴회피(당일시가이하(시가:7230)) | 신뢰도:0%
    14:21→14:24: 종가:7,170 | 거래량:18,116 | 🔴회피(당일시가이하(시가:7230)) | 신뢰도:0%
    14:24→14:27: 종가:7,100 | 거래량:9,881 | 🔴회피(당일시가이하(시가:7230)) | 신뢰도:0%
    14:27→14:30: 종가:7,120 | 거래량:8,185 | 🔴회피(당일시가이하(시가:7230)) | 신뢰도:0%
    14:30→14:33: 종가:7,150 | 거래량:17,321 | 🔴회피(당일시가이하(시가:7230)) | 신뢰도:0%
    14:33→14:36: 종가:7,120 | 거래량:7,782 | 🔴회피(당일시가이하(시가:7230)) | 신뢰도:0%
    14:36→14:39: 종가:7,170 | 거래량:9,059 | 🔴회피(당일시가이하(시가:7230)) | 신뢰도:0%
    14:39→14:42: 종가:7,120 | 거래량:2,551 | 🔴회피(당일시가이하(시가:7230)) | 신뢰도:0%
    14:42→14:45: 종가:7,110 | 거래량:5,154 | 🔴회피(당일시가이하(시가:7230)) | 신뢰도:0%
    14:45→14:48: 종가:7,120 | 거래량:4,871 | 🔴회피(당일시가이하(시가:7230)) | 신뢰도:0%
    14:48→14:51: 종가:7,160 | 거래량:3,111 | 🔴회피(당일시가이하(시가:7230)) | 신뢰도:0%
    14:51→14:54: 종가:7,130 | 거래량:8,493 | 🔴회피(당일시가이하(시가:7230)) | 신뢰도:0%
    14:54→14:57: 종가:7,100 | 거래량:14,835 | 🔴회피(당일시가이하(시가:7230)) | 신뢰도:0%
    14:57→15:00: 종가:7,100 | 거래량:12,930 | 🔴회피(당일시가이하(시가:7230)) | 신뢰도:0%
    15:00→15:03: 종가:7,150 | 거래량:12,053 | 🔴회피(당일시가이하(시가:7230)) | 신뢰도:0%
    15:03→15:06: 종가:7,100 | 거래량:4,717 | 🔴회피(당일시가이하(시가:7230)) | 신뢰도:0%
    15:06→15:09: 종가:7,080 | 거래량:9,083 | 🔴회피(위험신호: BISECTOR_BREAK) | 신뢰도:0%
    15:09→15:12: 종가:7,030 | 거래량:39,833 | 🔴회피(위험신호: BISECTOR_BREAK) | 신뢰도:0%
    15:12→15:15: 종가:6,970 | 거래량:37,238 | 🔴회피(위험신호: BISECTOR_BREAK) | 신뢰도:0%
    15:15→15:18: 종가:6,830 | 거래량:78,478 | 🔴회피(위험신호: LARGE_BEARISH_VOLUME) | 신뢰도:0%
    15:18→15:21: 종가:6,900 | 거래량:30,842 | 🔴회피(위험신호: BISECTOR_BREAK) | 신뢰도:0%

=== 327260 - 20251202 눌림목(3분) 신호 재현 ===
  selection_date: 2025-12-02 13:52:25
  승패: 0승 0패
  selection_date 이후 승패: 0승 0패
  매매신호:
    없음
  체결 시뮬레이션:
    없음
  매수 못한 기회:
    없음

  🔍 상세 3분봉 분석 (09:00~15:30):
    09:00→09:03: 데이터부족
    09:03→09:06: 데이터부족
    09:06→09:09: 데이터부족
    09:09→09:12: 데이터부족
    09:12→09:15: 종가:20,100 | 거래량:1,722 | 🔴회피(시가대비0.2%상승(2%미만차단)) | 신뢰도:0%
    09:15→09:18: 종가:19,880 | 거래량:2,808 | 🔴회피(위험신호: BISECTOR_BREAK) | 신뢰도:0%
    09:18→09:21: 종가:20,100 | 거래량:2,790 | 🔴회피(시가대비0.2%상승(2%미만차단)) | 신뢰도:0%
    09:21→09:24: 종가:19,880 | 거래량:1,322 | 🔴회피(위험신호: BISECTOR_BREAK) | 신뢰도:0%
    09:24→09:27: 종가:19,980 | 거래량:584 | 🔴회피(위험신호: BISECTOR_BREAK) | 신뢰도:0%
    09:27→09:30: 종가:20,050 | 거래량:1,452 | 🔴회피(당일시가이하(시가:20050)) | 신뢰도:0%
    09:30→09:33: 종가:19,780 | 거래량:250 | 🔴회피(위험신호: BISECTOR_BREAK) | 신뢰도:0%
    09:33→09:36: 종가:19,790 | 거래량:172 | 🔴회피(위험신호: BISECTOR_BREAK) | 신뢰도:0%
    09:36→09:39: 종가:19,900 | 거래량:43 | 🔴회피(위험신호: BISECTOR_BREAK) | 신뢰도:0%
    09:39→09:42: 종가:19,900 | 거래량:2,828 | 🔴회피(위험신호: BISECTOR_BREAK) | 신뢰도:0%
    09:42→09:45: 종가:19,730 | 거래량:2,767 | 🔴회피(위험신호: BISECTOR_BREAK) | 신뢰도:0%
    09:45→09:48: 종가:19,780 | 거래량:857 | 🔴회피(위험신호: BISECTOR_BREAK) | 신뢰도:0%
    09:48→09:51: 종가:19,650 | 거래량:1,556 | 🔴회피(위험신호: BISECTOR_BREAK) | 신뢰도:0%
    09:51→09:54: 종가:19,710 | 거래량:5,864 | 🔴회피(위험신호: BISECTOR_BREAK) | 신뢰도:0%
    09:54→09:57: 종가:20,150 | 거래량:3,917 | 🔴회피(시가대비0.5%상승(2%미만차단)) | 신뢰도:0%
    09:57→10:00: 종가:19,910 | 거래량:1,803 | 🔴회피(위험신호: BISECTOR_BREAK) | 신뢰도:0%
    10:00→10:03: 종가:19,900 | 거래량:1,261 | 🔴회피(위험신호: BISECTOR_BREAK) | 신뢰도:0%
    10:03→10:06: 종가:19,990 | 거래량:711 | 🔴회피(위험신호: BISECTOR_BREAK) | 신뢰도:0%
    10:06→10:09: 종가:20,100 | 거래량:699 | 🔴회피(시가대비0.2%상승(2%미만차단)) | 신뢰도:0%
    10:09→10:12: 종가:20,200 | 거래량:447 | 🔴회피(시가대비0.7%상승(2%미만차단)) | 신뢰도:0%
    10:12→10:15: 종가:20,150 | 거래량:500 | 🔴회피(시가대비0.5%상승(2%미만차단)) | 신뢰도:0%
    10:15→10:18: 종가:20,100 | 거래량:296 | 🔴회피(시가대비0.2%상승(2%미만차단)) | 신뢰도:0%
    10:18→10:21: 종가:20,150 | 거래량:521 | 🔴회피(시가대비0.5%상승(2%미만차단)) | 신뢰도:0%
    10:21→10:24: 종가:20,200 | 거래량:405 | 🔴회피(시가대비0.7%상승(2%미만차단)) | 신뢰도:0%
    10:24→10:27: 종가:20,150 | 거래량:1,560 | 🔴회피(시가대비0.5%상승(2%미만차단)) | 신뢰도:0%
    10:27→10:30: 종가:20,050 | 거래량:166 | 🔴회피(당일시가이하(시가:20050)) | 신뢰도:0%
    10:30→10:33: 종가:20,150 | 거래량:260 | 🔴회피(시가대비0.5%상승(2%미만차단)) | 신뢰도:0%
    10:33→10:36: 종가:20,200 | 거래량:425 | 🔴회피(시가대비0.7%상승(2%미만차단)) | 신뢰도:0%
    10:36→10:39: 종가:20,300 | 거래량:352 | 🔴회피(시가대비1.2%상승(2%미만차단)) | 신뢰도:0%
    10:39→10:42: 종가:20,250 | 거래량:386 | 🔴회피(시가대비1.0%상승(2%미만차단)) | 신뢰도:0%
    10:42→10:45: 종가:20,250 | 거래량:1,573 | 🔴회피(시가대비1.0%상승(2%미만차단)) | 신뢰도:0%
    10:45→10:48: 종가:20,450 | 거래량:1,502 | 🔴회피(시가대비2.0%상승(2%미만차단)) | 신뢰도:0%
    10:48→10:51: 종가:20,400 | 거래량:1,815 | 🔴회피(시가대비1.7%상승(2%미만차단)) | 신뢰도:0%
    10:51→10:54: 종가:20,500 | 거래량:1,785 | 🔴회피(4단계패턴없음) | 신뢰도:0%
    10:54→10:57: 종가:20,650 | 거래량:2,402 | 🔴회피(4단계패턴없음) | 신뢰도:0%
    10:57→11:00: 종가:20,750 | 거래량:2,118 | 🔴회피(4단계패턴없음) | 신뢰도:0%
    11:00→11:03: 종가:20,450 | 거래량:2,843 | 🔴회피(시가대비2.0%상승(2%미만차단)) | 신뢰도:0%
    11:03→11:06: 종가:20,650 | 거래량:792 | 🔴회피(4단계패턴없음) | 신뢰도:0%
    11:06→11:09: 종가:20,600 | 거래량:926 | 🔴회피(4단계패턴없음) | 신뢰도:0%
    11:09→11:12: 종가:20,650 | 거래량:883 | 🔴회피(4단계패턴없음) | 신뢰도:0%
    11:12→11:15: 종가:20,650 | 거래량:1,233 | 🔴회피(4단계패턴없음) | 신뢰도:0%
    11:15→11:18: 종가:20,650 | 거래량:1,485 | 🔴회피(4단계패턴없음) | 신뢰도:0%
    11:18→11:21: 종가:20,550 | 거래량:591 | 🔴회피(4단계패턴없음) | 신뢰도:0%
    11:21→11:24: 종가:20,400 | 거래량:1,472 | 🔴회피(시가대비1.7%상승(2%미만차단)) | 신뢰도:0%
    11:24→11:27: 종가:20,350 | 거래량:8,866 | 🔴회피(위험신호: LARGE_BEARISH_VOLUME) | 신뢰도:0%
    11:27→11:30: 종가:20,250 | 거래량:1,186 | 🔴회피(시가대비1.0%상승(2%미만차단)) | 신뢰도:0%
    11:30→11:33: 종가:20,300 | 거래량:417 | 🔴회피(시가대비1.2%상승(2%미만차단)) | 신뢰도:0%
    11:33→11:36: 종가:20,250 | 거래량:413 | 🔴회피(시가대비1.0%상승(2%미만차단)) | 신뢰도:0%
    11:36→11:39: 종가:20,300 | 거래량:651 | 🔴회피(시가대비1.2%상승(2%미만차단)) | 신뢰도:0%
    11:39→11:42: 종가:20,400 | 거래량:303 | 🔴회피(시가대비1.7%상승(2%미만차단)) | 신뢰도:0%
    11:42→11:45: 종가:20,400 | 거래량:589 | 🔴회피(시가대비1.7%상승(2%미만차단)) | 신뢰도:0%
    11:45→11:48: 종가:20,450 | 거래량:513 | 🔴회피(시가대비2.0%상승(2%미만차단)) | 신뢰도:0%
    11:48→11:51: 종가:20,500 | 거래량:546 | 🔴회피(4단계패턴없음) | 신뢰도:0%
    11:51→11:54: 종가:20,500 | 거래량:994 | 🔴회피(4단계패턴없음) | 신뢰도:0%
    11:54→11:57: 종가:20,650 | 거래량:939 | 🔴회피(4단계패턴없음) | 신뢰도:0%
    11:57→12:00: 종가:20,550 | 거래량:961 | 🔴회피(4단계패턴없음) | 신뢰도:0%
    12:00→12:03: 종가:20,450 | 거래량:3,002 | 🔴회피(시가대비2.0%상승(2%미만차단)) | 신뢰도:0%
    12:03→12:06: 종가:20,450 | 거래량:331 | 🔴회피(시가대비2.0%상승(2%미만차단)) | 신뢰도:0%
    12:06→12:09: 종가:20,400 | 거래량:363 | 🔴회피(시가대비1.7%상승(2%미만차단)) | 신뢰도:0%
    12:09→12:12: 종가:20,400 | 거래량:390 | 🔴회피(시가대비1.7%상승(2%미만차단)) | 신뢰도:0%
    12:12→12:15: 종가:20,300 | 거래량:220 | 🔴회피(시가대비1.2%상승(2%미만차단)) | 신뢰도:0%
    12:15→12:18: 종가:20,300 | 거래량:564 | 🔴회피(시가대비1.2%상승(2%미만차단)) | 신뢰도:0%
    12:18→12:21: 종가:20,350 | 거래량:259 | 🔴회피(시가대비1.5%상승(2%미만차단)) | 신뢰도:0%
    12:21→12:24: 종가:20,350 | 거래량:422 | 🔴회피(시가대비1.5%상승(2%미만차단)) | 신뢰도:0%
    12:24→12:27: 종가:20,450 | 거래량:255 | 🔴회피(시가대비2.0%상승(2%미만차단)) | 신뢰도:0%
    12:27→12:30: 종가:20,400 | 거래량:563 | 🔴회피(시가대비1.7%상승(2%미만차단)) | 신뢰도:0%
    12:30→12:33: 종가:20,350 | 거래량:287 | 🔴회피(시가대비1.5%상승(2%미만차단)) | 신뢰도:0%
    12:33→12:36: 종가:20,400 | 거래량:190 | 🔴회피(시가대비1.7%상승(2%미만차단)) | 신뢰도:0%
    12:36→12:39: 종가:20,450 | 거래량:668 | 🔴회피(시가대비2.0%상승(2%미만차단)) | 신뢰도:0%
    12:39→12:42: 종가:20,450 | 거래량:473 | 🔴회피(시가대비2.0%상승(2%미만차단)) | 신뢰도:0%
    12:42→12:45: 종가:20,500 | 거래량:242 | 🔴회피(4단계패턴없음) | 신뢰도:0%
    12:45→12:48: 종가:20,550 | 거래량:410 | 🔴회피(4단계패턴없음) | 신뢰도:0%
    12:48→12:51: 종가:20,500 | 거래량:420 | 🔴회피(4단계패턴없음) | 신뢰도:0%
    12:51→12:54: 종가:20,600 | 거래량:349 | 🔴회피(4단계패턴없음) | 신뢰도:0%
    12:54→12:57: 종가:20,650 | 거래량:627 | 🔴회피(4단계패턴없음) | 신뢰도:0%
    12:57→13:00: 종가:20,650 | 거래량:1,565 | 🔴회피(4단계패턴없음) | 신뢰도:0%
    13:00→13:03: 종가:20,450 | 거래량:288 | 🔴회피(시가대비2.0%상승(2%미만차단)) | 신뢰도:0%
    13:03→13:06: 종가:20,400 | 거래량:220 | 🔴회피(시가대비1.7%상승(2%미만차단)) | 신뢰도:0%
    13:06→13:09: 종가:20,450 | 거래량:131 | 🔴회피(시가대비2.0%상승(2%미만차단)) | 신뢰도:0%
    13:09→13:12: 종가:20,450 | 거래량:508 | 🔴회피(시가대비2.0%상승(2%미만차단)) | 신뢰도:0%
    13:12→13:15: 종가:20,450 | 거래량:358 | 🔴회피(시가대비2.0%상승(2%미만차단)) | 신뢰도:0%
    13:15→13:18: 종가:20,400 | 거래량:746 | 🔴회피(시가대비1.7%상승(2%미만차단)) | 신뢰도:0%
    13:18→13:21: 종가:20,500 | 거래량:1,348 | 🔴회피(4단계패턴없음) | 신뢰도:0%
    13:21→13:24: 종가:20,550 | 거래량:566 | 🔴회피(4단계패턴없음) | 신뢰도:0%
    13:24→13:27: 종가:20,600 | 거래량:1,867 | 🔴회피(4단계패턴없음) | 신뢰도:0%
    13:27→13:30: 종가:20,700 | 거래량:1,764 | 🔴회피(4단계패턴없음) | 신뢰도:0%
    13:30→13:33: 종가:20,550 | 거래량:1,108 | 🔴회피(4단계패턴없음) | 신뢰도:0%
    13:33→13:36: 종가:20,550 | 거래량:382 | 🔴회피(4단계패턴없음) | 신뢰도:0%
    13:36→13:39: 종가:20,600 | 거래량:607 | 🔴회피(4단계패턴없음) | 신뢰도:0%
    13:39→13:42: 종가:20,550 | 거래량:230 | 🔴회피(4단계패턴없음) | 신뢰도:0%
    13:42→13:45: 종가:20,550 | 거래량:678 | 🔴회피(4단계패턴없음) | 신뢰도:0%
    13:45→13:48: 종가:20,550 | 거래량:261 | 🔴회피(4단계패턴없음) | 신뢰도:0%
    13:48→13:51: 종가:20,700 | 거래량:617 | 🔴회피(4단계패턴없음) | 신뢰도:0%
    13:51→13:54: 종가:20,950 | 거래량:2,113 | 🔴회피(4단계패턴없음) | 신뢰도:0%
    13:54→13:57: 종가:21,000 | 거래량:4,672 | 🔴회피(4단계패턴없음) | 신뢰도:0%
    13:57→14:00: 종가:21,000 | 거래량:1,809 | 🔴회피(4단계패턴없음) | 신뢰도:0%
    14:00→14:03: 종가:20,950 | 거래량:3,187 | 🔴회피(4단계패턴없음) | 신뢰도:0%
    14:03→14:06: 종가:21,000 | 거래량:1,202 | 🔴회피(4단계패턴없음) | 신뢰도:0%
    14:06→14:09: 종가:20,850 | 거래량:1,342 | 🔴회피(4단계패턴없음) | 신뢰도:0%
    14:09→14:12: 종가:20,950 | 거래량:901 | 🔴회피(4단계패턴없음) | 신뢰도:0%
    14:12→14:15: 종가:20,600 | 거래량:5,094 | 🔴회피(위험신호: LARGE_BEARISH_VOLUME) | 신뢰도:0%
    14:15→14:18: 종가:20,750 | 거래량:2,138 | 🔴회피(4단계패턴없음) | 신뢰도:0%
    14:18→14:21: 종가:20,700 | 거래량:863 | 🔴회피(4단계패턴없음) | 신뢰도:0%
    14:21→14:24: 종가:20,700 | 거래량:2,376 | 🔴회피(4단계패턴없음) | 신뢰도:0%
    14:24→14:27: 종가:20,600 | 거래량:1,075 | 🔴회피(4단계패턴없음) | 신뢰도:0%
    14:27→14:30: 종가:20,750 | 거래량:765 | 🔴회피(4단계패턴없음) | 신뢰도:0%
    14:30→14:33: 종가:20,750 | 거래량:1,426 | 🔴회피(4단계패턴없음) | 신뢰도:0%
    14:33→14:36: 종가:20,800 | 거래량:697 | 🔴회피(4단계패턴없음) | 신뢰도:0%
    14:36→14:39: 종가:20,800 | 거래량:856 | 🔴회피(4단계패턴없음) | 신뢰도:0%
    14:39→14:42: 종가:20,650 | 거래량:1,356 | 🔴회피(4단계패턴없음) | 신뢰도:0%
    14:42→14:45: 종가:20,800 | 거래량:988 | 🔴회피(4단계패턴없음) | 신뢰도:0%
    14:45→14:48: 종가:20,800 | 거래량:937 | 🔴회피(4단계패턴없음) | 신뢰도:0%
    14:48→14:51: 종가:20,800 | 거래량:1,326 | 🔴회피(4단계패턴없음) | 신뢰도:0%
    14:51→14:54: 종가:20,500 | 거래량:2,394 | 🔴회피(4단계패턴없음) | 신뢰도:0%
    14:54→14:57: 종가:20,500 | 거래량:689 | 🔴회피(4단계패턴없음) | 신뢰도:0%
    14:57→15:00: 종가:20,550 | 거래량:215 | 🔴회피(4단계패턴없음) | 신뢰도:0%
    15:00→15:03: 종가:20,550 | 거래량:433 | 🔴회피(4단계패턴없음) | 신뢰도:0%
    15:03→15:06: 종가:20,600 | 거래량:628 | 🔴회피(4단계패턴없음) | 신뢰도:0%
    15:06→15:09: 종가:20,550 | 거래량:605 | 🔴회피(4단계패턴없음) | 신뢰도:0%
    15:09→15:12: 종가:20,700 | 거래량:2,444 | 🔴회피(4단계패턴없음) | 신뢰도:0%
    15:12→15:15: 종가:20,800 | 거래량:596 | 🔴회피(4단계패턴없음) | 신뢰도:0%
    15:15→15:18: 종가:20,750 | 거래량:2,439 | 🔴회피(4단계패턴없음) | 신뢰도:0%
    15:18→15:21: 종가:20,650 | 거래량:4,103 | 🔴회피(4단계패턴없음) | 신뢰도:0%

=== 126340 - 20251202 눌림목(3분) 신호 재현 ===
  selection_date: 2025-12-02 09:05:54
  승패: 0승 0패
  selection_date 이후 승패: 0승 0패
  매매신호:
    없음
  체결 시뮬레이션:
    없음
  매수 못한 기회:
    없음

  🔍 상세 3분봉 분석 (09:00~15:30):
    09:00→09:03: 데이터부족
    09:03→09:06: 데이터부족
    09:06→09:09: 데이터부족
    09:09→09:12: 데이터부족
    09:12→09:15: 종가:64,400 | 거래량:8,021 | 🔴회피(4단계패턴없음) | 신뢰도:0%
    09:15→09:18: 종가:66,700 | 거래량:33,832 | 🔴회피(4단계패턴없음) | 신뢰도:0%
    09:18→09:21: 종가:67,000 | 거래량:16,125 | 🔴회피(4단계패턴없음) | 신뢰도:0%
    09:21→09:24: 종가:66,500 | 거래량:14,929 | 🔴회피(4단계패턴없음) | 신뢰도:0%
    09:24→09:27: 종가:65,500 | 거래량:8,384 | 🔴회피(4단계패턴없음) | 신뢰도:0%
    09:27→09:30: 종가:66,300 | 거래량:6,401 | 🔴회피(4단계패턴없음) | 신뢰도:0%
    09:30→09:33: 종가:65,500 | 거래량:8,764 | 🔴회피(4단계패턴없음) | 신뢰도:0%
    09:33→09:36: 종가:65,900 | 거래량:3,338 | 🔴회피(4단계패턴없음) | 신뢰도:0%
    09:36→09:39: 종가:65,200 | 거래량:9,947 | 🔴회피(4단계패턴없음) | 신뢰도:0%
    09:39→09:42: 종가:65,300 | 거래량:4,222 | 🔴회피(4단계패턴없음) | 신뢰도:0%
    09:42→09:45: 종가:64,600 | 거래량:1,295 | 🔴회피(4단계패턴없음) | 신뢰도:0%
    09:45→09:48: 종가:64,200 | 거래량:3,140 | 🔴회피(위험신호: BISECTOR_BREAK) | 신뢰도:0%
    09:48→09:51: 종가:64,700 | 거래량:2,177 | 🔴회피(4단계패턴없음) | 신뢰도:0%
    09:51→09:54: 종가:64,800 | 거래량:1,849 | 🔴회피(4단계패턴없음) | 신뢰도:0%
    09:54→09:57: 종가:64,900 | 거래량:865 | 🔴회피(4단계패턴없음) | 신뢰도:0%
    09:57→10:00: 종가:64,200 | 거래량:1,418 | 🔴회피(위험신호: BISECTOR_BREAK) | 신뢰도:0%
    10:00→10:03: 종가:64,500 | 거래량:1,657 | 🔴회피(이등분선아래) | 신뢰도:0%
    10:03→10:06: 종가:64,500 | 거래량:2,607 | 🔴회피(이등분선아래) | 신뢰도:0%
    10:06→10:09: 종가:64,200 | 거래량:1,603 | 🔴회피(위험신호: BISECTOR_BREAK) | 신뢰도:0%
    10:09→10:12: 종가:64,100 | 거래량:4,067 | 🔴회피(위험신호: BISECTOR_BREAK) | 신뢰도:0%
    10:12→10:15: 종가:64,100 | 거래량:3,347 | 🔴회피(위험신호: BISECTOR_BREAK) | 신뢰도:0%
    10:15→10:18: 종가:64,200 | 거래량:2,296 | 🔴회피(위험신호: BISECTOR_BREAK) | 신뢰도:0%
    10:18→10:21: 종가:64,300 | 거래량:751 | 🔴회피(위험신호: BISECTOR_BREAK) | 신뢰도:0%
    10:21→10:24: 종가:63,800 | 거래량:1,443 | 🔴회피(위험신호: BISECTOR_BREAK) | 신뢰도:0%
    10:24→10:27: 종가:63,700 | 거래량:2,315 | 🔴회피(위험신호: BISECTOR_BREAK) | 신뢰도:0%
    10:27→10:30: 종가:63,400 | 거래량:3,106 | 🔴회피(위험신호: BISECTOR_BREAK) | 신뢰도:0%
    10:30→10:33: 종가:63,400 | 거래량:1,608 | 🔴회피(위험신호: BISECTOR_BREAK) | 신뢰도:0%
    10:33→10:36: 종가:62,800 | 거래량:2,392 | 🔴회피(위험신호: BISECTOR_BREAK) | 신뢰도:0%
    10:36→10:39: 종가:62,500 | 거래량:2,206 | 🔴회피(위험신호: BISECTOR_BREAK) | 신뢰도:0%
    10:39→10:42: 종가:62,200 | 거래량:3,565 | 🔴회피(위험신호: BISECTOR_BREAK) | 신뢰도:0%
    10:42→10:45: 종가:62,200 | 거래량:3,935 | 🔴회피(위험신호: BISECTOR_BREAK) | 신뢰도:0%
    10:45→10:48: 종가:62,300 | 거래량:1,691 | 🔴회피(위험신호: BISECTOR_BREAK) | 신뢰도:0%
    10:48→10:51: 종가:62,500 | 거래량:1,648 | 🔴회피(위험신호: BISECTOR_BREAK) | 신뢰도:0%
    10:51→10:54: 종가:62,200 | 거래량:2,178 | 🔴회피(위험신호: BISECTOR_BREAK) | 신뢰도:0%
    10:54→10:57: 종가:61,800 | 거래량:3,111 | 🔴회피(위험신호: BISECTOR_BREAK) | 신뢰도:0%
    10:57→11:00: 종가:61,400 | 거래량:4,607 | 🔴회피(위험신호: BISECTOR_BREAK) | 신뢰도:0%
    11:00→11:03: 종가:61,800 | 거래량:2,260 | 🔴회피(위험신호: BISECTOR_BREAK) | 신뢰도:0%
    11:03→11:06: 종가:61,800 | 거래량:2,015 | 🔴회피(위험신호: BISECTOR_BREAK) | 신뢰도:0%
    11:06→11:09: 종가:61,700 | 거래량:575 | 🔴회피(위험신호: BISECTOR_BREAK) | 신뢰도:0%
    11:09→11:12: 종가:61,900 | 거래량:1,266 | 🔴회피(위험신호: BISECTOR_BREAK) | 신뢰도:0%
    11:12→11:15: 종가:61,700 | 거래량:741 | 🔴회피(위험신호: BISECTOR_BREAK) | 신뢰도:0%
    11:15→11:18: 종가:61,400 | 거래량:2,908 | 🔴회피(위험신호: BISECTOR_BREAK) | 신뢰도:0%
    11:18→11:21: 종가:61,400 | 거래량:2,054 | 🔴회피(위험신호: BISECTOR_BREAK) | 신뢰도:0%
    11:21→11:24: 종가:61,100 | 거래량:2,752 | 🔴회피(위험신호: BISECTOR_BREAK) | 신뢰도:0%
    11:24→11:27: 종가:61,300 | 거래량:1,408 | 🔴회피(위험신호: BISECTOR_BREAK) | 신뢰도:0%
    11:27→11:30: 종가:61,200 | 거래량:708 | 🔴회피(위험신호: BISECTOR_BREAK) | 신뢰도:0%
    11:30→11:33: 종가:61,300 | 거래량:769 | 🔴회피(위험신호: BISECTOR_BREAK) | 신뢰도:0%
    11:33→11:36: 종가:61,200 | 거래량:993 | 🔴회피(위험신호: BISECTOR_BREAK) | 신뢰도:0%
    11:36→11:39: 종가:62,100 | 거래량:1,957 | 🔴회피(위험신호: BISECTOR_BREAK) | 신뢰도:0%
    11:39→11:42: 종가:62,700 | 거래량:4,272 | 🔴회피(위험신호: BISECTOR_BREAK) | 신뢰도:0%
    11:42→11:45: 종가:62,900 | 거래량:1,726 | 🔴회피(위험신호: BISECTOR_BREAK) | 신뢰도:0%
    11:45→11:48: 종가:63,800 | 거래량:4,529 | 🔴회피(위험신호: BISECTOR_BREAK) | 신뢰도:0%
    11:48→11:51: 종가:63,900 | 거래량:3,924 | 🔴회피(위험신호: BISECTOR_BREAK) | 신뢰도:0%
    11:51→11:54: 종가:64,300 | 거래량:2,215 | 🔴회피(4단계패턴없음) | 신뢰도:0%
    11:54→11:57: 종가:64,700 | 거래량:3,131 | 🔴회피(4단계패턴없음) | 신뢰도:0%
    11:57→12:00: 종가:65,000 | 거래량:4,240 | 🔴회피(4단계패턴없음) | 신뢰도:0%
    12:00→12:03: 종가:66,000 | 거래량:7,342 | 🔴회피(4단계패턴없음) | 신뢰도:0%
    12:03→12:06: 종가:65,600 | 거래량:4,360 | 🔴회피(4단계패턴없음) | 신뢰도:0%
    12:06→12:09: 종가:65,600 | 거래량:1,844 | 🔴회피(4단계패턴없음) | 신뢰도:0%
    12:09→12:12: 종가:65,300 | 거래량:1,832 | 🔴회피(4단계패턴없음) | 신뢰도:0%
    12:12→12:15: 종가:65,400 | 거래량:1,348 | 🔴회피(4단계패턴없음) | 신뢰도:0%
    12:15→12:18: 종가:65,400 | 거래량:1,451 | 🔴회피(4단계패턴없음) | 신뢰도:0%
    12:18→12:21: 종가:64,800 | 거래량:2,264 | 🔴회피(4단계패턴없음) | 신뢰도:0%
    12:21→12:24: 종가:65,400 | 거래량:2,275 | 🔴회피(4단계패턴없음) | 신뢰도:0%
    12:24→12:27: 종가:65,600 | 거래량:1,427 | 🔴회피(4단계패턴없음) | 신뢰도:0%
    12:27→12:30: 종가:65,600 | 거래량:1,665 | 🔴회피(4단계패턴없음) | 신뢰도:0%
    12:30→12:33: 종가:65,500 | 거래량:1,230 | 🔴회피(4단계패턴없음) | 신뢰도:0%
    12:33→12:36: 종가:65,300 | 거래량:648 | 🔴회피(4단계패턴없음) | 신뢰도:0%
    12:36→12:39: 종가:65,200 | 거래량:1,474 | 🔴회피(4단계패턴없음) | 신뢰도:0%
    12:39→12:42: 종가:65,000 | 거래량:1,198 | 🔴회피(4단계패턴없음) | 신뢰도:0%
    12:42→12:45: 종가:64,900 | 거래량:1,217 | 🔴회피(4단계패턴없음) | 신뢰도:0%
    12:45→12:48: 종가:64,800 | 거래량:1,330 | 🔴회피(4단계패턴없음) | 신뢰도:0%
    12:48→12:51: 종가:65,000 | 거래량:3,395 | 🔴회피(4단계패턴없음) | 신뢰도:0%
    12:51→12:54: 종가:65,200 | 거래량:1,907 | 🔴회피(4단계패턴없음) | 신뢰도:0%
    12:54→12:57: 종가:64,900 | 거래량:494 | 🔴회피(4단계패턴없음) | 신뢰도:0%
    12:57→13:00: 종가:65,400 | 거래량:1,012 | 🔴회피(4단계패턴없음) | 신뢰도:0%
    13:00→13:03: 종가:65,400 | 거래량:442 | 🔴회피(4단계패턴없음) | 신뢰도:0%
    13:03→13:06: 종가:65,100 | 거래량:1,082 | 🔴회피(4단계패턴없음) | 신뢰도:0%
    13:06→13:09: 종가:65,100 | 거래량:667 | 🔴회피(4단계패턴없음) | 신뢰도:0%
    13:09→13:12: 종가:64,900 | 거래량:679 | 🔴회피(4단계패턴없음) | 신뢰도:0%
    13:12→13:15: 종가:64,900 | 거래량:389 | 🔴회피(4단계패턴없음) | 신뢰도:0%
    13:15→13:18: 종가:64,900 | 거래량:809 | 🔴회피(4단계패턴없음) | 신뢰도:0%
    13:18→13:21: 종가:65,000 | 거래량:457 | 🔴회피(4단계패턴없음) | 신뢰도:0%
    13:21→13:24: 종가:65,500 | 거래량:10,014 | 🔴회피(4단계패턴없음) | 신뢰도:0%
    13:24→13:27: 종가:66,000 | 거래량:2,635 | 🔴회피(4단계패턴없음) | 신뢰도:0%
    13:27→13:30: 종가:65,600 | 거래량:2,625 | 🔴회피(4단계패턴없음) | 신뢰도:0%
    13:30→13:33: 종가:66,300 | 거래량:3,373 | 🔴회피(4단계패턴없음) | 신뢰도:0%
    13:33→13:36: 종가:66,500 | 거래량:2,597 | 🔴회피(4단계패턴없음) | 신뢰도:0%
    13:36→13:39: 종가:66,800 | 거래량:2,739 | 🔴회피(4단계패턴없음) | 신뢰도:0%
    13:39→13:42: 종가:66,200 | 거래량:1,207 | 🔴회피(4단계패턴없음) | 신뢰도:0%
    13:42→13:45: 종가:66,100 | 거래량:765 | 🔴회피(4단계패턴없음) | 신뢰도:0%
    13:45→13:48: 종가:65,900 | 거래량:976 | 🔴회피(4단계패턴없음) | 신뢰도:0%
    13:48→13:51: 종가:65,700 | 거래량:1,513 | 🔴회피(4단계패턴없음) | 신뢰도:0%
    13:51→13:54: 종가:66,300 | 거래량:2,217 | 🔴회피(4단계패턴없음) | 신뢰도:0%
    13:54→13:57: 종가:65,900 | 거래량:1,052 | 🔴회피(4단계패턴없음) | 신뢰도:0%
    13:57→14:00: 종가:65,900 | 거래량:769 | 🔴회피(4단계패턴없음) | 신뢰도:0%
    14:00→14:03: 종가:64,500 | 거래량:10,769 | 🔴회피(4단계패턴없음) | 신뢰도:0%
    14:03→14:06: 종가:64,300 | 거래량:2,580 | 🔴회피(4단계패턴없음) | 신뢰도:0%
    14:06→14:09: 종가:64,600 | 거래량:1,258 | 🔴회피(4단계패턴없음) | 신뢰도:0%
    14:09→14:12: 종가:63,400 | 거래량:7,178 | 🔴회피(위험신호: BISECTOR_BREAK) | 신뢰도:0%
    14:12→14:15: 종가:63,100 | 거래량:8,648 | 🔴회피(위험신호: BISECTOR_BREAK) | 신뢰도:0%
    14:15→14:18: 종가:62,900 | 거래량:4,837 | 🔴회피(위험신호: BISECTOR_BREAK) | 신뢰도:0%
    14:18→14:21: 종가:63,000 | 거래량:1,139 | 🔴회피(위험신호: BISECTOR_BREAK) | 신뢰도:0%
    14:21→14:24: 종가:63,400 | 거래량:1,676 | 🔴회피(위험신호: BISECTOR_BREAK) | 신뢰도:0%
    14:24→14:27: 종가:63,300 | 거래량:1,779 | 🔴회피(위험신호: BISECTOR_BREAK) | 신뢰도:0%
    14:27→14:30: 종가:63,300 | 거래량:4,019 | 🔴회피(위험신호: BISECTOR_BREAK) | 신뢰도:0%
    14:30→14:33: 종가:63,200 | 거래량:2,895 | 🔴회피(위험신호: BISECTOR_BREAK) | 신뢰도:0%
    14:33→14:36: 종가:62,800 | 거래량:3,347 | 🔴회피(위험신호: BISECTOR_BREAK) | 신뢰도:0%
    14:36→14:39: 종가:62,800 | 거래량:3,979 | 🔴회피(위험신호: BISECTOR_BREAK) | 신뢰도:0%
    14:39→14:42: 종가:62,800 | 거래량:807 | 🔴회피(위험신호: BISECTOR_BREAK) | 신뢰도:0%
    14:42→14:45: 종가:63,200 | 거래량:1,983 | 🔴회피(위험신호: BISECTOR_BREAK) | 신뢰도:0%
    14:45→14:48: 종가:65,100 | 거래량:7,598 | 🔴회피(4단계패턴없음) | 신뢰도:0%
    14:48→14:51: 종가:65,100 | 거래량:2,737 | 🔴회피(4단계패턴없음) | 신뢰도:0%
    14:51→14:54: 종가:64,400 | 거래량:1,730 | 🔴회피(4단계패턴없음) | 신뢰도:0%
    14:54→14:57: 종가:64,400 | 거래량:2,724 | 🔴회피(4단계패턴없음) | 신뢰도:0%
    14:57→15:00: 종가:64,000 | 거래량:1,509 | 🔴회피(위험신호: BISECTOR_BREAK) | 신뢰도:0%
    15:00→15:03: 종가:64,500 | 거래량:2,947 | 🔴회피(4단계패턴없음) | 신뢰도:0%
    15:03→15:06: 종가:64,700 | 거래량:1,517 | 🔴회피(4단계패턴없음) | 신뢰도:0%
    15:06→15:09: 종가:64,700 | 거래량:668 | 🔴회피(4단계패턴없음) | 신뢰도:0%
    15:09→15:12: 종가:65,200 | 거래량:1,770 | 🟢강매수(15시이후매수금지) | 신뢰도:91%
    15:12→15:15: 종가:65,200 | 거래량:1,661 | 🔴회피(4단계패턴없음) | 신뢰도:0%
    15:15→15:18: 종가:65,000 | 거래량:1,121 | 🔴회피(4단계패턴없음) | 신뢰도:0%
    15:18→15:21: 종가:65,200 | 거래량:2,024 | 🔴회피(4단계패턴없음) | 신뢰도:0%

=== 083500 - 20251202 눌림목(3분) 신호 재현 ===
  selection_date: 2025-12-02 09:12:16
  승패: 0승 1패
  selection_date 이후 승패: 0승 1패
  매매신호:
    09:40 [pullback_pattern]
  체결 시뮬레이션:
    09:40 매수[pullback_pattern] @16,772 → 15:00 매도[stop_loss_0.5pct] @16,690 (-0.49%)
  매수 못한 기회:
    없음

  🔍 상세 3분봉 분석 (09:00~15:30):
    09:00→09:03: 데이터부족
    09:03→09:06: 데이터부족
    09:06→09:09: 데이터부족
    09:09→09:12: 데이터부족
    09:12→09:15: 종가:16,600 | 거래량:42,132 | 🔴회피(시가대비1.8%상승(2%미만차단)) | 신뢰도:0%
    09:15→09:18: 종가:16,830 | 거래량:32,829 | 🔴회피(4단계패턴없음) | 신뢰도:0%
    09:18→09:21: 종가:16,730 | 거래량:18,466 | 🔴회피(4단계패턴없음) | 신뢰도:0%
    09:21→09:24: 종가:16,660 | 거래량:8,094 | 🔴회피(4단계패턴없음) | 신뢰도:0%
    09:24→09:27: 종가:16,620 | 거래량:6,925 | 🔴회피(시가대비2.0%상승(2%미만차단)) | 신뢰도:0%
    09:27→09:30: 종가:16,640 | 거래량:10,524 | 🔴회피(4단계패턴없음) | 신뢰도:0%
    09:30→09:33: 종가:16,760 | 거래량:5,822 | 🔴회피(4단계패턴없음) | 신뢰도:0%
    09:33→09:36: 종가:16,710 | 거래량:3,216 | 🔴회피(4단계패턴없음) | 신뢰도:0%
    09:36→09:39: 종가:16,790 | 거래량:4,422 | 🟢강매수 | 신뢰도:92% | 💰매수@16,772 | →15:00매도@16,690
    09:39→09:42: 종가:17,050 | 거래량:41,308 | 🔴회피(4단계패턴없음) | 신뢰도:0%
    09:42→09:45: 종가:17,100 | 거래량:16,835 | 🔴회피(4단계패턴없음) | 신뢰도:0%
    09:45→09:48: 종가:17,040 | 거래량:14,401 | 🔴회피(4단계패턴없음) | 신뢰도:0%
    09:48→09:51: 종가:16,910 | 거래량:14,864 | 🔴회피(4단계패턴없음) | 신뢰도:0%
    09:51→09:54: 종가:16,980 | 거래량:5,992 | 🔴회피(4단계패턴없음) | 신뢰도:0%
    09:54→09:57: 종가:16,860 | 거래량:8,782 | 🔴회피(4단계패턴없음) | 신뢰도:0%
    09:57→10:00: 종가:16,890 | 거래량:7,222 | 🔴회피(4단계패턴없음) | 신뢰도:0%
    10:00→10:03: 종가:16,870 | 거래량:2,546 | 🔴회피(4단계패턴없음) | 신뢰도:0%
    10:03→10:06: 종가:16,910 | 거래량:4,382 | 🟢강매수 | 신뢰도:94%
    10:06→10:09: 종가:16,830 | 거래량:3,868 | 🔴회피(4단계패턴없음) | 신뢰도:0%
    10:09→10:12: 종가:16,830 | 거래량:1,635 | 🔴회피(4단계패턴없음) | 신뢰도:0%
    10:12→10:15: 종가:16,740 | 거래량:7,351 | 🔴회피(4단계패턴없음) | 신뢰도:0%
    10:15→10:18: 종가:16,780 | 거래량:3,185 | 🔴회피(4단계패턴없음) | 신뢰도:0%
    10:18→10:21: 종가:16,810 | 거래량:915 | 🔴회피(4단계패턴없음) | 신뢰도:0%
    10:21→10:24: 종가:16,890 | 거래량:1,742 | 🟢강매수 | 신뢰도:90%
    10:24→10:27: 종가:16,770 | 거래량:1,625 | 🔴회피(4단계패턴없음) | 신뢰도:0%
    10:27→10:30: 종가:16,810 | 거래량:1,190 | 🔴회피(4단계패턴없음) | 신뢰도:0%
    10:30→10:33: 종가:16,820 | 거래량:4,147 | 🔴회피(4단계패턴없음) | 신뢰도:0%
    10:33→10:36: 종가:16,830 | 거래량:2,027 | 🔴회피(4단계패턴없음) | 신뢰도:0%
    10:36→10:39: 종가:16,800 | 거래량:5,059 | 🔴회피(4단계패턴없음) | 신뢰도:0%
    10:39→10:42: 종가:16,830 | 거래량:1,224 | 🔴회피(4단계패턴없음) | 신뢰도:0%
    10:42→10:45: 종가:16,750 | 거래량:3,342 | 🔴회피(4단계패턴없음) | 신뢰도:0%
    10:45→10:48: 종가:16,750 | 거래량:4,551 | 🔴회피(4단계패턴없음) | 신뢰도:0%
    10:48→10:51: 종가:16,770 | 거래량:2,610 | 🔴회피(4단계패턴없음) | 신뢰도:0%
    10:51→10:54: 종가:16,850 | 거래량:1,397 | 🔴회피(4단계패턴없음) | 신뢰도:0%
    10:54→10:57: 종가:16,820 | 거래량:784 | 🔴회피(4단계패턴없음) | 신뢰도:0%
    10:57→11:00: 종가:16,830 | 거래량:2,736 | 🔴회피(4단계패턴없음) | 신뢰도:0%
    11:00→11:03: 종가:16,830 | 거래량:540 | 🔴회피(4단계패턴없음) | 신뢰도:0%
    11:03→11:06: 종가:16,930 | 거래량:3,499 | 🔴회피(4단계패턴없음) | 신뢰도:0%
    11:06→11:09: 종가:16,890 | 거래량:1,302 | 🔴회피(4단계패턴없음) | 신뢰도:0%
    11:09→11:12: 종가:16,920 | 거래량:1,525 | 🔴회피(4단계패턴없음) | 신뢰도:0%
    11:12→11:15: 종가:16,950 | 거래량:1,236 | 🔴회피(4단계패턴없음) | 신뢰도:0%
    11:15→11:18: 종가:16,940 | 거래량:729 | 🔴회피(4단계패턴없음) | 신뢰도:0%
    11:18→11:21: 종가:16,950 | 거래량:2,266 | 🔴회피(4단계패턴없음) | 신뢰도:0%
    11:21→11:24: 종가:16,940 | 거래량:531 | 🔴회피(4단계패턴없음) | 신뢰도:0%
    11:24→11:27: 종가:16,850 | 거래량:8,327 | 🔴회피(4단계패턴없음) | 신뢰도:0%
    11:27→11:30: 종가:16,810 | 거래량:6,936 | 🔴회피(4단계패턴없음) | 신뢰도:0%
    11:30→11:33: 종가:16,950 | 거래량:1,171 | 🔴회피(4단계패턴없음) | 신뢰도:0%
    11:33→11:36: 종가:16,990 | 거래량:4,413 | 🔴회피(4단계패턴없음) | 신뢰도:0%
    11:36→11:39: 종가:16,960 | 거래량:1,142 | 🔴회피(4단계패턴없음) | 신뢰도:0%
    11:39→11:42: 종가:16,870 | 거래량:1,237 | 🔴회피(4단계패턴없음) | 신뢰도:0%
    11:42→11:45: 종가:16,900 | 거래량:3,007 | 🔴회피(4단계패턴없음) | 신뢰도:0%
    11:45→11:48: 종가:16,930 | 거래량:635 | 🔴회피(4단계패턴없음) | 신뢰도:0%
    11:48→11:51: 종가:16,970 | 거래량:2,917 | 🔴회피(4단계패턴없음) | 신뢰도:0%
    11:51→11:54: 종가:16,980 | 거래량:868 | 🔴회피(4단계패턴없음) | 신뢰도:0%
    11:54→11:57: 종가:16,980 | 거래량:1,804 | 🔴회피(4단계패턴없음) | 신뢰도:0%
    11:57→12:00: 종가:16,930 | 거래량:2,227 | 🔴회피(4단계패턴없음) | 신뢰도:0%
    12:00→12:03: 종가:16,850 | 거래량:3,530 | 🔴회피(4단계패턴없음) | 신뢰도:0%
    12:03→12:06: 종가:16,830 | 거래량:1,080 | 🔴회피(4단계패턴없음) | 신뢰도:0%
    12:06→12:09: 종가:16,830 | 거래량:2,316 | 🔴회피(4단계패턴없음) | 신뢰도:0%
    12:09→12:12: 종가:16,980 | 거래량:2,505 | 🔴회피(4단계패턴없음) | 신뢰도:0%
    12:12→12:15: 종가:16,870 | 거래량:12,818 | 🔴회피(4단계패턴없음) | 신뢰도:0%
    12:15→12:18: 종가:16,710 | 거래량:12,828 | 🔴회피(4단계패턴없음) | 신뢰도:0%
    12:18→12:21: 종가:16,690 | 거래량:5,596 | 🔴회피(4단계패턴없음) | 신뢰도:0%
    12:21→12:24: 종가:16,670 | 거래량:2,059 | 🔴회피(이등분선아래) | 신뢰도:0%
    12:24→12:27: 종가:16,690 | 거래량:2,357 | 🔴회피(4단계패턴없음) | 신뢰도:0%
    12:27→12:30: 종가:16,660 | 거래량:2,490 | 🔴회피(이등분선아래) | 신뢰도:0%
    12:30→12:33: 종가:16,620 | 거래량:6,375 | 🔴회피(위험신호: BISECTOR_BREAK) | 신뢰도:0%
    12:33→12:36: 종가:16,670 | 거래량:3,327 | 🔴회피(이등분선아래) | 신뢰도:0%
    12:36→12:39: 종가:16,730 | 거래량:253 | 🔴회피(4단계패턴없음) | 신뢰도:0%
    12:39→12:42: 종가:16,720 | 거래량:1,430 | 🔴회피(4단계패턴없음) | 신뢰도:0%
    12:42→12:45: 종가:16,670 | 거래량:762 | 🔴회피(이등분선아래) | 신뢰도:0%
    12:45→12:48: 종가:16,620 | 거래량:1,327 | 🔴회피(위험신호: BISECTOR_BREAK) | 신뢰도:0%
    12:48→12:51: 종가:16,630 | 거래량:733 | 🔴회피(위험신호: BISECTOR_BREAK) | 신뢰도:0%
    12:51→12:54: 종가:16,630 | 거래량:480 | 🔴회피(위험신호: BISECTOR_BREAK) | 신뢰도:0%
    12:54→12:57: 종가:16,650 | 거래량:753 | 🔴회피(이등분선아래) | 신뢰도:0%
    12:57→13:00: 종가:16,650 | 거래량:2,152 | 🔴회피(이등분선아래) | 신뢰도:0%
    13:00→13:03: 종가:16,650 | 거래량:922 | 🔴회피(이등분선아래) | 신뢰도:0%
    13:03→13:06: 종가:16,640 | 거래량:778 | 🔴회피(위험신호: BISECTOR_BREAK) | 신뢰도:0%
    13:06→13:09: 종가:16,620 | 거래량:1,252 | 🔴회피(위험신호: BISECTOR_BREAK) | 신뢰도:0%
    13:09→13:12: 종가:16,670 | 거래량:1,835 | 🔴회피(이등분선아래) | 신뢰도:0%
    13:12→13:15: 종가:16,650 | 거래량:1,106 | 🔴회피(이등분선아래) | 신뢰도:0%
    13:15→13:18: 종가:16,650 | 거래량:679 | 🔴회피(이등분선아래) | 신뢰도:0%
    13:18→13:21: 종가:16,660 | 거래량:671 | 🔴회피(이등분선아래) | 신뢰도:0%
    13:21→13:24: 종가:16,730 | 거래량:3,388 | 🔴회피(4단계패턴없음) | 신뢰도:0%
    13:24→13:27: 종가:16,740 | 거래량:332 | 🔴회피(4단계패턴없음) | 신뢰도:0%
    13:27→13:30: 종가:16,700 | 거래량:584 | 🔴회피(4단계패턴없음) | 신뢰도:0%
    13:30→13:33: 종가:16,680 | 거래량:364 | 🔴회피(4단계패턴없음) | 신뢰도:0%
    13:33→13:36: 종가:16,690 | 거래량:1,181 | 🔴회피(4단계패턴없음) | 신뢰도:0%
    13:36→13:39: 종가:16,640 | 거래량:4,223 | 🔴회피(위험신호: BISECTOR_BREAK) | 신뢰도:0%
    13:39→13:42: 종가:16,630 | 거래량:2,395 | 🔴회피(위험신호: BISECTOR_BREAK) | 신뢰도:0%
    13:42→13:45: 종가:16,610 | 거래량:4,219 | 🔴회피(위험신호: BISECTOR_BREAK) | 신뢰도:0%
    13:45→13:48: 종가:16,600 | 거래량:1,543 | 🔴회피(위험신호: BISECTOR_BREAK) | 신뢰도:0%
    13:48→13:51: 종가:16,600 | 거래량:4,114 | 🔴회피(위험신호: BISECTOR_BREAK) | 신뢰도:0%
    13:51→13:54: 종가:16,670 | 거래량:2,182 | 🔴회피(이등분선아래) | 신뢰도:0%
    13:54→13:57: 종가:16,670 | 거래량:1,521 | 🔴회피(이등분선아래) | 신뢰도:0%
    13:57→14:00: 종가:16,670 | 거래량:586 | 🔴회피(이등분선아래) | 신뢰도:0%
    14:00→14:03: 종가:16,700 | 거래량:6,821 | 🔴회피(4단계패턴없음) | 신뢰도:0%
    14:03→14:06: 종가:16,700 | 거래량:746 | 🔴회피(4단계패턴없음) | 신뢰도:0%
    14:06→14:09: 종가:16,650 | 거래량:2,325 | 🔴회피(이등분선아래) | 신뢰도:0%
    14:09→14:12: 종가:16,570 | 거래량:4,400 | 🔴회피(위험신호: BISECTOR_BREAK) | 신뢰도:0%
    14:12→14:15: 종가:16,540 | 거래량:6,501 | 🔴회피(위험신호: BISECTOR_BREAK) | 신뢰도:0%
    14:15→14:18: 종가:16,550 | 거래량:1,462 | 🔴회피(위험신호: BISECTOR_BREAK) | 신뢰도:0%
    14:18→14:21: 종가:16,570 | 거래량:439 | 🔴회피(위험신호: BISECTOR_BREAK) | 신뢰도:0%
    14:21→14:24: 종가:16,550 | 거래량:939 | 🔴회피(위험신호: BISECTOR_BREAK) | 신뢰도:0%
    14:24→14:27: 종가:16,550 | 거래량:2,525 | 🔴회피(위험신호: BISECTOR_BREAK) | 신뢰도:0%
    14:27→14:30: 종가:16,560 | 거래량:964 | 🔴회피(위험신호: BISECTOR_BREAK) | 신뢰도:0%
    14:30→14:33: 종가:16,570 | 거래량:355 | 🔴회피(위험신호: BISECTOR_BREAK) | 신뢰도:0%
    14:33→14:36: 종가:16,570 | 거래량:1,368 | 🔴회피(위험신호: BISECTOR_BREAK) | 신뢰도:0%
    14:36→14:39: 종가:16,600 | 거래량:609 | 🔴회피(위험신호: BISECTOR_BREAK) | 신뢰도:0%
    14:39→14:42: 종가:16,580 | 거래량:757 | 🔴회피(위험신호: BISECTOR_BREAK) | 신뢰도:0%
    14:42→14:45: 종가:16,600 | 거래량:442 | 🔴회피(위험신호: BISECTOR_BREAK) | 신뢰도:0%
    14:45→14:48: 종가:16,650 | 거래량:569 | 🔴회피(이등분선아래) | 신뢰도:0%
    14:48→14:51: 종가:16,610 | 거래량:1,204 | 🔴회피(위험신호: BISECTOR_BREAK) | 신뢰도:0%
    14:51→14:54: 종가:16,630 | 거래량:2,042 | 🔴회피(위험신호: BISECTOR_BREAK) | 신뢰도:0%
    14:54→14:57: 종가:16,660 | 거래량:1,756 | 🔴회피(이등분선아래) | 신뢰도:0%
    14:57→15:00: 종가:16,690 | 거래량:994 | 🔴회피(4단계패턴없음) | 신뢰도:0%
    15:00→15:03: 종가:16,630 | 거래량:640 | 🔴회피(위험신호: BISECTOR_BREAK) | 신뢰도:0%
    15:03→15:06: 종가:16,680 | 거래량:3,249 | 🔴회피(4단계패턴없음) | 신뢰도:0%
    15:06→15:09: 종가:16,620 | 거래량:1,396 | 🔴회피(위험신호: BISECTOR_BREAK) | 신뢰도:0%
    15:09→15:12: 종가:16,680 | 거래량:2,832 | 🔴회피(4단계패턴없음) | 신뢰도:0%
    15:12→15:15: 종가:16,660 | 거래량:1,170 | 🔴회피(이등분선아래) | 신뢰도:0%
    15:15→15:18: 종가:16,740 | 거래량:11,343 | 🔴회피(4단계패턴없음) | 신뢰도:0%
    15:18→15:21: 종가:16,610 | 거래량:4,009 | 🔴회피(위험신호: BISECTOR_BREAK) | 신뢰도:0%

=== 204320 - 20251202 눌림목(3분) 신호 재현 ===
  selection_date: 2025-12-02 09:00:39
  승패: 0승 0패
  selection_date 이후 승패: 0승 0패
  매매신호:
    없음
  체결 시뮬레이션:
    없음
  매수 못한 기회:
    없음

  🔍 상세 3분봉 분석 (09:00~15:30):
    09:00→09:03: 데이터부족
    09:03→09:06: 데이터부족
    09:06→09:09: 데이터부족
    09:09→09:12: 데이터부족
    09:12→09:15: 종가:55,200 | 거래량:71,126 | 🔴회피(4단계패턴없음) | 신뢰도:0%
    09:15→09:18: 종가:55,000 | 거래량:57,010 | 🔴회피(4단계패턴없음) | 신뢰도:0%
    09:18→09:21: 종가:54,500 | 거래량:62,684 | 🔴회피(위험신호: LARGE_BEARISH_VOLUME) | 신뢰도:0%
    09:21→09:24: 종가:54,300 | 거래량:37,744 | 🔴회피(4단계패턴없음) | 신뢰도:0%
    09:24→09:27: 종가:54,600 | 거래량:22,387 | 🔴회피(4단계패턴없음) | 신뢰도:0%
    09:27→09:30: 종가:54,800 | 거래량:23,575 | 🔴회피(4단계패턴없음) | 신뢰도:0%
    09:30→09:33: 종가:54,600 | 거래량:13,291 | 🔴회피(4단계패턴없음) | 신뢰도:0%
    09:33→09:36: 종가:54,500 | 거래량:19,821 | 🔴회피(4단계패턴없음) | 신뢰도:0%
    09:36→09:39: 종가:54,300 | 거래량:12,430 | 🔴회피(4단계패턴없음) | 신뢰도:0%
    09:39→09:42: 종가:53,900 | 거래량:19,073 | 🔴회피(이등분선아래) | 신뢰도:0%
    09:42→09:45: 종가:53,900 | 거래량:14,657 | 🔴회피(이등분선아래) | 신뢰도:0%
    09:45→09:48: 종가:53,700 | 거래량:18,605 | 🔴회피(위험신호: BISECTOR_BREAK) | 신뢰도:0%
    09:48→09:51: 종가:53,700 | 거래량:8,702 | 🔴회피(위험신호: BISECTOR_BREAK) | 신뢰도:0%
    09:51→09:54: 종가:53,900 | 거래량:6,848 | 🔴회피(이등분선아래) | 신뢰도:0%
    09:54→09:57: 종가:53,800 | 거래량:5,925 | 🔴회피(위험신호: BISECTOR_BREAK) | 신뢰도:0%
    09:57→10:00: 종가:53,500 | 거래량:11,988 | 🔴회피(위험신호: BISECTOR_BREAK) | 신뢰도:0%
    10:00→10:03: 종가:53,600 | 거래량:7,582 | 🔴회피(위험신호: BISECTOR_BREAK) | 신뢰도:0%
    10:03→10:06: 종가:53,400 | 거래량:9,847 | 🔴회피(위험신호: BISECTOR_BREAK) | 신뢰도:0%
    10:06→10:09: 종가:53,200 | 거래량:9,268 | 🔴회피(위험신호: BISECTOR_BREAK) | 신뢰도:0%
    10:09→10:12: 종가:53,300 | 거래량:24,644 | 🔴회피(위험신호: BISECTOR_BREAK) | 신뢰도:0%
    10:12→10:15: 종가:53,100 | 거래량:13,609 | 🔴회피(위험신호: BISECTOR_BREAK) | 신뢰도:0%
    10:15→10:18: 종가:52,800 | 거래량:20,690 | 🔴회피(위험신호: BISECTOR_BREAK) | 신뢰도:0%
    10:18→10:21: 종가:52,600 | 거래량:31,426 | 🔴회피(위험신호: BISECTOR_BREAK) | 신뢰도:0%
    10:21→10:24: 종가:52,400 | 거래량:21,555 | 🔴회피(위험신호: BISECTOR_BREAK) | 신뢰도:0%
    10:24→10:27: 종가:52,300 | 거래량:10,358 | 🔴회피(위험신호: BISECTOR_BREAK) | 신뢰도:0%
    10:27→10:30: 종가:52,300 | 거래량:11,345 | 🔴회피(위험신호: BISECTOR_BREAK) | 신뢰도:0%
    10:30→10:33: 종가:52,100 | 거래량:30,944 | 🔴회피(위험신호: BISECTOR_BREAK) | 신뢰도:0%
    10:33→10:36: 종가:51,700 | 거래량:24,531 | 🔴회피(위험신호: BISECTOR_BREAK) | 신뢰도:0%
    10:36→10:39: 종가:51,500 | 거래량:14,685 | 🔴회피(위험신호: BISECTOR_BREAK) | 신뢰도:0%
    10:39→10:42: 종가:51,500 | 거래량:23,826 | 🔴회피(위험신호: BISECTOR_BREAK) | 신뢰도:0%
    10:42→10:45: 종가:51,900 | 거래량:8,072 | 🔴회피(위험신호: BISECTOR_BREAK) | 신뢰도:0%
    10:45→10:48: 종가:51,700 | 거래량:12,950 | 🔴회피(위험신호: BISECTOR_BREAK) | 신뢰도:0%
    10:48→10:51: 종가:51,600 | 거래량:5,608 | 🔴회피(위험신호: BISECTOR_BREAK) | 신뢰도:0%
    10:51→10:54: 종가:51,500 | 거래량:6,567 | 🔴회피(위험신호: BISECTOR_BREAK) | 신뢰도:0%
    10:54→10:57: 종가:51,500 | 거래량:7,865 | 🔴회피(위험신호: BISECTOR_BREAK) | 신뢰도:0%
    10:57→11:00: 종가:51,300 | 거래량:8,422 | 🔴회피(위험신호: BISECTOR_BREAK) | 신뢰도:0%
    11:00→11:03: 종가:51,200 | 거래량:19,575 | 🔴회피(위험신호: BISECTOR_BREAK) | 신뢰도:0%
    11:03→11:06: 종가:51,400 | 거래량:14,073 | 🔴회피(위험신호: BISECTOR_BREAK) | 신뢰도:0%
    11:06→11:09: 종가:51,500 | 거래량:7,616 | 🔴회피(위험신호: BISECTOR_BREAK) | 신뢰도:0%
    11:09→11:12: 종가:51,600 | 거래량:10,119 | 🔴회피(위험신호: BISECTOR_BREAK) | 신뢰도:0%
    11:12→11:15: 종가:51,300 | 거래량:8,081 | 🔴회피(위험신호: BISECTOR_BREAK) | 신뢰도:0%
    11:15→11:18: 종가:51,400 | 거래량:4,793 | 🔴회피(위험신호: BISECTOR_BREAK) | 신뢰도:0%
    11:18→11:21: 종가:51,400 | 거래량:7,987 | 🔴회피(위험신호: BISECTOR_BREAK) | 신뢰도:0%
    11:21→11:24: 종가:51,400 | 거래량:4,715 | 🔴회피(위험신호: BISECTOR_BREAK) | 신뢰도:0%
    11:24→11:27: 종가:51,300 | 거래량:7,107 | 🔴회피(위험신호: BISECTOR_BREAK) | 신뢰도:0%
    11:27→11:30: 종가:51,300 | 거래량:6,149 | 🔴회피(위험신호: BISECTOR_BREAK) | 신뢰도:0%
    11:30→11:33: 종가:51,200 | 거래량:4,935 | 🔴회피(위험신호: BISECTOR_BREAK) | 신뢰도:0%
    11:33→11:36: 종가:51,300 | 거래량:7,563 | 🔴회피(위험신호: BISECTOR_BREAK) | 신뢰도:0%
    11:36→11:39: 종가:51,200 | 거래량:4,243 | 🔴회피(위험신호: BISECTOR_BREAK) | 신뢰도:0%
    11:39→11:42: 종가:51,400 | 거래량:7,778 | 🔴회피(위험신호: BISECTOR_BREAK) | 신뢰도:0%
    11:42→11:45: 종가:51,400 | 거래량:5,024 | 🔴회피(위험신호: BISECTOR_BREAK) | 신뢰도:0%
    11:45→11:48: 종가:51,400 | 거래량:4,890 | 🔴회피(위험신호: BISECTOR_BREAK) | 신뢰도:0%
    11:48→11:51: 종가:51,300 | 거래량:3,511 | 🔴회피(위험신호: BISECTOR_BREAK) | 신뢰도:0%
    11:51→11:54: 종가:51,300 | 거래량:3,746 | 🔴회피(위험신호: BISECTOR_BREAK) | 신뢰도:0%
    11:54→11:57: 종가:51,300 | 거래량:4,951 | 🔴회피(위험신호: BISECTOR_BREAK) | 신뢰도:0%
    11:57→12:00: 종가:51,400 | 거래량:3,712 | 🔴회피(위험신호: BISECTOR_BREAK) | 신뢰도:0%
    12:00→12:03: 종가:51,400 | 거래량:4,964 | 🔴회피(위험신호: BISECTOR_BREAK) | 신뢰도:0%
    12:03→12:06: 종가:51,300 | 거래량:4,107 | 🔴회피(위험신호: BISECTOR_BREAK) | 신뢰도:0%
    12:06→12:09: 종가:51,300 | 거래량:2,716 | 🔴회피(위험신호: BISECTOR_BREAK) | 신뢰도:0%
    12:09→12:12: 종가:51,300 | 거래량:4,174 | 🔴회피(위험신호: BISECTOR_BREAK) | 신뢰도:0%
    12:12→12:15: 종가:51,200 | 거래량:7,355 | 🔴회피(위험신호: BISECTOR_BREAK) | 신뢰도:0%
    12:15→12:18: 종가:51,100 | 거래량:6,598 | 🔴회피(위험신호: BISECTOR_BREAK) | 신뢰도:0%
    12:18→12:21: 종가:51,000 | 거래량:10,335 | 🔴회피(위험신호: BISECTOR_BREAK) | 신뢰도:0%
    12:21→12:24: 종가:51,200 | 거래량:7,325 | 🔴회피(위험신호: BISECTOR_BREAK) | 신뢰도:0%
    12:24→12:27: 종가:51,100 | 거래량:5,604 | 🔴회피(위험신호: BISECTOR_BREAK) | 신뢰도:0%
    12:27→12:30: 종가:50,900 | 거래량:18,253 | 🔴회피(위험신호: BISECTOR_BREAK) | 신뢰도:0%
    12:30→12:33: 종가:50,800 | 거래량:8,994 | 🔴회피(위험신호: BISECTOR_BREAK) | 신뢰도:0%
    12:33→12:36: 종가:50,800 | 거래량:6,511 | 🔴회피(위험신호: BISECTOR_BREAK) | 신뢰도:0%
    12:36→12:39: 종가:50,700 | 거래량:11,861 | 🔴회피(위험신호: BISECTOR_BREAK) | 신뢰도:0%
    12:39→12:42: 종가:50,700 | 거래량:7,798 | 🔴회피(위험신호: BISECTOR_BREAK) | 신뢰도:0%
    12:42→12:45: 종가:50,500 | 거래량:16,795 | 🔴회피(위험신호: BISECTOR_BREAK) | 신뢰도:0%
    12:45→12:48: 종가:50,300 | 거래량:18,394 | 🔴회피(위험신호: BISECTOR_BREAK) | 신뢰도:0%
    12:48→12:51: 종가:50,400 | 거래량:13,027 | 🔴회피(위험신호: BISECTOR_BREAK) | 신뢰도:0%
    12:51→12:54: 종가:50,500 | 거래량:3,121 | 🔴회피(위험신호: BISECTOR_BREAK) | 신뢰도:0%
    12:54→12:57: 종가:50,500 | 거래량:4,307 | 🔴회피(위험신호: BISECTOR_BREAK) | 신뢰도:0%
    12:57→13:00: 종가:50,300 | 거래량:15,505 | 🔴회피(위험신호: BISECTOR_BREAK) | 신뢰도:0%
    13:00→13:03: 종가:50,600 | 거래량:12,517 | 🔴회피(위험신호: BISECTOR_BREAK) | 신뢰도:0%
    13:03→13:06: 종가:50,900 | 거래량:9,749 | 🔴회피(위험신호: BISECTOR_BREAK) | 신뢰도:0%
    13:06→13:09: 종가:50,700 | 거래량:7,577 | 🔴회피(위험신호: BISECTOR_BREAK) | 신뢰도:0%
    13:09→13:12: 종가:50,700 | 거래량:4,774 | 🔴회피(위험신호: BISECTOR_BREAK) | 신뢰도:0%
    13:12→13:15: 종가:50,700 | 거래량:4,311 | 🔴회피(위험신호: BISECTOR_BREAK) | 신뢰도:0%
    13:15→13:18: 종가:50,550 | 거래량:3,537 | 🔴회피(위험신호: BISECTOR_BREAK) | 신뢰도:0%
    13:18→13:21: 종가:50,600 | 거래량:3,889 | 🔴회피(위험신호: BISECTOR_BREAK) | 신뢰도:0%
    13:21→13:24: 종가:50,300 | 거래량:7,296 | 🔴회피(위험신호: BISECTOR_BREAK) | 신뢰도:0%
    13:24→13:27: 종가:50,400 | 거래량:5,919 | 🔴회피(위험신호: BISECTOR_BREAK) | 신뢰도:0%
    13:27→13:30: 종가:50,500 | 거래량:4,082 | 🔴회피(위험신호: BISECTOR_BREAK) | 신뢰도:0%
    13:30→13:33: 종가:50,400 | 거래량:3,153 | 🔴회피(위험신호: BISECTOR_BREAK) | 신뢰도:0%
    13:33→13:36: 종가:50,500 | 거래량:3,464 | 🔴회피(위험신호: BISECTOR_BREAK) | 신뢰도:0%
    13:36→13:39: 종가:50,400 | 거래량:5,646 | 🔴회피(위험신호: BISECTOR_BREAK) | 신뢰도:0%
    13:39→13:42: 종가:50,700 | 거래량:5,517 | 🔴회피(위험신호: BISECTOR_BREAK) | 신뢰도:0%
    13:42→13:45: 종가:51,000 | 거래량:12,417 | 🔴회피(위험신호: BISECTOR_BREAK) | 신뢰도:0%
    13:45→13:48: 종가:50,900 | 거래량:9,275 | 🔴회피(위험신호: BISECTOR_BREAK) | 신뢰도:0%
    13:48→13:51: 종가:50,950 | 거래량:3,086 | 🔴회피(위험신호: BISECTOR_BREAK) | 신뢰도:0%
    13:51→13:54: 종가:51,100 | 거래량:4,368 | 🔴회피(위험신호: BISECTOR_BREAK) | 신뢰도:0%
    13:54→13:57: 종가:51,100 | 거래량:9,847 | 🔴회피(위험신호: BISECTOR_BREAK) | 신뢰도:0%
    13:57→14:00: 종가:50,900 | 거래량:6,789 | 🔴회피(위험신호: BISECTOR_BREAK) | 신뢰도:0%
    14:00→14:03: 종가:51,100 | 거래량:3,182 | 🔴회피(위험신호: BISECTOR_BREAK) | 신뢰도:0%
    14:03→14:06: 종가:51,000 | 거래량:4,573 | 🔴회피(위험신호: BISECTOR_BREAK) | 신뢰도:0%
    14:06→14:09: 종가:51,100 | 거래량:2,534 | 🔴회피(위험신호: BISECTOR_BREAK) | 신뢰도:0%
    14:09→14:12: 종가:51,100 | 거래량:5,467 | 🔴회피(위험신호: BISECTOR_BREAK) | 신뢰도:0%
    14:12→14:15: 종가:51,000 | 거래량:4,133 | 🔴회피(위험신호: BISECTOR_BREAK) | 신뢰도:0%
    14:15→14:18: 종가:50,900 | 거래량:4,676 | 🔴회피(위험신호: BISECTOR_BREAK) | 신뢰도:0%
    14:18→14:21: 종가:50,700 | 거래량:4,390 | 🔴회피(위험신호: BISECTOR_BREAK) | 신뢰도:0%
    14:21→14:24: 종가:50,800 | 거래량:8,855 | 🔴회피(위험신호: BISECTOR_BREAK) | 신뢰도:0%
    14:24→14:27: 종가:50,800 | 거래량:4,341 | 🔴회피(위험신호: BISECTOR_BREAK) | 신뢰도:0%
    14:27→14:30: 종가:50,800 | 거래량:3,556 | 🔴회피(위험신호: BISECTOR_BREAK) | 신뢰도:0%
    14:30→14:33: 종가:50,900 | 거래량:2,539 | 🔴회피(위험신호: BISECTOR_BREAK) | 신뢰도:0%
    14:33→14:36: 종가:50,800 | 거래량:5,448 | 🔴회피(위험신호: BISECTOR_BREAK) | 신뢰도:0%
    14:36→14:39: 종가:50,800 | 거래량:2,542 | 🔴회피(위험신호: BISECTOR_BREAK) | 신뢰도:0%
    14:39→14:42: 종가:50,800 | 거래량:4,934 | 🔴회피(위험신호: BISECTOR_BREAK) | 신뢰도:0%
    14:42→14:45: 종가:50,900 | 거래량:7,358 | 🔴회피(위험신호: BISECTOR_BREAK) | 신뢰도:0%
    14:45→14:48: 종가:51,000 | 거래량:9,106 | 🔴회피(위험신호: BISECTOR_BREAK) | 신뢰도:0%
    14:48→14:51: 종가:51,100 | 거래량:5,990 | 🔴회피(위험신호: BISECTOR_BREAK) | 신뢰도:0%
    14:51→14:54: 종가:51,100 | 거래량:9,278 | 🔴회피(위험신호: BISECTOR_BREAK) | 신뢰도:0%
    14:54→14:57: 종가:51,000 | 거래량:12,032 | 🔴회피(위험신호: BISECTOR_BREAK) | 신뢰도:0%
    14:57→15:00: 종가:51,000 | 거래량:3,890 | 🔴회피(위험신호: BISECTOR_BREAK) | 신뢰도:0%
    15:00→15:03: 종가:51,100 | 거래량:7,829 | 🔴회피(위험신호: BISECTOR_BREAK) | 신뢰도:0%
    15:03→15:06: 종가:51,000 | 거래량:2,841 | 🔴회피(위험신호: BISECTOR_BREAK) | 신뢰도:0%
    15:06→15:09: 종가:51,300 | 거래량:12,226 | 🔴회피(위험신호: BISECTOR_BREAK) | 신뢰도:0%
    15:09→15:12: 종가:51,400 | 거래량:17,671 | 🔴회피(위험신호: BISECTOR_BREAK) | 신뢰도:0%
    15:12→15:15: 종가:51,400 | 거래량:9,693 | 🔴회피(위험신호: BISECTOR_BREAK) | 신뢰도:0%
    15:15→15:18: 종가:51,200 | 거래량:16,644 | 🔴회피(위험신호: BISECTOR_BREAK) | 신뢰도:0%
    15:18→15:21: 종가:51,300 | 거래량:8,270 | 🔴회피(위험신호: BISECTOR_BREAK) | 신뢰도:0%

=== 413630 - 20251202 눌림목(3분) 신호 재현 ===
  selection_date: 2025-12-02 09:00:39
  승패: 0승 0패
  selection_date 이후 승패: 0승 0패
  매매신호:
    없음
  체결 시뮬레이션:
    없음
  매수 못한 기회:
    없음

  🔍 상세 3분봉 분석 (09:00~15:30):
    09:00→09:03: 데이터부족
    09:03→09:06: 데이터부족
    09:06→09:09: 데이터부족
    09:09→09:12: 데이터부족
    09:12→09:15: 종가:4,910 | 거래량:102,282 | 🔴회피(위험신호: BISECTOR_BREAK) | 신뢰도:0%
    09:15→09:18: 종가:4,845 | 거래량:188,911 | 🔴회피(위험신호: BISECTOR_BREAK) | 신뢰도:0%
    09:18→09:21: 종가:4,915 | 거래량:113,449 | 🔴회피(위험신호: BISECTOR_BREAK) | 신뢰도:0%
    09:21→09:24: 종가:4,880 | 거래량:86,143 | 🔴회피(위험신호: BISECTOR_BREAK) | 신뢰도:0%
    09:24→09:27: 종가:4,930 | 거래량:73,323 | 🔴회피(위험신호: BISECTOR_BREAK) | 신뢰도:0%
    09:27→09:30: 종가:4,905 | 거래량:84,677 | 🔴회피(위험신호: BISECTOR_BREAK) | 신뢰도:0%
    09:30→09:33: 종가:5,020 | 거래량:287,769 | 🔴회피(당일시가이하(시가:5020)) | 신뢰도:0%
    09:33→09:36: 종가:5,060 | 거래량:1,004,911 | 🔴회피(시가대비0.8%상승(2%미만차단)) | 신뢰도:0%
    09:36→09:39: 종가:5,030 | 거래량:255,774 | 🔴회피(시가대비0.2%상승(2%미만차단)) | 신뢰도:0%
    09:39→09:42: 종가:5,045 | 거래량:257,702 | 🔴회피(시가대비0.5%상승(2%미만차단)) | 신뢰도:0%
    09:42→09:45: 종가:5,010 | 거래량:185,255 | 🔴회피(당일시가이하(시가:5020)) | 신뢰도:0%
    09:45→09:48: 종가:4,975 | 거래량:156,425 | 🔴회피(위험신호: BISECTOR_BREAK) | 신뢰도:0%
    09:48→09:51: 종가:4,975 | 거래량:97,819 | 🔴회피(위험신호: BISECTOR_BREAK) | 신뢰도:0%
    09:51→09:54: 종가:4,987 | 거래량:52,900 | 🔴회피(당일시가이하(시가:5020)) | 신뢰도:0%
    09:54→09:57: 종가:4,980 | 거래량:40,103 | 🔴회피(위험신호: BISECTOR_BREAK) | 신뢰도:0%
    09:57→10:00: 종가:4,990 | 거래량:57,293 | 🔴회피(당일시가이하(시가:5020)) | 신뢰도:0%
    10:00→10:03: 종가:4,980 | 거래량:27,770 | 🔴회피(위험신호: BISECTOR_BREAK) | 신뢰도:0%
    10:03→10:06: 종가:4,945 | 거래량:112,104 | 🔴회피(위험신호: BISECTOR_BREAK) | 신뢰도:0%
    10:06→10:09: 종가:4,930 | 거래량:49,433 | 🔴회피(위험신호: BISECTOR_BREAK) | 신뢰도:0%
    10:09→10:12: 종가:4,945 | 거래량:30,383 | 🔴회피(위험신호: BISECTOR_BREAK) | 신뢰도:0%
    10:12→10:15: 종가:4,930 | 거래량:24,856 | 🔴회피(위험신호: BISECTOR_BREAK) | 신뢰도:0%
    10:15→10:18: 종가:4,920 | 거래량:48,116 | 🔴회피(위험신호: BISECTOR_BREAK) | 신뢰도:0%
    10:18→10:21: 종가:4,910 | 거래량:75,788 | 🔴회피(위험신호: BISECTOR_BREAK) | 신뢰도:0%
    10:21→10:24: 종가:4,945 | 거래량:55,081 | 🔴회피(위험신호: BISECTOR_BREAK) | 신뢰도:0%
    10:24→10:27: 종가:4,975 | 거래량:62,093 | 🔴회피(위험신호: BISECTOR_BREAK) | 신뢰도:0%
    10:27→10:30: 종가:4,950 | 거래량:61,580 | 🔴회피(위험신호: BISECTOR_BREAK) | 신뢰도:0%
    10:30→10:33: 종가:4,940 | 거래량:18,603 | 🔴회피(위험신호: BISECTOR_BREAK) | 신뢰도:0%
    10:33→10:36: 종가:4,940 | 거래량:13,870 | 🔴회피(위험신호: BISECTOR_BREAK) | 신뢰도:0%
    10:36→10:39: 종가:4,970 | 거래량:39,592 | 🔴회피(위험신호: BISECTOR_BREAK) | 신뢰도:0%
    10:39→10:42: 종가:4,955 | 거래량:34,176 | 🔴회피(위험신호: BISECTOR_BREAK) | 신뢰도:0%
    10:42→10:45: 종가:4,995 | 거래량:41,979 | 🔴회피(당일시가이하(시가:5020)) | 신뢰도:0%
    10:45→10:48: 종가:4,965 | 거래량:49,472 | 🔴회피(위험신호: BISECTOR_BREAK) | 신뢰도:0%
    10:48→10:51: 종가:4,955 | 거래량:28,019 | 🔴회피(위험신호: BISECTOR_BREAK) | 신뢰도:0%
    10:51→10:54: 종가:4,935 | 거래량:39,998 | 🔴회피(위험신호: BISECTOR_BREAK) | 신뢰도:0%
    10:54→10:57: 종가:4,930 | 거래량:13,788 | 🔴회피(위험신호: BISECTOR_BREAK) | 신뢰도:0%
    10:57→11:00: 종가:4,935 | 거래량:16,084 | 🔴회피(위험신호: BISECTOR_BREAK) | 신뢰도:0%
    11:00→11:03: 종가:4,950 | 거래량:15,398 | 🔴회피(위험신호: BISECTOR_BREAK) | 신뢰도:0%
    11:03→11:06: 종가:4,955 | 거래량:15,866 | 🔴회피(위험신호: BISECTOR_BREAK) | 신뢰도:0%
    11:06→11:09: 종가:4,942 | 거래량:29,015 | 🔴회피(위험신호: BISECTOR_BREAK) | 신뢰도:0%
    11:09→11:12: 종가:4,940 | 거래량:26,500 | 🔴회피(위험신호: BISECTOR_BREAK) | 신뢰도:0%
    11:12→11:15: 종가:4,970 | 거래량:19,327 | 🔴회피(위험신호: BISECTOR_BREAK) | 신뢰도:0%
    11:15→11:18: 종가:5,070 | 거래량:352,464 | 🔴회피(시가대비1.0%상승(2%미만차단)) | 신뢰도:0%
    11:18→11:21: 종가:5,010 | 거래량:190,496 | 🔴회피(당일시가이하(시가:5020)) | 신뢰도:0%
    11:21→11:24: 종가:5,030 | 거래량:69,043 | 🔴회피(시가대비0.2%상승(2%미만차단)) | 신뢰도:0%
    11:24→11:27: 종가:5,040 | 거래량:64,097 | 🔴회피(시가대비0.4%상승(2%미만차단)) | 신뢰도:0%
    11:27→11:30: 종가:5,050 | 거래량:346,791 | 🔴회피(시가대비0.6%상승(2%미만차단)) | 신뢰도:0%
    11:30→11:33: 종가:5,030 | 거래량:79,312 | 🔴회피(시가대비0.2%상승(2%미만차단)) | 신뢰도:0%
    11:33→11:36: 종가:5,040 | 거래량:55,642 | 🔴회피(시가대비0.4%상승(2%미만차단)) | 신뢰도:0%
    11:36→11:39: 종가:5,000 | 거래량:99,893 | 🔴회피(당일시가이하(시가:5020)) | 신뢰도:0%
    11:39→11:42: 종가:4,995 | 거래량:60,883 | 🔴회피(당일시가이하(시가:5020)) | 신뢰도:0%
    11:42→11:45: 종가:4,995 | 거래량:57,000 | 🔴회피(당일시가이하(시가:5020)) | 신뢰도:0%
    11:45→11:48: 종가:5,010 | 거래량:16,671 | 🔴회피(당일시가이하(시가:5020)) | 신뢰도:0%
    11:48→11:51: 종가:5,020 | 거래량:16,879 | 🔴회피(당일시가이하(시가:5020)) | 신뢰도:0%
    11:51→11:54: 종가:5,020 | 거래량:13,075 | 🔴회피(당일시가이하(시가:5020)) | 신뢰도:0%
    11:54→11:57: 종가:4,990 | 거래량:53,913 | 🔴회피(당일시가이하(시가:5020)) | 신뢰도:0%
    11:57→12:00: 종가:4,990 | 거래량:22,425 | 🔴회피(당일시가이하(시가:5020)) | 신뢰도:0%
    12:00→12:03: 종가:4,945 | 거래량:72,649 | 🔴회피(위험신호: BISECTOR_BREAK) | 신뢰도:0%
    12:03→12:06: 종가:4,960 | 거래량:21,867 | 🔴회피(위험신호: BISECTOR_BREAK) | 신뢰도:0%
    12:06→12:09: 종가:4,975 | 거래량:31,263 | 🔴회피(위험신호: BISECTOR_BREAK) | 신뢰도:0%
    12:09→12:12: 종가:4,940 | 거래량:19,818 | 🔴회피(위험신호: BISECTOR_BREAK) | 신뢰도:0%
    12:12→12:15: 종가:4,960 | 거래량:23,135 | 🔴회피(위험신호: BISECTOR_BREAK) | 신뢰도:0%
    12:15→12:18: 종가:4,965 | 거래량:3,781 | 🔴회피(위험신호: BISECTOR_BREAK) | 신뢰도:0%
    12:18→12:21: 종가:4,970 | 거래량:5,302 | 🔴회피(위험신호: BISECTOR_BREAK) | 신뢰도:0%
    12:21→12:24: 종가:4,960 | 거래량:27,982 | 🔴회피(위험신호: BISECTOR_BREAK) | 신뢰도:0%
    12:24→12:27: 종가:4,940 | 거래량:16,357 | 🔴회피(위험신호: BISECTOR_BREAK) | 신뢰도:0%
    12:27→12:30: 종가:4,925 | 거래량:64,340 | 🔴회피(위험신호: BISECTOR_BREAK) | 신뢰도:0%
    12:30→12:33: 종가:4,915 | 거래량:45,899 | 🔴회피(위험신호: BISECTOR_BREAK) | 신뢰도:0%
    12:33→12:36: 종가:4,915 | 거래량:18,997 | 🔴회피(위험신호: BISECTOR_BREAK) | 신뢰도:0%
    12:36→12:39: 종가:4,905 | 거래량:32,160 | 🔴회피(위험신호: BISECTOR_BREAK) | 신뢰도:0%
    12:39→12:42: 종가:4,930 | 거래량:20,366 | 🔴회피(위험신호: BISECTOR_BREAK) | 신뢰도:0%
    12:42→12:45: 종가:4,905 | 거래량:13,200 | 🔴회피(위험신호: BISECTOR_BREAK) | 신뢰도:0%
    12:45→12:48: 종가:4,905 | 거래량:42,085 | 🔴회피(위험신호: BISECTOR_BREAK) | 신뢰도:0%
    12:48→12:51: 종가:4,870 | 거래량:51,858 | 🔴회피(위험신호: BISECTOR_BREAK) | 신뢰도:0%
    12:51→12:54: 종가:4,875 | 거래량:54,507 | 🔴회피(위험신호: BISECTOR_BREAK) | 신뢰도:0%
    12:54→12:57: 종가:4,825 | 거래량:75,723 | 🔴회피(위험신호: BISECTOR_BREAK) | 신뢰도:0%
    12:57→13:00: 종가:4,825 | 거래량:50,953 | 🔴회피(위험신호: BISECTOR_BREAK) | 신뢰도:0%
    13:00→13:03: 종가:4,835 | 거래량:25,411 | 🔴회피(위험신호: BISECTOR_BREAK) | 신뢰도:0%
    13:03→13:06: 종가:4,840 | 거래량:19,063 | 🔴회피(위험신호: BISECTOR_BREAK) | 신뢰도:0%
    13:06→13:09: 종가:4,855 | 거래량:32,364 | 🔴회피(위험신호: BISECTOR_BREAK) | 신뢰도:0%
    13:09→13:12: 종가:4,920 | 거래량:66,234 | 🔴회피(위험신호: BISECTOR_BREAK) | 신뢰도:0%
    13:12→13:15: 종가:4,937 | 거래량:247,595 | 🔴회피(위험신호: BISECTOR_BREAK) | 신뢰도:0%
    13:15→13:18: 종가:5,000 | 거래량:223,146 | 🔴회피(당일시가이하(시가:5020)) | 신뢰도:0%
    13:18→13:21: 종가:4,950 | 거래량:63,386 | 🔴회피(위험신호: BISECTOR_BREAK) | 신뢰도:0%
    13:21→13:24: 종가:4,935 | 거래량:95,014 | 🔴회피(위험신호: BISECTOR_BREAK) | 신뢰도:0%
    13:24→13:27: 종가:4,915 | 거래량:47,998 | 🔴회피(위험신호: BISECTOR_BREAK) | 신뢰도:0%
    13:27→13:30: 종가:4,910 | 거래량:35,908 | 🔴회피(위험신호: BISECTOR_BREAK) | 신뢰도:0%
    13:30→13:33: 종가:4,920 | 거래량:38,001 | 🔴회피(위험신호: BISECTOR_BREAK) | 신뢰도:0%
    13:33→13:36: 종가:4,900 | 거래량:14,892 | 🔴회피(위험신호: BISECTOR_BREAK) | 신뢰도:0%
    13:36→13:39: 종가:4,915 | 거래량:25,920 | 🔴회피(위험신호: BISECTOR_BREAK) | 신뢰도:0%
    13:39→13:42: 종가:4,920 | 거래량:15,613 | 🔴회피(위험신호: BISECTOR_BREAK) | 신뢰도:0%
    13:42→13:45: 종가:4,950 | 거래량:19,574 | 🔴회피(위험신호: BISECTOR_BREAK) | 신뢰도:0%
    13:45→13:48: 종가:4,930 | 거래량:15,748 | 🔴회피(위험신호: BISECTOR_BREAK) | 신뢰도:0%
    13:48→13:51: 종가:4,935 | 거래량:7,689 | 🔴회피(위험신호: BISECTOR_BREAK) | 신뢰도:0%
    13:51→13:54: 종가:4,920 | 거래량:5,588 | 🔴회피(위험신호: BISECTOR_BREAK) | 신뢰도:0%
    13:54→13:57: 종가:4,920 | 거래량:18,256 | 🔴회피(위험신호: BISECTOR_BREAK) | 신뢰도:0%
    13:57→14:00: 종가:4,925 | 거래량:4,643 | 🔴회피(위험신호: BISECTOR_BREAK) | 신뢰도:0%
    14:00→14:03: 종가:4,930 | 거래량:10,907 | 🔴회피(위험신호: BISECTOR_BREAK) | 신뢰도:0%
    14:03→14:06: 종가:4,945 | 거래량:23,373 | 🔴회피(위험신호: BISECTOR_BREAK) | 신뢰도:0%
    14:06→14:09: 종가:4,930 | 거래량:7,457 | 🔴회피(위험신호: BISECTOR_BREAK) | 신뢰도:0%
    14:09→14:12: 종가:4,920 | 거래량:29,219 | 🔴회피(위험신호: BISECTOR_BREAK) | 신뢰도:0%
    14:12→14:15: 종가:4,925 | 거래량:6,442 | 🔴회피(위험신호: BISECTOR_BREAK) | 신뢰도:0%
    14:15→14:18: 종가:4,920 | 거래량:15,599 | 🔴회피(위험신호: BISECTOR_BREAK) | 신뢰도:0%
    14:18→14:21: 종가:4,910 | 거래량:14,436 | 🔴회피(위험신호: BISECTOR_BREAK) | 신뢰도:0%
    14:21→14:24: 종가:4,960 | 거래량:51,405 | 🔴회피(위험신호: BISECTOR_BREAK) | 신뢰도:0%
    14:24→14:27: 종가:4,935 | 거래량:11,775 | 🔴회피(위험신호: BISECTOR_BREAK) | 신뢰도:0%
    14:27→14:30: 종가:4,940 | 거래량:31,729 | 🔴회피(위험신호: BISECTOR_BREAK) | 신뢰도:0%
    14:30→14:33: 종가:4,925 | 거래량:46,665 | 🔴회피(위험신호: BISECTOR_BREAK) | 신뢰도:0%
    14:33→14:36: 종가:4,920 | 거래량:8,802 | 🔴회피(위험신호: BISECTOR_BREAK) | 신뢰도:0%
    14:36→14:39: 종가:4,920 | 거래량:9,139 | 🔴회피(위험신호: BISECTOR_BREAK) | 신뢰도:0%
    14:39→14:42: 종가:4,925 | 거래량:12,905 | 🔴회피(위험신호: BISECTOR_BREAK) | 신뢰도:0%
    14:42→14:45: 종가:4,945 | 거래량:11,736 | 🔴회피(위험신호: BISECTOR_BREAK) | 신뢰도:0%
    14:45→14:48: 종가:4,930 | 거래량:7,548 | 🔴회피(위험신호: BISECTOR_BREAK) | 신뢰도:0%
    14:48→14:51: 종가:4,930 | 거래량:26,186 | 🔴회피(위험신호: BISECTOR_BREAK) | 신뢰도:0%
    14:51→14:54: 종가:4,940 | 거래량:9,816 | 🔴회피(위험신호: BISECTOR_BREAK) | 신뢰도:0%
    14:54→14:57: 종가:4,930 | 거래량:13,098 | 🔴회피(위험신호: BISECTOR_BREAK) | 신뢰도:0%
    14:57→15:00: 종가:4,940 | 거래량:9,775 | 🔴회피(위험신호: BISECTOR_BREAK) | 신뢰도:0%
    15:00→15:03: 종가:4,960 | 거래량:65,726 | 🔴회피(위험신호: BISECTOR_BREAK) | 신뢰도:0%
    15:03→15:06: 종가:4,950 | 거래량:25,476 | 🔴회피(위험신호: BISECTOR_BREAK) | 신뢰도:0%
    15:06→15:09: 종가:4,965 | 거래량:50,088 | 🔴회피(위험신호: BISECTOR_BREAK) | 신뢰도:0%
    15:09→15:12: 종가:4,965 | 거래량:22,108 | 🔴회피(위험신호: BISECTOR_BREAK) | 신뢰도:0%
    15:12→15:15: 종가:4,990 | 거래량:71,563 | 🔴회피(당일시가이하(시가:5020)) | 신뢰도:0%
    15:15→15:18: 종가:4,980 | 거래량:45,108 | 🔴회피(당일시가이하(시가:5020)) | 신뢰도:0%
    15:18→15:21: 종가:4,985 | 거래량:83,559 | 🔴회피(당일시가이하(시가:5020)) | 신뢰도:0%

=== 015750 - 20251202 눌림목(3분) 신호 재현 ===
  selection_date: 2025-12-02 09:31:12
  승패: 0승 0패
  selection_date 이후 승패: 0승 0패
  매매신호:
    없음
  체결 시뮬레이션:
    없음
  매수 못한 기회:
    없음

  🔍 상세 3분봉 분석 (09:00~15:30):
    09:00→09:03: 데이터부족
    09:03→09:06: 데이터부족
    09:06→09:09: 데이터부족
    09:09→09:12: 데이터부족
    09:12→09:15: 종가:7,110 | 거래량:85,131 | 🔴회피(시가대비1.3%상승(2%미만차단)) | 신뢰도:0%
    09:15→09:18: 종가:7,140 | 거래량:56,197 | 🔴회피(시가대비1.7%상승(2%미만차단)) | 신뢰도:0%
    09:18→09:21: 종가:7,080 | 거래량:55,437 | 🔴회피(시가대비0.9%상승(2%미만차단)) | 신뢰도:0%
    09:21→09:24: 종가:7,100 | 거래량:24,601 | 🔴회피(시가대비1.1%상승(2%미만차단)) | 신뢰도:0%
    09:24→09:27: 종가:7,110 | 거래량:21,889 | 🔴회피(시가대비1.3%상승(2%미만차단)) | 신뢰도:0%
    09:27→09:30: 종가:7,130 | 거래량:30,971 | 🔴회피(시가대비1.6%상승(2%미만차단)) | 신뢰도:0%
    09:30→09:33: 종가:7,170 | 거래량:91,528 | 🔴회피(4단계패턴없음) | 신뢰도:0%
    09:33→09:36: 종가:7,150 | 거래량:29,237 | 🔴회피(시가대비1.9%상승(2%미만차단)) | 신뢰도:0%
    09:36→09:39: 종가:7,120 | 거래량:14,003 | 🔴회피(시가대비1.4%상승(2%미만차단)) | 신뢰도:0%
    09:39→09:42: 종가:7,160 | 거래량:39,237 | 🔴회피(시가대비2.0%상승(2%미만차단)) | 신뢰도:0%
    09:42→09:45: 종가:7,280 | 거래량:562,822 | 🔴회피(4단계패턴없음) | 신뢰도:0%
    09:45→09:48: 종가:7,260 | 거래량:80,491 | 🔴회피(4단계패턴없음) | 신뢰도:0%
    09:48→09:51: 종가:7,320 | 거래량:60,177 | 🔴회피(4단계패턴없음) | 신뢰도:0%
    09:51→09:54: 종가:7,310 | 거래량:121,739 | 🔴회피(4단계패턴없음) | 신뢰도:0%
    09:54→09:57: 종가:7,310 | 거래량:44,875 | 🔴회피(4단계패턴없음) | 신뢰도:0%
    09:57→10:00: 종가:7,300 | 거래량:48,635 | 🔴회피(4단계패턴없음) | 신뢰도:0%
    10:00→10:03: 종가:7,280 | 거래량:18,373 | 🔴회피(4단계패턴없음) | 신뢰도:0%
    10:03→10:06: 종가:7,290 | 거래량:19,216 | 🔴회피(4단계패턴없음) | 신뢰도:0%
    10:06→10:09: 종가:7,290 | 거래량:20,159 | 🔴회피(4단계패턴없음) | 신뢰도:0%
    10:09→10:12: 종가:7,240 | 거래량:67,749 | 🔴회피(4단계패턴없음) | 신뢰도:0%
    10:12→10:15: 종가:7,250 | 거래량:35,239 | 🔴회피(4단계패턴없음) | 신뢰도:0%
    10:15→10:18: 종가:7,260 | 거래량:16,428 | 🔴회피(4단계패턴없음) | 신뢰도:0%
    10:18→10:21: 종가:7,230 | 거래량:25,342 | 🔴회피(4단계패턴없음) | 신뢰도:0%
    10:21→10:24: 종가:7,210 | 거래량:21,930 | 🔴회피(4단계패턴없음) | 신뢰도:0%
    10:24→10:27: 종가:7,220 | 거래량:17,319 | 🔴회피(4단계패턴없음) | 신뢰도:0%
    10:27→10:30: 종가:7,210 | 거래량:28,911 | 🔴회피(4단계패턴없음) | 신뢰도:0%
    10:30→10:33: 종가:7,210 | 거래량:25,705 | 🔴회피(4단계패턴없음) | 신뢰도:0%
    10:33→10:36: 종가:7,190 | 거래량:25,327 | 🔴회피(4단계패턴없음) | 신뢰도:0%
    10:36→10:39: 종가:7,170 | 거래량:14,738 | 🔴회피(4단계패턴없음) | 신뢰도:0%
    10:39→10:42: 종가:7,140 | 거래량:19,712 | 🔴회피(위험신호: BISECTOR_BREAK) | 신뢰도:0%
    10:42→10:45: 종가:7,100 | 거래량:47,669 | 🔴회피(위험신호: BISECTOR_BREAK) | 신뢰도:0%
    10:45→10:48: 종가:7,130 | 거래량:19,508 | 🔴회피(위험신호: BISECTOR_BREAK) | 신뢰도:0%
    10:48→10:51: 종가:7,110 | 거래량:23,243 | 🔴회피(위험신호: BISECTOR_BREAK) | 신뢰도:0%
    10:51→10:54: 종가:7,110 | 거래량:12,658 | 🔴회피(위험신호: BISECTOR_BREAK) | 신뢰도:0%
    10:54→10:57: 종가:7,120 | 거래량:3,417 | 🔴회피(위험신호: BISECTOR_BREAK) | 신뢰도:0%
    10:57→11:00: 종가:7,110 | 거래량:15,427 | 🔴회피(위험신호: BISECTOR_BREAK) | 신뢰도:0%
    11:00→11:03: 종가:7,080 | 거래량:20,636 | 🔴회피(위험신호: BISECTOR_BREAK) | 신뢰도:0%
    11:03→11:06: 종가:7,110 | 거래량:11,146 | 🔴회피(위험신호: BISECTOR_BREAK) | 신뢰도:0%
    11:06→11:09: 종가:7,100 | 거래량:8,924 | 🔴회피(위험신호: BISECTOR_BREAK) | 신뢰도:0%
    11:09→11:12: 종가:7,130 | 거래량:5,283 | 🔴회피(위험신호: BISECTOR_BREAK) | 신뢰도:0%
    11:12→11:15: 종가:7,100 | 거래량:6,128 | 🔴회피(위험신호: BISECTOR_BREAK) | 신뢰도:0%
    11:15→11:18: 종가:7,130 | 거래량:1,761 | 🔴회피(위험신호: BISECTOR_BREAK) | 신뢰도:0%
    11:18→11:21: 종가:7,110 | 거래량:7,012 | 🔴회피(위험신호: BISECTOR_BREAK) | 신뢰도:0%
    11:21→11:24: 종가:7,120 | 거래량:4,302 | 🔴회피(위험신호: BISECTOR_BREAK) | 신뢰도:0%
    11:24→11:27: 종가:7,120 | 거래량:4,140 | 🔴회피(위험신호: BISECTOR_BREAK) | 신뢰도:0%
    11:27→11:30: 종가:7,130 | 거래량:3,890 | 🔴회피(위험신호: BISECTOR_BREAK) | 신뢰도:0%
    11:30→11:33: 종가:7,120 | 거래량:2,122 | 🔴회피(위험신호: BISECTOR_BREAK) | 신뢰도:0%
    11:33→11:36: 종가:7,140 | 거래량:4,263 | 🔴회피(위험신호: BISECTOR_BREAK) | 신뢰도:0%
    11:36→11:39: 종가:7,160 | 거래량:5,070 | 🔴회피(시가대비2.0%상승(2%미만차단)) | 신뢰도:0%
    11:39→11:42: 종가:7,160 | 거래량:6,460 | 🔴회피(시가대비2.0%상승(2%미만차단)) | 신뢰도:0%
    11:42→11:45: 종가:7,160 | 거래량:4,437 | 🔴회피(시가대비2.0%상승(2%미만차단)) | 신뢰도:0%
    11:45→11:48: 종가:7,150 | 거래량:11,048 | 🔴회피(이등분선아래) | 신뢰도:0%
    11:48→11:51: 종가:7,150 | 거래량:4,225 | 🔴회피(이등분선아래) | 신뢰도:0%
    11:51→11:54: 종가:7,150 | 거래량:2,741 | 🔴회피(이등분선아래) | 신뢰도:0%
    11:54→11:57: 종가:7,130 | 거래량:3,629 | 🔴회피(위험신호: BISECTOR_BREAK) | 신뢰도:0%
    11:57→12:00: 종가:7,140 | 거래량:845 | 🔴회피(위험신호: BISECTOR_BREAK) | 신뢰도:0%
    12:00→12:03: 종가:7,140 | 거래량:4,083 | 🔴회피(위험신호: BISECTOR_BREAK) | 신뢰도:0%
    12:03→12:06: 종가:7,140 | 거래량:1,107 | 🔴회피(위험신호: BISECTOR_BREAK) | 신뢰도:0%
    12:06→12:09: 종가:7,150 | 거래량:879 | 🔴회피(이등분선아래) | 신뢰도:0%
    12:09→12:12: 종가:7,180 | 거래량:11,362 | 🔴회피(4단계패턴없음) | 신뢰도:0%
    12:12→12:15: 종가:7,170 | 거래량:12,795 | 🔴회피(4단계패턴없음) | 신뢰도:0%
    12:15→12:18: 종가:7,180 | 거래량:8,462 | 🔴회피(4단계패턴없음) | 신뢰도:0%
    12:18→12:21: 종가:7,170 | 거래량:6,507 | 🔴회피(4단계패턴없음) | 신뢰도:0%
    12:21→12:24: 종가:7,160 | 거래량:7,413 | 🔴회피(시가대비2.0%상승(2%미만차단)) | 신뢰도:0%
    12:24→12:27: 종가:7,160 | 거래량:1,971 | 🔴회피(시가대비2.0%상승(2%미만차단)) | 신뢰도:0%
    12:27→12:30: 종가:7,130 | 거래량:8,743 | 🔴회피(위험신호: BISECTOR_BREAK) | 신뢰도:0%
    12:30→12:33: 종가:7,140 | 거래량:3,200 | 🔴회피(위험신호: BISECTOR_BREAK) | 신뢰도:0%
    12:33→12:36: 종가:7,150 | 거래량:5,115 | 🔴회피(이등분선아래) | 신뢰도:0%
    12:36→12:39: 종가:7,150 | 거래량:2,837 | 🔴회피(이등분선아래) | 신뢰도:0%
    12:39→12:42: 종가:7,150 | 거래량:2,743 | 🔴회피(이등분선아래) | 신뢰도:0%
    12:42→12:45: 종가:7,190 | 거래량:16,251 | 🔴회피(4단계패턴없음) | 신뢰도:0%
    12:45→12:48: 종가:7,160 | 거래량:13,266 | 🔴회피(시가대비2.0%상승(2%미만차단)) | 신뢰도:0%
    12:48→12:51: 종가:7,160 | 거래량:3,184 | 🔴회피(시가대비2.0%상승(2%미만차단)) | 신뢰도:0%
    12:51→12:54: 종가:7,170 | 거래량:4,742 | 🔴회피(4단계패턴없음) | 신뢰도:0%
    12:54→12:57: 종가:7,170 | 거래량:3,554 | 🔴회피(4단계패턴없음) | 신뢰도:0%
    12:57→13:00: 종가:7,170 | 거래량:1,554 | 🔴회피(4단계패턴없음) | 신뢰도:0%
    13:00→13:03: 종가:7,190 | 거래량:3,416 | 🔴회피(4단계패턴없음) | 신뢰도:0%
    13:03→13:06: 종가:7,190 | 거래량:7,912 | 🔴회피(4단계패턴없음) | 신뢰도:0%
    13:06→13:09: 종가:7,180 | 거래량:2,539 | 🔴회피(4단계패턴없음) | 신뢰도:0%
    13:09→13:12: 종가:7,190 | 거래량:5,889 | 🔴회피(4단계패턴없음) | 신뢰도:0%
    13:12→13:15: 종가:7,170 | 거래량:2,813 | 🔴회피(4단계패턴없음) | 신뢰도:0%
    13:15→13:18: 종가:7,170 | 거래량:4,027 | 🔴회피(4단계패턴없음) | 신뢰도:0%
    13:18→13:21: 종가:7,170 | 거래량:4,709 | 🔴회피(4단계패턴없음) | 신뢰도:0%
    13:21→13:24: 종가:7,150 | 거래량:6,770 | 🔴회피(이등분선아래) | 신뢰도:0%
    13:24→13:27: 종가:7,170 | 거래량:6,133 | 🔴회피(4단계패턴없음) | 신뢰도:0%
    13:27→13:30: 종가:7,180 | 거래량:5,008 | 🔴회피(4단계패턴없음) | 신뢰도:0%
    13:30→13:33: 종가:7,180 | 거래량:4,191 | 🔴회피(4단계패턴없음) | 신뢰도:0%
    13:33→13:36: 종가:7,160 | 거래량:8,742 | 🔴회피(시가대비2.0%상승(2%미만차단)) | 신뢰도:0%
    13:36→13:39: 종가:7,150 | 거래량:2,313 | 🔴회피(이등분선아래) | 신뢰도:0%
    13:39→13:42: 종가:7,170 | 거래량:4,033 | 🔴회피(4단계패턴없음) | 신뢰도:0%
    13:42→13:45: 종가:7,160 | 거래량:4,290 | 🔴회피(시가대비2.0%상승(2%미만차단)) | 신뢰도:0%
    13:45→13:48: 종가:7,170 | 거래량:1,440 | 🔴회피(4단계패턴없음) | 신뢰도:0%
    13:48→13:51: 종가:7,170 | 거래량:1,204 | 🔴회피(4단계패턴없음) | 신뢰도:0%
    13:51→13:54: 종가:7,180 | 거래량:5,001 | 🔴회피(4단계패턴없음) | 신뢰도:0%
    13:54→13:57: 종가:7,160 | 거래량:9,093 | 🔴회피(시가대비2.0%상승(2%미만차단)) | 신뢰도:0%
    13:57→14:00: 종가:7,160 | 거래량:1,630 | 🔴회피(시가대비2.0%상승(2%미만차단)) | 신뢰도:0%
    14:00→14:03: 종가:7,170 | 거래량:1,588 | 🔴회피(4단계패턴없음) | 신뢰도:0%
    14:03→14:06: 종가:7,180 | 거래량:1,298 | 🔴회피(4단계패턴없음) | 신뢰도:0%
    14:06→14:09: 종가:7,180 | 거래량:2,395 | 🔴회피(4단계패턴없음) | 신뢰도:0%
    14:09→14:12: 종가:7,170 | 거래량:1,390 | 🔴회피(4단계패턴없음) | 신뢰도:0%
    14:12→14:15: 종가:7,160 | 거래량:3,969 | 🔴회피(시가대비2.0%상승(2%미만차단)) | 신뢰도:0%
    14:15→14:18: 종가:7,170 | 거래량:5,877 | 🔴회피(4단계패턴없음) | 신뢰도:0%
    14:18→14:21: 종가:7,160 | 거래량:9,148 | 🔴회피(시가대비2.0%상승(2%미만차단)) | 신뢰도:0%
    14:21→14:24: 종가:7,160 | 거래량:3,237 | 🔴회피(시가대비2.0%상승(2%미만차단)) | 신뢰도:0%
    14:24→14:27: 종가:7,160 | 거래량:5,771 | 🔴회피(시가대비2.0%상승(2%미만차단)) | 신뢰도:0%
    14:27→14:30: 종가:7,140 | 거래량:6,178 | 🔴회피(위험신호: BISECTOR_BREAK) | 신뢰도:0%
    14:30→14:33: 종가:7,160 | 거래량:18,684 | 🔴회피(시가대비2.0%상승(2%미만차단)) | 신뢰도:0%
    14:33→14:36: 종가:7,170 | 거래량:3,364 | 🔴회피(4단계패턴없음) | 신뢰도:0%
    14:36→14:39: 종가:7,170 | 거래량:1,667 | 🔴회피(4단계패턴없음) | 신뢰도:0%
    14:39→14:42: 종가:7,190 | 거래량:18,880 | 🔴회피(4단계패턴없음) | 신뢰도:0%
    14:42→14:45: 종가:7,180 | 거래량:7,717 | 🔴회피(4단계패턴없음) | 신뢰도:0%
    14:45→14:48: 종가:7,180 | 거래량:2,674 | 🔴회피(4단계패턴없음) | 신뢰도:0%
    14:48→14:51: 종가:7,180 | 거래량:6,136 | 🔴회피(4단계패턴없음) | 신뢰도:0%
    14:51→14:54: 종가:7,190 | 거래량:8,894 | 🔴회피(4단계패턴없음) | 신뢰도:0%
    14:54→14:57: 종가:7,200 | 거래량:4,956 | 🔴회피(4단계패턴없음) | 신뢰도:0%
    14:57→15:00: 종가:7,190 | 거래량:4,979 | 🔴회피(4단계패턴없음) | 신뢰도:0%
    15:00→15:03: 종가:7,180 | 거래량:7,515 | 🔴회피(4단계패턴없음) | 신뢰도:0%
    15:03→15:06: 종가:7,190 | 거래량:9,882 | 🔴회피(4단계패턴없음) | 신뢰도:0%
    15:06→15:09: 종가:7,210 | 거래량:42,794 | 🔴회피(4단계패턴없음) | 신뢰도:0%
    15:09→15:12: 종가:7,210 | 거래량:13,697 | 🔴회피(4단계패턴없음) | 신뢰도:0%
    15:12→15:15: 종가:7,210 | 거래량:7,489 | 🔴회피(4단계패턴없음) | 신뢰도:0%
    15:15→15:18: 종가:7,190 | 거래량:9,516 | 🔴회피(4단계패턴없음) | 신뢰도:0%
    15:18→15:21: 종가:7,200 | 거래량:10,770 | 🔴회피(4단계패턴없음) | 신뢰도:0%

=== 129890 - 20251202 눌림목(3분) 신호 재현 ===
  selection_date: 2025-12-02 09:00:39
  승패: 0승 0패
  selection_date 이후 승패: 0승 0패
  매매신호:
    없음
  체결 시뮬레이션:
    없음
  매수 못한 기회:
    없음

  🔍 상세 3분봉 분석 (09:00~15:30):
    09:00→09:03: 데이터부족
    09:03→09:06: 데이터부족
    09:06→09:09: 데이터부족
    09:09→09:12: 데이터부족
    09:12→09:15: 종가:1,277 | 거래량:287,978 | 🔴회피(위험신호: BISECTOR_BREAK) | 신뢰도:0%
    09:15→09:18: 종가:1,283 | 거래량:78,756 | 🔴회피(당일시가이하(시가:1304)) | 신뢰도:0%
    09:18→09:21: 종가:1,299 | 거래량:725,369 | 🔴회피(당일시가이하(시가:1304)) | 신뢰도:0%
    09:21→09:24: 종가:1,289 | 거래량:314,604 | 🔴회피(당일시가이하(시가:1304)) | 신뢰도:0%
    09:24→09:27: 종가:1,290 | 거래량:85,197 | 🔴회피(당일시가이하(시가:1304)) | 신뢰도:0%
    09:27→09:30: 종가:1,286 | 거래량:261,756 | 🔴회피(당일시가이하(시가:1304)) | 신뢰도:0%
    09:30→09:33: 종가:1,295 | 거래량:89,682 | 🔴회피(당일시가이하(시가:1304)) | 신뢰도:0%
    09:33→09:36: 종가:1,297 | 거래량:166,826 | 🔴회피(당일시가이하(시가:1304)) | 신뢰도:0%
    09:36→09:39: 종가:1,283 | 거래량:208,353 | 🔴회피(위험신호: BISECTOR_BREAK) | 신뢰도:0%
    09:39→09:42: 종가:1,278 | 거래량:277,424 | 🔴회피(위험신호: BISECTOR_BREAK) | 신뢰도:0%
    09:42→09:45: 종가:1,270 | 거래량:180,418 | 🔴회피(위험신호: BISECTOR_BREAK) | 신뢰도:0%
    09:45→09:48: 종가:1,279 | 거래량:74,613 | 🔴회피(위험신호: BISECTOR_BREAK) | 신뢰도:0%
    09:48→09:51: 종가:1,280 | 거래량:72,737 | 🔴회피(위험신호: BISECTOR_BREAK) | 신뢰도:0%
    09:51→09:54: 종가:1,280 | 거래량:71,765 | 🔴회피(위험신호: BISECTOR_BREAK) | 신뢰도:0%
    09:54→09:57: 종가:1,283 | 거래량:68,681 | 🔴회피(위험신호: BISECTOR_BREAK) | 신뢰도:0%
    09:57→10:00: 종가:1,285 | 거래량:38,255 | 🔴회피(위험신호: BISECTOR_BREAK) | 신뢰도:0%
    10:00→10:03: 종가:1,286 | 거래량:83,291 | 🔴회피(당일시가이하(시가:1304)) | 신뢰도:0%
    10:03→10:06: 종가:1,321 | 거래량:3,228,783 | 🔴회피(시가대비1.3%상승(2%미만차단)) | 신뢰도:0%
    10:06→10:09: 종가:1,288 | 거래량:830,422 | 🔴회피(위험신호: BISECTOR_BREAK) | 신뢰도:0%
    10:09→10:12: 종가:1,291 | 거래량:352,066 | 🔴회피(위험신호: BISECTOR_BREAK) | 신뢰도:0%
    10:12→10:15: 종가:1,288 | 거래량:180,322 | 🔴회피(위험신호: BISECTOR_BREAK) | 신뢰도:0%
    10:15→10:18: 종가:1,288 | 거래량:265,293 | 🔴회피(위험신호: BISECTOR_BREAK) | 신뢰도:0%
    10:18→10:21: 종가:1,285 | 거래량:64,748 | 🔴회피(위험신호: BISECTOR_BREAK) | 신뢰도:0%
    10:21→10:24: 종가:1,280 | 거래량:159,206 | 🔴회피(위험신호: BISECTOR_BREAK) | 신뢰도:0%
    10:24→10:27: 종가:1,281 | 거래량:108,587 | 🔴회피(위험신호: BISECTOR_BREAK) | 신뢰도:0%
    10:27→10:30: 종가:1,286 | 거래량:36,543 | 🔴회피(위험신호: BISECTOR_BREAK) | 신뢰도:0%
    10:30→10:33: 종가:1,288 | 거래량:44,180 | 🔴회피(위험신호: BISECTOR_BREAK) | 신뢰도:0%
    10:33→10:36: 종가:1,290 | 거래량:99,005 | 🔴회피(위험신호: BISECTOR_BREAK) | 신뢰도:0%
    10:36→10:39: 종가:1,286 | 거래량:55,919 | 🔴회피(위험신호: BISECTOR_BREAK) | 신뢰도:0%
    10:39→10:42: 종가:1,292 | 거래량:81,617 | 🔴회피(위험신호: BISECTOR_BREAK) | 신뢰도:0%
    10:42→10:45: 종가:1,291 | 거래량:15,500 | 🔴회피(위험신호: BISECTOR_BREAK) | 신뢰도:0%
    10:45→10:48: 종가:1,290 | 거래량:24,760 | 🔴회피(위험신호: BISECTOR_BREAK) | 신뢰도:0%
    10:48→10:51: 종가:1,282 | 거래량:87,066 | 🔴회피(위험신호: BISECTOR_BREAK) | 신뢰도:0%
    10:51→10:54: 종가:1,290 | 거래량:49,332 | 🔴회피(위험신호: BISECTOR_BREAK) | 신뢰도:0%
    10:54→10:57: 종가:1,287 | 거래량:39,561 | 🔴회피(위험신호: BISECTOR_BREAK) | 신뢰도:0%
    10:57→11:00: 종가:1,286 | 거래량:26,526 | 🔴회피(위험신호: BISECTOR_BREAK) | 신뢰도:0%
    11:00→11:03: 종가:1,284 | 거래량:48,541 | 🔴회피(위험신호: BISECTOR_BREAK) | 신뢰도:0%
    11:03→11:06: 종가:1,283 | 거래량:50,389 | 🔴회피(위험신호: BISECTOR_BREAK) | 신뢰도:0%
    11:06→11:09: 종가:1,287 | 거래량:24,195 | 🔴회피(위험신호: BISECTOR_BREAK) | 신뢰도:0%
    11:09→11:12: 종가:1,285 | 거래량:68,665 | 🔴회피(위험신호: BISECTOR_BREAK) | 신뢰도:0%
    11:12→11:15: 종가:1,286 | 거래량:12,025 | 🔴회피(위험신호: BISECTOR_BREAK) | 신뢰도:0%
    11:15→11:18: 종가:1,284 | 거래량:34,438 | 🔴회피(위험신호: BISECTOR_BREAK) | 신뢰도:0%
    11:18→11:21: 종가:1,288 | 거래량:18,646 | 🔴회피(위험신호: BISECTOR_BREAK) | 신뢰도:0%
    11:21→11:24: 종가:1,285 | 거래량:19,935 | 🔴회피(위험신호: BISECTOR_BREAK) | 신뢰도:0%
    11:24→11:27: 종가:1,285 | 거래량:26,460 | 🔴회피(위험신호: BISECTOR_BREAK) | 신뢰도:0%
    11:27→11:30: 종가:1,300 | 거래량:192,496 | 🔴회피(위험신호: BISECTOR_BREAK) | 신뢰도:0%
    11:30→11:33: 종가:1,302 | 거래량:1,726,377 | 🔴회피(위험신호: LARGE_BEARISH_VOLUME) | 신뢰도:0%
    11:33→11:36: 종가:1,299 | 거래량:328,568 | 🔴회피(위험신호: BISECTOR_BREAK) | 신뢰도:0%
    11:36→11:39: 종가:1,304 | 거래량:408,244 | 🔴회피(당일시가이하(시가:1304)) | 신뢰도:0%
    11:39→11:42: 종가:1,296 | 거래량:160,352 | 🔴회피(위험신호: BISECTOR_BREAK) | 신뢰도:0%
    11:42→11:45: 종가:1,300 | 거래량:277,226 | 🔴회피(위험신호: BISECTOR_BREAK) | 신뢰도:0%
    11:45→11:48: 종가:1,299 | 거래량:176,402 | 🔴회피(위험신호: BISECTOR_BREAK) | 신뢰도:0%
    11:48→11:51: 종가:1,302 | 거래량:121,974 | 🔴회피(당일시가이하(시가:1304)) | 신뢰도:0%
    11:51→11:54: 종가:1,298 | 거래량:113,021 | 🔴회피(위험신호: BISECTOR_BREAK) | 신뢰도:0%
    11:54→11:57: 종가:1,295 | 거래량:89,282 | 🔴회피(위험신호: BISECTOR_BREAK) | 신뢰도:0%
    11:57→12:00: 종가:1,295 | 거래량:28,060 | 🔴회피(위험신호: BISECTOR_BREAK) | 신뢰도:0%
    12:00→12:03: 종가:1,289 | 거래량:108,541 | 🔴회피(위험신호: BISECTOR_BREAK) | 신뢰도:0%
    12:03→12:06: 종가:1,290 | 거래량:45,837 | 🔴회피(위험신호: BISECTOR_BREAK) | 신뢰도:0%
    12:06→12:09: 종가:1,290 | 거래량:20,917 | 🔴회피(위험신호: BISECTOR_BREAK) | 신뢰도:0%
    12:09→12:12: 종가:1,291 | 거래량:41,019 | 🔴회피(위험신호: BISECTOR_BREAK) | 신뢰도:0%
    12:12→12:15: 종가:1,288 | 거래량:80,751 | 🔴회피(위험신호: BISECTOR_BREAK) | 신뢰도:0%
    12:15→12:18: 종가:1,285 | 거래량:89,755 | 🔴회피(위험신호: BISECTOR_BREAK) | 신뢰도:0%
    12:18→12:21: 종가:1,291 | 거래량:105,007 | 🔴회피(위험신호: BISECTOR_BREAK) | 신뢰도:0%
    12:21→12:24: 종가:1,286 | 거래량:140,445 | 🔴회피(위험신호: BISECTOR_BREAK) | 신뢰도:0%
    12:24→12:27: 종가:1,292 | 거래량:17,434 | 🔴회피(위험신호: BISECTOR_BREAK) | 신뢰도:0%
    12:27→12:30: 종가:1,290 | 거래량:27,345 | 🔴회피(위험신호: BISECTOR_BREAK) | 신뢰도:0%
    12:30→12:33: 종가:1,285 | 거래량:28,142 | 🔴회피(위험신호: BISECTOR_BREAK) | 신뢰도:0%
    12:33→12:36: 종가:1,284 | 거래량:30,478 | 🔴회피(위험신호: BISECTOR_BREAK) | 신뢰도:0%
    12:36→12:39: 종가:1,286 | 거래량:42,560 | 🔴회피(위험신호: BISECTOR_BREAK) | 신뢰도:0%
    12:39→12:42: 종가:1,285 | 거래량:57,181 | 🔴회피(위험신호: BISECTOR_BREAK) | 신뢰도:0%
    12:42→12:45: 종가:1,289 | 거래량:28,009 | 🔴회피(위험신호: BISECTOR_BREAK) | 신뢰도:0%
    12:45→12:48: 종가:1,284 | 거래량:27,143 | 🔴회피(위험신호: BISECTOR_BREAK) | 신뢰도:0%
    12:48→12:51: 종가:1,285 | 거래량:22,717 | 🔴회피(위험신호: BISECTOR_BREAK) | 신뢰도:0%
    12:51→12:54: 종가:1,283 | 거래량:26,685 | 🔴회피(위험신호: BISECTOR_BREAK) | 신뢰도:0%
    12:54→12:57: 종가:1,285 | 거래량:25,574 | 🔴회피(위험신호: BISECTOR_BREAK) | 신뢰도:0%
    12:57→13:00: 종가:1,281 | 거래량:48,321 | 🔴회피(위험신호: BISECTOR_BREAK) | 신뢰도:0%
    13:00→13:03: 종가:1,283 | 거래량:45,765 | 🔴회피(위험신호: BISECTOR_BREAK) | 신뢰도:0%
    13:03→13:06: 종가:1,276 | 거래량:93,167 | 🔴회피(위험신호: BISECTOR_BREAK) | 신뢰도:0%
    13:06→13:09: 종가:1,277 | 거래량:98,332 | 🔴회피(위험신호: BISECTOR_BREAK) | 신뢰도:0%
    13:09→13:12: 종가:1,283 | 거래량:33,582 | 🔴회피(위험신호: BISECTOR_BREAK) | 신뢰도:0%
    13:12→13:15: 종가:1,280 | 거래량:46,231 | 🔴회피(위험신호: BISECTOR_BREAK) | 신뢰도:0%
    13:15→13:18: 종가:1,274 | 거래량:104,595 | 🔴회피(위험신호: BISECTOR_BREAK) | 신뢰도:0%
    13:18→13:21: 종가:1,278 | 거래량:21,894 | 🔴회피(위험신호: BISECTOR_BREAK) | 신뢰도:0%
    13:21→13:24: 종가:1,279 | 거래량:16,353 | 🔴회피(위험신호: BISECTOR_BREAK) | 신뢰도:0%
    13:24→13:27: 종가:1,285 | 거래량:45,863 | 🔴회피(위험신호: BISECTOR_BREAK) | 신뢰도:0%
    13:27→13:30: 종가:1,284 | 거래량:51,837 | 🔴회피(위험신호: BISECTOR_BREAK) | 신뢰도:0%
    13:30→13:33: 종가:1,284 | 거래량:6,308 | 🔴회피(위험신호: BISECTOR_BREAK) | 신뢰도:0%
    13:33→13:36: 종가:1,280 | 거래량:62,602 | 🔴회피(위험신호: BISECTOR_BREAK) | 신뢰도:0%
    13:36→13:39: 종가:1,280 | 거래량:15,118 | 🔴회피(위험신호: BISECTOR_BREAK) | 신뢰도:0%
    13:39→13:42: 종가:1,285 | 거래량:13,503 | 🔴회피(위험신호: BISECTOR_BREAK) | 신뢰도:0%
    13:42→13:45: 종가:1,285 | 거래량:42,424 | 🔴회피(위험신호: BISECTOR_BREAK) | 신뢰도:0%
    13:45→13:48: 종가:1,283 | 거래량:20,029 | 🔴회피(위험신호: BISECTOR_BREAK) | 신뢰도:0%
    13:48→13:51: 종가:1,280 | 거래량:17,388 | 🔴회피(위험신호: BISECTOR_BREAK) | 신뢰도:0%
    13:51→13:54: 종가:1,285 | 거래량:9,537 | 🔴회피(위험신호: BISECTOR_BREAK) | 신뢰도:0%
    13:54→13:57: 종가:1,284 | 거래량:10,700 | 🔴회피(위험신호: BISECTOR_BREAK) | 신뢰도:0%
    13:57→14:00: 종가:1,282 | 거래량:26,002 | 🔴회피(위험신호: BISECTOR_BREAK) | 신뢰도:0%
    14:00→14:03: 종가:1,285 | 거래량:25,856 | 🔴회피(위험신호: BISECTOR_BREAK) | 신뢰도:0%
    14:03→14:06: 종가:1,284 | 거래량:8,853 | 🔴회피(위험신호: BISECTOR_BREAK) | 신뢰도:0%
    14:06→14:09: 종가:1,302 | 거래량:233,460 | 🔴회피(당일시가이하(시가:1304)) | 신뢰도:0%
    14:09→14:12: 종가:1,282 | 거래량:531,174 | 🔴회피(위험신호: BISECTOR_BREAK) | 신뢰도:0%
    14:12→14:15: 종가:1,281 | 거래량:83,573 | 🔴회피(위험신호: BISECTOR_BREAK) | 신뢰도:0%
    14:15→14:18: 종가:1,281 | 거래량:94,722 | 🔴회피(위험신호: BISECTOR_BREAK) | 신뢰도:0%
    14:18→14:21: 종가:1,281 | 거래량:44,765 | 🔴회피(위험신호: BISECTOR_BREAK) | 신뢰도:0%
    14:21→14:24: 종가:1,282 | 거래량:20,919 | 🔴회피(위험신호: BISECTOR_BREAK) | 신뢰도:0%
    14:24→14:27: 종가:1,282 | 거래량:9,081 | 🔴회피(위험신호: BISECTOR_BREAK) | 신뢰도:0%
    14:27→14:30: 종가:1,282 | 거래량:16,805 | 🔴회피(위험신호: BISECTOR_BREAK) | 신뢰도:0%
    14:30→14:33: 종가:1,283 | 거래량:16,958 | 🔴회피(위험신호: BISECTOR_BREAK) | 신뢰도:0%
    14:33→14:36: 종가:1,283 | 거래량:18,256 | 🔴회피(위험신호: BISECTOR_BREAK) | 신뢰도:0%
    14:36→14:39: 종가:1,281 | 거래량:15,065 | 🔴회피(위험신호: BISECTOR_BREAK) | 신뢰도:0%
    14:39→14:42: 종가:1,282 | 거래량:22,824 | 🔴회피(위험신호: BISECTOR_BREAK) | 신뢰도:0%
    14:42→14:45: 종가:1,281 | 거래량:19,179 | 🔴회피(위험신호: BISECTOR_BREAK) | 신뢰도:0%
    14:45→14:48: 종가:1,279 | 거래량:26,183 | 🔴회피(위험신호: BISECTOR_BREAK) | 신뢰도:0%
    14:48→14:51: 종가:1,278 | 거래량:42,459 | 🔴회피(위험신호: BISECTOR_BREAK) | 신뢰도:0%
    14:51→14:54: 종가:1,282 | 거래량:11,807 | 🔴회피(위험신호: BISECTOR_BREAK) | 신뢰도:0%
    14:54→14:57: 종가:1,280 | 거래량:28,738 | 🔴회피(위험신호: BISECTOR_BREAK) | 신뢰도:0%
    14:57→15:00: 종가:1,280 | 거래량:44,142 | 🔴회피(위험신호: BISECTOR_BREAK) | 신뢰도:0%
    15:00→15:03: 종가:1,281 | 거래량:18,482 | 🔴회피(위험신호: BISECTOR_BREAK) | 신뢰도:0%
    15:03→15:06: 종가:1,283 | 거래량:49,807 | 🔴회피(위험신호: BISECTOR_BREAK) | 신뢰도:0%
    15:06→15:09: 종가:1,283 | 거래량:22,775 | 🔴회피(위험신호: BISECTOR_BREAK) | 신뢰도:0%
    15:09→15:12: 종가:1,288 | 거래량:35,740 | 🔴회피(위험신호: BISECTOR_BREAK) | 신뢰도:0%
    15:12→15:15: 종가:1,284 | 거래량:36,032 | 🔴회피(위험신호: BISECTOR_BREAK) | 신뢰도:0%
    15:15→15:18: 종가:1,285 | 거래량:63,108 | 🔴회피(위험신호: BISECTOR_BREAK) | 신뢰도:0%
    15:18→15:21: 종가:1,288 | 거래량:63,512 | 🔴회피(위험신호: BISECTOR_BREAK) | 신뢰도:0%

=== 394800 - 20251202 눌림목(3분) 신호 재현 ===
  selection_date: 2025-12-02 10:12:18
  승패: 1승 0패
  selection_date 이후 승패: 1승 0패
  매매신호:
    10:51 [pullback_pattern]
  체결 시뮬레이션:
    10:51 매수[pullback_pattern] @13,194 → 13:52 매도[profit_3.5pct] @13,656 (+3.50%)
  매수 못한 기회:
    없음

  🔍 상세 3분봉 분석 (09:00~15:30):
    09:00→09:03: 데이터부족
    09:03→09:06: 데이터부족
    09:06→09:09: 데이터부족
    09:09→09:12: 데이터부족
    09:12→09:15: 종가:12,630 | 거래량:6,109 | 🔴회피(시가대비1.0%상승(2%미만차단)) | 신뢰도:0%
    09:15→09:18: 종가:12,560 | 거래량:13,165 | 🔴회피(시가대비0.5%상승(2%미만차단)) | 신뢰도:0%
    09:18→09:21: 종가:12,490 | 거래량:5,048 | 🔴회피(당일시가이하(시가:12500)) | 신뢰도:0%
    09:21→09:24: 종가:12,320 | 거래량:28,452 | 🔴회피(위험신호: LARGE_BEARISH_VOLUME) | 신뢰도:0%
    09:24→09:27: 종가:12,350 | 거래량:4,875 | 🔴회피(위험신호: BISECTOR_BREAK) | 신뢰도:0%
    09:27→09:30: 종가:12,390 | 거래량:2,978 | 🔴회피(당일시가이하(시가:12500)) | 신뢰도:0%
    09:30→09:33: 종가:12,420 | 거래량:1,788 | 🔴회피(당일시가이하(시가:12500)) | 신뢰도:0%
    09:33→09:36: 종가:12,400 | 거래량:2,636 | 🔴회피(당일시가이하(시가:12500)) | 신뢰도:0%
    09:36→09:39: 종가:12,440 | 거래량:2,896 | 🔴회피(당일시가이하(시가:12500)) | 신뢰도:0%
    09:39→09:42: 종가:12,380 | 거래량:9,538 | 🔴회피(당일시가이하(시가:12500)) | 신뢰도:0%
    09:42→09:45: 종가:12,520 | 거래량:2,660 | 🔴회피(시가대비0.2%상승(2%미만차단)) | 신뢰도:0%
    09:45→09:48: 종가:12,550 | 거래량:5,449 | 🔴회피(시가대비0.4%상승(2%미만차단)) | 신뢰도:0%
    09:48→09:51: 종가:12,610 | 거래량:5,700 | 🔴회피(시가대비0.9%상승(2%미만차단)) | 신뢰도:0%
    09:51→09:54: 종가:12,610 | 거래량:3,357 | 🔴회피(시가대비0.9%상승(2%미만차단)) | 신뢰도:0%
    09:54→09:57: 종가:12,700 | 거래량:13,963 | 🔴회피(시가대비1.6%상승(2%미만차단)) | 신뢰도:0%
    09:57→10:00: 종가:12,670 | 거래량:4,006 | 🔴회피(시가대비1.4%상승(2%미만차단)) | 신뢰도:0%
    10:00→10:03: 종가:12,650 | 거래량:3,511 | 🔴회피(시가대비1.2%상승(2%미만차단)) | 신뢰도:0%
    10:03→10:06: 종가:12,730 | 거래량:12,361 | 🔴회피(시가대비1.8%상승(2%미만차단)) | 신뢰도:0%
    10:06→10:09: 종가:12,720 | 거래량:2,622 | 🔴회피(시가대비1.8%상승(2%미만차단)) | 신뢰도:0%
    10:09→10:12: 종가:12,760 | 거래량:12,229 | 🔴회피(4단계패턴없음) | 신뢰도:0%
    10:12→10:15: 종가:12,780 | 거래량:11,552 | 🔴회피(4단계패턴없음) | 신뢰도:0%
    10:15→10:18: 종가:12,820 | 거래량:8,267 | 🔴회피(4단계패턴없음) | 신뢰도:0%
    10:18→10:21: 종가:12,850 | 거래량:5,877 | 🔴회피(4단계패턴없음) | 신뢰도:0%
    10:21→10:24: 종가:12,970 | 거래량:21,593 | 🔴회피(4단계패턴없음) | 신뢰도:0%
    10:24→10:27: 종가:13,160 | 거래량:62,701 | 🔴회피(4단계패턴없음) | 신뢰도:0%
    10:27→10:30: 종가:13,320 | 거래량:54,102 | 🔴회피(4단계패턴없음) | 신뢰도:0%
    10:30→10:33: 종가:13,290 | 거래량:24,762 | 🔴회피(4단계패턴없음) | 신뢰도:0%
    10:33→10:36: 종가:13,160 | 거래량:22,304 | 🔴회피(4단계패턴없음) | 신뢰도:0%
    10:36→10:39: 종가:13,160 | 거래량:11,408 | 🔴회피(4단계패턴없음) | 신뢰도:0%
    10:39→10:42: 종가:13,140 | 거래량:29,579 | 🔴회피(4단계패턴없음) | 신뢰도:0%
    10:42→10:45: 종가:13,140 | 거래량:7,144 | 🔴회피(4단계패턴없음) | 신뢰도:0%
    10:45→10:48: 종가:13,170 | 거래량:3,800 | 🔴회피(4단계패턴없음) | 신뢰도:0%
    10:48→10:51: 종가:13,200 | 거래량:22,118 | 🟢강매수 | 신뢰도:91% | 💰매수@13,194 | →13:52매도@13,656
    10:51→10:54: 종가:13,200 | 거래량:10,464 | 🔴회피(4단계패턴없음) | 신뢰도:0%
    10:54→10:57: 종가:13,200 | 거래량:6,480 | 🔴회피(4단계패턴없음) | 신뢰도:0%
    10:57→11:00: 종가:13,200 | 거래량:11,927 | 🔴회피(4단계패턴없음) | 신뢰도:0%
    11:00→11:03: 종가:13,190 | 거래량:9,681 | 🔴회피(4단계패턴없음) | 신뢰도:0%
    11:03→11:06: 종가:13,250 | 거래량:29,438 | 🟢강매수 | 신뢰도:88%
    11:06→11:09: 종가:13,270 | 거래량:29,950 | 🟢강매수 | 신뢰도:92%
    11:09→11:12: 종가:13,290 | 거래량:7,363 | 🔴회피(4단계패턴없음) | 신뢰도:0%
    11:12→11:15: 종가:13,290 | 거래량:4,698 | 🔴회피(4단계패턴없음) | 신뢰도:0%
    11:15→11:18: 종가:13,300 | 거래량:40,906 | 🔴회피(4단계패턴없음) | 신뢰도:0%
    11:18→11:21: 종가:13,380 | 거래량:30,758 | 🔴회피(4단계패턴없음) | 신뢰도:0%
    11:21→11:24: 종가:13,370 | 거래량:9,238 | 🔴회피(4단계패턴없음) | 신뢰도:0%
    11:24→11:27: 종가:13,340 | 거래량:4,458 | 🔴회피(4단계패턴없음) | 신뢰도:0%
    11:27→11:30: 종가:13,360 | 거래량:6,395 | 🔴회피(4단계패턴없음) | 신뢰도:0%
    11:30→11:33: 종가:13,380 | 거래량:13,128 | 🟢강매수 | 신뢰도:92%
    11:33→11:36: 종가:13,390 | 거래량:12,371 | 🔴회피(4단계패턴없음) | 신뢰도:0%
    11:36→11:39: 종가:13,440 | 거래량:19,765 | 🔴회피(4단계패턴없음) | 신뢰도:0%
    11:39→11:42: 종가:13,420 | 거래량:10,499 | 🔴회피(4단계패턴없음) | 신뢰도:0%
    11:42→11:45: 종가:13,380 | 거래량:17,574 | 🔴회피(4단계패턴없음) | 신뢰도:0%
    11:45→11:48: 종가:13,380 | 거래량:8,104 | 🔴회피(4단계패턴없음) | 신뢰도:0%
    11:48→11:51: 종가:13,330 | 거래량:13,076 | 🔴회피(4단계패턴없음) | 신뢰도:0%
    11:51→11:54: 종가:13,200 | 거래량:12,996 | 🔴회피(4단계패턴없음) | 신뢰도:0%
    11:54→11:57: 종가:13,210 | 거래량:5,205 | 🔴회피(4단계패턴없음) | 신뢰도:0%
    11:57→12:00: 종가:13,190 | 거래량:5,980 | 🔴회피(4단계패턴없음) | 신뢰도:0%
    12:00→12:03: 종가:13,160 | 거래량:7,564 | 🔴회피(4단계패턴없음) | 신뢰도:0%
    12:03→12:06: 종가:13,120 | 거래량:9,434 | 🔴회피(4단계패턴없음) | 신뢰도:0%
    12:06→12:09: 종가:13,110 | 거래량:7,415 | 🔴회피(4단계패턴없음) | 신뢰도:0%
    12:09→12:12: 종가:13,200 | 거래량:988 | 🔴회피(4단계패턴없음) | 신뢰도:0%
    12:12→12:15: 종가:13,270 | 거래량:5,229 | 🔴회피(4단계패턴없음) | 신뢰도:0%
    12:15→12:18: 종가:13,260 | 거래량:2,575 | 🔴회피(4단계패턴없음) | 신뢰도:0%
    12:18→12:21: 종가:13,330 | 거래량:3,872 | 🔴회피(4단계패턴없음) | 신뢰도:0%
    12:21→12:24: 종가:13,270 | 거래량:2,487 | 🔴회피(4단계패턴없음) | 신뢰도:0%
    12:24→12:27: 종가:13,300 | 거래량:2,879 | 🔴회피(4단계패턴없음) | 신뢰도:0%
    12:27→12:30: 종가:13,310 | 거래량:2,573 | 🔴회피(4단계패턴없음) | 신뢰도:0%
    12:30→12:33: 종가:13,310 | 거래량:4,214 | 🔴회피(4단계패턴없음) | 신뢰도:0%
    12:33→12:36: 종가:13,330 | 거래량:3,597 | 🔴회피(4단계패턴없음) | 신뢰도:0%
    12:36→12:39: 종가:13,310 | 거래량:1,335 | 🔴회피(4단계패턴없음) | 신뢰도:0%
    12:39→12:42: 종가:13,280 | 거래량:2,626 | 🔴회피(4단계패턴없음) | 신뢰도:0%
    12:42→12:45: 종가:13,270 | 거래량:5,909 | 🔴회피(4단계패턴없음) | 신뢰도:0%
    12:45→12:48: 종가:13,310 | 거래량:6,500 | 🔴회피(4단계패턴없음) | 신뢰도:0%
    12:48→12:51: 종가:13,340 | 거래량:5,560 | 🔴회피(4단계패턴없음) | 신뢰도:0%
    12:51→12:54: 종가:13,390 | 거래량:4,985 | 🔴회피(4단계패턴없음) | 신뢰도:0%
    12:54→12:57: 종가:13,450 | 거래량:13,200 | 🔴회피(4단계패턴없음) | 신뢰도:0%
    12:57→13:00: 종가:13,460 | 거래량:13,298 | 🔴회피(4단계패턴없음) | 신뢰도:0%
    13:00→13:03: 종가:13,500 | 거래량:24,557 | 🔴회피(4단계패턴없음) | 신뢰도:0%
    13:03→13:06: 종가:13,440 | 거래량:9,891 | 🔴회피(4단계패턴없음) | 신뢰도:0%
    13:06→13:09: 종가:13,430 | 거래량:6,333 | 🔴회피(4단계패턴없음) | 신뢰도:0%
    13:09→13:12: 종가:13,460 | 거래량:5,070 | 🔴회피(4단계패턴없음) | 신뢰도:0%
    13:12→13:15: 종가:13,490 | 거래량:5,858 | 🔴회피(4단계패턴없음) | 신뢰도:0%
    13:15→13:18: 종가:13,490 | 거래량:5,405 | 🔴회피(4단계패턴없음) | 신뢰도:0%
    13:18→13:21: 종가:13,450 | 거래량:8,797 | 🔴회피(4단계패턴없음) | 신뢰도:0%
    13:21→13:24: 종가:13,400 | 거래량:5,059 | 🔴회피(4단계패턴없음) | 신뢰도:0%
    13:24→13:27: 종가:13,440 | 거래량:3,408 | 🔴회피(4단계패턴없음) | 신뢰도:0%
    13:27→13:30: 종가:13,430 | 거래량:2,678 | 🔴회피(4단계패턴없음) | 신뢰도:0%
    13:30→13:33: 종가:13,440 | 거래량:8,220 | 🔴회피(4단계패턴없음) | 신뢰도:0%
    13:33→13:36: 종가:13,470 | 거래량:4,745 | 🔴회피(4단계패턴없음) | 신뢰도:0%
    13:36→13:39: 종가:13,490 | 거래량:8,390 | 🔴회피(4단계패턴없음) | 신뢰도:0%
    13:39→13:42: 종가:13,490 | 거래량:3,728 | 🔴회피(4단계패턴없음) | 신뢰도:0%
    13:42→13:45: 종가:13,530 | 거래량:6,730 | 🔴회피(4단계패턴없음) | 신뢰도:0%
    13:45→13:48: 종가:13,550 | 거래량:8,729 | 🔴회피(4단계패턴없음) | 신뢰도:0%
    13:48→13:51: 종가:13,560 | 거래량:7,898 | 🔴회피(4단계패턴없음) | 신뢰도:0%
    13:51→13:54: 종가:13,740 | 거래량:37,062 | 🔴회피(4단계패턴없음) | 신뢰도:0%
    13:54→13:57: 종가:13,740 | 거래량:14,129 | 🔴회피(4단계패턴없음) | 신뢰도:0%
    13:57→14:00: 종가:13,490 | 거래량:34,509 | 🔴회피(위험신호: LARGE_BEARISH_VOLUME) | 신뢰도:0%
    14:00→14:03: 종가:13,570 | 거래량:11,728 | 🔴회피(4단계패턴없음) | 신뢰도:0%
    14:03→14:06: 종가:13,560 | 거래량:23,689 | 🔴회피(4단계패턴없음) | 신뢰도:0%
    14:06→14:09: 종가:13,610 | 거래량:7,663 | 🔴회피(4단계패턴없음) | 신뢰도:0%
    14:09→14:12: 종가:13,580 | 거래량:9,085 | 🔴회피(4단계패턴없음) | 신뢰도:0%
    14:12→14:15: 종가:13,530 | 거래량:9,032 | 🔴회피(4단계패턴없음) | 신뢰도:0%
    14:15→14:18: 종가:13,610 | 거래량:24,692 | 🔴회피(4단계패턴없음) | 신뢰도:0%
    14:18→14:21: 종가:13,590 | 거래량:8,413 | 🔴회피(4단계패턴없음) | 신뢰도:0%
    14:21→14:24: 종가:13,590 | 거래량:12,964 | 🔴회피(4단계패턴없음) | 신뢰도:0%
    14:24→14:27: 종가:13,590 | 거래량:3,299 | 🔴회피(4단계패턴없음) | 신뢰도:0%
    14:27→14:30: 종가:13,580 | 거래량:7,122 | 🔴회피(4단계패턴없음) | 신뢰도:0%
    14:30→14:33: 종가:13,610 | 거래량:3,767 | 🔴회피(4단계패턴없음) | 신뢰도:0%
    14:33→14:36: 종가:13,600 | 거래량:5,630 | 🔴회피(4단계패턴없음) | 신뢰도:0%
    14:36→14:39: 종가:13,520 | 거래량:15,609 | 🔴회피(4단계패턴없음) | 신뢰도:0%
    14:39→14:42: 종가:13,430 | 거래량:17,612 | 🔴회피(4단계패턴없음) | 신뢰도:0%
    14:42→14:45: 종가:13,520 | 거래량:17,581 | 🔴회피(4단계패턴없음) | 신뢰도:0%
    14:45→14:48: 종가:13,520 | 거래량:6,323 | 🔴회피(4단계패턴없음) | 신뢰도:0%
    14:48→14:51: 종가:13,480 | 거래량:11,686 | 🔴회피(4단계패턴없음) | 신뢰도:0%
    14:51→14:54: 종가:13,450 | 거래량:8,807 | 🔴회피(4단계패턴없음) | 신뢰도:0%
    14:54→14:57: 종가:13,460 | 거래량:7,801 | 🔴회피(4단계패턴없음) | 신뢰도:0%
    14:57→15:00: 종가:13,470 | 거래량:6,298 | 🔴회피(4단계패턴없음) | 신뢰도:0%
    15:00→15:03: 종가:13,610 | 거래량:6,514 | 🔴회피(4단계패턴없음) | 신뢰도:0%
    15:03→15:06: 종가:13,650 | 거래량:12,169 | 🔴회피(4단계패턴없음) | 신뢰도:0%
    15:06→15:09: 종가:13,520 | 거래량:8,381 | 🔴회피(4단계패턴없음) | 신뢰도:0%
    15:09→15:12: 종가:13,570 | 거래량:14,026 | 🔴회피(4단계패턴없음) | 신뢰도:0%
    15:12→15:15: 종가:13,470 | 거래량:7,964 | 🔴회피(4단계패턴없음) | 신뢰도:0%
    15:15→15:18: 종가:13,450 | 거래량:11,499 | 🔴회피(4단계패턴없음) | 신뢰도:0%
    15:18→15:21: 종가:13,470 | 거래량:5,146 | 🔴회피(4단계패턴없음) | 신뢰도:0%

=== 014680 - 20251202 눌림목(3분) 신호 재현 ===
  selection_date: 2025-12-02 09:25:57
  승패: 0승 0패
  selection_date 이후 승패: 0승 0패
  매매신호:
    없음
  체결 시뮬레이션:
    없음
  매수 못한 기회:
    없음

  🔍 상세 3분봉 분석 (09:00~15:30):
    09:00→09:03: 데이터부족
    09:03→09:06: 데이터부족
    09:06→09:09: 데이터부족
    09:09→09:12: 데이터부족
    09:12→09:15: 종가:248,000 | 거래량:1,054 | 🔴회피(위험신호: BISECTOR_BREAK) | 신뢰도:0%
    09:15→09:18: 종가:248,000 | 거래량:313 | 🔴회피(위험신호: BISECTOR_BREAK) | 신뢰도:0%
    09:18→09:21: 종가:251,000 | 거래량:643 | 🔴회피(당일시가이하(시가:251000)) | 신뢰도:0%
    09:21→09:24: 종가:252,500 | 거래량:981 | 🔴회피(시가대비0.6%상승(2%미만차단)) | 신뢰도:0%
    09:24→09:27: 종가:255,000 | 거래량:2,129 | 🔴회피(시가대비1.6%상승(2%미만차단)) | 신뢰도:0%
    09:27→09:30: 종가:253,500 | 거래량:804 | 🔴회피(시가대비1.0%상승(2%미만차단)) | 신뢰도:0%
    09:30→09:33: 종가:253,500 | 거래량:1,110 | 🔴회피(시가대비1.0%상승(2%미만차단)) | 신뢰도:0%
    09:33→09:36: 종가:253,000 | 거래량:549 | 🔴회피(시가대비0.8%상승(2%미만차단)) | 신뢰도:0%
    09:36→09:39: 종가:252,500 | 거래량:945 | 🔴회피(시가대비0.6%상승(2%미만차단)) | 신뢰도:0%
    09:39→09:42: 종가:253,000 | 거래량:456 | 🔴회피(시가대비0.8%상승(2%미만차단)) | 신뢰도:0%
    09:42→09:45: 종가:253,500 | 거래량:445 | 🔴회피(시가대비1.0%상승(2%미만차단)) | 신뢰도:0%
    09:45→09:48: 종가:252,500 | 거래량:304 | 🔴회피(시가대비0.6%상승(2%미만차단)) | 신뢰도:0%
    09:48→09:51: 종가:252,500 | 거래량:513 | 🔴회피(시가대비0.6%상승(2%미만차단)) | 신뢰도:0%
    09:51→09:54: 종가:251,000 | 거래량:885 | 🔴회피(당일시가이하(시가:251000)) | 신뢰도:0%
    09:54→09:57: 종가:251,000 | 거래량:248 | 🔴회피(당일시가이하(시가:251000)) | 신뢰도:0%
    09:57→10:00: 종가:254,000 | 거래량:3,147 | 🔴회피(시가대비1.2%상승(2%미만차단)) | 신뢰도:0%
    10:00→10:03: 종가:254,000 | 거래량:415 | 🔴회피(시가대비1.2%상승(2%미만차단)) | 신뢰도:0%
    10:03→10:06: 종가:254,000 | 거래량:363 | 🔴회피(시가대비1.2%상승(2%미만차단)) | 신뢰도:0%
    10:06→10:09: 종가:254,000 | 거래량:649 | 🔴회피(시가대비1.2%상승(2%미만차단)) | 신뢰도:0%
    10:09→10:12: 종가:253,500 | 거래량:627 | 🔴회피(시가대비1.0%상승(2%미만차단)) | 신뢰도:0%
    10:12→10:15: 종가:254,000 | 거래량:480 | 🔴회피(시가대비1.2%상승(2%미만차단)) | 신뢰도:0%
    10:15→10:18: 종가:254,000 | 거래량:423 | 🔴회피(시가대비1.2%상승(2%미만차단)) | 신뢰도:0%
    10:18→10:21: 종가:254,500 | 거래량:432 | 🔴회피(시가대비1.4%상승(2%미만차단)) | 신뢰도:0%
    10:21→10:24: 종가:253,500 | 거래량:633 | 🔴회피(시가대비1.0%상승(2%미만차단)) | 신뢰도:0%
    10:24→10:27: 종가:252,000 | 거래량:336 | 🔴회피(시가대비0.4%상승(2%미만차단)) | 신뢰도:0%
    10:27→10:30: 종가:251,500 | 거래량:581 | 🔴회피(시가대비0.2%상승(2%미만차단)) | 신뢰도:0%
    10:30→10:33: 종가:249,000 | 거래량:355 | 🔴회피(위험신호: BISECTOR_BREAK) | 신뢰도:0%
    10:33→10:36: 종가:248,000 | 거래량:1,001 | 🔴회피(위험신호: BISECTOR_BREAK) | 신뢰도:0%
    10:36→10:39: 종가:247,500 | 거래량:392 | 🔴회피(위험신호: BISECTOR_BREAK) | 신뢰도:0%
    10:39→10:42: 종가:247,500 | 거래량:769 | 🔴회피(위험신호: BISECTOR_BREAK) | 신뢰도:0%
    10:42→10:45: 종가:247,500 | 거래량:307 | 🔴회피(위험신호: BISECTOR_BREAK) | 신뢰도:0%
    10:45→10:48: 종가:247,000 | 거래량:168 | 🔴회피(위험신호: BISECTOR_BREAK) | 신뢰도:0%
    10:48→10:51: 종가:247,500 | 거래량:217 | 🔴회피(위험신호: BISECTOR_BREAK) | 신뢰도:0%
    10:51→10:54: 종가:247,500 | 거래량:291 | 🔴회피(위험신호: BISECTOR_BREAK) | 신뢰도:0%
    10:54→10:57: 종가:246,500 | 거래량:419 | 🔴회피(위험신호: BISECTOR_BREAK) | 신뢰도:0%
    10:57→11:00: 종가:246,000 | 거래량:788 | 🔴회피(위험신호: BISECTOR_BREAK) | 신뢰도:0%
    11:00→11:03: 종가:245,500 | 거래량:400 | 🔴회피(위험신호: BISECTOR_BREAK) | 신뢰도:0%
    11:03→11:06: 종가:246,500 | 거래량:359 | 🔴회피(위험신호: BISECTOR_BREAK) | 신뢰도:0%
    11:06→11:09: 종가:246,500 | 거래량:189 | 🔴회피(위험신호: BISECTOR_BREAK) | 신뢰도:0%
    11:09→11:12: 종가:246,000 | 거래량:157 | 🔴회피(위험신호: BISECTOR_BREAK) | 신뢰도:0%
    11:12→11:15: 종가:246,000 | 거래량:187 | 🔴회피(위험신호: BISECTOR_BREAK) | 신뢰도:0%
    11:15→11:18: 종가:246,500 | 거래량:211 | 🔴회피(위험신호: BISECTOR_BREAK) | 신뢰도:0%
    11:18→11:21: 종가:246,000 | 거래량:106 | 🔴회피(위험신호: BISECTOR_BREAK) | 신뢰도:0%
    11:21→11:24: 종가:246,500 | 거래량:174 | 🔴회피(위험신호: BISECTOR_BREAK) | 신뢰도:0%
    11:24→11:27: 종가:246,500 | 거래량:255 | 🔴회피(위험신호: BISECTOR_BREAK) | 신뢰도:0%
    11:27→11:30: 종가:245,500 | 거래량:351 | 🔴회피(위험신호: BISECTOR_BREAK) | 신뢰도:0%
    11:30→11:33: 종가:245,000 | 거래량:704 | 🔴회피(위험신호: BISECTOR_BREAK) | 신뢰도:0%
    11:33→11:36: 종가:245,500 | 거래량:295 | 🔴회피(위험신호: BISECTOR_BREAK) | 신뢰도:0%
    11:36→11:39: 종가:246,000 | 거래량:209 | 🔴회피(위험신호: BISECTOR_BREAK) | 신뢰도:0%
    11:39→11:42: 종가:246,500 | 거래량:141 | 🔴회피(위험신호: BISECTOR_BREAK) | 신뢰도:0%
    11:42→11:45: 종가:245,500 | 거래량:165 | 🔴회피(위험신호: BISECTOR_BREAK) | 신뢰도:0%
    11:45→11:48: 종가:246,500 | 거래량:156 | 🔴회피(위험신호: BISECTOR_BREAK) | 신뢰도:0%
    11:48→11:51: 종가:245,500 | 거래량:151 | 🔴회피(위험신호: BISECTOR_BREAK) | 신뢰도:0%
    11:51→11:54: 종가:246,000 | 거래량:191 | 🔴회피(위험신호: BISECTOR_BREAK) | 신뢰도:0%
    11:54→11:57: 종가:245,500 | 거래량:161 | 🔴회피(위험신호: BISECTOR_BREAK) | 신뢰도:0%
    11:57→12:00: 종가:245,000 | 거래량:161 | 🔴회피(위험신호: BISECTOR_BREAK) | 신뢰도:0%
    12:00→12:03: 종가:246,000 | 거래량:340 | 🔴회피(위험신호: BISECTOR_BREAK) | 신뢰도:0%
    12:03→12:06: 종가:245,000 | 거래량:102 | 🔴회피(위험신호: BISECTOR_BREAK) | 신뢰도:0%
    12:06→12:09: 종가:245,000 | 거래량:212 | 🔴회피(위험신호: BISECTOR_BREAK) | 신뢰도:0%
    12:09→12:12: 종가:245,500 | 거래량:167 | 🔴회피(위험신호: BISECTOR_BREAK) | 신뢰도:0%
    12:12→12:15: 종가:244,500 | 거래량:167 | 🔴회피(위험신호: BISECTOR_BREAK) | 신뢰도:0%
    12:15→12:18: 종가:244,500 | 거래량:201 | 🔴회피(위험신호: BISECTOR_BREAK) | 신뢰도:0%
    12:18→12:21: 종가:244,500 | 거래량:235 | 🔴회피(위험신호: BISECTOR_BREAK) | 신뢰도:0%
    12:21→12:24: 종가:244,000 | 거래량:249 | 🔴회피(위험신호: BISECTOR_BREAK) | 신뢰도:0%
    12:24→12:27: 종가:244,000 | 거래량:490 | 🔴회피(위험신호: BISECTOR_BREAK) | 신뢰도:0%
    12:27→12:30: 종가:243,500 | 거래량:285 | 🔴회피(위험신호: BISECTOR_BREAK) | 신뢰도:0%
    12:30→12:33: 종가:244,000 | 거래량:271 | 🔴회피(위험신호: BISECTOR_BREAK) | 신뢰도:0%
    12:33→12:36: 종가:244,000 | 거래량:255 | 🔴회피(위험신호: BISECTOR_BREAK) | 신뢰도:0%
    12:36→12:39: 종가:244,000 | 거래량:240 | 🔴회피(위험신호: BISECTOR_BREAK) | 신뢰도:0%
    12:39→12:42: 종가:244,000 | 거래량:146 | 🔴회피(위험신호: BISECTOR_BREAK) | 신뢰도:0%
    12:42→12:45: 종가:244,500 | 거래량:237 | 🔴회피(위험신호: BISECTOR_BREAK) | 신뢰도:0%
    12:45→12:48: 종가:245,000 | 거래량:167 | 🔴회피(위험신호: BISECTOR_BREAK) | 신뢰도:0%
    12:48→12:51: 종가:245,000 | 거래량:202 | 🔴회피(위험신호: BISECTOR_BREAK) | 신뢰도:0%
    12:51→12:54: 종가:245,500 | 거래량:242 | 🔴회피(위험신호: BISECTOR_BREAK) | 신뢰도:0%
    12:54→12:57: 종가:245,500 | 거래량:158 | 🔴회피(위험신호: BISECTOR_BREAK) | 신뢰도:0%
    12:57→13:00: 종가:245,500 | 거래량:111 | 🔴회피(위험신호: BISECTOR_BREAK) | 신뢰도:0%
    13:00→13:03: 종가:245,500 | 거래량:99 | 🔴회피(위험신호: BISECTOR_BREAK) | 신뢰도:0%
    13:03→13:06: 종가:245,000 | 거래량:148 | 🔴회피(위험신호: BISECTOR_BREAK) | 신뢰도:0%
    13:06→13:09: 종가:246,500 | 거래량:498 | 🔴회피(위험신호: BISECTOR_BREAK) | 신뢰도:0%
    13:09→13:12: 종가:246,000 | 거래량:167 | 🔴회피(위험신호: BISECTOR_BREAK) | 신뢰도:0%
    13:12→13:15: 종가:245,500 | 거래량:199 | 🔴회피(위험신호: BISECTOR_BREAK) | 신뢰도:0%
    13:15→13:18: 종가:246,500 | 거래량:278 | 🔴회피(위험신호: BISECTOR_BREAK) | 신뢰도:0%
    13:18→13:21: 종가:247,500 | 거래량:449 | 🔴회피(위험신호: BISECTOR_BREAK) | 신뢰도:0%
    13:21→13:24: 종가:246,500 | 거래량:291 | 🔴회피(위험신호: BISECTOR_BREAK) | 신뢰도:0%
    13:24→13:27: 종가:246,500 | 거래량:182 | 🔴회피(위험신호: BISECTOR_BREAK) | 신뢰도:0%
    13:27→13:30: 종가:247,000 | 거래량:415 | 🔴회피(위험신호: BISECTOR_BREAK) | 신뢰도:0%
    13:30→13:33: 종가:247,500 | 거래량:175 | 🔴회피(위험신호: BISECTOR_BREAK) | 신뢰도:0%
    13:33→13:36: 종가:247,500 | 거래량:130 | 🔴회피(위험신호: BISECTOR_BREAK) | 신뢰도:0%
    13:36→13:39: 종가:247,000 | 거래량:175 | 🔴회피(위험신호: BISECTOR_BREAK) | 신뢰도:0%
    13:39→13:42: 종가:247,000 | 거래량:197 | 🔴회피(위험신호: BISECTOR_BREAK) | 신뢰도:0%
    13:42→13:45: 종가:247,000 | 거래량:258 | 🔴회피(위험신호: BISECTOR_BREAK) | 신뢰도:0%
    13:45→13:48: 종가:247,000 | 거래량:171 | 🔴회피(위험신호: BISECTOR_BREAK) | 신뢰도:0%
    13:48→13:51: 종가:246,500 | 거래량:339 | 🔴회피(위험신호: BISECTOR_BREAK) | 신뢰도:0%
    13:51→13:54: 종가:246,000 | 거래량:219 | 🔴회피(위험신호: BISECTOR_BREAK) | 신뢰도:0%
    13:54→13:57: 종가:246,000 | 거래량:145 | 🔴회피(위험신호: BISECTOR_BREAK) | 신뢰도:0%
    13:57→14:00: 종가:245,500 | 거래량:247 | 🔴회피(위험신호: BISECTOR_BREAK) | 신뢰도:0%
    14:00→14:03: 종가:246,500 | 거래량:271 | 🔴회피(위험신호: BISECTOR_BREAK) | 신뢰도:0%
    14:03→14:06: 종가:246,000 | 거래량:144 | 🔴회피(위험신호: BISECTOR_BREAK) | 신뢰도:0%
    14:06→14:09: 종가:246,500 | 거래량:153 | 🔴회피(위험신호: BISECTOR_BREAK) | 신뢰도:0%
    14:09→14:12: 종가:246,000 | 거래량:259 | 🔴회피(위험신호: BISECTOR_BREAK) | 신뢰도:0%
    14:12→14:15: 종가:246,000 | 거래량:149 | 🔴회피(위험신호: BISECTOR_BREAK) | 신뢰도:0%
    14:15→14:18: 종가:246,500 | 거래량:317 | 🔴회피(위험신호: BISECTOR_BREAK) | 신뢰도:0%
    14:18→14:21: 종가:246,500 | 거래량:248 | 🔴회피(위험신호: BISECTOR_BREAK) | 신뢰도:0%
    14:21→14:24: 종가:246,500 | 거래량:143 | 🔴회피(위험신호: BISECTOR_BREAK) | 신뢰도:0%
    14:24→14:27: 종가:246,500 | 거래량:167 | 🔴회피(위험신호: BISECTOR_BREAK) | 신뢰도:0%
    14:27→14:30: 종가:246,000 | 거래량:177 | 🔴회피(위험신호: BISECTOR_BREAK) | 신뢰도:0%
    14:30→14:33: 종가:246,000 | 거래량:191 | 🔴회피(위험신호: BISECTOR_BREAK) | 신뢰도:0%
    14:33→14:36: 종가:246,500 | 거래량:248 | 🔴회피(위험신호: BISECTOR_BREAK) | 신뢰도:0%
    14:36→14:39: 종가:246,000 | 거래량:394 | 🔴회피(위험신호: BISECTOR_BREAK) | 신뢰도:0%
    14:39→14:42: 종가:246,000 | 거래량:179 | 🔴회피(위험신호: BISECTOR_BREAK) | 신뢰도:0%
    14:42→14:45: 종가:246,000 | 거래량:229 | 🔴회피(위험신호: BISECTOR_BREAK) | 신뢰도:0%
    14:45→14:48: 종가:245,500 | 거래량:315 | 🔴회피(위험신호: BISECTOR_BREAK) | 신뢰도:0%
    14:48→14:51: 종가:246,000 | 거래량:347 | 🔴회피(위험신호: BISECTOR_BREAK) | 신뢰도:0%
    14:51→14:54: 종가:246,000 | 거래량:243 | 🔴회피(위험신호: BISECTOR_BREAK) | 신뢰도:0%
    14:54→14:57: 종가:245,500 | 거래량:231 | 🔴회피(위험신호: BISECTOR_BREAK) | 신뢰도:0%
    14:57→15:00: 종가:245,500 | 거래량:653 | 🔴회피(위험신호: BISECTOR_BREAK) | 신뢰도:0%
    15:00→15:03: 종가:246,000 | 거래량:425 | 🔴회피(위험신호: BISECTOR_BREAK) | 신뢰도:0%
    15:03→15:06: 종가:245,500 | 거래량:527 | 🔴회피(위험신호: BISECTOR_BREAK) | 신뢰도:0%
    15:06→15:09: 종가:245,500 | 거래량:320 | 🔴회피(위험신호: BISECTOR_BREAK) | 신뢰도:0%
    15:09→15:12: 종가:245,500 | 거래량:256 | 🔴회피(위험신호: BISECTOR_BREAK) | 신뢰도:0%
    15:12→15:15: 종가:245,000 | 거래량:373 | 🔴회피(위험신호: BISECTOR_BREAK) | 신뢰도:0%
    15:15→15:18: 종가:245,500 | 거래량:470 | 🔴회피(위험신호: BISECTOR_BREAK) | 신뢰도:0%
    15:18→15:21: 종가:245,000 | 거래량:292 | 🔴회피(위험신호: BISECTOR_BREAK) | 신뢰도:0%

=== 389500 - 20251202 눌림목(3분) 신호 재현 ===
  selection_date: 2025-12-02 09:00:39
  승패: 0승 0패
  selection_date 이후 승패: 0승 0패
  매매신호:
    없음
  체결 시뮬레이션:
    없음
  매수 못한 기회:
    없음

  🔍 상세 3분봉 분석 (09:00~15:30):
    09:00→09:03: 데이터부족
    09:03→09:06: 데이터부족
    09:06→09:09: 데이터부족
    09:09→09:12: 데이터부족
    09:12→09:15: 종가:35,350 | 거래량:51,828 | 🔴회피(위험신호: BISECTOR_BREAK) | 신뢰도:0%
    09:15→09:18: 종가:34,600 | 거래량:34,514 | 🔴회피(위험신호: BISECTOR_BREAK) | 신뢰도:0%
    09:18→09:21: 종가:34,400 | 거래량:25,664 | 🔴회피(위험신호: BISECTOR_BREAK) | 신뢰도:0%
    09:21→09:24: 종가:34,100 | 거래량:27,485 | 🔴회피(위험신호: BISECTOR_BREAK) | 신뢰도:0%
    09:24→09:27: 종가:34,550 | 거래량:10,042 | 🔴회피(위험신호: BISECTOR_BREAK) | 신뢰도:0%
    09:27→09:30: 종가:34,650 | 거래량:7,761 | 🔴회피(위험신호: BISECTOR_BREAK) | 신뢰도:0%
    09:30→09:33: 종가:34,900 | 거래량:12,397 | 🔴회피(위험신호: BISECTOR_BREAK) | 신뢰도:0%
    09:33→09:36: 종가:34,700 | 거래량:5,802 | 🔴회피(위험신호: BISECTOR_BREAK) | 신뢰도:0%
    09:36→09:39: 종가:34,650 | 거래량:7,312 | 🔴회피(위험신호: BISECTOR_BREAK) | 신뢰도:0%
    09:39→09:42: 종가:34,500 | 거래량:7,519 | 🔴회피(위험신호: BISECTOR_BREAK) | 신뢰도:0%
    09:42→09:45: 종가:34,850 | 거래량:4,722 | 🔴회피(위험신호: BISECTOR_BREAK) | 신뢰도:0%
    09:45→09:48: 종가:34,600 | 거래량:6,017 | 🔴회피(위험신호: BISECTOR_BREAK) | 신뢰도:0%
    09:48→09:51: 종가:34,800 | 거래량:4,690 | 🔴회피(위험신호: BISECTOR_BREAK) | 신뢰도:0%
    09:51→09:54: 종가:34,700 | 거래량:2,867 | 🔴회피(위험신호: BISECTOR_BREAK) | 신뢰도:0%
    09:54→09:57: 종가:34,500 | 거래량:4,025 | 🔴회피(위험신호: BISECTOR_BREAK) | 신뢰도:0%
    09:57→10:00: 종가:34,475 | 거래량:3,960 | 🔴회피(위험신호: BISECTOR_BREAK) | 신뢰도:0%
    10:00→10:03: 종가:34,450 | 거래량:2,493 | 🔴회피(위험신호: BISECTOR_BREAK) | 신뢰도:0%
    10:03→10:06: 종가:34,350 | 거래량:7,892 | 🔴회피(위험신호: BISECTOR_BREAK) | 신뢰도:0%
    10:06→10:09: 종가:34,100 | 거래량:2,757 | 🔴회피(위험신호: BISECTOR_BREAK) | 신뢰도:0%
    10:09→10:12: 종가:34,000 | 거래량:7,474 | 🔴회피(위험신호: BISECTOR_BREAK) | 신뢰도:0%
    10:12→10:15: 종가:34,050 | 거래량:3,200 | 🔴회피(위험신호: BISECTOR_BREAK) | 신뢰도:0%
    10:15→10:18: 종가:34,200 | 거래량:1,056 | 🔴회피(위험신호: BISECTOR_BREAK) | 신뢰도:0%
    10:18→10:21: 종가:34,200 | 거래량:1,303 | 🔴회피(위험신호: BISECTOR_BREAK) | 신뢰도:0%
    10:21→10:24: 종가:34,200 | 거래량:1,796 | 🔴회피(위험신호: BISECTOR_BREAK) | 신뢰도:0%
    10:24→10:27: 종가:34,250 | 거래량:2,255 | 🔴회피(위험신호: BISECTOR_BREAK) | 신뢰도:0%
    10:27→10:30: 종가:34,250 | 거래량:1,053 | 🔴회피(위험신호: BISECTOR_BREAK) | 신뢰도:0%
    10:30→10:33: 종가:34,150 | 거래량:4,064 | 🔴회피(위험신호: BISECTOR_BREAK) | 신뢰도:0%
    10:33→10:36: 종가:34,200 | 거래량:2,481 | 🔴회피(위험신호: BISECTOR_BREAK) | 신뢰도:0%
    10:36→10:39: 종가:34,300 | 거래량:1,511 | 🔴회피(위험신호: BISECTOR_BREAK) | 신뢰도:0%
    10:39→10:42: 종가:34,300 | 거래량:2,657 | 🔴회피(위험신호: BISECTOR_BREAK) | 신뢰도:0%
    10:42→10:45: 종가:34,100 | 거래량:2,123 | 🔴회피(위험신호: BISECTOR_BREAK) | 신뢰도:0%
    10:45→10:48: 종가:33,950 | 거래량:5,841 | 🔴회피(위험신호: BISECTOR_BREAK) | 신뢰도:0%
    10:48→10:51: 종가:34,000 | 거래량:2,377 | 🔴회피(위험신호: BISECTOR_BREAK) | 신뢰도:0%
    10:51→10:54: 종가:33,950 | 거래량:2,540 | 🔴회피(위험신호: BISECTOR_BREAK) | 신뢰도:0%
    10:54→10:57: 종가:34,050 | 거래량:397 | 🔴회피(위험신호: BISECTOR_BREAK) | 신뢰도:0%
    10:57→11:00: 종가:33,950 | 거래량:1,978 | 🔴회피(위험신호: BISECTOR_BREAK) | 신뢰도:0%
    11:00→11:03: 종가:33,850 | 거래량:2,857 | 🔴회피(위험신호: BISECTOR_BREAK) | 신뢰도:0%
    11:03→11:06: 종가:34,200 | 거래량:3,829 | 🔴회피(위험신호: BISECTOR_BREAK) | 신뢰도:0%
    11:06→11:09: 종가:34,100 | 거래량:2,013 | 🔴회피(위험신호: BISECTOR_BREAK) | 신뢰도:0%
    11:09→11:12: 종가:34,200 | 거래량:1,257 | 🔴회피(위험신호: BISECTOR_BREAK) | 신뢰도:0%
    11:12→11:15: 종가:34,200 | 거래량:974 | 🔴회피(위험신호: BISECTOR_BREAK) | 신뢰도:0%
    11:15→11:18: 종가:34,200 | 거래량:2,403 | 🔴회피(위험신호: BISECTOR_BREAK) | 신뢰도:0%
    11:18→11:21: 종가:34,150 | 거래량:1,859 | 🔴회피(위험신호: BISECTOR_BREAK) | 신뢰도:0%
    11:21→11:24: 종가:34,000 | 거래량:1,261 | 🔴회피(위험신호: BISECTOR_BREAK) | 신뢰도:0%
    11:24→11:27: 종가:34,100 | 거래량:612 | 🔴회피(위험신호: BISECTOR_BREAK) | 신뢰도:0%
    11:27→11:30: 종가:34,350 | 거래량:3,231 | 🔴회피(위험신호: BISECTOR_BREAK) | 신뢰도:0%
    11:30→11:33: 종가:34,150 | 거래량:317 | 🔴회피(위험신호: BISECTOR_BREAK) | 신뢰도:0%
    11:33→11:36: 종가:34,100 | 거래량:738 | 🔴회피(위험신호: BISECTOR_BREAK) | 신뢰도:0%
    11:36→11:39: 종가:34,100 | 거래량:236 | 🔴회피(위험신호: BISECTOR_BREAK) | 신뢰도:0%
    11:39→11:42: 종가:34,250 | 거래량:990 | 🔴회피(위험신호: BISECTOR_BREAK) | 신뢰도:0%
    11:42→11:45: 종가:34,100 | 거래량:1,146 | 🔴회피(위험신호: BISECTOR_BREAK) | 신뢰도:0%
    11:45→11:48: 종가:34,200 | 거래량:1,801 | 🔴회피(위험신호: BISECTOR_BREAK) | 신뢰도:0%
    11:48→11:51: 종가:34,200 | 거래량:222 | 🔴회피(위험신호: BISECTOR_BREAK) | 신뢰도:0%
    11:51→11:54: 종가:34,350 | 거래량:2,498 | 🔴회피(위험신호: BISECTOR_BREAK) | 신뢰도:0%
    11:54→11:57: 종가:34,350 | 거래량:719 | 🔴회피(위험신호: BISECTOR_BREAK) | 신뢰도:0%
    11:57→12:00: 종가:34,300 | 거래량:1,238 | 🔴회피(위험신호: BISECTOR_BREAK) | 신뢰도:0%
    12:00→12:03: 종가:34,350 | 거래량:1,255 | 🔴회피(위험신호: BISECTOR_BREAK) | 신뢰도:0%
    12:03→12:06: 종가:34,350 | 거래량:847 | 🔴회피(위험신호: BISECTOR_BREAK) | 신뢰도:0%
    12:06→12:09: 종가:34,300 | 거래량:644 | 🔴회피(위험신호: BISECTOR_BREAK) | 신뢰도:0%
    12:09→12:12: 종가:34,300 | 거래량:415 | 🔴회피(위험신호: BISECTOR_BREAK) | 신뢰도:0%
    12:12→12:15: 종가:34,350 | 거래량:1,165 | 🔴회피(위험신호: BISECTOR_BREAK) | 신뢰도:0%
    12:15→12:18: 종가:34,150 | 거래량:1,003 | 🔴회피(위험신호: BISECTOR_BREAK) | 신뢰도:0%
    12:18→12:21: 종가:34,150 | 거래량:3,394 | 🔴회피(위험신호: BISECTOR_BREAK) | 신뢰도:0%
    12:21→12:24: 종가:34,050 | 거래량:1,298 | 🔴회피(위험신호: BISECTOR_BREAK) | 신뢰도:0%
    12:24→12:27: 종가:34,100 | 거래량:2,016 | 🔴회피(위험신호: BISECTOR_BREAK) | 신뢰도:0%
    12:27→12:30: 종가:34,000 | 거래량:1,819 | 🔴회피(위험신호: BISECTOR_BREAK) | 신뢰도:0%
    12:30→12:33: 종가:33,950 | 거래량:2,375 | 🔴회피(위험신호: BISECTOR_BREAK) | 신뢰도:0%
    12:33→12:36: 종가:34,000 | 거래량:2,401 | 🔴회피(위험신호: BISECTOR_BREAK) | 신뢰도:0%
    12:36→12:39: 종가:34,000 | 거래량:1,026 | 🔴회피(위험신호: BISECTOR_BREAK) | 신뢰도:0%
    12:39→12:42: 종가:33,900 | 거래량:1,300 | 🔴회피(위험신호: BISECTOR_BREAK) | 신뢰도:0%
    12:42→12:45: 종가:33,900 | 거래량:1,220 | 🔴회피(위험신호: BISECTOR_BREAK) | 신뢰도:0%
    12:45→12:48: 종가:33,850 | 거래량:5,211 | 🔴회피(위험신호: BISECTOR_BREAK) | 신뢰도:0%
    12:48→12:51: 종가:33,900 | 거래량:920 | 🔴회피(위험신호: BISECTOR_BREAK) | 신뢰도:0%
    12:51→12:54: 종가:33,900 | 거래량:1,043 | 🔴회피(위험신호: BISECTOR_BREAK) | 신뢰도:0%
    12:54→12:57: 종가:33,700 | 거래량:4,488 | 🔴회피(위험신호: BISECTOR_BREAK) | 신뢰도:0%
    12:57→13:00: 종가:33,750 | 거래량:974 | 🔴회피(위험신호: BISECTOR_BREAK) | 신뢰도:0%
    13:00→13:03: 종가:33,800 | 거래량:724 | 🔴회피(위험신호: BISECTOR_BREAK) | 신뢰도:0%
    13:03→13:06: 종가:33,950 | 거래량:6,584 | 🔴회피(위험신호: BISECTOR_BREAK) | 신뢰도:0%
    13:06→13:09: 종가:34,000 | 거래량:1,477 | 🔴회피(위험신호: BISECTOR_BREAK) | 신뢰도:0%
    13:09→13:12: 종가:34,100 | 거래량:1,730 | 🔴회피(위험신호: BISECTOR_BREAK) | 신뢰도:0%
    13:12→13:15: 종가:33,950 | 거래량:1,738 | 🔴회피(위험신호: BISECTOR_BREAK) | 신뢰도:0%
    13:15→13:18: 종가:34,000 | 거래량:3,388 | 🔴회피(위험신호: BISECTOR_BREAK) | 신뢰도:0%
    13:18→13:21: 종가:34,150 | 거래량:1,287 | 🔴회피(위험신호: BISECTOR_BREAK) | 신뢰도:0%
    13:21→13:24: 종가:34,200 | 거래량:2,498 | 🔴회피(위험신호: BISECTOR_BREAK) | 신뢰도:0%
    13:24→13:27: 종가:34,400 | 거래량:2,074 | 🔴회피(위험신호: BISECTOR_BREAK) | 신뢰도:0%
    13:27→13:30: 종가:34,200 | 거래량:1,129 | 🔴회피(위험신호: BISECTOR_BREAK) | 신뢰도:0%
    13:30→13:33: 종가:34,200 | 거래량:178 | 🔴회피(위험신호: BISECTOR_BREAK) | 신뢰도:0%
    13:33→13:36: 종가:34,350 | 거래량:1,486 | 🔴회피(위험신호: BISECTOR_BREAK) | 신뢰도:0%
    13:36→13:39: 종가:34,450 | 거래량:2,900 | 🔴회피(위험신호: BISECTOR_BREAK) | 신뢰도:0%
    13:39→13:42: 종가:34,350 | 거래량:1,180 | 🔴회피(위험신호: BISECTOR_BREAK) | 신뢰도:0%
    13:42→13:45: 종가:34,350 | 거래량:1,003 | 🔴회피(위험신호: BISECTOR_BREAK) | 신뢰도:0%
    13:45→13:48: 종가:34,300 | 거래량:350 | 🔴회피(위험신호: BISECTOR_BREAK) | 신뢰도:0%
    13:48→13:51: 종가:34,400 | 거래량:723 | 🔴회피(위험신호: BISECTOR_BREAK) | 신뢰도:0%
    13:51→13:54: 종가:34,350 | 거래량:1,485 | 🔴회피(위험신호: BISECTOR_BREAK) | 신뢰도:0%
    13:54→13:57: 종가:34,300 | 거래량:921 | 🔴회피(위험신호: BISECTOR_BREAK) | 신뢰도:0%
    13:57→14:00: 종가:34,350 | 거래량:259 | 🔴회피(위험신호: BISECTOR_BREAK) | 신뢰도:0%
    14:00→14:03: 종가:34,300 | 거래량:571 | 🔴회피(위험신호: BISECTOR_BREAK) | 신뢰도:0%
    14:03→14:06: 종가:34,350 | 거래량:3,357 | 🔴회피(위험신호: BISECTOR_BREAK) | 신뢰도:0%
    14:06→14:09: 종가:34,400 | 거래량:311 | 🔴회피(위험신호: BISECTOR_BREAK) | 신뢰도:0%
    14:09→14:12: 종가:34,600 | 거래량:3,410 | 🔴회피(위험신호: BISECTOR_BREAK) | 신뢰도:0%
    14:12→14:15: 종가:34,500 | 거래량:1,394 | 🔴회피(위험신호: BISECTOR_BREAK) | 신뢰도:0%
    14:15→14:18: 종가:34,550 | 거래량:765 | 🔴회피(위험신호: BISECTOR_BREAK) | 신뢰도:0%
    14:18→14:21: 종가:34,600 | 거래량:883 | 🔴회피(위험신호: BISECTOR_BREAK) | 신뢰도:0%
    14:21→14:24: 종가:34,800 | 거래량:5,684 | 🔴회피(위험신호: BISECTOR_BREAK) | 신뢰도:0%
    14:24→14:27: 종가:34,650 | 거래량:2,979 | 🔴회피(위험신호: BISECTOR_BREAK) | 신뢰도:0%
    14:27→14:30: 종가:34,950 | 거래량:22,091 | 🔴회피(위험신호: BISECTOR_BREAK) | 신뢰도:0%
    14:30→14:33: 종가:34,700 | 거래량:9,863 | 🔴회피(위험신호: BISECTOR_BREAK) | 신뢰도:0%
    14:33→14:36: 종가:34,750 | 거래량:4,128 | 🔴회피(위험신호: BISECTOR_BREAK) | 신뢰도:0%
    14:36→14:39: 종가:34,700 | 거래량:2,511 | 🔴회피(위험신호: BISECTOR_BREAK) | 신뢰도:0%
    14:39→14:42: 종가:34,800 | 거래량:1,012 | 🔴회피(위험신호: BISECTOR_BREAK) | 신뢰도:0%
    14:42→14:45: 종가:34,950 | 거래량:2,559 | 🔴회피(위험신호: BISECTOR_BREAK) | 신뢰도:0%
    14:45→14:48: 종가:34,900 | 거래량:4,411 | 🔴회피(위험신호: BISECTOR_BREAK) | 신뢰도:0%
    14:48→14:51: 종가:34,950 | 거래량:2,016 | 🔴회피(위험신호: BISECTOR_BREAK) | 신뢰도:0%
    14:51→14:54: 종가:35,300 | 거래량:8,983 | 🔴회피(위험신호: BISECTOR_BREAK) | 신뢰도:0%
    14:54→14:57: 종가:35,250 | 거래량:5,388 | 🔴회피(위험신호: BISECTOR_BREAK) | 신뢰도:0%
    14:57→15:00: 종가:35,400 | 거래량:7,613 | 🔴회피(위험신호: BISECTOR_BREAK) | 신뢰도:0%
    15:00→15:03: 종가:35,300 | 거래량:5,650 | 🔴회피(위험신호: BISECTOR_BREAK) | 신뢰도:0%
    15:03→15:06: 종가:35,300 | 거래량:4,132 | 🔴회피(위험신호: BISECTOR_BREAK) | 신뢰도:0%
    15:06→15:09: 종가:35,550 | 거래량:11,918 | 🔴회피(시가대비0.9%상승(2%미만차단)) | 신뢰도:0%
    15:09→15:12: 종가:35,750 | 거래량:17,851 | 🔴회피(시가대비1.4%상승(2%미만차단)) | 신뢰도:0%
    15:12→15:15: 종가:35,650 | 거래량:13,732 | 🔴회피(시가대비1.1%상승(2%미만차단)) | 신뢰도:0%
    15:15→15:18: 종가:35,450 | 거래량:8,345 | 🔴회피(이등분선아래) | 신뢰도:0%
    15:18→15:21: 종가:35,600 | 거래량:5,674 | 🔴회피(시가대비1.0%상승(2%미만차단)) | 신뢰도:0%

=== 101170 - 20251202 눌림목(3분) 신호 재현 ===
  selection_date: 2025-12-02 09:00:39
  승패: 0승 0패
  selection_date 이후 승패: 0승 0패
  매매신호:
    없음
  체결 시뮬레이션:
    없음
  매수 못한 기회:
    없음

  🔍 상세 3분봉 분석 (09:00~15:30):
    09:00→09:03: 데이터부족
    09:03→09:06: 데이터부족
    09:06→09:09: 데이터부족
    09:09→09:12: 데이터부족
    09:12→09:15: 종가:9,880 | 거래량:44,942 | 🔴회피(위험신호: BISECTOR_BREAK) | 신뢰도:0%
    09:15→09:18: 종가:9,800 | 거래량:89,078 | 🔴회피(위험신호: BISECTOR_BREAK) | 신뢰도:0%
    09:18→09:21: 종가:9,730 | 거래량:62,683 | 🔴회피(위험신호: BISECTOR_BREAK) | 신뢰도:0%
    09:21→09:24: 종가:9,750 | 거래량:78,582 | 🔴회피(위험신호: BISECTOR_BREAK) | 신뢰도:0%
    09:24→09:27: 종가:9,800 | 거래량:26,069 | 🔴회피(위험신호: BISECTOR_BREAK) | 신뢰도:0%
    09:27→09:30: 종가:9,760 | 거래량:15,671 | 🔴회피(위험신호: BISECTOR_BREAK) | 신뢰도:0%
    09:30→09:33: 종가:9,690 | 거래량:39,198 | 🔴회피(위험신호: BISECTOR_BREAK) | 신뢰도:0%
    09:33→09:36: 종가:9,660 | 거래량:63,809 | 🔴회피(위험신호: BISECTOR_BREAK) | 신뢰도:0%
    09:36→09:39: 종가:9,660 | 거래량:28,293 | 🔴회피(위험신호: BISECTOR_BREAK) | 신뢰도:0%
    09:39→09:42: 종가:9,705 | 거래량:15,073 | 🔴회피(위험신호: BISECTOR_BREAK) | 신뢰도:0%
    09:42→09:45: 종가:9,770 | 거래량:24,837 | 🔴회피(위험신호: BISECTOR_BREAK) | 신뢰도:0%
    09:45→09:48: 종가:9,670 | 거래량:28,095 | 🔴회피(위험신호: BISECTOR_BREAK) | 신뢰도:0%
    09:48→09:51: 종가:9,720 | 거래량:22,036 | 🔴회피(위험신호: BISECTOR_BREAK) | 신뢰도:0%
    09:51→09:54: 종가:9,790 | 거래량:20,099 | 🔴회피(위험신호: BISECTOR_BREAK) | 신뢰도:0%
    09:54→09:57: 종가:9,740 | 거래량:35,543 | 🔴회피(위험신호: BISECTOR_BREAK) | 신뢰도:0%
    09:57→10:00: 종가:9,730 | 거래량:6,176 | 🔴회피(위험신호: BISECTOR_BREAK) | 신뢰도:0%
    10:00→10:03: 종가:9,730 | 거래량:18,144 | 🔴회피(위험신호: BISECTOR_BREAK) | 신뢰도:0%
    10:03→10:06: 종가:9,780 | 거래량:8,745 | 🔴회피(위험신호: BISECTOR_BREAK) | 신뢰도:0%
    10:06→10:09: 종가:9,720 | 거래량:16,277 | 🔴회피(위험신호: BISECTOR_BREAK) | 신뢰도:0%
    10:09→10:12: 종가:9,660 | 거래량:12,336 | 🔴회피(위험신호: BISECTOR_BREAK) | 신뢰도:0%
    10:12→10:15: 종가:9,640 | 거래량:17,707 | 🔴회피(위험신호: BISECTOR_BREAK) | 신뢰도:0%
    10:15→10:18: 종가:9,640 | 거래량:22,407 | 🔴회피(위험신호: BISECTOR_BREAK) | 신뢰도:0%
    10:18→10:21: 종가:9,660 | 거래량:14,258 | 🔴회피(위험신호: BISECTOR_BREAK) | 신뢰도:0%
    10:21→10:24: 종가:9,690 | 거래량:4,436 | 🔴회피(위험신호: BISECTOR_BREAK) | 신뢰도:0%
    10:24→10:27: 종가:9,720 | 거래량:8,675 | 🔴회피(위험신호: BISECTOR_BREAK) | 신뢰도:0%
    10:27→10:30: 종가:9,670 | 거래량:9,648 | 🔴회피(위험신호: BISECTOR_BREAK) | 신뢰도:0%
    10:30→10:33: 종가:9,660 | 거래량:3,809 | 🔴회피(위험신호: BISECTOR_BREAK) | 신뢰도:0%
    10:33→10:36: 종가:9,640 | 거래량:13,896 | 🔴회피(위험신호: BISECTOR_BREAK) | 신뢰도:0%
    10:36→10:39: 종가:9,650 | 거래량:40,256 | 🔴회피(위험신호: BISECTOR_BREAK) | 신뢰도:0%
    10:39→10:42: 종가:9,590 | 거래량:23,086 | 🔴회피(위험신호: BISECTOR_BREAK) | 신뢰도:0%
    10:42→10:45: 종가:9,590 | 거래량:6,956 | 🔴회피(위험신호: BISECTOR_BREAK) | 신뢰도:0%
    10:45→10:48: 종가:9,520 | 거래량:75,588 | 🔴회피(위험신호: BISECTOR_BREAK) | 신뢰도:0%
    10:48→10:51: 종가:9,500 | 거래량:41,777 | 🔴회피(위험신호: BISECTOR_BREAK) | 신뢰도:0%
    10:51→10:54: 종가:9,490 | 거래량:15,466 | 🔴회피(위험신호: BISECTOR_BREAK) | 신뢰도:0%
    10:54→10:57: 종가:9,540 | 거래량:17,444 | 🔴회피(위험신호: BISECTOR_BREAK) | 신뢰도:0%
    10:57→11:00: 종가:9,490 | 거래량:10,642 | 🔴회피(위험신호: BISECTOR_BREAK) | 신뢰도:0%
    11:00→11:03: 종가:9,430 | 거래량:27,461 | 🔴회피(위험신호: BISECTOR_BREAK) | 신뢰도:0%
    11:03→11:06: 종가:9,460 | 거래량:19,646 | 🔴회피(위험신호: BISECTOR_BREAK) | 신뢰도:0%
    11:06→11:09: 종가:9,500 | 거래량:11,619 | 🔴회피(위험신호: BISECTOR_BREAK) | 신뢰도:0%
    11:09→11:12: 종가:9,530 | 거래량:12,346 | 🔴회피(위험신호: BISECTOR_BREAK) | 신뢰도:0%
    11:12→11:15: 종가:9,650 | 거래량:21,482 | 🔴회피(위험신호: BISECTOR_BREAK) | 신뢰도:0%
    11:15→11:18: 종가:9,610 | 거래량:11,574 | 🔴회피(위험신호: BISECTOR_BREAK) | 신뢰도:0%
    11:18→11:21: 종가:9,650 | 거래량:17,321 | 🔴회피(위험신호: BISECTOR_BREAK) | 신뢰도:0%
    11:21→11:24: 종가:9,650 | 거래량:8,958 | 🔴회피(위험신호: BISECTOR_BREAK) | 신뢰도:0%
    11:24→11:27: 종가:9,600 | 거래량:2,731 | 🔴회피(위험신호: BISECTOR_BREAK) | 신뢰도:0%
    11:27→11:30: 종가:9,610 | 거래량:4,832 | 🔴회피(위험신호: BISECTOR_BREAK) | 신뢰도:0%
    11:30→11:33: 종가:9,650 | 거래량:6,234 | 🔴회피(위험신호: BISECTOR_BREAK) | 신뢰도:0%
    11:33→11:36: 종가:9,700 | 거래량:14,472 | 🔴회피(위험신호: BISECTOR_BREAK) | 신뢰도:0%
    11:36→11:39: 종가:9,720 | 거래량:10,680 | 🔴회피(위험신호: BISECTOR_BREAK) | 신뢰도:0%
    11:39→11:42: 종가:9,730 | 거래량:7,429 | 🔴회피(위험신호: BISECTOR_BREAK) | 신뢰도:0%
    11:42→11:45: 종가:9,840 | 거래량:48,868 | 🔴회피(당일시가이하(시가:10100)) | 신뢰도:0%
    11:45→11:48: 종가:9,850 | 거래량:53,904 | 🔴회피(당일시가이하(시가:10100)) | 신뢰도:0%
    11:48→11:51: 종가:9,820 | 거래량:28,091 | 🔴회피(당일시가이하(시가:10100)) | 신뢰도:0%
    11:51→11:54: 종가:10,085 | 거래량:253,196 | 🔴회피(당일시가이하(시가:10100)) | 신뢰도:0%
    11:54→11:57: 종가:10,470 | 거래량:927,944 | 🔴회피(4단계패턴없음) | 신뢰도:0%
    11:57→12:00: 종가:10,470 | 거래량:754,903 | 🔴회피(4단계패턴없음) | 신뢰도:0%
    12:00→12:03: 종가:10,100 | 거래량:416,118 | 🔴회피(당일시가이하(시가:10100)) | 신뢰도:0%
    12:03→12:06: 종가:10,250 | 거래량:222,318 | 🔴회피(시가대비1.5%상승(2%미만차단)) | 신뢰도:0%
    12:06→12:09: 종가:10,460 | 거래량:449,001 | 🔴회피(4단계패턴없음) | 신뢰도:0%
    12:09→12:12: 종가:10,310 | 거래량:206,867 | 🔴회피(4단계패턴없음) | 신뢰도:0%
    12:12→12:15: 종가:10,160 | 거래량:134,997 | 🔴회피(시가대비0.6%상승(2%미만차단)) | 신뢰도:0%
    12:15→12:18: 종가:9,980 | 거래량:191,299 | 🔴회피(위험신호: BISECTOR_BREAK) | 신뢰도:0%
    12:18→12:21: 종가:10,010 | 거래량:88,918 | 🔴회피(위험신호: BISECTOR_BREAK) | 신뢰도:0%
    12:21→12:24: 종가:9,850 | 거래량:110,437 | 🔴회피(위험신호: BISECTOR_BREAK) | 신뢰도:0%
    12:24→12:27: 종가:9,830 | 거래량:83,096 | 🔴회피(위험신호: BISECTOR_BREAK) | 신뢰도:0%
    12:27→12:30: 종가:9,800 | 거래량:106,893 | 🔴회피(위험신호: BISECTOR_BREAK) | 신뢰도:0%
    12:30→12:33: 종가:9,840 | 거래량:42,971 | 🔴회피(위험신호: BISECTOR_BREAK) | 신뢰도:0%
    12:33→12:36: 종가:9,930 | 거래량:81,518 | 🔴회피(위험신호: BISECTOR_BREAK) | 신뢰도:0%
    12:36→12:39: 종가:9,880 | 거래량:45,900 | 🔴회피(위험신호: BISECTOR_BREAK) | 신뢰도:0%
    12:39→12:42: 종가:9,780 | 거래량:38,167 | 🔴회피(위험신호: BISECTOR_BREAK) | 신뢰도:0%
    12:42→12:45: 종가:9,760 | 거래량:27,583 | 🔴회피(위험신호: BISECTOR_BREAK) | 신뢰도:0%
    12:45→12:48: 종가:9,760 | 거래량:42,737 | 🔴회피(위험신호: BISECTOR_BREAK) | 신뢰도:0%
    12:48→12:51: 종가:9,820 | 거래량:8,871 | 🔴회피(위험신호: BISECTOR_BREAK) | 신뢰도:0%
    12:51→12:54: 종가:9,780 | 거래량:16,514 | 🔴회피(위험신호: BISECTOR_BREAK) | 신뢰도:0%
    12:54→12:57: 종가:9,740 | 거래량:19,839 | 🔴회피(위험신호: BISECTOR_BREAK) | 신뢰도:0%
    12:57→13:00: 종가:9,810 | 거래량:11,496 | 🔴회피(위험신호: BISECTOR_BREAK) | 신뢰도:0%
    13:00→13:03: 종가:9,740 | 거래량:21,709 | 🔴회피(위험신호: BISECTOR_BREAK) | 신뢰도:0%
    13:03→13:06: 종가:9,770 | 거래량:19,213 | 🔴회피(위험신호: BISECTOR_BREAK) | 신뢰도:0%
    13:06→13:09: 종가:9,800 | 거래량:17,326 | 🔴회피(위험신호: BISECTOR_BREAK) | 신뢰도:0%
    13:09→13:12: 종가:9,850 | 거래량:12,231 | 🔴회피(위험신호: BISECTOR_BREAK) | 신뢰도:0%
    13:12→13:15: 종가:9,800 | 거래량:18,800 | 🔴회피(위험신호: BISECTOR_BREAK) | 신뢰도:0%
    13:15→13:18: 종가:9,770 | 거래량:11,167 | 🔴회피(위험신호: BISECTOR_BREAK) | 신뢰도:0%
    13:18→13:21: 종가:9,780 | 거래량:8,754 | 🔴회피(위험신호: BISECTOR_BREAK) | 신뢰도:0%
    13:21→13:24: 종가:9,820 | 거래량:10,060 | 🔴회피(위험신호: BISECTOR_BREAK) | 신뢰도:0%
    13:24→13:27: 종가:9,780 | 거래량:8,411 | 🔴회피(위험신호: BISECTOR_BREAK) | 신뢰도:0%
    13:27→13:30: 종가:9,780 | 거래량:9,970 | 🔴회피(위험신호: BISECTOR_BREAK) | 신뢰도:0%
    13:30→13:33: 종가:9,810 | 거래량:22,638 | 🔴회피(위험신호: BISECTOR_BREAK) | 신뢰도:0%
    13:33→13:36: 종가:9,860 | 거래량:10,733 | 🔴회피(위험신호: BISECTOR_BREAK) | 신뢰도:0%
    13:36→13:39: 종가:9,915 | 거래량:24,512 | 🔴회피(위험신호: BISECTOR_BREAK) | 신뢰도:0%
    13:39→13:42: 종가:9,860 | 거래량:7,887 | 🔴회피(위험신호: BISECTOR_BREAK) | 신뢰도:0%
    13:42→13:45: 종가:9,840 | 거래량:9,734 | 🔴회피(위험신호: BISECTOR_BREAK) | 신뢰도:0%
    13:45→13:48: 종가:9,790 | 거래량:19,586 | 🔴회피(위험신호: BISECTOR_BREAK) | 신뢰도:0%
    13:48→13:51: 종가:9,900 | 거래량:25,441 | 🔴회피(위험신호: BISECTOR_BREAK) | 신뢰도:0%
    13:51→13:54: 종가:9,880 | 거래량:12,066 | 🔴회피(위험신호: BISECTOR_BREAK) | 신뢰도:0%
    13:54→13:57: 종가:9,930 | 거래량:39,007 | 🔴회피(위험신호: BISECTOR_BREAK) | 신뢰도:0%
    13:57→14:00: 종가:9,880 | 거래량:14,921 | 🔴회피(위험신호: BISECTOR_BREAK) | 신뢰도:0%
    14:00→14:03: 종가:9,900 | 거래량:5,039 | 🔴회피(위험신호: BISECTOR_BREAK) | 신뢰도:0%
    14:03→14:06: 종가:9,880 | 거래량:8,774 | 🔴회피(위험신호: BISECTOR_BREAK) | 신뢰도:0%
    14:06→14:09: 종가:9,840 | 거래량:10,681 | 🔴회피(위험신호: BISECTOR_BREAK) | 신뢰도:0%
    14:09→14:12: 종가:9,830 | 거래량:12,549 | 🔴회피(위험신호: BISECTOR_BREAK) | 신뢰도:0%
    14:12→14:15: 종가:9,810 | 거래량:12,165 | 🔴회피(위험신호: BISECTOR_BREAK) | 신뢰도:0%
    14:15→14:18: 종가:9,740 | 거래량:35,829 | 🔴회피(위험신호: BISECTOR_BREAK) | 신뢰도:0%
    14:18→14:21: 종가:9,800 | 거래량:21,789 | 🔴회피(위험신호: BISECTOR_BREAK) | 신뢰도:0%
    14:21→14:24: 종가:9,760 | 거래량:6,551 | 🔴회피(위험신호: BISECTOR_BREAK) | 신뢰도:0%
    14:24→14:27: 종가:9,770 | 거래량:20,113 | 🔴회피(위험신호: BISECTOR_BREAK) | 신뢰도:0%
    14:27→14:30: 종가:9,790 | 거래량:9,999 | 🔴회피(위험신호: BISECTOR_BREAK) | 신뢰도:0%
    14:30→14:33: 종가:9,770 | 거래량:17,651 | 🔴회피(위험신호: BISECTOR_BREAK) | 신뢰도:0%
    14:33→14:36: 종가:9,780 | 거래량:8,760 | 🔴회피(위험신호: BISECTOR_BREAK) | 신뢰도:0%
    14:36→14:39: 종가:9,780 | 거래량:11,057 | 🔴회피(위험신호: BISECTOR_BREAK) | 신뢰도:0%
    14:39→14:42: 종가:9,790 | 거래량:4,347 | 🔴회피(위험신호: BISECTOR_BREAK) | 신뢰도:0%
    14:42→14:45: 종가:9,820 | 거래량:2,928 | 🔴회피(위험신호: BISECTOR_BREAK) | 신뢰도:0%
    14:45→14:48: 종가:9,780 | 거래량:16,663 | 🔴회피(위험신호: BISECTOR_BREAK) | 신뢰도:0%
    14:48→14:51: 종가:9,830 | 거래량:17,840 | 🔴회피(위험신호: BISECTOR_BREAK) | 신뢰도:0%
    14:51→14:54: 종가:9,800 | 거래량:4,811 | 🔴회피(위험신호: BISECTOR_BREAK) | 신뢰도:0%
    14:54→14:57: 종가:9,800 | 거래량:7,886 | 🔴회피(위험신호: BISECTOR_BREAK) | 신뢰도:0%
    14:57→15:00: 종가:9,800 | 거래량:4,807 | 🔴회피(위험신호: BISECTOR_BREAK) | 신뢰도:0%
    15:00→15:03: 종가:9,820 | 거래량:10,095 | 🔴회피(위험신호: BISECTOR_BREAK) | 신뢰도:0%
    15:03→15:06: 종가:9,840 | 거래량:9,642 | 🔴회피(위험신호: BISECTOR_BREAK) | 신뢰도:0%
    15:06→15:09: 종가:9,870 | 거래량:21,145 | 🔴회피(위험신호: BISECTOR_BREAK) | 신뢰도:0%
    15:09→15:12: 종가:9,860 | 거래량:14,360 | 🔴회피(위험신호: BISECTOR_BREAK) | 신뢰도:0%
    15:12→15:15: 종가:9,820 | 거래량:14,237 | 🔴회피(위험신호: BISECTOR_BREAK) | 신뢰도:0%
    15:15→15:18: 종가:9,830 | 거래량:9,369 | 🔴회피(위험신호: BISECTOR_BREAK) | 신뢰도:0%
    15:18→15:21: 종가:9,860 | 거래량:12,975 | 🔴회피(위험신호: BISECTOR_BREAK) | 신뢰도:0%

=== 098460 - 20251202 눌림목(3분) 신호 재현 ===
  selection_date: 2025-12-02 09:00:39
  승패: 1승 0패
  selection_date 이후 승패: 1승 0패
  매매신호:
    09:55 [pullback_pattern]
  체결 시뮬레이션:
    09:55 매수[pullback_pattern] @27,130 → 12:01 매도[profit_3.5pct] @28,080 (+3.50%)
  매수 못한 기회:
    없음

  🔍 상세 3분봉 분석 (09:00~15:30):
    09:00→09:03: 데이터부족
    09:03→09:06: 데이터부족
    09:06→09:09: 데이터부족
    09:09→09:12: 데이터부족
    09:12→09:15: 종가:26,750 | 거래량:248,918 | 🔴회피(시가대비1.1%상승(2%미만차단)) | 신뢰도:0%
    09:15→09:18: 종가:26,800 | 거래량:496,227 | 🔴회피(시가대비1.3%상승(2%미만차단)) | 신뢰도:0%
    09:18→09:21: 종가:26,650 | 거래량:331,200 | 🔴회피(시가대비0.8%상승(2%미만차단)) | 신뢰도:0%
    09:21→09:24: 종가:26,650 | 거래량:294,925 | 🔴회피(시가대비0.8%상승(2%미만차단)) | 신뢰도:0%
    09:24→09:27: 종가:26,600 | 거래량:194,067 | 🔴회피(시가대비0.6%상승(2%미만차단)) | 신뢰도:0%
    09:27→09:30: 종가:26,450 | 거래량:133,652 | 🔴회피(당일시가이하(시가:26450)) | 신뢰도:0%
    09:30→09:33: 종가:26,600 | 거래량:95,126 | 🔴회피(시가대비0.6%상승(2%미만차단)) | 신뢰도:0%
    09:33→09:36: 종가:26,500 | 거래량:72,210 | 🔴회피(시가대비0.2%상승(2%미만차단)) | 신뢰도:0%
    09:36→09:39: 종가:26,600 | 거래량:123,213 | 🔴회피(시가대비0.6%상승(2%미만차단)) | 신뢰도:0%
    09:39→09:42: 종가:26,750 | 거래량:234,386 | 🔴회피(시가대비1.1%상승(2%미만차단)) | 신뢰도:0%
    09:42→09:45: 종가:26,800 | 거래량:226,211 | 🔴회피(시가대비1.3%상승(2%미만차단)) | 신뢰도:0%
    09:45→09:48: 종가:26,600 | 거래량:131,024 | 🔴회피(시가대비0.6%상승(2%미만차단)) | 신뢰도:0%
    09:48→09:51: 종가:26,850 | 거래량:93,334 | 🔴회피(시가대비1.5%상승(2%미만차단)) | 신뢰도:0%
    09:51→09:54: 종가:27,200 | 거래량:489,395 | 🟢강매수 | 신뢰도:88% | 💰매수@27,130 | →12:01매도@28,080
    09:54→09:57: 종가:27,200 | 거래량:318,108 | 🔴회피(4단계패턴없음) | 신뢰도:0%
    09:57→10:00: 종가:27,100 | 거래량:569,964 | 🔴회피(4단계패턴없음) | 신뢰도:0%
    10:00→10:03: 종가:27,300 | 거래량:136,699 | 🔴회피(4단계패턴없음) | 신뢰도:0%
    10:03→10:06: 종가:27,550 | 거래량:497,104 | 🟢강매수 | 신뢰도:88%
    10:06→10:09: 종가:27,550 | 거래량:807,070 | 🔴회피(4단계패턴없음) | 신뢰도:0%
    10:09→10:12: 종가:27,300 | 거래량:450,103 | 🔴회피(4단계패턴없음) | 신뢰도:0%
    10:12→10:15: 종가:27,250 | 거래량:378,375 | 🔴회피(4단계패턴없음) | 신뢰도:0%
    10:15→10:18: 종가:27,100 | 거래량:374,984 | 🔴회피(4단계패턴없음) | 신뢰도:0%
    10:18→10:21: 종가:26,850 | 거래량:346,367 | 🔴회피(시가대비1.5%상승(2%미만차단)) | 신뢰도:0%
    10:21→10:24: 종가:26,850 | 거래량:181,665 | 🔴회피(시가대비1.5%상승(2%미만차단)) | 신뢰도:0%
    10:24→10:27: 종가:26,900 | 거래량:212,998 | 🔴회피(시가대비1.7%상승(2%미만차단)) | 신뢰도:0%
    10:27→10:30: 종가:26,850 | 거래량:90,829 | 🔴회피(시가대비1.5%상승(2%미만차단)) | 신뢰도:0%
    10:30→10:33: 종가:26,850 | 거래량:62,247 | 🔴회피(시가대비1.5%상승(2%미만차단)) | 신뢰도:0%
    10:33→10:36: 종가:26,850 | 거래량:182,071 | 🔴회피(시가대비1.5%상승(2%미만차단)) | 신뢰도:0%
    10:36→10:39: 종가:26,950 | 거래량:59,345 | 🔴회피(시가대비1.9%상승(2%미만차단)) | 신뢰도:0%
    10:39→10:42: 종가:26,900 | 거래량:48,568 | 🔴회피(시가대비1.7%상승(2%미만차단)) | 신뢰도:0%
    10:42→10:45: 종가:26,800 | 거래량:78,836 | 🔴회피(시가대비1.3%상승(2%미만차단)) | 신뢰도:0%
    10:45→10:48: 종가:26,750 | 거래량:108,822 | 🔴회피(시가대비1.1%상승(2%미만차단)) | 신뢰도:0%
    10:48→10:51: 종가:26,800 | 거래량:90,626 | 🔴회피(시가대비1.3%상승(2%미만차단)) | 신뢰도:0%
    10:51→10:54: 종가:26,800 | 거래량:31,416 | 🔴회피(시가대비1.3%상승(2%미만차단)) | 신뢰도:0%
    10:54→10:57: 종가:26,800 | 거래량:56,286 | 🔴회피(시가대비1.3%상승(2%미만차단)) | 신뢰도:0%
    10:57→11:00: 종가:26,700 | 거래량:40,551 | 🔴회피(시가대비0.9%상승(2%미만차단)) | 신뢰도:0%
    11:00→11:03: 종가:26,800 | 거래량:65,447 | 🔴회피(시가대비1.3%상승(2%미만차단)) | 신뢰도:0%
    11:03→11:06: 종가:26,950 | 거래량:68,115 | 🔴회피(시가대비1.9%상승(2%미만차단)) | 신뢰도:0%
    11:06→11:09: 종가:27,000 | 거래량:132,984 | 🔴회피(4단계패턴없음) | 신뢰도:0%
    11:09→11:12: 종가:27,200 | 거래량:197,959 | 🔴회피(4단계패턴없음) | 신뢰도:0%
    11:12→11:15: 종가:27,350 | 거래량:175,487 | 🔴회피(4단계패턴없음) | 신뢰도:0%
    11:15→11:18: 종가:27,700 | 거래량:646,574 | 🔴회피(4단계패턴없음) | 신뢰도:0%
    11:18→11:21: 종가:27,850 | 거래량:607,854 | 🔴회피(4단계패턴없음) | 신뢰도:0%
    11:21→11:24: 종가:27,600 | 거래량:340,441 | 🔴회피(4단계패턴없음) | 신뢰도:0%
    11:24→11:27: 종가:27,600 | 거래량:191,573 | 🔴회피(4단계패턴없음) | 신뢰도:0%
    11:27→11:30: 종가:27,400 | 거래량:232,554 | 🔴회피(4단계패턴없음) | 신뢰도:0%
    11:30→11:33: 종가:27,550 | 거래량:151,964 | 🔴회피(4단계패턴없음) | 신뢰도:0%
    11:33→11:36: 종가:27,600 | 거래량:64,480 | 🔴회피(4단계패턴없음) | 신뢰도:0%
    11:36→11:39: 종가:27,850 | 거래량:417,214 | 🔴회피(4단계패턴없음) | 신뢰도:0%
    11:39→11:42: 종가:27,800 | 거래량:270,051 | 🔴회피(4단계패턴없음) | 신뢰도:0%
    11:42→11:45: 종가:27,900 | 거래량:258,986 | 🔴회피(4단계패턴없음) | 신뢰도:0%
    11:45→11:48: 종가:27,700 | 거래량:255,195 | 🔴회피(4단계패턴없음) | 신뢰도:0%
    11:48→11:51: 종가:27,650 | 거래량:131,287 | 🔴회피(4단계패턴없음) | 신뢰도:0%
    11:51→11:54: 종가:27,800 | 거래량:126,772 | 🔴회피(4단계패턴없음) | 신뢰도:0%
    11:54→11:57: 종가:27,700 | 거래량:136,777 | 🔴회피(4단계패턴없음) | 신뢰도:0%
    11:57→12:00: 종가:27,900 | 거래량:90,055 | 🔴회피(4단계패턴없음) | 신뢰도:0%
    12:00→12:03: 종가:28,150 | 거래량:644,234 | 🔴회피(4단계패턴없음) | 신뢰도:0%
    12:03→12:06: 종가:27,950 | 거래량:311,713 | 🔴회피(4단계패턴없음) | 신뢰도:0%
    12:06→12:09: 종가:27,800 | 거래량:340,137 | 🔴회피(4단계패턴없음) | 신뢰도:0%
    12:09→12:12: 종가:27,700 | 거래량:74,565 | 🔴회피(4단계패턴없음) | 신뢰도:0%
    12:12→12:15: 종가:27,700 | 거래량:181,631 | 🔴회피(4단계패턴없음) | 신뢰도:0%
    12:15→12:18: 종가:27,800 | 거래량:88,691 | 🔴회피(4단계패턴없음) | 신뢰도:0%
    12:18→12:21: 종가:27,650 | 거래량:73,448 | 🔴회피(4단계패턴없음) | 신뢰도:0%
    12:21→12:24: 종가:27,700 | 거래량:84,974 | 🔴회피(4단계패턴없음) | 신뢰도:0%
    12:24→12:27: 종가:27,850 | 거래량:169,932 | 🔴회피(4단계패턴없음) | 신뢰도:0%
    12:27→12:30: 종가:28,000 | 거래량:257,262 | 🔴회피(4단계패턴없음) | 신뢰도:0%
    12:30→12:33: 종가:27,700 | 거래량:312,959 | 🔴회피(4단계패턴없음) | 신뢰도:0%
    12:33→12:36: 종가:27,450 | 거래량:338,456 | 🔴회피(4단계패턴없음) | 신뢰도:0%
    12:36→12:39: 종가:27,600 | 거래량:123,658 | 🔴회피(4단계패턴없음) | 신뢰도:0%
    12:39→12:42: 종가:27,475 | 거래량:129,164 | 🔴회피(4단계패턴없음) | 신뢰도:0%
    12:42→12:45: 종가:27,550 | 거래량:92,122 | 🔴회피(4단계패턴없음) | 신뢰도:0%
    12:45→12:48: 종가:27,600 | 거래량:55,659 | 🔴회피(4단계패턴없음) | 신뢰도:0%
    12:48→12:51: 종가:27,450 | 거래량:65,615 | 🔴회피(4단계패턴없음) | 신뢰도:0%
    12:51→12:54: 종가:27,350 | 거래량:248,560 | 🔴회피(4단계패턴없음) | 신뢰도:0%
    12:54→12:57: 종가:27,550 | 거래량:95,383 | 🔴회피(4단계패턴없음) | 신뢰도:0%
    12:57→13:00: 종가:27,300 | 거래량:93,645 | 🔴회피(4단계패턴없음) | 신뢰도:0%
    13:00→13:03: 종가:27,350 | 거래량:54,312 | 🔴회피(4단계패턴없음) | 신뢰도:0%
    13:03→13:06: 종가:27,450 | 거래량:72,252 | 🔴회피(4단계패턴없음) | 신뢰도:0%
    13:06→13:09: 종가:27,500 | 거래량:36,856 | 🔴회피(4단계패턴없음) | 신뢰도:0%
    13:09→13:12: 종가:27,400 | 거래량:44,398 | 🔴회피(4단계패턴없음) | 신뢰도:0%
    13:12→13:15: 종가:27,500 | 거래량:52,399 | 🔴회피(4단계패턴없음) | 신뢰도:0%
    13:15→13:18: 종가:27,500 | 거래량:29,856 | 🔴회피(4단계패턴없음) | 신뢰도:0%
    13:18→13:21: 종가:27,600 | 거래량:46,608 | 🔴회피(4단계패턴없음) | 신뢰도:0%
    13:21→13:24: 종가:27,600 | 거래량:32,606 | 🔴회피(4단계패턴없음) | 신뢰도:0%
    13:24→13:27: 종가:27,450 | 거래량:44,072 | 🔴회피(4단계패턴없음) | 신뢰도:0%
    13:27→13:30: 종가:27,600 | 거래량:51,466 | 🔴회피(4단계패턴없음) | 신뢰도:0%
    13:30→13:33: 종가:27,450 | 거래량:33,489 | 🔴회피(4단계패턴없음) | 신뢰도:0%
    13:33→13:36: 종가:27,550 | 거래량:50,499 | 🔴회피(4단계패턴없음) | 신뢰도:0%
    13:36→13:39: 종가:27,700 | 거래량:113,160 | 🔴회피(4단계패턴없음) | 신뢰도:0%
    13:39→13:42: 종가:27,700 | 거래량:57,960 | 🔴회피(4단계패턴없음) | 신뢰도:0%
    13:42→13:45: 종가:27,650 | 거래량:37,075 | 🔴회피(4단계패턴없음) | 신뢰도:0%
    13:45→13:48: 종가:27,800 | 거래량:146,343 | 🔴회피(4단계패턴없음) | 신뢰도:0%
    13:48→13:51: 종가:27,700 | 거래량:47,769 | 🔴회피(4단계패턴없음) | 신뢰도:0%
    13:51→13:54: 종가:27,725 | 거래량:52,305 | 🔴회피(4단계패턴없음) | 신뢰도:0%
    13:54→13:57: 종가:27,700 | 거래량:32,346 | 🔴회피(4단계패턴없음) | 신뢰도:0%
    13:57→14:00: 종가:27,700 | 거래량:31,695 | 🔴회피(4단계패턴없음) | 신뢰도:0%
    14:00→14:03: 종가:27,800 | 거래량:90,288 | 🔴회피(4단계패턴없음) | 신뢰도:0%
    14:03→14:06: 종가:27,800 | 거래량:79,995 | 🔴회피(4단계패턴없음) | 신뢰도:0%
    14:06→14:09: 종가:27,800 | 거래량:86,284 | 🔴회피(4단계패턴없음) | 신뢰도:0%
    14:09→14:12: 종가:27,700 | 거래량:53,964 | 🔴회피(4단계패턴없음) | 신뢰도:0%
    14:12→14:15: 종가:27,750 | 거래량:95,392 | 🔴회피(4단계패턴없음) | 신뢰도:0%
    14:15→14:18: 종가:27,650 | 거래량:39,595 | 🔴회피(4단계패턴없음) | 신뢰도:0%
    14:18→14:21: 종가:27,750 | 거래량:74,760 | 🔴회피(4단계패턴없음) | 신뢰도:0%
    14:21→14:24: 종가:27,750 | 거래량:54,615 | 🔴회피(4단계패턴없음) | 신뢰도:0%
    14:24→14:27: 종가:27,650 | 거래량:27,291 | 🔴회피(4단계패턴없음) | 신뢰도:0%
    14:27→14:30: 종가:27,650 | 거래량:29,771 | 🔴회피(4단계패턴없음) | 신뢰도:0%
    14:30→14:33: 종가:27,700 | 거래량:46,498 | 🔴회피(4단계패턴없음) | 신뢰도:0%
    14:33→14:36: 종가:27,700 | 거래량:32,783 | 🔴회피(4단계패턴없음) | 신뢰도:0%
    14:36→14:39: 종가:27,700 | 거래량:51,877 | 🔴회피(4단계패턴없음) | 신뢰도:0%
    14:39→14:42: 종가:27,850 | 거래량:147,978 | 🔴회피(4단계패턴없음) | 신뢰도:0%
    14:42→14:45: 종가:27,900 | 거래량:140,522 | 🔴회피(4단계패턴없음) | 신뢰도:0%
    14:45→14:48: 종가:27,800 | 거래량:73,107 | 🔴회피(4단계패턴없음) | 신뢰도:0%
    14:48→14:51: 종가:27,850 | 거래량:72,487 | 🔴회피(4단계패턴없음) | 신뢰도:0%
    14:51→14:54: 종가:28,050 | 거래량:390,677 | 🔴회피(4단계패턴없음) | 신뢰도:0%
    14:54→14:57: 종가:27,850 | 거래량:237,152 | 🔴회피(4단계패턴없음) | 신뢰도:0%
    14:57→15:00: 종가:27,900 | 거래량:70,176 | 🔴회피(4단계패턴없음) | 신뢰도:0%
    15:00→15:03: 종가:27,900 | 거래량:64,199 | 🔴회피(4단계패턴없음) | 신뢰도:0%
    15:03→15:06: 종가:27,925 | 거래량:79,447 | 🔴회피(4단계패턴없음) | 신뢰도:0%
    15:06→15:09: 종가:27,875 | 거래량:71,978 | 🔴회피(4단계패턴없음) | 신뢰도:0%
    15:09→15:12: 종가:27,900 | 거래량:135,563 | 🔴회피(4단계패턴없음) | 신뢰도:0%
    15:12→15:15: 종가:27,800 | 거래량:60,278 | 🔴회피(4단계패턴없음) | 신뢰도:0%
    15:15→15:18: 종가:27,800 | 거래량:123,354 | 🔴회피(4단계패턴없음) | 신뢰도:0%
    15:18→15:21: 종가:27,750 | 거래량:120,688 | 🔴회피(4단계패턴없음) | 신뢰도:0%

=== 299170 - 20251202 눌림목(3분) 신호 재현 ===
  selection_date: 2025-12-02 09:00:39
  승패: 0승 0패
  selection_date 이후 승패: 0승 0패
  매매신호:
    없음
  체결 시뮬레이션:
    없음
  매수 못한 기회:
    없음

  🔍 상세 3분봉 분석 (09:00~15:30):
    09:00→09:03: 데이터부족
    09:03→09:06: 데이터부족
    09:06→09:09: 데이터부족
    09:09→09:12: 데이터부족
    09:12→09:15: 종가:2,470 | 거래량:187,413 | 🔴회피(위험신호: BISECTOR_BREAK) | 신뢰도:0%
    09:15→09:18: 종가:2,455 | 거래량:132,794 | 🔴회피(위험신호: BISECTOR_BREAK) | 신뢰도:0%
    09:18→09:21: 종가:2,475 | 거래량:109,726 | 🔴회피(위험신호: BISECTOR_BREAK) | 신뢰도:0%
    09:21→09:24: 종가:2,430 | 거래량:181,337 | 🔴회피(위험신호: BISECTOR_BREAK) | 신뢰도:0%
    09:24→09:27: 종가:2,450 | 거래량:91,770 | 🔴회피(위험신호: BISECTOR_BREAK) | 신뢰도:0%
    09:27→09:30: 종가:2,450 | 거래량:41,787 | 🔴회피(위험신호: BISECTOR_BREAK) | 신뢰도:0%
    09:30→09:33: 종가:2,420 | 거래량:110,956 | 🔴회피(위험신호: BISECTOR_BREAK) | 신뢰도:0%
    09:33→09:36: 종가:2,425 | 거래량:19,011 | 🔴회피(위험신호: BISECTOR_BREAK) | 신뢰도:0%
    09:36→09:39: 종가:2,445 | 거래량:33,295 | 🔴회피(위험신호: BISECTOR_BREAK) | 신뢰도:0%
    09:39→09:42: 종가:2,460 | 거래량:34,157 | 🔴회피(위험신호: BISECTOR_BREAK) | 신뢰도:0%
    09:42→09:45: 종가:2,465 | 거래량:50,081 | 🔴회피(위험신호: BISECTOR_BREAK) | 신뢰도:0%
    09:45→09:48: 종가:2,460 | 거래량:35,469 | 🔴회피(위험신호: BISECTOR_BREAK) | 신뢰도:0%
    09:48→09:51: 종가:2,480 | 거래량:53,816 | 🔴회피(위험신호: BISECTOR_BREAK) | 신뢰도:0%
    09:51→09:54: 종가:2,470 | 거래량:41,522 | 🔴회피(위험신호: BISECTOR_BREAK) | 신뢰도:0%
    09:54→09:57: 종가:2,485 | 거래량:45,721 | 🔴회피(위험신호: BISECTOR_BREAK) | 신뢰도:0%
    09:57→10:00: 종가:2,480 | 거래량:44,596 | 🔴회피(위험신호: BISECTOR_BREAK) | 신뢰도:0%
    10:00→10:03: 종가:2,455 | 거래량:49,827 | 🔴회피(위험신호: BISECTOR_BREAK) | 신뢰도:0%
    10:03→10:06: 종가:2,470 | 거래량:25,890 | 🔴회피(위험신호: BISECTOR_BREAK) | 신뢰도:0%
    10:06→10:09: 종가:2,475 | 거래량:15,631 | 🔴회피(위험신호: BISECTOR_BREAK) | 신뢰도:0%
    10:09→10:12: 종가:2,460 | 거래량:18,194 | 🔴회피(위험신호: BISECTOR_BREAK) | 신뢰도:0%
    10:12→10:15: 종가:2,465 | 거래량:15,722 | 🔴회피(위험신호: BISECTOR_BREAK) | 신뢰도:0%
    10:15→10:18: 종가:2,475 | 거래량:11,238 | 🔴회피(위험신호: BISECTOR_BREAK) | 신뢰도:0%
    10:18→10:21: 종가:2,465 | 거래량:9,155 | 🔴회피(위험신호: BISECTOR_BREAK) | 신뢰도:0%
    10:21→10:24: 종가:2,450 | 거래량:28,859 | 🔴회피(위험신호: BISECTOR_BREAK) | 신뢰도:0%
    10:24→10:27: 종가:2,450 | 거래량:46,728 | 🔴회피(위험신호: BISECTOR_BREAK) | 신뢰도:0%
    10:27→10:30: 종가:2,455 | 거래량:7,240 | 🔴회피(위험신호: BISECTOR_BREAK) | 신뢰도:0%
    10:30→10:33: 종가:2,440 | 거래량:23,745 | 🔴회피(위험신호: BISECTOR_BREAK) | 신뢰도:0%
    10:33→10:36: 종가:2,447 | 거래량:9,889 | 🔴회피(위험신호: BISECTOR_BREAK) | 신뢰도:0%
    10:36→10:39: 종가:2,445 | 거래량:13,977 | 🔴회피(위험신호: BISECTOR_BREAK) | 신뢰도:0%
    10:39→10:42: 종가:2,445 | 거래량:9,357 | 🔴회피(위험신호: BISECTOR_BREAK) | 신뢰도:0%
    10:42→10:45: 종가:2,447 | 거래량:7,965 | 🔴회피(위험신호: BISECTOR_BREAK) | 신뢰도:0%
    10:45→10:48: 종가:2,460 | 거래량:11,703 | 🔴회피(위험신호: BISECTOR_BREAK) | 신뢰도:0%
    10:48→10:51: 종가:2,465 | 거래량:7,386 | 🔴회피(위험신호: BISECTOR_BREAK) | 신뢰도:0%
    10:51→10:54: 종가:2,475 | 거래량:19,496 | 🔴회피(위험신호: BISECTOR_BREAK) | 신뢰도:0%
    10:54→10:57: 종가:2,460 | 거래량:31,245 | 🔴회피(위험신호: BISECTOR_BREAK) | 신뢰도:0%
    10:57→11:00: 종가:2,450 | 거래량:11,687 | 🔴회피(위험신호: BISECTOR_BREAK) | 신뢰도:0%
    11:00→11:03: 종가:2,455 | 거래량:2,105 | 🔴회피(위험신호: BISECTOR_BREAK) | 신뢰도:0%
    11:03→11:06: 종가:2,460 | 거래량:19,108 | 🔴회피(위험신호: BISECTOR_BREAK) | 신뢰도:0%
    11:06→11:09: 종가:2,465 | 거래량:3,918 | 🔴회피(위험신호: BISECTOR_BREAK) | 신뢰도:0%
    11:09→11:12: 종가:2,465 | 거래량:25,249 | 🔴회피(위험신호: BISECTOR_BREAK) | 신뢰도:0%
    11:12→11:15: 종가:2,460 | 거래량:16,908 | 🔴회피(위험신호: BISECTOR_BREAK) | 신뢰도:0%
    11:15→11:18: 종가:2,475 | 거래량:57,029 | 🔴회피(위험신호: BISECTOR_BREAK) | 신뢰도:0%
    11:18→11:21: 종가:2,485 | 거래량:42,778 | 🔴회피(위험신호: BISECTOR_BREAK) | 신뢰도:0%
    11:21→11:24: 종가:2,470 | 거래량:39,344 | 🔴회피(위험신호: BISECTOR_BREAK) | 신뢰도:0%
    11:24→11:27: 종가:2,470 | 거래량:4,384 | 🔴회피(위험신호: BISECTOR_BREAK) | 신뢰도:0%
    11:27→11:30: 종가:2,465 | 거래량:6,195 | 🔴회피(위험신호: BISECTOR_BREAK) | 신뢰도:0%
    11:30→11:33: 종가:2,465 | 거래량:9,214 | 🔴회피(위험신호: BISECTOR_BREAK) | 신뢰도:0%
    11:33→11:36: 종가:2,470 | 거래량:4,373 | 🔴회피(위험신호: BISECTOR_BREAK) | 신뢰도:0%
    11:36→11:39: 종가:2,465 | 거래량:6,578 | 🔴회피(위험신호: BISECTOR_BREAK) | 신뢰도:0%
    11:39→11:42: 종가:2,465 | 거래량:5,489 | 🔴회피(위험신호: BISECTOR_BREAK) | 신뢰도:0%
    11:42→11:45: 종가:2,490 | 거래량:69,069 | 🔴회피(위험신호: BISECTOR_BREAK) | 신뢰도:0%
    11:45→11:48: 종가:2,500 | 거래량:21,147 | 🔴회피(위험신호: BISECTOR_BREAK) | 신뢰도:0%
    11:48→11:51: 종가:2,495 | 거래량:9,151 | 🔴회피(위험신호: BISECTOR_BREAK) | 신뢰도:0%
    11:51→11:54: 종가:2,490 | 거래량:10,915 | 🔴회피(위험신호: BISECTOR_BREAK) | 신뢰도:0%
    11:54→11:57: 종가:2,485 | 거래량:13,291 | 🔴회피(위험신호: BISECTOR_BREAK) | 신뢰도:0%
    11:57→12:00: 종가:2,480 | 거래량:20,108 | 🔴회피(위험신호: BISECTOR_BREAK) | 신뢰도:0%
    12:00→12:03: 종가:2,480 | 거래량:7,274 | 🔴회피(위험신호: BISECTOR_BREAK) | 신뢰도:0%
    12:03→12:06: 종가:2,485 | 거래량:20,491 | 🔴회피(위험신호: BISECTOR_BREAK) | 신뢰도:0%
    12:06→12:09: 종가:2,480 | 거래량:24,368 | 🔴회피(위험신호: BISECTOR_BREAK) | 신뢰도:0%
    12:09→12:12: 종가:2,480 | 거래량:14,823 | 🔴회피(위험신호: BISECTOR_BREAK) | 신뢰도:0%
    12:12→12:15: 종가:2,485 | 거래량:3,309 | 🔴회피(위험신호: BISECTOR_BREAK) | 신뢰도:0%
    12:15→12:18: 종가:2,495 | 거래량:29,411 | 🔴회피(위험신호: BISECTOR_BREAK) | 신뢰도:0%
    12:18→12:21: 종가:2,505 | 거래량:35,606 | 🔴회피(위험신호: BISECTOR_BREAK) | 신뢰도:0%
    12:21→12:24: 종가:2,505 | 거래량:18,630 | 🔴회피(위험신호: BISECTOR_BREAK) | 신뢰도:0%
    12:24→12:27: 종가:2,505 | 거래량:7,728 | 🔴회피(위험신호: BISECTOR_BREAK) | 신뢰도:0%
    12:27→12:30: 종가:2,495 | 거래량:8,142 | 🔴회피(위험신호: BISECTOR_BREAK) | 신뢰도:0%
    12:30→12:33: 종가:2,490 | 거래량:9,329 | 🔴회피(위험신호: BISECTOR_BREAK) | 신뢰도:0%
    12:33→12:36: 종가:2,500 | 거래량:16,779 | 🔴회피(위험신호: BISECTOR_BREAK) | 신뢰도:0%
    12:36→12:39: 종가:2,495 | 거래량:8,699 | 🔴회피(위험신호: BISECTOR_BREAK) | 신뢰도:0%
    12:39→12:42: 종가:2,500 | 거래량:4,842 | 🔴회피(위험신호: BISECTOR_BREAK) | 신뢰도:0%
    12:42→12:45: 종가:2,505 | 거래량:9,981 | 🔴회피(위험신호: BISECTOR_BREAK) | 신뢰도:0%
    12:45→12:48: 종가:2,495 | 거래량:2,530 | 🔴회피(위험신호: BISECTOR_BREAK) | 신뢰도:0%
    12:48→12:51: 종가:2,500 | 거래량:19,113 | 🔴회피(위험신호: BISECTOR_BREAK) | 신뢰도:0%
    12:51→12:54: 종가:2,495 | 거래량:3,385 | 🔴회피(위험신호: BISECTOR_BREAK) | 신뢰도:0%
    12:54→12:57: 종가:2,495 | 거래량:26,997 | 🔴회피(위험신호: BISECTOR_BREAK) | 신뢰도:0%
    12:57→13:00: 종가:2,500 | 거래량:8,861 | 🔴회피(위험신호: BISECTOR_BREAK) | 신뢰도:0%
    13:00→13:03: 종가:2,495 | 거래량:5,013 | 🔴회피(위험신호: BISECTOR_BREAK) | 신뢰도:0%
    13:03→13:06: 종가:2,500 | 거래량:3,028 | 🔴회피(위험신호: BISECTOR_BREAK) | 신뢰도:0%
    13:06→13:09: 종가:2,495 | 거래량:8,206 | 🔴회피(위험신호: BISECTOR_BREAK) | 신뢰도:0%
    13:09→13:12: 종가:2,500 | 거래량:16,044 | 🔴회피(위험신호: BISECTOR_BREAK) | 신뢰도:0%
    13:12→13:15: 종가:2,485 | 거래량:23,738 | 🔴회피(위험신호: BISECTOR_BREAK) | 신뢰도:0%
    13:15→13:18: 종가:2,490 | 거래량:7,262 | 🔴회피(위험신호: BISECTOR_BREAK) | 신뢰도:0%
    13:18→13:21: 종가:2,490 | 거래량:9,747 | 🔴회피(위험신호: BISECTOR_BREAK) | 신뢰도:0%
    13:21→13:24: 종가:2,490 | 거래량:10,691 | 🔴회피(위험신호: BISECTOR_BREAK) | 신뢰도:0%
    13:24→13:27: 종가:2,495 | 거래량:10,905 | 🔴회피(위험신호: BISECTOR_BREAK) | 신뢰도:0%
    13:27→13:30: 종가:2,500 | 거래량:10,217 | 🔴회피(위험신호: BISECTOR_BREAK) | 신뢰도:0%
    13:30→13:33: 종가:2,495 | 거래량:6,261 | 🔴회피(위험신호: BISECTOR_BREAK) | 신뢰도:0%
    13:33→13:36: 종가:2,520 | 거래량:49,288 | 🔴회피(위험신호: BISECTOR_BREAK) | 신뢰도:0%
    13:36→13:39: 종가:2,530 | 거래량:74,533 | 🔴회피(당일시가이하(시가:2645)) | 신뢰도:0%
    13:39→13:42: 종가:2,555 | 거래량:296,960 | 🔴회피(당일시가이하(시가:2645)) | 신뢰도:0%
    13:42→13:45: 종가:2,555 | 거래량:108,191 | 🔴회피(당일시가이하(시가:2645)) | 신뢰도:0%
    13:45→13:48: 종가:2,545 | 거래량:36,866 | 🔴회피(당일시가이하(시가:2645)) | 신뢰도:0%
    13:48→13:51: 종가:2,535 | 거래량:16,730 | 🔴회피(당일시가이하(시가:2645)) | 신뢰도:0%
    13:51→13:54: 종가:2,525 | 거래량:31,983 | 🔴회피(당일시가이하(시가:2645)) | 신뢰도:0%
    13:54→13:57: 종가:2,525 | 거래량:26,931 | 🔴회피(당일시가이하(시가:2645)) | 신뢰도:0%
    13:57→14:00: 종가:2,530 | 거래량:9,299 | 🔴회피(당일시가이하(시가:2645)) | 신뢰도:0%
    14:00→14:03: 종가:2,520 | 거래량:34,994 | 🔴회피(위험신호: BISECTOR_BREAK) | 신뢰도:0%
    14:03→14:06: 종가:2,510 | 거래량:14,510 | 🔴회피(위험신호: BISECTOR_BREAK) | 신뢰도:0%
    14:06→14:09: 종가:2,525 | 거래량:23,690 | 🔴회피(당일시가이하(시가:2645)) | 신뢰도:0%
    14:09→14:12: 종가:2,515 | 거래량:32,402 | 🔴회피(위험신호: BISECTOR_BREAK) | 신뢰도:0%
    14:12→14:15: 종가:2,515 | 거래량:19,653 | 🔴회피(위험신호: BISECTOR_BREAK) | 신뢰도:0%
    14:15→14:18: 종가:2,520 | 거래량:9,320 | 🔴회피(위험신호: BISECTOR_BREAK) | 신뢰도:0%
    14:18→14:21: 종가:2,505 | 거래량:7,027 | 🔴회피(위험신호: BISECTOR_BREAK) | 신뢰도:0%
    14:21→14:24: 종가:2,505 | 거래량:2,747 | 🔴회피(위험신호: BISECTOR_BREAK) | 신뢰도:0%
    14:24→14:27: 종가:2,500 | 거래량:28,302 | 🔴회피(위험신호: BISECTOR_BREAK) | 신뢰도:0%
    14:27→14:30: 종가:2,500 | 거래량:11,050 | 🔴회피(위험신호: BISECTOR_BREAK) | 신뢰도:0%
    14:30→14:33: 종가:2,505 | 거래량:6,188 | 🔴회피(위험신호: BISECTOR_BREAK) | 신뢰도:0%
    14:33→14:36: 종가:2,510 | 거래량:8,178 | 🔴회피(위험신호: BISECTOR_BREAK) | 신뢰도:0%
    14:36→14:39: 종가:2,515 | 거래량:13,947 | 🔴회피(위험신호: BISECTOR_BREAK) | 신뢰도:0%
    14:39→14:42: 종가:2,520 | 거래량:6,738 | 🔴회피(위험신호: BISECTOR_BREAK) | 신뢰도:0%
    14:42→14:45: 종가:2,510 | 거래량:12,954 | 🔴회피(위험신호: BISECTOR_BREAK) | 신뢰도:0%
    14:45→14:48: 종가:2,525 | 거래량:26,544 | 🔴회피(당일시가이하(시가:2645)) | 신뢰도:0%
    14:48→14:51: 종가:2,542 | 거래량:30,508 | 🔴회피(당일시가이하(시가:2645)) | 신뢰도:0%
    14:51→14:54: 종가:2,535 | 거래량:110,544 | 🔴회피(당일시가이하(시가:2645)) | 신뢰도:0%
    14:54→14:57: 종가:2,550 | 거래량:39,593 | 🔴회피(당일시가이하(시가:2645)) | 신뢰도:0%
    14:57→15:00: 종가:2,545 | 거래량:66,937 | 🔴회피(당일시가이하(시가:2645)) | 신뢰도:0%
    15:00→15:03: 종가:2,545 | 거래량:48,736 | 🔴회피(당일시가이하(시가:2645)) | 신뢰도:0%
    15:03→15:06: 종가:2,565 | 거래량:91,707 | 🔴회피(당일시가이하(시가:2645)) | 신뢰도:0%
    15:06→15:09: 종가:2,580 | 거래량:137,753 | 🔴회피(당일시가이하(시가:2645)) | 신뢰도:0%
    15:09→15:12: 종가:2,565 | 거래량:73,686 | 🔴회피(당일시가이하(시가:2645)) | 신뢰도:0%
    15:12→15:15: 종가:2,565 | 거래량:56,501 | 🔴회피(당일시가이하(시가:2645)) | 신뢰도:0%
    15:15→15:18: 종가:2,560 | 거래량:33,661 | 🔴회피(당일시가이하(시가:2645)) | 신뢰도:0%
    15:18→15:21: 종가:2,565 | 거래량:16,754 | 🔴회피(당일시가이하(시가:2645)) | 신뢰도:0%

=== 040300 - 20251202 눌림목(3분) 신호 재현 ===
  selection_date: 2025-12-02 09:00:39
  승패: 0승 0패
  selection_date 이후 승패: 0승 0패
  매매신호:
    없음
  체결 시뮬레이션:
    없음
  매수 못한 기회:
    없음

  🔍 상세 3분봉 분석 (09:00~15:30):
    09:00→09:03: 데이터부족
    09:03→09:06: 데이터부족
    09:06→09:09: 데이터부족
    09:09→09:12: 데이터부족
    09:12→09:15: 종가:4,425 | 거래량:109,363 | 🔴회피(위험신호: LARGE_BEARISH_VOLUME) | 신뢰도:0%
    09:15→09:18: 종가:4,410 | 거래량:83,503 | 🔴회피(위험신호: BISECTOR_BREAK) | 신뢰도:0%
    09:18→09:21: 종가:4,460 | 거래량:60,189 | 🔴회피(당일시가이하(시가:4510)) | 신뢰도:0%
    09:21→09:24: 종가:4,445 | 거래량:28,633 | 🔴회피(위험신호: BISECTOR_BREAK) | 신뢰도:0%
    09:24→09:27: 종가:4,435 | 거래량:45,072 | 🔴회피(위험신호: BISECTOR_BREAK) | 신뢰도:0%
    09:27→09:30: 종가:4,415 | 거래량:49,777 | 🔴회피(위험신호: BISECTOR_BREAK) | 신뢰도:0%
    09:30→09:33: 종가:4,410 | 거래량:49,330 | 🔴회피(위험신호: BISECTOR_BREAK) | 신뢰도:0%
    09:33→09:36: 종가:4,430 | 거래량:22,239 | 🔴회피(위험신호: BISECTOR_BREAK) | 신뢰도:0%
    09:36→09:39: 종가:4,415 | 거래량:19,362 | 🔴회피(위험신호: BISECTOR_BREAK) | 신뢰도:0%
    09:39→09:42: 종가:4,450 | 거래량:25,937 | 🔴회피(위험신호: BISECTOR_BREAK) | 신뢰도:0%
    09:42→09:45: 종가:4,480 | 거래량:101,283 | 🔴회피(당일시가이하(시가:4510)) | 신뢰도:0%
    09:45→09:48: 종가:4,520 | 거래량:378,832 | 🔴회피(시가대비0.2%상승(2%미만차단)) | 신뢰도:0%
    09:48→09:51: 종가:4,490 | 거래량:124,564 | 🔴회피(당일시가이하(시가:4510)) | 신뢰도:0%
    09:51→09:54: 종가:4,515 | 거래량:62,096 | 🔴회피(시가대비0.1%상승(2%미만차단)) | 신뢰도:0%
    09:54→09:57: 종가:4,465 | 거래량:66,189 | 🔴회피(위험신호: BISECTOR_BREAK) | 신뢰도:0%
    09:57→10:00: 종가:4,485 | 거래량:23,621 | 🔴회피(당일시가이하(시가:4510)) | 신뢰도:0%
    10:00→10:03: 종가:4,480 | 거래량:11,326 | 🔴회피(당일시가이하(시가:4510)) | 신뢰도:0%
    10:03→10:06: 종가:4,440 | 거래량:33,884 | 🔴회피(위험신호: BISECTOR_BREAK) | 신뢰도:0%
    10:06→10:09: 종가:4,445 | 거래량:35,921 | 🔴회피(위험신호: BISECTOR_BREAK) | 신뢰도:0%
    10:09→10:12: 종가:4,455 | 거래량:18,335 | 🔴회피(위험신호: BISECTOR_BREAK) | 신뢰도:0%
    10:12→10:15: 종가:4,440 | 거래량:15,251 | 🔴회피(위험신호: BISECTOR_BREAK) | 신뢰도:0%
    10:15→10:18: 종가:4,475 | 거래량:11,536 | 🔴회피(위험신호: BISECTOR_BREAK) | 신뢰도:0%
    10:18→10:21: 종가:4,465 | 거래량:13,131 | 🔴회피(위험신호: BISECTOR_BREAK) | 신뢰도:0%
    10:21→10:24: 종가:4,445 | 거래량:14,837 | 🔴회피(위험신호: BISECTOR_BREAK) | 신뢰도:0%
    10:24→10:27: 종가:4,440 | 거래량:17,771 | 🔴회피(위험신호: BISECTOR_BREAK) | 신뢰도:0%
    10:27→10:30: 종가:4,445 | 거래량:6,021 | 🔴회피(위험신호: BISECTOR_BREAK) | 신뢰도:0%
    10:30→10:33: 종가:4,495 | 거래량:25,360 | 🔴회피(당일시가이하(시가:4510)) | 신뢰도:0%
    10:33→10:36: 종가:4,510 | 거래량:167,476 | 🔴회피(당일시가이하(시가:4510)) | 신뢰도:0%
    10:36→10:39: 종가:4,500 | 거래량:47,159 | 🔴회피(당일시가이하(시가:4510)) | 신뢰도:0%
    10:39→10:42: 종가:4,510 | 거래량:31,245 | 🔴회피(당일시가이하(시가:4510)) | 신뢰도:0%
    10:42→10:45: 종가:4,520 | 거래량:77,842 | 🔴회피(시가대비0.2%상승(2%미만차단)) | 신뢰도:0%
    10:45→10:48: 종가:4,555 | 거래량:74,952 | 🔴회피(시가대비1.0%상승(2%미만차단)) | 신뢰도:0%
    10:48→10:51: 종가:4,475 | 거래량:75,513 | 🔴회피(위험신호: BISECTOR_BREAK) | 신뢰도:0%
    10:51→10:54: 종가:4,475 | 거래량:32,305 | 🔴회피(위험신호: BISECTOR_BREAK) | 신뢰도:0%
    10:54→10:57: 종가:4,490 | 거래량:9,595 | 🔴회피(당일시가이하(시가:4510)) | 신뢰도:0%
    10:57→11:00: 종가:4,495 | 거래량:9,118 | 🔴회피(당일시가이하(시가:4510)) | 신뢰도:0%
    11:00→11:03: 종가:4,480 | 거래량:13,947 | 🔴회피(당일시가이하(시가:4510)) | 신뢰도:0%
    11:03→11:06: 종가:4,455 | 거래량:20,148 | 🔴회피(위험신호: BISECTOR_BREAK) | 신뢰도:0%
    11:06→11:09: 종가:4,455 | 거래량:17,755 | 🔴회피(위험신호: BISECTOR_BREAK) | 신뢰도:0%
    11:09→11:12: 종가:4,470 | 거래량:11,994 | 🔴회피(위험신호: BISECTOR_BREAK) | 신뢰도:0%
    11:12→11:15: 종가:4,465 | 거래량:7,492 | 🔴회피(위험신호: BISECTOR_BREAK) | 신뢰도:0%
    11:15→11:18: 종가:4,455 | 거래량:14,713 | 🔴회피(위험신호: BISECTOR_BREAK) | 신뢰도:0%
    11:18→11:21: 종가:4,460 | 거래량:12,742 | 🔴회피(위험신호: BISECTOR_BREAK) | 신뢰도:0%
    11:21→11:24: 종가:4,455 | 거래량:6,533 | 🔴회피(위험신호: BISECTOR_BREAK) | 신뢰도:0%
    11:24→11:27: 종가:4,445 | 거래량:12,086 | 🔴회피(위험신호: BISECTOR_BREAK) | 신뢰도:0%
    11:27→11:30: 종가:4,435 | 거래량:16,008 | 🔴회피(위험신호: BISECTOR_BREAK) | 신뢰도:0%
    11:30→11:33: 종가:4,470 | 거래량:8,721 | 🔴회피(위험신호: BISECTOR_BREAK) | 신뢰도:0%
    11:33→11:36: 종가:4,465 | 거래량:9,543 | 🔴회피(위험신호: BISECTOR_BREAK) | 신뢰도:0%
    11:36→11:39: 종가:4,480 | 거래량:33,919 | 🔴회피(당일시가이하(시가:4510)) | 신뢰도:0%
    11:39→11:42: 종가:4,490 | 거래량:28,753 | 🔴회피(당일시가이하(시가:4510)) | 신뢰도:0%
    11:42→11:45: 종가:4,715 | 거래량:929,479 | 🔴회피(4단계패턴없음) | 신뢰도:0%
    11:45→11:48: 종가:4,770 | 거래량:1,044,699 | 🔴회피(4단계패턴없음) | 신뢰도:0%
    11:48→11:51: 종가:4,730 | 거래량:386,204 | 🔴회피(4단계패턴없음) | 신뢰도:0%
    11:51→11:54: 종가:4,610 | 거래량:852,048 | 🔴회피(위험신호: LARGE_BEARISH_VOLUME) | 신뢰도:0%
    11:54→11:57: 종가:4,530 | 거래량:459,800 | 🔴회피(위험신호: BISECTOR_BREAK) | 신뢰도:0%
    11:57→12:00: 종가:4,505 | 거래량:172,748 | 🔴회피(위험신호: BISECTOR_BREAK) | 신뢰도:0%
    12:00→12:03: 종가:4,505 | 거래량:108,129 | 🔴회피(위험신호: BISECTOR_BREAK) | 신뢰도:0%
    12:03→12:06: 종가:4,475 | 거래량:107,974 | 🔴회피(위험신호: BISECTOR_BREAK) | 신뢰도:0%
    12:06→12:09: 종가:4,480 | 거래량:47,625 | 🔴회피(위험신호: BISECTOR_BREAK) | 신뢰도:0%
    12:09→12:12: 종가:4,465 | 거래량:36,417 | 🔴회피(위험신호: BISECTOR_BREAK) | 신뢰도:0%
    12:12→12:15: 종가:4,475 | 거래량:27,971 | 🔴회피(위험신호: BISECTOR_BREAK) | 신뢰도:0%
    12:15→12:18: 종가:4,485 | 거래량:18,117 | 🔴회피(위험신호: BISECTOR_BREAK) | 신뢰도:0%
    12:18→12:21: 종가:4,480 | 거래량:18,728 | 🔴회피(위험신호: BISECTOR_BREAK) | 신뢰도:0%
    12:21→12:24: 종가:4,490 | 거래량:22,252 | 🔴회피(위험신호: BISECTOR_BREAK) | 신뢰도:0%
    12:24→12:27: 종가:4,490 | 거래량:26,389 | 🔴회피(위험신호: BISECTOR_BREAK) | 신뢰도:0%
    12:27→12:30: 종가:4,470 | 거래량:26,755 | 🔴회피(위험신호: BISECTOR_BREAK) | 신뢰도:0%
    12:30→12:33: 종가:4,465 | 거래량:24,664 | 🔴회피(위험신호: BISECTOR_BREAK) | 신뢰도:0%
    12:33→12:36: 종가:4,450 | 거래량:74,326 | 🔴회피(위험신호: BISECTOR_BREAK) | 신뢰도:0%
    12:36→12:39: 종가:4,460 | 거래량:12,659 | 🔴회피(위험신호: BISECTOR_BREAK) | 신뢰도:0%
    12:39→12:42: 종가:4,460 | 거래량:7,795 | 🔴회피(위험신호: BISECTOR_BREAK) | 신뢰도:0%
    12:42→12:45: 종가:4,445 | 거래량:14,563 | 🔴회피(위험신호: BISECTOR_BREAK) | 신뢰도:0%
    12:45→12:48: 종가:4,450 | 거래량:37,853 | 🔴회피(위험신호: BISECTOR_BREAK) | 신뢰도:0%
    12:48→12:51: 종가:4,445 | 거래량:18,981 | 🔴회피(위험신호: BISECTOR_BREAK) | 신뢰도:0%
    12:51→12:54: 종가:4,445 | 거래량:16,370 | 🔴회피(위험신호: BISECTOR_BREAK) | 신뢰도:0%
    12:54→12:57: 종가:4,430 | 거래량:16,922 | 🔴회피(위험신호: BISECTOR_BREAK) | 신뢰도:0%
    12:57→13:00: 종가:4,425 | 거래량:34,116 | 🔴회피(위험신호: BISECTOR_BREAK) | 신뢰도:0%
    13:00→13:03: 종가:4,425 | 거래량:46,191 | 🔴회피(위험신호: BISECTOR_BREAK) | 신뢰도:0%
    13:03→13:06: 종가:4,445 | 거래량:7,202 | 🔴회피(위험신호: BISECTOR_BREAK) | 신뢰도:0%
    13:06→13:09: 종가:4,440 | 거래량:10,008 | 🔴회피(위험신호: BISECTOR_BREAK) | 신뢰도:0%
    13:09→13:12: 종가:4,430 | 거래량:15,232 | 🔴회피(위험신호: BISECTOR_BREAK) | 신뢰도:0%
    13:12→13:15: 종가:4,420 | 거래량:9,191 | 🔴회피(위험신호: BISECTOR_BREAK) | 신뢰도:0%
    13:15→13:18: 종가:4,425 | 거래량:8,523 | 🔴회피(위험신호: BISECTOR_BREAK) | 신뢰도:0%
    13:18→13:21: 종가:4,420 | 거래량:6,261 | 🔴회피(위험신호: BISECTOR_BREAK) | 신뢰도:0%
    13:21→13:24: 종가:4,410 | 거래량:47,860 | 🔴회피(위험신호: BISECTOR_BREAK) | 신뢰도:0%
    13:24→13:27: 종가:4,402 | 거래량:33,273 | 🔴회피(위험신호: BISECTOR_BREAK) | 신뢰도:0%
    13:27→13:30: 종가:4,430 | 거래량:13,594 | 🔴회피(위험신호: BISECTOR_BREAK) | 신뢰도:0%
    13:30→13:33: 종가:4,405 | 거래량:16,344 | 🔴회피(위험신호: BISECTOR_BREAK) | 신뢰도:0%
    13:33→13:36: 종가:4,400 | 거래량:7,100 | 🔴회피(위험신호: BISECTOR_BREAK) | 신뢰도:0%
    13:36→13:39: 종가:4,400 | 거래량:10,006 | 🔴회피(위험신호: BISECTOR_BREAK) | 신뢰도:0%
    13:39→13:42: 종가:4,395 | 거래량:11,661 | 🔴회피(위험신호: BISECTOR_BREAK) | 신뢰도:0%
    13:42→13:45: 종가:4,395 | 거래량:25,939 | 🔴회피(위험신호: BISECTOR_BREAK) | 신뢰도:0%
    13:45→13:48: 종가:4,405 | 거래량:7,983 | 🔴회피(위험신호: BISECTOR_BREAK) | 신뢰도:0%
    13:48→13:51: 종가:4,390 | 거래량:13,248 | 🔴회피(위험신호: BISECTOR_BREAK) | 신뢰도:0%
    13:51→13:54: 종가:4,375 | 거래량:39,896 | 🔴회피(위험신호: BISECTOR_BREAK) | 신뢰도:0%
    13:54→13:57: 종가:4,380 | 거래량:12,981 | 🔴회피(위험신호: BISECTOR_BREAK) | 신뢰도:0%
    13:57→14:00: 종가:4,380 | 거래량:14,644 | 🔴회피(위험신호: BISECTOR_BREAK) | 신뢰도:0%
    14:00→14:03: 종가:4,355 | 거래량:29,463 | 🔴회피(위험신호: BISECTOR_BREAK) | 신뢰도:0%
    14:03→14:06: 종가:4,345 | 거래량:42,728 | 🔴회피(위험신호: BISECTOR_BREAK) | 신뢰도:0%
    14:06→14:09: 종가:4,355 | 거래량:14,357 | 🔴회피(위험신호: BISECTOR_BREAK) | 신뢰도:0%
    14:09→14:12: 종가:4,350 | 거래량:12,904 | 🔴회피(위험신호: BISECTOR_BREAK) | 신뢰도:0%
    14:12→14:15: 종가:4,345 | 거래량:26,764 | 🔴회피(위험신호: BISECTOR_BREAK) | 신뢰도:0%
    14:15→14:18: 종가:4,345 | 거래량:8,428 | 🔴회피(위험신호: BISECTOR_BREAK) | 신뢰도:0%
    14:18→14:21: 종가:4,335 | 거래량:27,723 | 🔴회피(위험신호: BISECTOR_BREAK) | 신뢰도:0%
    14:21→14:24: 종가:4,335 | 거래량:10,105 | 🔴회피(위험신호: BISECTOR_BREAK) | 신뢰도:0%
    14:24→14:27: 종가:4,320 | 거래량:25,055 | 🔴회피(위험신호: BISECTOR_BREAK) | 신뢰도:0%
    14:27→14:30: 종가:4,335 | 거래량:11,696 | 🔴회피(위험신호: BISECTOR_BREAK) | 신뢰도:0%
    14:30→14:33: 종가:4,330 | 거래량:6,835 | 🔴회피(위험신호: BISECTOR_BREAK) | 신뢰도:0%
    14:33→14:36: 종가:4,325 | 거래량:8,303 | 🔴회피(위험신호: BISECTOR_BREAK) | 신뢰도:0%
    14:36→14:39: 종가:4,325 | 거래량:13,797 | 🔴회피(위험신호: BISECTOR_BREAK) | 신뢰도:0%
    14:39→14:42: 종가:4,285 | 거래량:36,988 | 🔴회피(위험신호: BISECTOR_BREAK) | 신뢰도:0%
    14:42→14:45: 종가:4,305 | 거래량:47,204 | 🔴회피(위험신호: BISECTOR_BREAK) | 신뢰도:0%
    14:45→14:48: 종가:4,265 | 거래량:19,426 | 🔴회피(위험신호: BISECTOR_BREAK) | 신뢰도:0%
    14:48→14:51: 종가:4,260 | 거래량:52,142 | 🔴회피(위험신호: BISECTOR_BREAK) | 신뢰도:0%
    14:51→14:54: 종가:4,260 | 거래량:17,388 | 🔴회피(위험신호: BISECTOR_BREAK) | 신뢰도:0%
    14:54→14:57: 종가:4,275 | 거래량:20,833 | 🔴회피(위험신호: BISECTOR_BREAK) | 신뢰도:0%
    14:57→15:00: 종가:4,260 | 거래량:25,653 | 🔴회피(위험신호: BISECTOR_BREAK) | 신뢰도:0%
    15:00→15:03: 종가:4,270 | 거래량:23,335 | 🔴회피(위험신호: BISECTOR_BREAK) | 신뢰도:0%
    15:03→15:06: 종가:4,285 | 거래량:9,336 | 🔴회피(위험신호: BISECTOR_BREAK) | 신뢰도:0%
    15:06→15:09: 종가:4,265 | 거래량:23,062 | 🔴회피(위험신호: BISECTOR_BREAK) | 신뢰도:0%
    15:09→15:12: 종가:4,255 | 거래량:21,195 | 🔴회피(위험신호: BISECTOR_BREAK) | 신뢰도:0%
    15:12→15:15: 종가:4,260 | 거래량:30,895 | 🔴회피(위험신호: BISECTOR_BREAK) | 신뢰도:0%
    15:15→15:18: 종가:4,270 | 거래량:39,060 | 🔴회피(위험신호: BISECTOR_BREAK) | 신뢰도:0%
    15:18→15:21: 종가:4,270 | 거래량:22,972 | 🔴회피(위험신호: BISECTOR_BREAK) | 신뢰도:0%

=== 220260 - 20251202 눌림목(3분) 신호 재현 ===
  selection_date: 2025-12-02 09:00:39
  승패: 0승 0패
  selection_date 이후 승패: 0승 0패
  매매신호:
    없음
  체결 시뮬레이션:
    없음
  매수 못한 기회:
    없음

  🔍 상세 3분봉 분석 (09:00~15:30):
    09:00→09:03: 데이터부족
    09:03→09:06: 데이터부족
    09:06→09:09: 데이터부족
    09:09→09:12: 데이터부족
    09:12→09:15: 종가:5,310 | 거래량:158,511 | 🔴회피(위험신호: BISECTOR_BREAK) | 신뢰도:0%
    09:15→09:18: 종가:5,330 | 거래량:89,307 | 🔴회피(당일시가이하(시가:5370)) | 신뢰도:0%
    09:18→09:21: 종가:5,450 | 거래량:499,087 | 🔴회피(시가대비1.5%상승(2%미만차단)) | 신뢰도:0%
    09:21→09:24: 종가:5,320 | 거래량:256,567 | 🔴회피(위험신호: BISECTOR_BREAK) | 신뢰도:0%
    09:24→09:27: 종가:5,310 | 거래량:166,734 | 🔴회피(위험신호: BISECTOR_BREAK) | 신뢰도:0%
    09:27→09:30: 종가:5,310 | 거래량:91,907 | 🔴회피(위험신호: BISECTOR_BREAK) | 신뢰도:0%
    09:30→09:33: 종가:5,330 | 거래량:92,091 | 🔴회피(위험신호: BISECTOR_BREAK) | 신뢰도:0%
    09:33→09:36: 종가:5,300 | 거래량:36,857 | 🔴회피(위험신호: BISECTOR_BREAK) | 신뢰도:0%
    09:36→09:39: 종가:5,260 | 거래량:70,176 | 🔴회피(위험신호: BISECTOR_BREAK) | 신뢰도:0%
    09:39→09:42: 종가:5,180 | 거래량:234,977 | 🔴회피(위험신호: BISECTOR_BREAK) | 신뢰도:0%
    09:42→09:45: 종가:5,220 | 거래량:67,446 | 🔴회피(위험신호: BISECTOR_BREAK) | 신뢰도:0%
    09:45→09:48: 종가:5,230 | 거래량:33,153 | 🔴회피(위험신호: BISECTOR_BREAK) | 신뢰도:0%
    09:48→09:51: 종가:5,280 | 거래량:109,239 | 🔴회피(위험신호: BISECTOR_BREAK) | 신뢰도:0%
    09:51→09:54: 종가:5,260 | 거래량:24,023 | 🔴회피(위험신호: BISECTOR_BREAK) | 신뢰도:0%
    09:54→09:57: 종가:5,280 | 거래량:29,541 | 🔴회피(위험신호: BISECTOR_BREAK) | 신뢰도:0%
    09:57→10:00: 종가:5,280 | 거래량:24,690 | 🔴회피(위험신호: BISECTOR_BREAK) | 신뢰도:0%
    10:00→10:03: 종가:5,230 | 거래량:38,002 | 🔴회피(위험신호: BISECTOR_BREAK) | 신뢰도:0%
    10:03→10:06: 종가:5,210 | 거래량:38,898 | 🔴회피(위험신호: BISECTOR_BREAK) | 신뢰도:0%
    10:06→10:09: 종가:5,230 | 거래량:28,838 | 🔴회피(위험신호: BISECTOR_BREAK) | 신뢰도:0%
    10:09→10:12: 종가:5,220 | 거래량:9,189 | 🔴회피(위험신호: BISECTOR_BREAK) | 신뢰도:0%
    10:12→10:15: 종가:5,180 | 거래량:61,492 | 🔴회피(위험신호: BISECTOR_BREAK) | 신뢰도:0%
    10:15→10:18: 종가:5,210 | 거래량:23,653 | 🔴회피(위험신호: BISECTOR_BREAK) | 신뢰도:0%
    10:18→10:21: 종가:5,270 | 거래량:22,273 | 🔴회피(위험신호: BISECTOR_BREAK) | 신뢰도:0%
    10:21→10:24: 종가:5,330 | 거래량:148,547 | 🔴회피(당일시가이하(시가:5370)) | 신뢰도:0%
    10:24→10:27: 종가:5,310 | 거래량:57,248 | 🔴회피(당일시가이하(시가:5370)) | 신뢰도:0%
    10:27→10:30: 종가:5,300 | 거래량:35,450 | 🔴회피(위험신호: BISECTOR_BREAK) | 신뢰도:0%
    10:30→10:33: 종가:5,270 | 거래량:17,393 | 🔴회피(위험신호: BISECTOR_BREAK) | 신뢰도:0%
    10:33→10:36: 종가:5,300 | 거래량:10,608 | 🔴회피(위험신호: BISECTOR_BREAK) | 신뢰도:0%
    10:36→10:39: 종가:5,260 | 거래량:30,235 | 🔴회피(위험신호: BISECTOR_BREAK) | 신뢰도:0%
    10:39→10:42: 종가:5,260 | 거래량:18,811 | 🔴회피(위험신호: BISECTOR_BREAK) | 신뢰도:0%
    10:42→10:45: 종가:5,300 | 거래량:9,119 | 🔴회피(위험신호: BISECTOR_BREAK) | 신뢰도:0%
    10:45→10:48: 종가:5,270 | 거래량:10,132 | 🔴회피(위험신호: BISECTOR_BREAK) | 신뢰도:0%
    10:48→10:51: 종가:5,300 | 거래량:24,742 | 🔴회피(위험신호: BISECTOR_BREAK) | 신뢰도:0%
    10:51→10:54: 종가:5,280 | 거래량:10,686 | 🔴회피(위험신호: BISECTOR_BREAK) | 신뢰도:0%
    10:54→10:57: 종가:5,270 | 거래량:7,029 | 🔴회피(위험신호: BISECTOR_BREAK) | 신뢰도:0%
    10:57→11:00: 종가:5,300 | 거래량:12,170 | 🔴회피(위험신호: BISECTOR_BREAK) | 신뢰도:0%
    11:00→11:03: 종가:5,320 | 거래량:36,631 | 🔴회피(당일시가이하(시가:5370)) | 신뢰도:0%
    11:03→11:06: 종가:5,320 | 거래량:66,705 | 🔴회피(당일시가이하(시가:5370)) | 신뢰도:0%
    11:06→11:09: 종가:5,340 | 거래량:19,087 | 🔴회피(당일시가이하(시가:5370)) | 신뢰도:0%
    11:09→11:12: 종가:5,315 | 거래량:48,739 | 🔴회피(당일시가이하(시가:5370)) | 신뢰도:0%
    11:12→11:15: 종가:5,280 | 거래량:44,528 | 🔴회피(위험신호: BISECTOR_BREAK) | 신뢰도:0%
    11:15→11:18: 종가:5,270 | 거래량:12,802 | 🔴회피(위험신호: BISECTOR_BREAK) | 신뢰도:0%
    11:18→11:21: 종가:5,270 | 거래량:32,010 | 🔴회피(위험신호: BISECTOR_BREAK) | 신뢰도:0%
    11:21→11:24: 종가:5,310 | 거래량:8,161 | 🔴회피(당일시가이하(시가:5370)) | 신뢰도:0%
    11:24→11:27: 종가:5,260 | 거래량:17,711 | 🔴회피(위험신호: BISECTOR_BREAK) | 신뢰도:0%
    11:27→11:30: 종가:5,280 | 거래량:8,829 | 🔴회피(위험신호: BISECTOR_BREAK) | 신뢰도:0%
    11:30→11:33: 종가:5,530 | 거래량:632,045 | 🔴회피(4단계패턴없음) | 신뢰도:0%
    11:33→11:36: 종가:5,610 | 거래량:1,261,188 | 🔴회피(4단계패턴없음) | 신뢰도:0%
    11:36→11:39: 종가:5,570 | 거래량:613,174 | 🔴회피(4단계패턴없음) | 신뢰도:0%
    11:39→11:42: 종가:5,620 | 거래량:980,390 | 🔴회피(4단계패턴없음) | 신뢰도:0%
    11:42→11:45: 종가:5,410 | 거래량:690,475 | 🔴회피(위험신호: LARGE_BEARISH_VOLUME) | 신뢰도:0%
    11:45→11:48: 종가:5,360 | 거래량:303,771 | 🔴회피(위험신호: BISECTOR_BREAK) | 신뢰도:0%
    11:48→11:51: 종가:5,340 | 거래량:167,612 | 🔴회피(위험신호: BISECTOR_BREAK) | 신뢰도:0%
    11:51→11:54: 종가:5,320 | 거래량:144,601 | 🔴회피(위험신호: BISECTOR_BREAK) | 신뢰도:0%
    11:54→11:57: 종가:5,280 | 거래량:70,590 | 🔴회피(위험신호: BISECTOR_BREAK) | 신뢰도:0%
    11:57→12:00: 종가:5,280 | 거래량:170,041 | 🔴회피(위험신호: BISECTOR_BREAK) | 신뢰도:0%
    12:00→12:03: 종가:5,260 | 거래량:61,161 | 🔴회피(위험신호: BISECTOR_BREAK) | 신뢰도:0%
    12:03→12:06: 종가:5,290 | 거래량:53,795 | 🔴회피(위험신호: BISECTOR_BREAK) | 신뢰도:0%
    12:06→12:09: 종가:5,330 | 거래량:54,603 | 🔴회피(위험신호: BISECTOR_BREAK) | 신뢰도:0%
    12:09→12:12: 종가:5,260 | 거래량:72,584 | 🔴회피(위험신호: BISECTOR_BREAK) | 신뢰도:0%
    12:12→12:15: 종가:5,270 | 거래량:26,979 | 🔴회피(위험신호: BISECTOR_BREAK) | 신뢰도:0%
    12:15→12:18: 종가:5,270 | 거래량:17,217 | 🔴회피(위험신호: BISECTOR_BREAK) | 신뢰도:0%
    12:18→12:21: 종가:5,260 | 거래량:22,432 | 🔴회피(위험신호: BISECTOR_BREAK) | 신뢰도:0%
    12:21→12:24: 종가:5,230 | 거래량:70,052 | 🔴회피(위험신호: BISECTOR_BREAK) | 신뢰도:0%
    12:24→12:27: 종가:5,210 | 거래량:94,379 | 🔴회피(위험신호: BISECTOR_BREAK) | 신뢰도:0%
    12:27→12:30: 종가:5,260 | 거래량:48,208 | 🔴회피(위험신호: BISECTOR_BREAK) | 신뢰도:0%
    12:30→12:33: 종가:5,270 | 거래량:52,985 | 🔴회피(위험신호: BISECTOR_BREAK) | 신뢰도:0%
    12:33→12:36: 종가:5,270 | 거래량:118,666 | 🔴회피(위험신호: BISECTOR_BREAK) | 신뢰도:0%
    12:36→12:39: 종가:5,230 | 거래량:63,878 | 🔴회피(위험신호: BISECTOR_BREAK) | 신뢰도:0%
    12:39→12:42: 종가:5,220 | 거래량:53,165 | 🔴회피(위험신호: BISECTOR_BREAK) | 신뢰도:0%
    12:42→12:45: 종가:5,250 | 거래량:17,295 | 🔴회피(위험신호: BISECTOR_BREAK) | 신뢰도:0%
    12:45→12:48: 종가:5,250 | 거래량:15,241 | 🔴회피(위험신호: BISECTOR_BREAK) | 신뢰도:0%
    12:48→12:51: 종가:5,240 | 거래량:8,957 | 🔴회피(위험신호: BISECTOR_BREAK) | 신뢰도:0%
    12:51→12:54: 종가:5,270 | 거래량:22,751 | 🔴회피(위험신호: BISECTOR_BREAK) | 신뢰도:0%
    12:54→12:57: 종가:5,285 | 거래량:48,995 | 🔴회피(위험신호: BISECTOR_BREAK) | 신뢰도:0%
    12:57→13:00: 종가:5,260 | 거래량:29,147 | 🔴회피(위험신호: BISECTOR_BREAK) | 신뢰도:0%
    13:00→13:03: 종가:5,230 | 거래량:30,830 | 🔴회피(위험신호: BISECTOR_BREAK) | 신뢰도:0%
    13:03→13:06: 종가:5,230 | 거래량:16,487 | 🔴회피(위험신호: BISECTOR_BREAK) | 신뢰도:0%
    13:06→13:09: 종가:5,220 | 거래량:23,249 | 🔴회피(위험신호: BISECTOR_BREAK) | 신뢰도:0%
    13:09→13:12: 종가:5,250 | 거래량:21,723 | 🔴회피(위험신호: BISECTOR_BREAK) | 신뢰도:0%
    13:12→13:15: 종가:5,250 | 거래량:9,774 | 🔴회피(위험신호: BISECTOR_BREAK) | 신뢰도:0%
    13:15→13:18: 종가:5,220 | 거래량:16,779 | 🔴회피(위험신호: BISECTOR_BREAK) | 신뢰도:0%
    13:18→13:21: 종가:5,240 | 거래량:5,632 | 🔴회피(위험신호: BISECTOR_BREAK) | 신뢰도:0%
    13:21→13:24: 종가:5,230 | 거래량:11,936 | 🔴회피(위험신호: BISECTOR_BREAK) | 신뢰도:0%
    13:24→13:27: 종가:5,230 | 거래량:5,659 | 🔴회피(위험신호: BISECTOR_BREAK) | 신뢰도:0%
    13:27→13:30: 종가:5,280 | 거래량:49,551 | 🔴회피(위험신호: BISECTOR_BREAK) | 신뢰도:0%
    13:30→13:33: 종가:5,280 | 거래량:27,732 | 🔴회피(위험신호: BISECTOR_BREAK) | 신뢰도:0%
    13:33→13:36: 종가:5,300 | 거래량:32,696 | 🔴회피(위험신호: BISECTOR_BREAK) | 신뢰도:0%
    13:36→13:39: 종가:5,300 | 거래량:20,787 | 🔴회피(위험신호: BISECTOR_BREAK) | 신뢰도:0%
    13:39→13:42: 종가:5,460 | 거래량:425,874 | 🔴회피(시가대비1.7%상승(2%미만차단)) | 신뢰도:0%
    13:42→13:45: 종가:5,390 | 거래량:311,251 | 🔴회피(위험신호: BISECTOR_BREAK) | 신뢰도:0%
    13:45→13:48: 종가:5,340 | 거래량:98,167 | 🔴회피(위험신호: BISECTOR_BREAK) | 신뢰도:0%
    13:48→13:51: 종가:5,290 | 거래량:62,216 | 🔴회피(위험신호: BISECTOR_BREAK) | 신뢰도:0%
    13:51→13:54: 종가:5,300 | 거래량:37,310 | 🔴회피(위험신호: BISECTOR_BREAK) | 신뢰도:0%
    13:54→13:57: 종가:5,300 | 거래량:28,517 | 🔴회피(위험신호: BISECTOR_BREAK) | 신뢰도:0%
    13:57→14:00: 종가:5,300 | 거래량:16,876 | 🔴회피(위험신호: BISECTOR_BREAK) | 신뢰도:0%
    14:00→14:03: 종가:5,290 | 거래량:15,385 | 🔴회피(위험신호: BISECTOR_BREAK) | 신뢰도:0%
    14:03→14:06: 종가:5,320 | 거래량:15,604 | 🔴회피(위험신호: BISECTOR_BREAK) | 신뢰도:0%
    14:06→14:09: 종가:5,280 | 거래량:21,752 | 🔴회피(위험신호: BISECTOR_BREAK) | 신뢰도:0%
    14:09→14:12: 종가:5,300 | 거래량:35,921 | 🔴회피(위험신호: BISECTOR_BREAK) | 신뢰도:0%
    14:12→14:15: 종가:5,270 | 거래량:9,359 | 🔴회피(위험신호: BISECTOR_BREAK) | 신뢰도:0%
    14:15→14:18: 종가:5,290 | 거래량:24,566 | 🔴회피(위험신호: BISECTOR_BREAK) | 신뢰도:0%
    14:18→14:21: 종가:5,260 | 거래량:15,290 | 🔴회피(위험신호: BISECTOR_BREAK) | 신뢰도:0%
    14:21→14:24: 종가:5,270 | 거래량:15,885 | 🔴회피(위험신호: BISECTOR_BREAK) | 신뢰도:0%
    14:24→14:27: 종가:5,250 | 거래량:42,021 | 🔴회피(위험신호: BISECTOR_BREAK) | 신뢰도:0%
    14:27→14:30: 종가:5,260 | 거래량:10,518 | 🔴회피(위험신호: BISECTOR_BREAK) | 신뢰도:0%
    14:30→14:33: 종가:5,270 | 거래량:8,155 | 🔴회피(위험신호: BISECTOR_BREAK) | 신뢰도:0%
    14:33→14:36: 종가:5,260 | 거래량:11,622 | 🔴회피(위험신호: BISECTOR_BREAK) | 신뢰도:0%
    14:36→14:39: 종가:5,250 | 거래량:21,002 | 🔴회피(위험신호: BISECTOR_BREAK) | 신뢰도:0%
    14:39→14:42: 종가:5,250 | 거래량:8,913 | 🔴회피(위험신호: BISECTOR_BREAK) | 신뢰도:0%
    14:42→14:45: 종가:5,280 | 거래량:10,712 | 🔴회피(위험신호: BISECTOR_BREAK) | 신뢰도:0%
    14:45→14:48: 종가:5,280 | 거래량:12,692 | 🔴회피(위험신호: BISECTOR_BREAK) | 신뢰도:0%
    14:48→14:51: 종가:5,260 | 거래량:14,044 | 🔴회피(위험신호: BISECTOR_BREAK) | 신뢰도:0%
    14:51→14:54: 종가:5,300 | 거래량:15,836 | 🔴회피(위험신호: BISECTOR_BREAK) | 신뢰도:0%
    14:54→14:57: 종가:5,300 | 거래량:31,771 | 🔴회피(위험신호: BISECTOR_BREAK) | 신뢰도:0%
    14:57→15:00: 종가:5,300 | 거래량:25,551 | 🔴회피(위험신호: BISECTOR_BREAK) | 신뢰도:0%
    15:00→15:03: 종가:5,310 | 거래량:13,714 | 🔴회피(위험신호: BISECTOR_BREAK) | 신뢰도:0%
    15:03→15:06: 종가:5,290 | 거래량:17,280 | 🔴회피(위험신호: BISECTOR_BREAK) | 신뢰도:0%
    15:06→15:09: 종가:5,310 | 거래량:15,782 | 🔴회피(위험신호: BISECTOR_BREAK) | 신뢰도:0%
    15:09→15:12: 종가:5,340 | 거래량:52,615 | 🔴회피(위험신호: BISECTOR_BREAK) | 신뢰도:0%
    15:12→15:15: 종가:5,370 | 거래량:45,402 | 🔴회피(위험신호: BISECTOR_BREAK) | 신뢰도:0%
    15:15→15:18: 종가:5,380 | 거래량:285,887 | 🔴회피(위험신호: BISECTOR_BREAK) | 신뢰도:0%
    15:18→15:21: 종가:5,500 | 거래량:347,408 | 🔴회피(4단계패턴없음) | 신뢰도:0%

=== 445680 - 20251202 눌림목(3분) 신호 재현 ===
  selection_date: 2025-12-02 09:01:40
  승패: 0승 0패
  selection_date 이후 승패: 0승 0패
  매매신호:
    없음
  체결 시뮬레이션:
    없음
  매수 못한 기회:
    없음

  🔍 상세 3분봉 분석 (09:00~15:30):
    09:00→09:03: 데이터부족
    09:03→09:06: 데이터부족
    09:06→09:09: 데이터부족
    09:09→09:12: 데이터부족
    09:12→09:15: 종가:94,000 | 거래량:2,128 | 🔴회피(위험신호: BISECTOR_BREAK) | 신뢰도:0%
    09:15→09:18: 종가:93,100 | 거래량:7,788 | 🔴회피(위험신호: BISECTOR_BREAK) | 신뢰도:0%
    09:18→09:21: 종가:93,200 | 거래량:4,982 | 🔴회피(위험신호: BISECTOR_BREAK) | 신뢰도:0%
    09:21→09:24: 종가:94,000 | 거래량:1,564 | 🔴회피(위험신호: BISECTOR_BREAK) | 신뢰도:0%
    09:24→09:27: 종가:94,400 | 거래량:888 | 🔴회피(위험신호: BISECTOR_BREAK) | 신뢰도:0%
    09:27→09:30: 종가:94,500 | 거래량:380 | 🔴회피(위험신호: BISECTOR_BREAK) | 신뢰도:0%
    09:30→09:33: 종가:93,700 | 거래량:4,122 | 🔴회피(위험신호: BISECTOR_BREAK) | 신뢰도:0%
    09:33→09:36: 종가:94,000 | 거래량:3,322 | 🔴회피(위험신호: BISECTOR_BREAK) | 신뢰도:0%
    09:36→09:39: 종가:94,200 | 거래량:2,867 | 🔴회피(위험신호: BISECTOR_BREAK) | 신뢰도:0%
    09:39→09:42: 종가:93,900 | 거래량:551 | 🔴회피(위험신호: BISECTOR_BREAK) | 신뢰도:0%
    09:42→09:45: 종가:93,400 | 거래량:1,755 | 🔴회피(위험신호: BISECTOR_BREAK) | 신뢰도:0%
    09:45→09:48: 종가:93,700 | 거래량:818 | 🔴회피(위험신호: BISECTOR_BREAK) | 신뢰도:0%
    09:48→09:51: 종가:93,600 | 거래량:570 | 🔴회피(위험신호: BISECTOR_BREAK) | 신뢰도:0%
    09:51→09:54: 종가:94,000 | 거래량:550 | 🔴회피(위험신호: BISECTOR_BREAK) | 신뢰도:0%
    09:54→09:57: 종가:94,000 | 거래량:688 | 🔴회피(위험신호: BISECTOR_BREAK) | 신뢰도:0%
    09:57→10:00: 종가:93,900 | 거래량:1,233 | 🔴회피(위험신호: BISECTOR_BREAK) | 신뢰도:0%
    10:00→10:03: 종가:94,100 | 거래량:805 | 🔴회피(위험신호: BISECTOR_BREAK) | 신뢰도:0%
    10:03→10:06: 종가:94,000 | 거래량:1,838 | 🔴회피(위험신호: BISECTOR_BREAK) | 신뢰도:0%
    10:06→10:09: 종가:94,100 | 거래량:819 | 🔴회피(위험신호: BISECTOR_BREAK) | 신뢰도:0%
    10:09→10:12: 종가:94,200 | 거래량:2,240 | 🔴회피(위험신호: BISECTOR_BREAK) | 신뢰도:0%
    10:12→10:15: 종가:94,100 | 거래량:547 | 🔴회피(위험신호: BISECTOR_BREAK) | 신뢰도:0%
    10:15→10:18: 종가:94,400 | 거래량:633 | 🔴회피(위험신호: BISECTOR_BREAK) | 신뢰도:0%
    10:18→10:21: 종가:94,400 | 거래량:1,241 | 🔴회피(위험신호: BISECTOR_BREAK) | 신뢰도:0%
    10:21→10:24: 종가:95,200 | 거래량:1,331 | 🔴회피(시가대비0.4%상승(2%미만차단)) | 신뢰도:0%
    10:24→10:27: 종가:95,100 | 거래량:2,862 | 🔴회피(시가대비0.3%상승(2%미만차단)) | 신뢰도:0%
    10:27→10:30: 종가:94,700 | 거래량:604 | 🔴회피(위험신호: BISECTOR_BREAK) | 신뢰도:0%
    10:30→10:33: 종가:94,800 | 거래량:508 | 🔴회피(당일시가이하(시가:94800)) | 신뢰도:0%
    10:33→10:36: 종가:94,900 | 거래량:190 | 🔴회피(시가대비0.1%상승(2%미만차단)) | 신뢰도:0%
    10:36→10:39: 종가:95,000 | 거래량:709 | 🔴회피(시가대비0.2%상승(2%미만차단)) | 신뢰도:0%
    10:39→10:42: 종가:95,100 | 거래량:240 | 🔴회피(시가대비0.3%상승(2%미만차단)) | 신뢰도:0%
    10:42→10:45: 종가:95,000 | 거래량:229 | 🔴회피(시가대비0.2%상승(2%미만차단)) | 신뢰도:0%
    10:45→10:48: 종가:95,100 | 거래량:463 | 🔴회피(시가대비0.3%상승(2%미만차단)) | 신뢰도:0%
    10:48→10:51: 종가:95,200 | 거래량:481 | 🔴회피(시가대비0.4%상승(2%미만차단)) | 신뢰도:0%
    10:51→10:54: 종가:95,100 | 거래량:224 | 🔴회피(시가대비0.3%상승(2%미만차단)) | 신뢰도:0%
    10:54→10:57: 종가:95,300 | 거래량:898 | 🔴회피(시가대비0.5%상승(2%미만차단)) | 신뢰도:0%
    10:57→11:00: 종가:95,300 | 거래량:307 | 🔴회피(시가대비0.5%상승(2%미만차단)) | 신뢰도:0%
    11:00→11:03: 종가:95,500 | 거래량:708 | 🔴회피(시가대비0.7%상승(2%미만차단)) | 신뢰도:0%
    11:03→11:06: 종가:95,500 | 거래량:1,162 | 🔴회피(시가대비0.7%상승(2%미만차단)) | 신뢰도:0%
    11:06→11:09: 종가:95,700 | 거래량:1,492 | 🔴회피(시가대비0.9%상승(2%미만차단)) | 신뢰도:0%
    11:09→11:12: 종가:96,300 | 거래량:2,985 | 🔴회피(시가대비1.6%상승(2%미만차단)) | 신뢰도:0%
    11:12→11:15: 종가:96,200 | 거래량:545 | 🔴회피(시가대비1.5%상승(2%미만차단)) | 신뢰도:0%
    11:15→11:18: 종가:96,000 | 거래량:1,081 | 🔴회피(시가대비1.3%상승(2%미만차단)) | 신뢰도:0%
    11:18→11:21: 종가:96,000 | 거래량:1,436 | 🔴회피(시가대비1.3%상승(2%미만차단)) | 신뢰도:0%
    11:21→11:24: 종가:95,700 | 거래량:486 | 🔴회피(시가대비0.9%상승(2%미만차단)) | 신뢰도:0%
    11:24→11:27: 종가:96,000 | 거래량:517 | 🔴회피(시가대비1.3%상승(2%미만차단)) | 신뢰도:0%
    11:27→11:30: 종가:96,200 | 거래량:727 | 🔴회피(시가대비1.5%상승(2%미만차단)) | 신뢰도:0%
    11:30→11:33: 종가:96,400 | 거래량:938 | 🔴회피(시가대비1.7%상승(2%미만차단)) | 신뢰도:0%
    11:33→11:36: 종가:96,000 | 거래량:680 | 🔴회피(시가대비1.3%상승(2%미만차단)) | 신뢰도:0%
    11:36→11:39: 종가:96,000 | 거래량:379 | 🔴회피(시가대비1.3%상승(2%미만차단)) | 신뢰도:0%
    11:39→11:42: 종가:95,800 | 거래량:590 | 🔴회피(시가대비1.1%상승(2%미만차단)) | 신뢰도:0%
    11:42→11:45: 종가:96,200 | 거래량:397 | 🔴회피(시가대비1.5%상승(2%미만차단)) | 신뢰도:0%
    11:45→11:48: 종가:96,900 | 거래량:7,577 | 🔴회피(4단계패턴없음) | 신뢰도:0%
    11:48→11:51: 종가:96,600 | 거래량:1,045 | 🔴회피(시가대비1.9%상승(2%미만차단)) | 신뢰도:0%
    11:51→11:54: 종가:97,100 | 거래량:1,601 | 🔴회피(4단계패턴없음) | 신뢰도:0%
    11:54→11:57: 종가:97,100 | 거래량:553 | 🔴회피(4단계패턴없음) | 신뢰도:0%
    11:57→12:00: 종가:97,000 | 거래량:1,065 | 🔴회피(4단계패턴없음) | 신뢰도:0%
    12:00→12:03: 종가:97,400 | 거래량:1,984 | 🔴회피(4단계패턴없음) | 신뢰도:0%
    12:03→12:06: 종가:97,500 | 거래량:3,246 | 🔴회피(4단계패턴없음) | 신뢰도:0%
    12:06→12:09: 종가:97,400 | 거래량:1,285 | 🔴회피(4단계패턴없음) | 신뢰도:0%
    12:09→12:12: 종가:97,500 | 거래량:1,140 | 🔴회피(4단계패턴없음) | 신뢰도:0%
    12:12→12:15: 종가:97,700 | 거래량:993 | 🔴회피(4단계패턴없음) | 신뢰도:0%
    12:15→12:18: 종가:97,500 | 거래량:1,515 | 🔴회피(4단계패턴없음) | 신뢰도:0%
    12:18→12:21: 종가:97,500 | 거래량:552 | 🔴회피(4단계패턴없음) | 신뢰도:0%
    12:21→12:24: 종가:97,400 | 거래량:514 | 🔴회피(4단계패턴없음) | 신뢰도:0%
    12:24→12:27: 종가:97,500 | 거래량:203 | 🔴회피(4단계패턴없음) | 신뢰도:0%
    12:27→12:30: 종가:97,500 | 거래량:314 | 🔴회피(4단계패턴없음) | 신뢰도:0%
    12:30→12:33: 종가:97,400 | 거래량:377 | 🔴회피(4단계패턴없음) | 신뢰도:0%
    12:33→12:36: 종가:97,000 | 거래량:2,004 | 🔴회피(4단계패턴없음) | 신뢰도:0%
    12:36→12:39: 종가:96,700 | 거래량:2,891 | 🔴회피(4단계패턴없음) | 신뢰도:0%
    12:39→12:42: 종가:96,300 | 거래량:2,469 | 🔴회피(시가대비1.6%상승(2%미만차단)) | 신뢰도:0%
    12:42→12:45: 종가:96,400 | 거래량:512 | 🔴회피(시가대비1.7%상승(2%미만차단)) | 신뢰도:0%
    12:45→12:48: 종가:96,400 | 거래량:591 | 🔴회피(시가대비1.7%상승(2%미만차단)) | 신뢰도:0%
    12:48→12:51: 종가:96,500 | 거래량:352 | 🔴회피(시가대비1.8%상승(2%미만차단)) | 신뢰도:0%
    12:51→12:54: 종가:96,700 | 거래량:375 | 🔴회피(4단계패턴없음) | 신뢰도:0%
    12:54→12:57: 종가:96,200 | 거래량:1,015 | 🔴회피(시가대비1.5%상승(2%미만차단)) | 신뢰도:0%
    12:57→13:00: 종가:96,200 | 거래량:170 | 🔴회피(시가대비1.5%상승(2%미만차단)) | 신뢰도:0%
    13:00→13:03: 종가:96,300 | 거래량:607 | 🔴회피(시가대비1.6%상승(2%미만차단)) | 신뢰도:0%
    13:03→13:06: 종가:96,300 | 거래량:154 | 🔴회피(시가대비1.6%상승(2%미만차단)) | 신뢰도:0%
    13:06→13:09: 종가:96,200 | 거래량:280 | 🔴회피(시가대비1.5%상승(2%미만차단)) | 신뢰도:0%
    13:09→13:12: 종가:96,400 | 거래량:440 | 🔴회피(시가대비1.7%상승(2%미만차단)) | 신뢰도:0%
    13:12→13:15: 종가:96,600 | 거래량:585 | 🔴회피(시가대비1.9%상승(2%미만차단)) | 신뢰도:0%
    13:15→13:18: 종가:96,600 | 거래량:239 | 🔴회피(시가대비1.9%상승(2%미만차단)) | 신뢰도:0%
    13:18→13:21: 종가:97,200 | 거래량:1,897 | 🔴회피(4단계패턴없음) | 신뢰도:0%
    13:21→13:24: 종가:97,300 | 거래량:1,766 | 🔴회피(4단계패턴없음) | 신뢰도:0%
    13:24→13:27: 종가:97,300 | 거래량:2,237 | 🔴회피(4단계패턴없음) | 신뢰도:0%
    13:27→13:30: 종가:97,200 | 거래량:1,219 | 🔴회피(4단계패턴없음) | 신뢰도:0%
    13:30→13:33: 종가:97,300 | 거래량:721 | 🔴회피(4단계패턴없음) | 신뢰도:0%
    13:33→13:36: 종가:97,200 | 거래량:1,294 | 🔴회피(4단계패턴없음) | 신뢰도:0%
    13:36→13:39: 종가:97,100 | 거래량:76 | 🔴회피(4단계패턴없음) | 신뢰도:0%
    13:39→13:42: 종가:97,000 | 거래량:738 | 🔴회피(4단계패턴없음) | 신뢰도:0%
    13:42→13:45: 종가:96,800 | 거래량:202 | 🔴회피(4단계패턴없음) | 신뢰도:0%
    13:45→13:48: 종가:96,900 | 거래량:1,274 | 🔴회피(4단계패턴없음) | 신뢰도:0%
    13:48→13:51: 종가:96,900 | 거래량:568 | 🔴회피(4단계패턴없음) | 신뢰도:0%
    13:51→13:54: 종가:96,650 | 거래량:1,347 | 🔴회피(시가대비2.0%상승(2%미만차단)) | 신뢰도:0%
    13:54→13:57: 종가:96,600 | 거래량:176 | 🔴회피(시가대비1.9%상승(2%미만차단)) | 신뢰도:0%
    13:57→14:00: 종가:96,800 | 거래량:754 | 🔴회피(4단계패턴없음) | 신뢰도:0%
    14:00→14:03: 종가:96,900 | 거래량:295 | 🔴회피(4단계패턴없음) | 신뢰도:0%
    14:03→14:06: 종가:96,900 | 거래량:1,023 | 🔴회피(4단계패턴없음) | 신뢰도:0%
    14:06→14:09: 종가:97,000 | 거래량:93 | 🔴회피(4단계패턴없음) | 신뢰도:0%
    14:09→14:12: 종가:97,050 | 거래량:1,001 | 🔴회피(4단계패턴없음) | 신뢰도:0%
    14:12→14:15: 종가:97,200 | 거래량:393 | 🔴회피(4단계패턴없음) | 신뢰도:0%
    14:15→14:18: 종가:97,000 | 거래량:1,022 | 🔴회피(4단계패턴없음) | 신뢰도:0%
    14:18→14:21: 종가:97,000 | 거래량:263 | 🔴회피(4단계패턴없음) | 신뢰도:0%
    14:21→14:24: 종가:97,100 | 거래량:194 | 🔴회피(4단계패턴없음) | 신뢰도:0%
    14:24→14:27: 종가:97,000 | 거래량:108 | 🔴회피(4단계패턴없음) | 신뢰도:0%
    14:27→14:30: 종가:97,100 | 거래량:446 | 🔴회피(4단계패턴없음) | 신뢰도:0%
    14:30→14:33: 종가:97,200 | 거래량:478 | 🔴회피(4단계패턴없음) | 신뢰도:0%
    14:33→14:36: 종가:97,800 | 거래량:6,963 | 🔴회피(4단계패턴없음) | 신뢰도:0%
    14:36→14:39: 종가:98,000 | 거래량:4,601 | 🔴회피(4단계패턴없음) | 신뢰도:0%
    14:39→14:42: 종가:97,800 | 거래량:1,651 | 🔴회피(4단계패턴없음) | 신뢰도:0%
    14:42→14:45: 종가:97,900 | 거래량:1,216 | 🔴회피(4단계패턴없음) | 신뢰도:0%
    14:45→14:48: 종가:98,000 | 거래량:1,431 | 🔴회피(4단계패턴없음) | 신뢰도:0%
    14:48→14:51: 종가:97,600 | 거래량:933 | 🔴회피(4단계패턴없음) | 신뢰도:0%
    14:51→14:54: 종가:97,800 | 거래량:118 | 🔴회피(4단계패턴없음) | 신뢰도:0%
    14:54→14:57: 종가:97,900 | 거래량:720 | 🔴회피(4단계패턴없음) | 신뢰도:0%
    14:57→15:00: 종가:98,000 | 거래량:850 | 🔴회피(4단계패턴없음) | 신뢰도:0%
    15:00→15:03: 종가:97,800 | 거래량:1,977 | 🔴회피(4단계패턴없음) | 신뢰도:0%
    15:03→15:06: 종가:97,800 | 거래량:755 | 🔴회피(4단계패턴없음) | 신뢰도:0%
    15:06→15:09: 종가:97,900 | 거래량:578 | 🔴회피(4단계패턴없음) | 신뢰도:0%
    15:09→15:12: 종가:97,900 | 거래량:972 | 🔴회피(4단계패턴없음) | 신뢰도:0%
    15:12→15:15: 종가:98,200 | 거래량:2,098 | 🔴회피(4단계패턴없음) | 신뢰도:0%
    15:15→15:18: 종가:97,800 | 거래량:1,236 | 🔴회피(4단계패턴없음) | 신뢰도:0%
    15:18→15:21: 종가:97,800 | 거래량:1,839 | 🔴회피(4단계패턴없음) | 신뢰도:0%

=== 300080 - 20251202 눌림목(3분) 신호 재현 ===
  selection_date: 2025-12-02 09:00:39
  승패: 0승 1패
  selection_date 이후 승패: 0승 1패
  매매신호:
    10:15 [pullback_pattern]
  체결 시뮬레이션:
    10:15 매수[pullback_pattern] @19,786 → 15:00 매도[stop_loss_0.5pct] @19,680 (-0.54%)
  매수 못한 기회:
    없음

  🔍 상세 3분봉 분석 (09:00~15:30):
    09:00→09:03: 데이터부족
    09:03→09:06: 데이터부족
    09:06→09:09: 데이터부족
    09:09→09:12: 데이터부족
    09:12→09:15: 종가:18,910 | 거래량:1,740 | 🔴회피(위험신호: BISECTOR_BREAK) | 신뢰도:0%
    09:15→09:18: 종가:19,070 | 거래량:3,464 | 🔴회피(위험신호: BISECTOR_BREAK) | 신뢰도:0%
    09:18→09:21: 종가:18,940 | 거래량:3,079 | 🔴회피(위험신호: BISECTOR_BREAK) | 신뢰도:0%
    09:21→09:24: 종가:18,980 | 거래량:3,460 | 🔴회피(위험신호: BISECTOR_BREAK) | 신뢰도:0%
    09:24→09:27: 종가:19,190 | 거래량:2,003 | 🔴회피(당일시가이하(시가:19390)) | 신뢰도:0%
    09:27→09:30: 종가:19,570 | 거래량:5,271 | 🔴회피(시가대비0.9%상승(2%미만차단)) | 신뢰도:0%
    09:30→09:33: 종가:19,430 | 거래량:7,269 | 🔴회피(시가대비0.2%상승(2%미만차단)) | 신뢰도:0%
    09:33→09:36: 종가:19,780 | 거래량:10,254 | 🔴회피(4단계패턴없음) | 신뢰도:0%
    09:36→09:39: 종가:19,770 | 거래량:3,384 | 🔴회피(시가대비2.0%상승(2%미만차단)) | 신뢰도:0%
    09:39→09:42: 종가:19,610 | 거래량:3,944 | 🔴회피(시가대비1.1%상승(2%미만차단)) | 신뢰도:0%
    09:42→09:45: 종가:19,630 | 거래량:4,398 | 🔴회피(시가대비1.2%상승(2%미만차단)) | 신뢰도:0%
    09:45→09:48: 종가:19,850 | 거래량:9,301 | 🔴회피(4단계패턴없음) | 신뢰도:0%
    09:48→09:51: 종가:19,870 | 거래량:9,783 | 🔴회피(4단계패턴없음) | 신뢰도:0%
    09:51→09:54: 종가:19,770 | 거래량:2,119 | 🔴회피(시가대비2.0%상승(2%미만차단)) | 신뢰도:0%
    09:54→09:57: 종가:19,720 | 거래량:2,671 | 🔴회피(시가대비1.7%상승(2%미만차단)) | 신뢰도:0%
    09:57→10:00: 종가:19,600 | 거래량:4,276 | 🔴회피(시가대비1.1%상승(2%미만차단)) | 신뢰도:0%
    10:00→10:03: 종가:19,670 | 거래량:736 | 🔴회피(시가대비1.4%상승(2%미만차단)) | 신뢰도:0%
    10:03→10:06: 종가:19,570 | 거래량:1,940 | 🔴회피(시가대비0.9%상승(2%미만차단)) | 신뢰도:0%
    10:06→10:09: 종가:19,680 | 거래량:2,705 | 🔴회피(시가대비1.5%상승(2%미만차단)) | 신뢰도:0%
    10:09→10:12: 종가:19,730 | 거래량:1,279 | 🔴회피(시가대비1.8%상승(2%미만차단)) | 신뢰도:0%
    10:12→10:15: 종가:19,800 | 거래량:4,121 | 🟢강매수 | 신뢰도:85% | 💰매수@19,786 | →15:00매도@19,680
    10:15→10:18: 종가:19,730 | 거래량:2,804 | 🔴회피(시가대비1.8%상승(2%미만차단)) | 신뢰도:0%
    10:18→10:21: 종가:19,750 | 거래량:316 | 🔴회피(시가대비1.9%상승(2%미만차단)) | 신뢰도:0%
    10:21→10:24: 종가:19,700 | 거래량:1,343 | 🔴회피(시가대비1.6%상승(2%미만차단)) | 신뢰도:0%
    10:24→10:27: 종가:19,770 | 거래량:815 | 🔴회피(시가대비2.0%상승(2%미만차단)) | 신뢰도:0%
    10:27→10:30: 종가:19,780 | 거래량:3,004 | 🔴회피(4단계패턴없음) | 신뢰도:0%
    10:30→10:33: 종가:19,770 | 거래량:828 | 🔴회피(시가대비2.0%상승(2%미만차단)) | 신뢰도:0%
    10:33→10:36: 종가:19,750 | 거래량:645 | 🔴회피(시가대비1.9%상승(2%미만차단)) | 신뢰도:0%
    10:36→10:39: 종가:19,790 | 거래량:3,937 | 🔴회피(4단계패턴없음) | 신뢰도:0%
    10:39→10:42: 종가:19,660 | 거래량:3,008 | 🔴회피(시가대비1.4%상승(2%미만차단)) | 신뢰도:0%
    10:42→10:45: 종가:19,680 | 거래량:1,560 | 🔴회피(시가대비1.5%상승(2%미만차단)) | 신뢰도:0%
    10:45→10:48: 종가:19,650 | 거래량:971 | 🔴회피(시가대비1.3%상승(2%미만차단)) | 신뢰도:0%
    10:48→10:51: 종가:19,650 | 거래량:405 | 🔴회피(시가대비1.3%상승(2%미만차단)) | 신뢰도:0%
    10:51→10:54: 종가:19,640 | 거래량:231 | 🔴회피(시가대비1.3%상승(2%미만차단)) | 신뢰도:0%
    10:54→10:57: 종가:19,640 | 거래량:740 | 🔴회피(시가대비1.3%상승(2%미만차단)) | 신뢰도:0%
    10:57→11:00: 종가:19,620 | 거래량:459 | 🔴회피(시가대비1.2%상승(2%미만차단)) | 신뢰도:0%
    11:00→11:03: 종가:19,560 | 거래량:2,984 | 🔴회피(시가대비0.9%상승(2%미만차단)) | 신뢰도:0%
    11:03→11:06: 종가:19,520 | 거래량:451 | 🔴회피(시가대비0.7%상승(2%미만차단)) | 신뢰도:0%
    11:06→11:09: 종가:19,560 | 거래량:1,712 | 🔴회피(시가대비0.9%상승(2%미만차단)) | 신뢰도:0%
    11:09→11:12: 종가:19,590 | 거래량:3,181 | 🔴회피(시가대비1.0%상승(2%미만차단)) | 신뢰도:0%
    11:12→11:15: 종가:19,590 | 거래량:337 | 🔴회피(시가대비1.0%상승(2%미만차단)) | 신뢰도:0%
    11:15→11:18: 종가:19,530 | 거래량:651 | 🔴회피(시가대비0.7%상승(2%미만차단)) | 신뢰도:0%
    11:18→11:21: 종가:19,580 | 거래량:306 | 🔴회피(시가대비1.0%상승(2%미만차단)) | 신뢰도:0%
    11:21→11:24: 종가:19,570 | 거래량:608 | 🔴회피(시가대비0.9%상승(2%미만차단)) | 신뢰도:0%
    11:24→11:27: 종가:19,570 | 거래량:342 | 🔴회피(시가대비0.9%상승(2%미만차단)) | 신뢰도:0%
    11:27→11:30: 종가:19,520 | 거래량:375 | 🔴회피(시가대비0.7%상승(2%미만차단)) | 신뢰도:0%
    11:30→11:33: 종가:19,540 | 거래량:727 | 🔴회피(시가대비0.8%상승(2%미만차단)) | 신뢰도:0%
    11:33→11:36: 종가:19,520 | 거래량:679 | 🔴회피(시가대비0.7%상승(2%미만차단)) | 신뢰도:0%
    11:36→11:39: 종가:19,550 | 거래량:979 | 🔴회피(시가대비0.8%상승(2%미만차단)) | 신뢰도:0%
    11:39→11:42: 종가:19,550 | 거래량:96 | 🔴회피(시가대비0.8%상승(2%미만차단)) | 신뢰도:0%
    11:42→11:45: 종가:19,600 | 거래량:1,691 | 🔴회피(시가대비1.1%상승(2%미만차단)) | 신뢰도:0%
    11:45→11:48: 종가:19,580 | 거래량:1,173 | 🔴회피(시가대비1.0%상승(2%미만차단)) | 신뢰도:0%
    11:48→11:51: 종가:19,600 | 거래량:163 | 🔴회피(시가대비1.1%상승(2%미만차단)) | 신뢰도:0%
    11:51→11:54: 종가:19,580 | 거래량:1,212 | 🔴회피(시가대비1.0%상승(2%미만차단)) | 신뢰도:0%
    11:54→11:57: 종가:19,590 | 거래량:481 | 🔴회피(시가대비1.0%상승(2%미만차단)) | 신뢰도:0%
    11:57→12:00: 종가:19,590 | 거래량:247 | 🔴회피(시가대비1.0%상승(2%미만차단)) | 신뢰도:0%
    12:00→12:03: 종가:19,600 | 거래량:444 | 🔴회피(시가대비1.1%상승(2%미만차단)) | 신뢰도:0%
    12:03→12:06: 종가:19,600 | 거래량:344 | 🔴회피(시가대비1.1%상승(2%미만차단)) | 신뢰도:0%
    12:06→12:09: 종가:19,580 | 거래량:757 | 🔴회피(시가대비1.0%상승(2%미만차단)) | 신뢰도:0%
    12:09→12:12: 종가:19,600 | 거래량:290 | 🔴회피(시가대비1.1%상승(2%미만차단)) | 신뢰도:0%
    12:12→12:15: 종가:19,600 | 거래량:100 | 🔴회피(시가대비1.1%상승(2%미만차단)) | 신뢰도:0%
    12:15→12:18: 종가:19,590 | 거래량:563 | 🔴회피(시가대비1.0%상승(2%미만차단)) | 신뢰도:0%
    12:18→12:21: 종가:19,590 | 거래량:836 | 🔴회피(시가대비1.0%상승(2%미만차단)) | 신뢰도:0%
    12:21→12:24: 종가:19,570 | 거래량:293 | 🔴회피(시가대비0.9%상승(2%미만차단)) | 신뢰도:0%
    12:24→12:27: 종가:19,570 | 거래량:55 | 🔴회피(시가대비0.9%상승(2%미만차단)) | 신뢰도:0%
    12:27→12:30: 종가:19,560 | 거래량:847 | 🔴회피(시가대비0.9%상승(2%미만차단)) | 신뢰도:0%
    12:30→12:33: 종가:19,490 | 거래량:1,030 | 🔴회피(시가대비0.5%상승(2%미만차단)) | 신뢰도:0%
    12:33→12:36: 종가:19,500 | 거래량:1,559 | 🔴회피(시가대비0.6%상승(2%미만차단)) | 신뢰도:0%
    12:36→12:39: 종가:19,550 | 거래량:615 | 🔴회피(시가대비0.8%상승(2%미만차단)) | 신뢰도:0%
    12:39→12:42: 종가:19,580 | 거래량:1,426 | 🔴회피(시가대비1.0%상승(2%미만차단)) | 신뢰도:0%
    12:42→12:45: 종가:19,590 | 거래량:307 | 🔴회피(시가대비1.0%상승(2%미만차단)) | 신뢰도:0%
    12:45→12:48: 종가:19,580 | 거래량:65 | 🔴회피(시가대비1.0%상승(2%미만차단)) | 신뢰도:0%
    12:48→12:51: 종가:19,580 | 거래량:264 | 🔴회피(시가대비1.0%상승(2%미만차단)) | 신뢰도:0%
    12:51→12:54: 종가:19,590 | 거래량:60 | 🔴회피(시가대비1.0%상승(2%미만차단)) | 신뢰도:0%
    12:54→12:57: 종가:19,590 | 거래량:287 | 🔴회피(시가대비1.0%상승(2%미만차단)) | 신뢰도:0%
    12:57→13:00: 종가:19,600 | 거래량:171 | 🔴회피(시가대비1.1%상승(2%미만차단)) | 신뢰도:0%
    13:00→13:03: 종가:19,670 | 거래량:5,851 | 🔴회피(시가대비1.4%상승(2%미만차단)) | 신뢰도:0%
    13:03→13:06: 종가:19,670 | 거래량:261 | 🔴회피(시가대비1.4%상승(2%미만차단)) | 신뢰도:0%
    13:06→13:09: 종가:19,640 | 거래량:887 | 🔴회피(시가대비1.3%상승(2%미만차단)) | 신뢰도:0%
    13:09→13:12: 종가:19,650 | 거래량:904 | 🔴회피(시가대비1.3%상승(2%미만차단)) | 신뢰도:0%
    13:12→13:15: 종가:19,640 | 거래량:762 | 🔴회피(시가대비1.3%상승(2%미만차단)) | 신뢰도:0%
    13:15→13:18: 종가:19,670 | 거래량:165 | 🔴회피(시가대비1.4%상승(2%미만차단)) | 신뢰도:0%
    13:18→13:21: 종가:19,690 | 거래량:728 | 🔴회피(시가대비1.5%상승(2%미만차단)) | 신뢰도:0%
    13:21→13:24: 종가:19,690 | 거래량:362 | 🔴회피(시가대비1.5%상승(2%미만차단)) | 신뢰도:0%
    13:24→13:27: 종가:19,690 | 거래량:749 | 🔴회피(시가대비1.5%상승(2%미만차단)) | 신뢰도:0%
    13:27→13:30: 종가:19,690 | 거래량:856 | 🔴회피(시가대비1.5%상승(2%미만차단)) | 신뢰도:0%
    13:30→13:33: 종가:19,700 | 거래량:204 | 🔴회피(시가대비1.6%상승(2%미만차단)) | 신뢰도:0%
    13:33→13:36: 종가:19,700 | 거래량:96 | 🔴회피(시가대비1.6%상승(2%미만차단)) | 신뢰도:0%
    13:36→13:39: 종가:19,690 | 거래량:1,754 | 🔴회피(시가대비1.5%상승(2%미만차단)) | 신뢰도:0%
    13:39→13:42: 종가:19,680 | 거래량:1,766 | 🔴회피(시가대비1.5%상승(2%미만차단)) | 신뢰도:0%
    13:42→13:45: 종가:19,640 | 거래량:647 | 🔴회피(시가대비1.3%상승(2%미만차단)) | 신뢰도:0%
    13:45→13:48: 종가:19,620 | 거래량:486 | 🔴회피(시가대비1.2%상승(2%미만차단)) | 신뢰도:0%
    13:48→13:51: 종가:19,610 | 거래량:871 | 🔴회피(시가대비1.1%상승(2%미만차단)) | 신뢰도:0%
    13:51→13:54: 종가:19,640 | 거래량:12,218 | 🔴회피(시가대비1.3%상승(2%미만차단)) | 신뢰도:0%
    13:54→13:57: 종가:19,780 | 거래량:14,410 | 🔴회피(4단계패턴없음) | 신뢰도:0%
    13:57→14:00: 종가:19,790 | 거래량:9,814 | 🔴회피(4단계패턴없음) | 신뢰도:0%
    14:00→14:03: 종가:19,690 | 거래량:3,427 | 🔴회피(시가대비1.5%상승(2%미만차단)) | 신뢰도:0%
    14:03→14:06: 종가:19,710 | 거래량:536 | 🔴회피(시가대비1.7%상승(2%미만차단)) | 신뢰도:0%
    14:06→14:09: 종가:19,640 | 거래량:968 | 🔴회피(시가대비1.3%상승(2%미만차단)) | 신뢰도:0%
    14:09→14:12: 종가:19,730 | 거래량:192 | 🔴회피(시가대비1.8%상승(2%미만차단)) | 신뢰도:0%
    14:12→14:15: 종가:19,730 | 거래량:462 | 🔴회피(시가대비1.8%상승(2%미만차단)) | 신뢰도:0%
    14:15→14:18: 종가:19,730 | 거래량:406 | 🔴회피(시가대비1.8%상승(2%미만차단)) | 신뢰도:0%
    14:18→14:21: 종가:19,670 | 거래량:1,129 | 🔴회피(시가대비1.4%상승(2%미만차단)) | 신뢰도:0%
    14:21→14:24: 종가:19,700 | 거래량:400 | 🔴회피(시가대비1.6%상승(2%미만차단)) | 신뢰도:0%
    14:24→14:27: 종가:19,720 | 거래량:381 | 🔴회피(시가대비1.7%상승(2%미만차단)) | 신뢰도:0%
    14:27→14:30: 종가:19,680 | 거래량:688 | 🔴회피(시가대비1.5%상승(2%미만차단)) | 신뢰도:0%
    14:30→14:33: 종가:19,660 | 거래량:1,899 | 🔴회피(시가대비1.4%상승(2%미만차단)) | 신뢰도:0%
    14:33→14:36: 종가:19,650 | 거래량:619 | 🔴회피(시가대비1.3%상승(2%미만차단)) | 신뢰도:0%
    14:36→14:39: 종가:19,640 | 거래량:656 | 🔴회피(시가대비1.3%상승(2%미만차단)) | 신뢰도:0%
    14:39→14:42: 종가:19,690 | 거래량:964 | 🔴회피(시가대비1.5%상승(2%미만차단)) | 신뢰도:0%
    14:42→14:45: 종가:19,710 | 거래량:877 | 🔴회피(시가대비1.7%상승(2%미만차단)) | 신뢰도:0%
    14:45→14:48: 종가:19,700 | 거래량:1,281 | 🔴회피(시가대비1.6%상승(2%미만차단)) | 신뢰도:0%
    14:48→14:51: 종가:19,700 | 거래량:803 | 🔴회피(시가대비1.6%상승(2%미만차단)) | 신뢰도:0%
    14:51→14:54: 종가:19,700 | 거래량:185 | 🔴회피(시가대비1.6%상승(2%미만차단)) | 신뢰도:0%
    14:54→14:57: 종가:19,700 | 거래량:466 | 🔴회피(시가대비1.6%상승(2%미만차단)) | 신뢰도:0%
    14:57→15:00: 종가:19,690 | 거래량:639 | 🔴회피(시가대비1.5%상승(2%미만차단)) | 신뢰도:0%
    15:00→15:03: 종가:19,700 | 거래량:424 | 🔴회피(시가대비1.6%상승(2%미만차단)) | 신뢰도:0%
    15:03→15:06: 종가:19,700 | 거래량:2,187 | 🔴회피(시가대비1.6%상승(2%미만차단)) | 신뢰도:0%
    15:06→15:09: 종가:19,700 | 거래량:464 | 🔴회피(시가대비1.6%상승(2%미만차단)) | 신뢰도:0%
    15:09→15:12: 종가:19,750 | 거래량:497 | 🔴회피(시가대비1.9%상승(2%미만차단)) | 신뢰도:0%
    15:12→15:15: 종가:19,750 | 거래량:1,585 | 🔴회피(시가대비1.9%상승(2%미만차단)) | 신뢰도:0%
    15:15→15:18: 종가:19,700 | 거래량:1,912 | 🔴회피(시가대비1.6%상승(2%미만차단)) | 신뢰도:0%
    15:18→15:21: 종가:19,710 | 거래량:3,679 | 🔴회피(시가대비1.7%상승(2%미만차단)) | 신뢰도:0%

=== 095340 - 20251202 눌림목(3분) 신호 재현 ===
  selection_date: 2025-12-02 09:08:00
  승패: 0승 0패
  selection_date 이후 승패: 0승 0패
  매매신호:
    없음
  체결 시뮬레이션:
    없음
  매수 못한 기회:
    없음

  🔍 상세 3분봉 분석 (09:00~15:30):
    09:00→09:03: 데이터부족
    09:03→09:06: 데이터부족
    09:06→09:09: 데이터부족
    09:09→09:12: 데이터부족
    09:12→09:15: 종가:111,000 | 거래량:2,041 | 🔴회피(당일시가이하(시가:111400)) | 신뢰도:0%
    09:15→09:18: 종가:111,450 | 거래량:2,458 | 🔴회피(시가대비0.0%상승(2%미만차단)) | 신뢰도:0%
    09:18→09:21: 종가:111,500 | 거래량:1,676 | 🔴회피(시가대비0.1%상승(2%미만차단)) | 신뢰도:0%
    09:21→09:24: 종가:112,100 | 거래량:1,718 | 🔴회피(시가대비0.6%상승(2%미만차단)) | 신뢰도:0%
    09:24→09:27: 종가:112,100 | 거래량:3,353 | 🔴회피(시가대비0.6%상승(2%미만차단)) | 신뢰도:0%
    09:27→09:30: 종가:111,200 | 거래량:2,609 | 🔴회피(당일시가이하(시가:111400)) | 신뢰도:0%
    09:30→09:33: 종가:111,100 | 거래량:1,427 | 🔴회피(위험신호: BISECTOR_BREAK) | 신뢰도:0%
    09:33→09:36: 종가:111,000 | 거래량:983 | 🔴회피(위험신호: BISECTOR_BREAK) | 신뢰도:0%
    09:36→09:39: 종가:111,500 | 거래량:1,923 | 🔴회피(시가대비0.1%상승(2%미만차단)) | 신뢰도:0%
    09:39→09:42: 종가:111,300 | 거래량:1,291 | 🔴회피(당일시가이하(시가:111400)) | 신뢰도:0%
    09:42→09:45: 종가:110,900 | 거래량:1,415 | 🔴회피(위험신호: BISECTOR_BREAK) | 신뢰도:0%
    09:45→09:48: 종가:110,300 | 거래량:2,484 | 🔴회피(위험신호: BISECTOR_BREAK) | 신뢰도:0%
    09:48→09:51: 종가:110,700 | 거래량:1,894 | 🔴회피(위험신호: BISECTOR_BREAK) | 신뢰도:0%
    09:51→09:54: 종가:110,300 | 거래량:774 | 🔴회피(위험신호: BISECTOR_BREAK) | 신뢰도:0%
    09:54→09:57: 종가:110,200 | 거래량:2,041 | 🔴회피(위험신호: BISECTOR_BREAK) | 신뢰도:0%
    09:57→10:00: 종가:110,900 | 거래량:1,119 | 🔴회피(위험신호: BISECTOR_BREAK) | 신뢰도:0%
    10:00→10:03: 종가:111,200 | 거래량:1,860 | 🔴회피(당일시가이하(시가:111400)) | 신뢰도:0%
    10:03→10:06: 종가:111,600 | 거래량:1,113 | 🔴회피(시가대비0.2%상승(2%미만차단)) | 신뢰도:0%
    10:06→10:09: 종가:111,600 | 거래량:969 | 🔴회피(시가대비0.2%상승(2%미만차단)) | 신뢰도:0%
    10:09→10:12: 종가:111,700 | 거래량:1,049 | 🔴회피(시가대비0.3%상승(2%미만차단)) | 신뢰도:0%
    10:12→10:15: 종가:111,500 | 거래량:493 | 🔴회피(시가대비0.1%상승(2%미만차단)) | 신뢰도:0%
    10:15→10:18: 종가:111,700 | 거래량:1,062 | 🔴회피(시가대비0.3%상승(2%미만차단)) | 신뢰도:0%
    10:18→10:21: 종가:112,400 | 거래량:1,769 | 🔴회피(시가대비0.9%상승(2%미만차단)) | 신뢰도:0%
    10:21→10:24: 종가:112,700 | 거래량:3,120 | 🔴회피(시가대비1.2%상승(2%미만차단)) | 신뢰도:0%
    10:24→10:27: 종가:112,300 | 거래량:2,814 | 🔴회피(시가대비0.8%상승(2%미만차단)) | 신뢰도:0%
    10:27→10:30: 종가:111,600 | 거래량:1,275 | 🔴회피(시가대비0.2%상승(2%미만차단)) | 신뢰도:0%
    10:30→10:33: 종가:111,500 | 거래량:1,589 | 🔴회피(시가대비0.1%상승(2%미만차단)) | 신뢰도:0%
    10:33→10:36: 종가:111,200 | 거래량:1,990 | 🔴회피(위험신호: BISECTOR_BREAK) | 신뢰도:0%
    10:36→10:39: 종가:110,500 | 거래량:2,377 | 🔴회피(위험신호: BISECTOR_BREAK) | 신뢰도:0%
    10:39→10:42: 종가:110,700 | 거래량:2,256 | 🔴회피(위험신호: BISECTOR_BREAK) | 신뢰도:0%
    10:42→10:45: 종가:110,100 | 거래량:1,919 | 🔴회피(위험신호: BISECTOR_BREAK) | 신뢰도:0%
    10:45→10:48: 종가:109,900 | 거래량:4,248 | 🔴회피(위험신호: BISECTOR_BREAK) | 신뢰도:0%
    10:48→10:51: 종가:109,800 | 거래량:2,144 | 🔴회피(위험신호: BISECTOR_BREAK) | 신뢰도:0%
    10:51→10:54: 종가:110,300 | 거래량:1,850 | 🔴회피(위험신호: BISECTOR_BREAK) | 신뢰도:0%
    10:54→10:57: 종가:110,200 | 거래량:1,689 | 🔴회피(위험신호: BISECTOR_BREAK) | 신뢰도:0%
    10:57→11:00: 종가:109,600 | 거래량:1,670 | 🔴회피(위험신호: BISECTOR_BREAK) | 신뢰도:0%
    11:00→11:03: 종가:109,500 | 거래량:2,176 | 🔴회피(위험신호: BISECTOR_BREAK) | 신뢰도:0%
    11:03→11:06: 종가:110,700 | 거래량:1,893 | 🔴회피(위험신호: BISECTOR_BREAK) | 신뢰도:0%
    11:06→11:09: 종가:110,200 | 거래량:1,123 | 🔴회피(위험신호: BISECTOR_BREAK) | 신뢰도:0%
    11:09→11:12: 종가:110,500 | 거래량:1,149 | 🔴회피(위험신호: BISECTOR_BREAK) | 신뢰도:0%
    11:12→11:15: 종가:110,600 | 거래량:459 | 🔴회피(위험신호: BISECTOR_BREAK) | 신뢰도:0%
    11:15→11:18: 종가:110,900 | 거래량:1,852 | 🔴회피(위험신호: BISECTOR_BREAK) | 신뢰도:0%
    11:18→11:21: 종가:111,100 | 거래량:4,311 | 🔴회피(당일시가이하(시가:111400)) | 신뢰도:0%
    11:21→11:24: 종가:110,500 | 거래량:876 | 🔴회피(위험신호: BISECTOR_BREAK) | 신뢰도:0%
    11:24→11:27: 종가:110,500 | 거래량:981 | 🔴회피(위험신호: BISECTOR_BREAK) | 신뢰도:0%
    11:27→11:30: 종가:110,500 | 거래량:728 | 🔴회피(위험신호: BISECTOR_BREAK) | 신뢰도:0%
    11:30→11:33: 종가:110,200 | 거래량:2,532 | 🔴회피(위험신호: BISECTOR_BREAK) | 신뢰도:0%
    11:33→11:36: 종가:110,500 | 거래량:1,134 | 🔴회피(위험신호: BISECTOR_BREAK) | 신뢰도:0%
    11:36→11:39: 종가:110,350 | 거래량:866 | 🔴회피(위험신호: BISECTOR_BREAK) | 신뢰도:0%
    11:39→11:42: 종가:110,500 | 거래량:1,529 | 🔴회피(위험신호: BISECTOR_BREAK) | 신뢰도:0%
    11:42→11:45: 종가:110,300 | 거래량:518 | 🔴회피(위험신호: BISECTOR_BREAK) | 신뢰도:0%
    11:45→11:48: 종가:110,500 | 거래량:1,160 | 🔴회피(위험신호: BISECTOR_BREAK) | 신뢰도:0%
    11:48→11:51: 종가:110,900 | 거래량:1,023 | 🔴회피(위험신호: BISECTOR_BREAK) | 신뢰도:0%
    11:51→11:54: 종가:110,300 | 거래량:486 | 🔴회피(위험신호: BISECTOR_BREAK) | 신뢰도:0%
    11:54→11:57: 종가:110,400 | 거래량:1,150 | 🔴회피(위험신호: BISECTOR_BREAK) | 신뢰도:0%
    11:57→12:00: 종가:110,200 | 거래량:924 | 🔴회피(위험신호: BISECTOR_BREAK) | 신뢰도:0%
    12:00→12:03: 종가:110,500 | 거래량:1,278 | 🔴회피(위험신호: BISECTOR_BREAK) | 신뢰도:0%
    12:03→12:06: 종가:110,400 | 거래량:782 | 🔴회피(위험신호: BISECTOR_BREAK) | 신뢰도:0%
    12:06→12:09: 종가:110,500 | 거래량:859 | 🔴회피(위험신호: BISECTOR_BREAK) | 신뢰도:0%
    12:09→12:12: 종가:110,400 | 거래량:1,338 | 🔴회피(위험신호: BISECTOR_BREAK) | 신뢰도:0%
    12:12→12:15: 종가:110,500 | 거래량:409 | 🔴회피(위험신호: BISECTOR_BREAK) | 신뢰도:0%
    12:15→12:18: 종가:110,500 | 거래량:1,133 | 🔴회피(위험신호: BISECTOR_BREAK) | 신뢰도:0%
    12:18→12:21: 종가:111,000 | 거래량:866 | 🔴회피(당일시가이하(시가:111400)) | 신뢰도:0%
    12:21→12:24: 종가:110,400 | 거래량:923 | 🔴회피(위험신호: BISECTOR_BREAK) | 신뢰도:0%
    12:24→12:27: 종가:110,600 | 거래량:1,628 | 🔴회피(위험신호: BISECTOR_BREAK) | 신뢰도:0%
    12:27→12:30: 종가:110,300 | 거래량:1,055 | 🔴회피(위험신호: BISECTOR_BREAK) | 신뢰도:0%
    12:30→12:33: 종가:110,100 | 거래량:1,677 | 🔴회피(위험신호: BISECTOR_BREAK) | 신뢰도:0%
    12:33→12:36: 종가:110,300 | 거래량:1,090 | 🔴회피(위험신호: BISECTOR_BREAK) | 신뢰도:0%
    12:36→12:39: 종가:110,300 | 거래량:718 | 🔴회피(위험신호: BISECTOR_BREAK) | 신뢰도:0%
    12:39→12:42: 종가:110,700 | 거래량:1,184 | 🔴회피(위험신호: BISECTOR_BREAK) | 신뢰도:0%
    12:42→12:45: 종가:110,900 | 거래량:702 | 🔴회피(위험신호: BISECTOR_BREAK) | 신뢰도:0%
    12:45→12:48: 종가:111,200 | 거래량:2,294 | 🔴회피(당일시가이하(시가:111400)) | 신뢰도:0%
    12:48→12:51: 종가:111,200 | 거래량:2,200 | 🔴회피(당일시가이하(시가:111400)) | 신뢰도:0%
    12:51→12:54: 종가:111,400 | 거래량:3,118 | 🔴회피(당일시가이하(시가:111400)) | 신뢰도:0%
    12:54→12:57: 종가:111,300 | 거래량:3,150 | 🔴회피(위험신호: LARGE_BEARISH_VOLUME) | 신뢰도:0%
    12:57→13:00: 종가:111,200 | 거래량:1,396 | 🔴회피(당일시가이하(시가:111400)) | 신뢰도:0%
    13:00→13:03: 종가:111,400 | 거래량:1,411 | 🔴회피(당일시가이하(시가:111400)) | 신뢰도:0%
    13:03→13:06: 종가:111,700 | 거래량:1,089 | 🔴회피(시가대비0.3%상승(2%미만차단)) | 신뢰도:0%
    13:06→13:09: 종가:111,700 | 거래량:1,186 | 🔴회피(시가대비0.3%상승(2%미만차단)) | 신뢰도:0%
    13:09→13:12: 종가:111,800 | 거래량:2,455 | 🔴회피(시가대비0.4%상승(2%미만차단)) | 신뢰도:0%
    13:12→13:15: 종가:111,600 | 거래량:1,247 | 🔴회피(시가대비0.2%상승(2%미만차단)) | 신뢰도:0%
    13:15→13:18: 종가:111,500 | 거래량:1,913 | 🔴회피(시가대비0.1%상승(2%미만차단)) | 신뢰도:0%
    13:18→13:21: 종가:111,900 | 거래량:2,603 | 🔴회피(시가대비0.4%상승(2%미만차단)) | 신뢰도:0%
    13:21→13:24: 종가:111,400 | 거래량:1,094 | 🔴회피(당일시가이하(시가:111400)) | 신뢰도:0%
    13:24→13:27: 종가:111,900 | 거래량:1,817 | 🔴회피(시가대비0.4%상승(2%미만차단)) | 신뢰도:0%
    13:27→13:30: 종가:111,600 | 거래량:830 | 🔴회피(시가대비0.2%상승(2%미만차단)) | 신뢰도:0%
    13:30→13:33: 종가:111,800 | 거래량:1,584 | 🔴회피(시가대비0.4%상승(2%미만차단)) | 신뢰도:0%
    13:33→13:36: 종가:111,900 | 거래량:2,200 | 🔴회피(시가대비0.4%상승(2%미만차단)) | 신뢰도:0%
    13:36→13:39: 종가:112,000 | 거래량:1,041 | 🔴회피(시가대비0.5%상승(2%미만차단)) | 신뢰도:0%
    13:39→13:42: 종가:111,500 | 거래량:4,100 | 🔴회피(위험신호: LARGE_BEARISH_VOLUME) | 신뢰도:0%
    13:42→13:45: 종가:111,400 | 거래량:825 | 🔴회피(당일시가이하(시가:111400)) | 신뢰도:0%
    13:45→13:48: 종가:111,800 | 거래량:1,556 | 🔴회피(시가대비0.4%상승(2%미만차단)) | 신뢰도:0%
    13:48→13:51: 종가:111,500 | 거래량:1,241 | 🔴회피(시가대비0.1%상승(2%미만차단)) | 신뢰도:0%
    13:51→13:54: 종가:111,800 | 거래량:955 | 🔴회피(시가대비0.4%상승(2%미만차단)) | 신뢰도:0%
    13:54→13:57: 종가:111,700 | 거래량:1,675 | 🔴회피(시가대비0.3%상승(2%미만차단)) | 신뢰도:0%
    13:57→14:00: 종가:111,300 | 거래량:2,098 | 🔴회피(당일시가이하(시가:111400)) | 신뢰도:0%
    14:00→14:03: 종가:110,900 | 거래량:2,687 | 🔴회피(위험신호: BISECTOR_BREAK) | 신뢰도:0%
    14:03→14:06: 종가:111,100 | 거래량:1,043 | 🔴회피(당일시가이하(시가:111400)) | 신뢰도:0%
    14:06→14:09: 종가:110,800 | 거래량:1,111 | 🔴회피(위험신호: BISECTOR_BREAK) | 신뢰도:0%
    14:09→14:12: 종가:111,100 | 거래량:2,114 | 🔴회피(당일시가이하(시가:111400)) | 신뢰도:0%
    14:12→14:15: 종가:111,300 | 거래량:826 | 🔴회피(당일시가이하(시가:111400)) | 신뢰도:0%
    14:15→14:18: 종가:111,000 | 거래량:2,132 | 🔴회피(당일시가이하(시가:111400)) | 신뢰도:0%
    14:18→14:21: 종가:111,100 | 거래량:994 | 🔴회피(당일시가이하(시가:111400)) | 신뢰도:0%
    14:21→14:24: 종가:111,200 | 거래량:876 | 🔴회피(당일시가이하(시가:111400)) | 신뢰도:0%
    14:24→14:27: 종가:111,100 | 거래량:1,250 | 🔴회피(당일시가이하(시가:111400)) | 신뢰도:0%
    14:27→14:30: 종가:110,700 | 거래량:1,112 | 🔴회피(위험신호: BISECTOR_BREAK) | 신뢰도:0%
    14:30→14:33: 종가:110,500 | 거래량:1,834 | 🔴회피(위험신호: BISECTOR_BREAK) | 신뢰도:0%
    14:33→14:36: 종가:110,400 | 거래량:2,068 | 🔴회피(위험신호: BISECTOR_BREAK) | 신뢰도:0%
    14:36→14:39: 종가:110,600 | 거래량:1,530 | 🔴회피(위험신호: BISECTOR_BREAK) | 신뢰도:0%
    14:39→14:42: 종가:110,400 | 거래량:1,540 | 🔴회피(위험신호: BISECTOR_BREAK) | 신뢰도:0%
    14:42→14:45: 종가:110,500 | 거래량:1,024 | 🔴회피(위험신호: BISECTOR_BREAK) | 신뢰도:0%
    14:45→14:48: 종가:110,800 | 거래량:1,305 | 🔴회피(위험신호: BISECTOR_BREAK) | 신뢰도:0%
    14:48→14:51: 종가:110,600 | 거래량:1,223 | 🔴회피(위험신호: BISECTOR_BREAK) | 신뢰도:0%
    14:51→14:54: 종가:110,400 | 거래량:1,186 | 🔴회피(위험신호: BISECTOR_BREAK) | 신뢰도:0%
    14:54→14:57: 종가:110,400 | 거래량:1,323 | 🔴회피(위험신호: BISECTOR_BREAK) | 신뢰도:0%
    14:57→15:00: 종가:110,400 | 거래량:789 | 🔴회피(위험신호: BISECTOR_BREAK) | 신뢰도:0%
    15:00→15:03: 종가:110,750 | 거래량:1,592 | 🔴회피(위험신호: BISECTOR_BREAK) | 신뢰도:0%
    15:03→15:06: 종가:110,500 | 거래량:3,546 | 🔴회피(위험신호: BISECTOR_BREAK) | 신뢰도:0%
    15:06→15:09: 종가:110,600 | 거래량:3,487 | 🔴회피(위험신호: BISECTOR_BREAK) | 신뢰도:0%
    15:09→15:12: 종가:110,500 | 거래량:2,878 | 🔴회피(위험신호: BISECTOR_BREAK) | 신뢰도:0%
    15:12→15:15: 종가:110,500 | 거래량:2,662 | 🔴회피(위험신호: BISECTOR_BREAK) | 신뢰도:0%
    15:15→15:18: 종가:110,900 | 거래량:1,738 | 🔴회피(위험신호: BISECTOR_BREAK) | 신뢰도:0%
    15:18→15:21: 종가:110,500 | 거래량:1,625 | 🔴회피(위험신호: BISECTOR_BREAK) | 신뢰도:0%

=== 099440 - 20251202 눌림목(3분) 신호 재현 ===
  selection_date: 2025-12-02 09:15:29
  승패: 0승 0패
  selection_date 이후 승패: 0승 0패
  매매신호:
    없음
  체결 시뮬레이션:
    없음
  매수 못한 기회:
    없음

  🔍 상세 3분봉 분석 (09:00~15:30):
    09:00→09:03: 데이터부족
    09:03→09:06: 데이터부족
    09:06→09:09: 데이터부족
    09:09→09:12: 데이터부족
    09:12→09:15: 종가:5,280 | 거래량:76,323 | 🔴회피(당일시가이하(시가:5280)) | 신뢰도:0%
    09:15→09:18: 종가:5,220 | 거래량:65,123 | 🔴회피(위험신호: BISECTOR_BREAK) | 신뢰도:0%
    09:18→09:21: 종가:5,180 | 거래량:83,096 | 🔴회피(위험신호: BISECTOR_BREAK) | 신뢰도:0%
    09:21→09:24: 종가:5,160 | 거래량:37,526 | 🔴회피(위험신호: BISECTOR_BREAK) | 신뢰도:0%
    09:24→09:27: 종가:5,160 | 거래량:49,697 | 🔴회피(위험신호: BISECTOR_BREAK) | 신뢰도:0%
    09:27→09:30: 종가:5,230 | 거래량:68,699 | 🔴회피(당일시가이하(시가:5280)) | 신뢰도:0%
    09:30→09:33: 종가:5,230 | 거래량:24,854 | 🔴회피(당일시가이하(시가:5280)) | 신뢰도:0%
    09:33→09:36: 종가:5,240 | 거래량:33,894 | 🔴회피(당일시가이하(시가:5280)) | 신뢰도:0%
    09:36→09:39: 종가:5,260 | 거래량:38,378 | 🔴회피(당일시가이하(시가:5280)) | 신뢰도:0%
    09:39→09:42: 종가:5,330 | 거래량:91,914 | 🔴회피(시가대비0.9%상승(2%미만차단)) | 신뢰도:0%
    09:42→09:45: 종가:5,370 | 거래량:225,533 | 🔴회피(시가대비1.7%상승(2%미만차단)) | 신뢰도:0%
    09:45→09:48: 종가:5,690 | 거래량:1,185,263 | 🔴회피(4단계패턴없음) | 신뢰도:0%
    09:48→09:51: 종가:5,440 | 거래량:1,084,128 | 🔴회피(위험신호: LARGE_BEARISH_VOLUME) | 신뢰도:0%
    09:51→09:54: 종가:5,530 | 거래량:475,464 | 🔴회피(4단계패턴없음) | 신뢰도:0%
    09:54→09:57: 종가:5,530 | 거래량:450,227 | 🔴회피(4단계패턴없음) | 신뢰도:0%
    09:57→10:00: 종가:5,560 | 거래량:330,000 | 🔴회피(4단계패턴없음) | 신뢰도:0%
    10:00→10:03: 종가:5,540 | 거래량:330,939 | 🔴회피(4단계패턴없음) | 신뢰도:0%
    10:03→10:06: 종가:5,640 | 거래량:436,357 | 🔴회피(4단계패턴없음) | 신뢰도:0%
    10:06→10:09: 종가:5,650 | 거래량:338,130 | 🔴회피(4단계패턴없음) | 신뢰도:0%
    10:09→10:12: 종가:5,580 | 거래량:249,133 | 🔴회피(4단계패턴없음) | 신뢰도:0%
    10:12→10:15: 종가:5,530 | 거래량:180,087 | 🔴회피(4단계패턴없음) | 신뢰도:0%
    10:15→10:18: 종가:5,560 | 거래량:90,191 | 🔴회피(4단계패턴없음) | 신뢰도:0%
    10:18→10:21: 종가:5,530 | 거래량:45,248 | 🔴회피(4단계패턴없음) | 신뢰도:0%
    10:21→10:24: 종가:5,510 | 거래량:106,967 | 🔴회피(4단계패턴없음) | 신뢰도:0%
    10:24→10:27: 종가:5,530 | 거래량:43,470 | 🔴회피(4단계패턴없음) | 신뢰도:0%
    10:27→10:30: 종가:5,540 | 거래량:43,782 | 🔴회피(4단계패턴없음) | 신뢰도:0%
    10:30→10:33: 종가:5,570 | 거래량:64,535 | 🟢강매수 | 신뢰도:83%
    10:33→10:36: 종가:5,580 | 거래량:55,818 | 🔴회피(4단계패턴없음) | 신뢰도:0%
    10:36→10:39: 종가:5,600 | 거래량:38,893 | 🔴회피(4단계패턴없음) | 신뢰도:0%
    10:39→10:42: 종가:5,760 | 거래량:831,355 | 🔴회피(4단계패턴없음) | 신뢰도:0%
    10:42→10:45: 종가:5,810 | 거래량:761,685 | 🔴회피(4단계패턴없음) | 신뢰도:0%
    10:45→10:48: 종가:5,730 | 거래량:683,001 | 🔴회피(위험신호: LARGE_BEARISH_VOLUME) | 신뢰도:0%
    10:48→10:51: 종가:5,730 | 거래량:197,774 | 🔴회피(4단계패턴없음) | 신뢰도:0%
    10:51→10:54: 종가:5,690 | 거래량:158,429 | 🔴회피(4단계패턴없음) | 신뢰도:0%
    10:54→10:57: 종가:5,710 | 거래량:238,615 | 🔴회피(4단계패턴없음) | 신뢰도:0%
    10:57→11:00: 종가:5,720 | 거래량:104,808 | 🔴회피(4단계패턴없음) | 신뢰도:0%
    11:00→11:03: 종가:5,690 | 거래량:156,609 | 🔴회피(4단계패턴없음) | 신뢰도:0%
    11:03→11:06: 종가:5,680 | 거래량:62,024 | 🔴회피(4단계패턴없음) | 신뢰도:0%
    11:06→11:09: 종가:5,730 | 거래량:162,975 | 🟢강매수 | 신뢰도:88%
    11:09→11:12: 종가:5,690 | 거래량:67,766 | 🔴회피(4단계패턴없음) | 신뢰도:0%
    11:12→11:15: 종가:5,790 | 거래량:83,076 | 🟢강매수 | 신뢰도:92%
    11:15→11:18: 종가:5,690 | 거래량:200,525 | 🔴회피(4단계패턴없음) | 신뢰도:0%
    11:18→11:21: 종가:5,700 | 거래량:152,047 | 🔴회피(4단계패턴없음) | 신뢰도:0%
    11:21→11:24: 종가:5,660 | 거래량:91,056 | 🔴회피(4단계패턴없음) | 신뢰도:0%
    11:24→11:27: 종가:5,630 | 거래량:159,196 | 🔴회피(4단계패턴없음) | 신뢰도:0%
    11:27→11:30: 종가:5,650 | 거래량:35,953 | 🔴회피(4단계패턴없음) | 신뢰도:0%
    11:30→11:33: 종가:5,650 | 거래량:48,339 | 🔴회피(4단계패턴없음) | 신뢰도:0%
    11:33→11:36: 종가:5,610 | 거래량:42,519 | 🔴회피(4단계패턴없음) | 신뢰도:0%
    11:36→11:39: 종가:5,600 | 거래량:94,384 | 🔴회피(4단계패턴없음) | 신뢰도:0%
    11:39→11:42: 종가:5,590 | 거래량:47,295 | 🔴회피(4단계패턴없음) | 신뢰도:0%
    11:42→11:45: 종가:5,600 | 거래량:53,359 | 🔴회피(4단계패턴없음) | 신뢰도:0%
    11:45→11:48: 종가:5,580 | 거래량:21,108 | 🔴회피(4단계패턴없음) | 신뢰도:0%
    11:48→11:51: 종가:5,600 | 거래량:31,444 | 🔴회피(4단계패턴없음) | 신뢰도:0%
    11:51→11:54: 종가:5,580 | 거래량:28,170 | 🔴회피(4단계패턴없음) | 신뢰도:0%
    11:54→11:57: 종가:5,580 | 거래량:60,892 | 🔴회피(4단계패턴없음) | 신뢰도:0%
    11:57→12:00: 종가:5,590 | 거래량:26,344 | 🔴회피(4단계패턴없음) | 신뢰도:0%
    12:00→12:03: 종가:5,540 | 거래량:68,814 | 🔴회피(4단계패턴없음) | 신뢰도:0%
    12:03→12:06: 종가:5,570 | 거래량:25,908 | 🔴회피(4단계패턴없음) | 신뢰도:0%
    12:06→12:09: 종가:5,570 | 거래량:25,852 | 🔴회피(4단계패턴없음) | 신뢰도:0%
    12:09→12:12: 종가:5,560 | 거래량:9,504 | 🔴회피(4단계패턴없음) | 신뢰도:0%
    12:12→12:15: 종가:5,570 | 거래량:26,690 | 🔴회피(4단계패턴없음) | 신뢰도:0%
    12:15→12:18: 종가:5,580 | 거래량:10,791 | 🔴회피(4단계패턴없음) | 신뢰도:0%
    12:18→12:21: 종가:5,590 | 거래량:33,801 | 🔴회피(4단계패턴없음) | 신뢰도:0%
    12:21→12:24: 종가:5,580 | 거래량:7,954 | 🔴회피(4단계패턴없음) | 신뢰도:0%
    12:24→12:27: 종가:5,610 | 거래량:16,934 | 🔴회피(4단계패턴없음) | 신뢰도:0%
    12:27→12:30: 종가:5,590 | 거래량:14,923 | 🔴회피(4단계패턴없음) | 신뢰도:0%
    12:30→12:33: 종가:5,620 | 거래량:19,670 | 🔴회피(4단계패턴없음) | 신뢰도:0%
    12:33→12:36: 종가:5,590 | 거래량:22,835 | 🔴회피(4단계패턴없음) | 신뢰도:0%
    12:36→12:39: 종가:5,560 | 거래량:29,692 | 🔴회피(4단계패턴없음) | 신뢰도:0%
    12:39→12:42: 종가:5,560 | 거래량:33,972 | 🔴회피(4단계패턴없음) | 신뢰도:0%
    12:42→12:45: 종가:5,560 | 거래량:21,111 | 🔴회피(4단계패턴없음) | 신뢰도:0%
    12:45→12:48: 종가:5,550 | 거래량:14,067 | 🔴회피(4단계패턴없음) | 신뢰도:0%
    12:48→12:51: 종가:5,550 | 거래량:10,395 | 🔴회피(4단계패턴없음) | 신뢰도:0%
    12:51→12:54: 종가:5,540 | 거래량:16,155 | 🔴회피(4단계패턴없음) | 신뢰도:0%
    12:54→12:57: 종가:5,550 | 거래량:46,399 | 🔴회피(4단계패턴없음) | 신뢰도:0%
    12:57→13:00: 종가:5,580 | 거래량:12,303 | 🔴회피(4단계패턴없음) | 신뢰도:0%
    13:00→13:03: 종가:5,590 | 거래량:13,276 | 🔴회피(4단계패턴없음) | 신뢰도:0%
    13:03→13:06: 종가:5,610 | 거래량:20,674 | 🔴회피(4단계패턴없음) | 신뢰도:0%
    13:06→13:09: 종가:5,620 | 거래량:21,207 | 🔴회피(4단계패턴없음) | 신뢰도:0%
    13:09→13:12: 종가:5,620 | 거래량:21,637 | 🔴회피(4단계패턴없음) | 신뢰도:0%
    13:12→13:15: 종가:5,610 | 거래량:11,500 | 🔴회피(4단계패턴없음) | 신뢰도:0%
    13:15→13:18: 종가:5,620 | 거래량:27,160 | 🔴회피(4단계패턴없음) | 신뢰도:0%
    13:18→13:21: 종가:5,620 | 거래량:11,474 | 🔴회피(4단계패턴없음) | 신뢰도:0%
    13:21→13:24: 종가:5,610 | 거래량:10,937 | 🔴회피(4단계패턴없음) | 신뢰도:0%
    13:24→13:27: 종가:5,580 | 거래량:25,666 | 🔴회피(4단계패턴없음) | 신뢰도:0%
    13:27→13:30: 종가:5,600 | 거래량:8,245 | 🔴회피(4단계패턴없음) | 신뢰도:0%
    13:30→13:33: 종가:5,610 | 거래량:8,223 | 🔴회피(4단계패턴없음) | 신뢰도:0%
    13:33→13:36: 종가:5,660 | 거래량:39,534 | 🔴회피(4단계패턴없음) | 신뢰도:0%
    13:36→13:39: 종가:5,650 | 거래량:35,935 | 🔴회피(4단계패턴없음) | 신뢰도:0%
    13:39→13:42: 종가:5,650 | 거래량:23,288 | 🔴회피(4단계패턴없음) | 신뢰도:0%
    13:42→13:45: 종가:5,700 | 거래량:69,943 | 🔴회피(4단계패턴없음) | 신뢰도:0%
    13:45→13:48: 종가:5,680 | 거래량:50,508 | 🔴회피(4단계패턴없음) | 신뢰도:0%
    13:48→13:51: 종가:5,690 | 거래량:17,320 | 🔴회피(4단계패턴없음) | 신뢰도:0%
    13:51→13:54: 종가:5,700 | 거래량:81,446 | 🔴회피(4단계패턴없음) | 신뢰도:0%
    13:54→13:57: 종가:5,710 | 거래량:33,190 | 🔴회피(4단계패턴없음) | 신뢰도:0%
    13:57→14:00: 종가:5,680 | 거래량:39,385 | 🔴회피(4단계패턴없음) | 신뢰도:0%
    14:00→14:03: 종가:5,670 | 거래량:20,316 | 🔴회피(4단계패턴없음) | 신뢰도:0%
    14:03→14:06: 종가:5,640 | 거래량:20,941 | 🔴회피(4단계패턴없음) | 신뢰도:0%
    14:06→14:09: 종가:5,650 | 거래량:25,853 | 🔴회피(4단계패턴없음) | 신뢰도:0%
    14:09→14:12: 종가:5,670 | 거래량:14,589 | 🔴회피(4단계패턴없음) | 신뢰도:0%
    14:12→14:15: 종가:5,660 | 거래량:5,392 | 🔴회피(4단계패턴없음) | 신뢰도:0%
    14:15→14:18: 종가:5,640 | 거래량:21,069 | 🔴회피(4단계패턴없음) | 신뢰도:0%
    14:18→14:21: 종가:5,630 | 거래량:15,087 | 🔴회피(4단계패턴없음) | 신뢰도:0%
    14:21→14:24: 종가:5,630 | 거래량:10,637 | 🔴회피(4단계패턴없음) | 신뢰도:0%
    14:24→14:27: 종가:5,640 | 거래량:6,421 | 🔴회피(4단계패턴없음) | 신뢰도:0%
    14:27→14:30: 종가:5,650 | 거래량:15,526 | 🔴회피(4단계패턴없음) | 신뢰도:0%
    14:30→14:33: 종가:5,630 | 거래량:9,030 | 🔴회피(4단계패턴없음) | 신뢰도:0%
    14:33→14:36: 종가:5,640 | 거래량:20,625 | 🔴회피(4단계패턴없음) | 신뢰도:0%
    14:36→14:39: 종가:5,630 | 거래량:23,032 | 🔴회피(4단계패턴없음) | 신뢰도:0%
    14:39→14:42: 종가:5,660 | 거래량:32,829 | 🔴회피(4단계패턴없음) | 신뢰도:0%
    14:42→14:45: 종가:5,660 | 거래량:22,511 | 🔴회피(4단계패턴없음) | 신뢰도:0%
    14:45→14:48: 종가:5,660 | 거래량:19,566 | 🔴회피(4단계패턴없음) | 신뢰도:0%
    14:48→14:51: 종가:5,680 | 거래량:45,787 | 🔴회피(4단계패턴없음) | 신뢰도:0%
    14:51→14:54: 종가:5,680 | 거래량:17,326 | 🔴회피(4단계패턴없음) | 신뢰도:0%
    14:54→14:57: 종가:5,670 | 거래량:10,275 | 🔴회피(4단계패턴없음) | 신뢰도:0%
    14:57→15:00: 종가:5,650 | 거래량:19,129 | 🔴회피(4단계패턴없음) | 신뢰도:0%
    15:00→15:03: 종가:5,650 | 거래량:27,923 | 🔴회피(4단계패턴없음) | 신뢰도:0%
    15:03→15:06: 종가:5,640 | 거래량:31,147 | 🔴회피(4단계패턴없음) | 신뢰도:0%
    15:06→15:09: 종가:5,650 | 거래량:33,846 | 🔴회피(4단계패턴없음) | 신뢰도:0%
    15:09→15:12: 종가:5,630 | 거래량:26,540 | 🔴회피(4단계패턴없음) | 신뢰도:0%
    15:12→15:15: 종가:5,620 | 거래량:25,955 | 🔴회피(4단계패턴없음) | 신뢰도:0%
    15:15→15:18: 종가:5,650 | 거래량:56,283 | 🔴회피(4단계패턴없음) | 신뢰도:0%
    15:18→15:21: 종가:5,650 | 거래량:33,606 | 🔴회피(4단계패턴없음) | 신뢰도:0%

=== 092200 - 20251202 눌림목(3분) 신호 재현 ===
  selection_date: 2025-12-02 09:00:39
  승패: 0승 0패
  selection_date 이후 승패: 0승 0패
  매매신호:
    없음
  체결 시뮬레이션:
    없음
  매수 못한 기회:
    없음

  🔍 상세 3분봉 분석 (09:00~15:30):
    09:00→09:03: 데이터부족
    09:03→09:06: 데이터부족
    09:06→09:09: 데이터부족
    09:09→09:12: 데이터부족
    09:12→09:15: 종가:9,830 | 거래량:146,751 | 🔴회피(시가대비0.6%상승(2%미만차단)) | 신뢰도:0%
    09:15→09:18: 종가:9,780 | 거래량:119,401 | 🔴회피(위험신호: BISECTOR_BREAK) | 신뢰도:0%
    09:18→09:21: 종가:9,760 | 거래량:90,866 | 🔴회피(위험신호: BISECTOR_BREAK) | 신뢰도:0%
    09:21→09:24: 종가:9,650 | 거래량:140,379 | 🔴회피(위험신호: BISECTOR_BREAK) | 신뢰도:0%
    09:24→09:27: 종가:9,710 | 거래량:33,490 | 🔴회피(위험신호: BISECTOR_BREAK) | 신뢰도:0%
    09:27→09:30: 종가:9,660 | 거래량:50,147 | 🔴회피(위험신호: BISECTOR_BREAK) | 신뢰도:0%
    09:30→09:33: 종가:9,680 | 거래량:127,802 | 🔴회피(위험신호: BISECTOR_BREAK) | 신뢰도:0%
    09:33→09:36: 종가:9,630 | 거래량:50,176 | 🔴회피(위험신호: BISECTOR_BREAK) | 신뢰도:0%
    09:36→09:39: 종가:9,720 | 거래량:38,546 | 🔴회피(위험신호: BISECTOR_BREAK) | 신뢰도:0%
    09:39→09:42: 종가:9,640 | 거래량:35,507 | 🔴회피(위험신호: BISECTOR_BREAK) | 신뢰도:0%
    09:42→09:45: 종가:9,690 | 거래량:97,437 | 🔴회피(위험신호: BISECTOR_BREAK) | 신뢰도:0%
    09:45→09:48: 종가:9,670 | 거래량:39,015 | 🔴회피(위험신호: BISECTOR_BREAK) | 신뢰도:0%
    09:48→09:51: 종가:9,740 | 거래량:36,166 | 🔴회피(위험신호: BISECTOR_BREAK) | 신뢰도:0%
    09:51→09:54: 종가:9,720 | 거래량:21,770 | 🔴회피(위험신호: BISECTOR_BREAK) | 신뢰도:0%
    09:54→09:57: 종가:9,660 | 거래량:27,646 | 🔴회피(위험신호: BISECTOR_BREAK) | 신뢰도:0%
    09:57→10:00: 종가:9,650 | 거래량:29,190 | 🔴회피(위험신호: BISECTOR_BREAK) | 신뢰도:0%
    10:00→10:03: 종가:9,660 | 거래량:22,937 | 🔴회피(위험신호: BISECTOR_BREAK) | 신뢰도:0%
    10:03→10:06: 종가:9,660 | 거래량:27,861 | 🔴회피(위험신호: BISECTOR_BREAK) | 신뢰도:0%
    10:06→10:09: 종가:9,620 | 거래량:48,725 | 🔴회피(위험신호: BISECTOR_BREAK) | 신뢰도:0%
    10:09→10:12: 종가:9,670 | 거래량:55,559 | 🔴회피(위험신호: BISECTOR_BREAK) | 신뢰도:0%
    10:12→10:15: 종가:9,720 | 거래량:53,395 | 🔴회피(위험신호: BISECTOR_BREAK) | 신뢰도:0%
    10:15→10:18: 종가:9,690 | 거래량:24,100 | 🔴회피(위험신호: BISECTOR_BREAK) | 신뢰도:0%
    10:18→10:21: 종가:9,710 | 거래량:16,768 | 🔴회피(위험신호: BISECTOR_BREAK) | 신뢰도:0%
    10:21→10:24: 종가:9,660 | 거래량:41,436 | 🔴회피(위험신호: BISECTOR_BREAK) | 신뢰도:0%
    10:24→10:27: 종가:9,640 | 거래량:34,643 | 🔴회피(위험신호: BISECTOR_BREAK) | 신뢰도:0%
    10:27→10:30: 종가:9,660 | 거래량:12,502 | 🔴회피(위험신호: BISECTOR_BREAK) | 신뢰도:0%
    10:30→10:33: 종가:9,610 | 거래량:26,866 | 🔴회피(위험신호: BISECTOR_BREAK) | 신뢰도:0%
    10:33→10:36: 종가:9,610 | 거래량:23,868 | 🔴회피(위험신호: BISECTOR_BREAK) | 신뢰도:0%
    10:36→10:39: 종가:9,650 | 거래량:38,137 | 🔴회피(위험신호: BISECTOR_BREAK) | 신뢰도:0%
    10:39→10:42: 종가:9,670 | 거래량:12,229 | 🔴회피(위험신호: BISECTOR_BREAK) | 신뢰도:0%
    10:42→10:45: 종가:9,650 | 거래량:12,210 | 🔴회피(위험신호: BISECTOR_BREAK) | 신뢰도:0%
    10:45→10:48: 종가:9,580 | 거래량:42,875 | 🔴회피(위험신호: BISECTOR_BREAK) | 신뢰도:0%
    10:48→10:51: 종가:9,580 | 거래량:78,724 | 🔴회피(위험신호: BISECTOR_BREAK) | 신뢰도:0%
    10:51→10:54: 종가:9,570 | 거래량:25,188 | 🔴회피(위험신호: BISECTOR_BREAK) | 신뢰도:0%
    10:54→10:57: 종가:9,530 | 거래량:17,363 | 🔴회피(위험신호: BISECTOR_BREAK) | 신뢰도:0%
    10:57→11:00: 종가:9,480 | 거래량:79,382 | 🔴회피(위험신호: BISECTOR_BREAK) | 신뢰도:0%
    11:00→11:03: 종가:9,510 | 거래량:53,159 | 🔴회피(위험신호: BISECTOR_BREAK) | 신뢰도:0%
    11:03→11:06: 종가:9,420 | 거래량:94,521 | 🔴회피(위험신호: BISECTOR_BREAK) | 신뢰도:0%
    11:06→11:09: 종가:9,350 | 거래량:64,746 | 🔴회피(위험신호: BISECTOR_BREAK) | 신뢰도:0%
    11:09→11:12: 종가:9,440 | 거래량:110,743 | 🔴회피(위험신호: BISECTOR_BREAK) | 신뢰도:0%
    11:12→11:15: 종가:9,380 | 거래량:26,196 | 🔴회피(위험신호: BISECTOR_BREAK) | 신뢰도:0%
    11:15→11:18: 종가:9,400 | 거래량:12,614 | 🔴회피(위험신호: BISECTOR_BREAK) | 신뢰도:0%
    11:18→11:21: 종가:9,310 | 거래량:85,366 | 🔴회피(위험신호: BISECTOR_BREAK) | 신뢰도:0%
    11:21→11:24: 종가:9,360 | 거래량:28,973 | 🔴회피(위험신호: BISECTOR_BREAK) | 신뢰도:0%
    11:24→11:27: 종가:9,280 | 거래량:42,934 | 🔴회피(위험신호: BISECTOR_BREAK) | 신뢰도:0%
    11:27→11:30: 종가:9,290 | 거래량:48,381 | 🔴회피(위험신호: BISECTOR_BREAK) | 신뢰도:0%
    11:30→11:33: 종가:9,340 | 거래량:13,276 | 🔴회피(위험신호: BISECTOR_BREAK) | 신뢰도:0%
    11:33→11:36: 종가:9,390 | 거래량:18,591 | 🔴회피(위험신호: BISECTOR_BREAK) | 신뢰도:0%
    11:36→11:39: 종가:9,380 | 거래량:13,079 | 🔴회피(위험신호: BISECTOR_BREAK) | 신뢰도:0%
    11:39→11:42: 종가:9,360 | 거래량:6,695 | 🔴회피(위험신호: BISECTOR_BREAK) | 신뢰도:0%
    11:42→11:45: 종가:9,430 | 거래량:13,235 | 🔴회피(위험신호: BISECTOR_BREAK) | 신뢰도:0%
    11:45→11:48: 종가:9,460 | 거래량:28,552 | 🔴회피(위험신호: BISECTOR_BREAK) | 신뢰도:0%
    11:48→11:51: 종가:9,430 | 거래량:17,999 | 🔴회피(위험신호: BISECTOR_BREAK) | 신뢰도:0%
    11:51→11:54: 종가:9,460 | 거래량:5,509 | 🔴회피(위험신호: BISECTOR_BREAK) | 신뢰도:0%
    11:54→11:57: 종가:9,490 | 거래량:19,544 | 🔴회피(위험신호: BISECTOR_BREAK) | 신뢰도:0%
    11:57→12:00: 종가:9,560 | 거래량:46,686 | 🔴회피(위험신호: BISECTOR_BREAK) | 신뢰도:0%
    12:00→12:03: 종가:9,480 | 거래량:50,653 | 🔴회피(위험신호: BISECTOR_BREAK) | 신뢰도:0%
    12:03→12:06: 종가:9,510 | 거래량:11,043 | 🔴회피(위험신호: BISECTOR_BREAK) | 신뢰도:0%
    12:06→12:09: 종가:9,550 | 거래량:14,405 | 🔴회피(위험신호: BISECTOR_BREAK) | 신뢰도:0%
    12:09→12:12: 종가:9,580 | 거래량:24,204 | 🔴회피(위험신호: BISECTOR_BREAK) | 신뢰도:0%
    12:12→12:15: 종가:9,550 | 거래량:12,835 | 🔴회피(위험신호: BISECTOR_BREAK) | 신뢰도:0%
    12:15→12:18: 종가:9,540 | 거래량:11,137 | 🔴회피(위험신호: BISECTOR_BREAK) | 신뢰도:0%
    12:18→12:21: 종가:9,490 | 거래량:12,368 | 🔴회피(위험신호: BISECTOR_BREAK) | 신뢰도:0%
    12:21→12:24: 종가:9,600 | 거래량:18,703 | 🔴회피(위험신호: BISECTOR_BREAK) | 신뢰도:0%
    12:24→12:27: 종가:9,540 | 거래량:23,585 | 🔴회피(위험신호: BISECTOR_BREAK) | 신뢰도:0%
    12:27→12:30: 종가:9,520 | 거래량:6,500 | 🔴회피(위험신호: BISECTOR_BREAK) | 신뢰도:0%
    12:30→12:33: 종가:9,530 | 거래량:10,080 | 🔴회피(위험신호: BISECTOR_BREAK) | 신뢰도:0%
    12:33→12:36: 종가:9,530 | 거래량:4,771 | 🔴회피(위험신호: BISECTOR_BREAK) | 신뢰도:0%
    12:36→12:39: 종가:9,500 | 거래량:8,673 | 🔴회피(위험신호: BISECTOR_BREAK) | 신뢰도:0%
    12:39→12:42: 종가:9,480 | 거래량:7,751 | 🔴회피(위험신호: BISECTOR_BREAK) | 신뢰도:0%
    12:42→12:45: 종가:9,530 | 거래량:7,251 | 🔴회피(위험신호: BISECTOR_BREAK) | 신뢰도:0%
    12:45→12:48: 종가:9,480 | 거래량:13,532 | 🔴회피(위험신호: BISECTOR_BREAK) | 신뢰도:0%
    12:48→12:51: 종가:9,490 | 거래량:3,577 | 🔴회피(위험신호: BISECTOR_BREAK) | 신뢰도:0%
    12:51→12:54: 종가:9,400 | 거래량:38,857 | 🔴회피(위험신호: BISECTOR_BREAK) | 신뢰도:0%
    12:54→12:57: 종가:9,370 | 거래량:29,878 | 🔴회피(위험신호: BISECTOR_BREAK) | 신뢰도:0%
    12:57→13:00: 종가:9,360 | 거래량:16,149 | 🔴회피(위험신호: BISECTOR_BREAK) | 신뢰도:0%
    13:00→13:03: 종가:9,400 | 거래량:7,605 | 🔴회피(위험신호: BISECTOR_BREAK) | 신뢰도:0%
    13:03→13:06: 종가:9,410 | 거래량:5,595 | 🔴회피(위험신호: BISECTOR_BREAK) | 신뢰도:0%
    13:06→13:09: 종가:9,400 | 거래량:3,970 | 🔴회피(위험신호: BISECTOR_BREAK) | 신뢰도:0%
    13:09→13:12: 종가:9,440 | 거래량:18,446 | 🔴회피(위험신호: BISECTOR_BREAK) | 신뢰도:0%
    13:12→13:15: 종가:9,440 | 거래량:10,918 | 🔴회피(위험신호: BISECTOR_BREAK) | 신뢰도:0%
    13:15→13:18: 종가:9,470 | 거래량:11,566 | 🔴회피(위험신호: BISECTOR_BREAK) | 신뢰도:0%
    13:18→13:21: 종가:9,470 | 거래량:14,252 | 🔴회피(위험신호: BISECTOR_BREAK) | 신뢰도:0%
    13:21→13:24: 종가:9,470 | 거래량:5,330 | 🔴회피(위험신호: BISECTOR_BREAK) | 신뢰도:0%
    13:24→13:27: 종가:9,480 | 거래량:4,038 | 🔴회피(위험신호: BISECTOR_BREAK) | 신뢰도:0%
    13:27→13:30: 종가:9,480 | 거래량:4,172 | 🔴회피(위험신호: BISECTOR_BREAK) | 신뢰도:0%
    13:30→13:33: 종가:9,550 | 거래량:32,722 | 🔴회피(위험신호: BISECTOR_BREAK) | 신뢰도:0%
    13:33→13:36: 종가:9,560 | 거래량:12,666 | 🔴회피(위험신호: BISECTOR_BREAK) | 신뢰도:0%
    13:36→13:39: 종가:9,600 | 거래량:23,958 | 🔴회피(위험신호: BISECTOR_BREAK) | 신뢰도:0%
    13:39→13:42: 종가:9,570 | 거래량:18,466 | 🔴회피(위험신호: BISECTOR_BREAK) | 신뢰도:0%
    13:42→13:45: 종가:9,590 | 거래량:9,410 | 🔴회피(위험신호: BISECTOR_BREAK) | 신뢰도:0%
    13:45→13:48: 종가:9,560 | 거래량:19,572 | 🔴회피(위험신호: BISECTOR_BREAK) | 신뢰도:0%
    13:48→13:51: 종가:9,560 | 거래량:7,000 | 🔴회피(위험신호: BISECTOR_BREAK) | 신뢰도:0%
    13:51→13:54: 종가:9,570 | 거래량:3,762 | 🔴회피(위험신호: BISECTOR_BREAK) | 신뢰도:0%
    13:54→13:57: 종가:9,580 | 거래량:3,244 | 🔴회피(위험신호: BISECTOR_BREAK) | 신뢰도:0%
    13:57→14:00: 종가:9,570 | 거래량:7,419 | 🔴회피(위험신호: BISECTOR_BREAK) | 신뢰도:0%
    14:00→14:03: 종가:9,630 | 거래량:55,787 | 🔴회피(위험신호: BISECTOR_BREAK) | 신뢰도:0%
    14:03→14:06: 종가:9,610 | 거래량:24,611 | 🔴회피(위험신호: BISECTOR_BREAK) | 신뢰도:0%
    14:06→14:09: 종가:9,590 | 거래량:20,419 | 🔴회피(위험신호: BISECTOR_BREAK) | 신뢰도:0%
    14:09→14:12: 종가:9,580 | 거래량:10,694 | 🔴회피(위험신호: BISECTOR_BREAK) | 신뢰도:0%
    14:12→14:15: 종가:9,610 | 거래량:15,539 | 🔴회피(위험신호: BISECTOR_BREAK) | 신뢰도:0%
    14:15→14:18: 종가:9,640 | 거래량:14,003 | 🔴회피(위험신호: BISECTOR_BREAK) | 신뢰도:0%
    14:18→14:21: 종가:9,650 | 거래량:31,234 | 🔴회피(위험신호: BISECTOR_BREAK) | 신뢰도:0%
    14:21→14:24: 종가:9,610 | 거래량:18,038 | 🔴회피(위험신호: BISECTOR_BREAK) | 신뢰도:0%
    14:24→14:27: 종가:9,560 | 거래량:22,331 | 🔴회피(위험신호: BISECTOR_BREAK) | 신뢰도:0%
    14:27→14:30: 종가:9,560 | 거래량:18,907 | 🔴회피(위험신호: BISECTOR_BREAK) | 신뢰도:0%
    14:30→14:33: 종가:9,560 | 거래량:2,438 | 🔴회피(위험신호: BISECTOR_BREAK) | 신뢰도:0%
    14:33→14:36: 종가:9,600 | 거래량:7,751 | 🔴회피(위험신호: BISECTOR_BREAK) | 신뢰도:0%
    14:36→14:39: 종가:9,610 | 거래량:18,366 | 🔴회피(위험신호: BISECTOR_BREAK) | 신뢰도:0%
    14:39→14:42: 종가:9,690 | 거래량:70,223 | 🔴회피(당일시가이하(시가:9770)) | 신뢰도:0%
    14:42→14:45: 종가:9,760 | 거래량:54,529 | 🔴회피(당일시가이하(시가:9770)) | 신뢰도:0%
    14:45→14:48: 종가:9,690 | 거래량:43,824 | 🔴회피(당일시가이하(시가:9770)) | 신뢰도:0%
    14:48→14:51: 종가:9,690 | 거래량:27,414 | 🔴회피(당일시가이하(시가:9770)) | 신뢰도:0%
    14:51→14:54: 종가:9,730 | 거래량:28,706 | 🔴회피(당일시가이하(시가:9770)) | 신뢰도:0%
    14:54→14:57: 종가:9,680 | 거래량:21,758 | 🔴회피(당일시가이하(시가:9770)) | 신뢰도:0%
    14:57→15:00: 종가:9,690 | 거래량:18,308 | 🔴회피(당일시가이하(시가:9770)) | 신뢰도:0%
    15:00→15:03: 종가:9,710 | 거래량:15,540 | 🔴회피(당일시가이하(시가:9770)) | 신뢰도:0%
    15:03→15:06: 종가:9,720 | 거래량:21,055 | 🔴회피(당일시가이하(시가:9770)) | 신뢰도:0%
    15:06→15:09: 종가:9,730 | 거래량:28,427 | 🔴회피(당일시가이하(시가:9770)) | 신뢰도:0%
    15:09→15:12: 종가:9,730 | 거래량:20,030 | 🔴회피(당일시가이하(시가:9770)) | 신뢰도:0%
    15:12→15:15: 종가:9,650 | 거래량:82,910 | 🔴회피(위험신호: BISECTOR_BREAK) | 신뢰도:0%
    15:15→15:18: 종가:9,700 | 거래량:33,708 | 🔴회피(당일시가이하(시가:9770)) | 신뢰도:0%
    15:18→15:21: 종가:9,700 | 거래량:26,067 | 🔴회피(당일시가이하(시가:9770)) | 신뢰도:0%

=== 131290 - 20251202 눌림목(3분) 신호 재현 ===
  selection_date: 2025-12-02 09:01:40
  승패: 0승 0패
  selection_date 이후 승패: 0승 0패
  매매신호:
    없음
  체결 시뮬레이션:
    없음
  매수 못한 기회:
    없음

  🔍 상세 3분봉 분석 (09:00~15:30):
    09:00→09:03: 데이터부족
    09:03→09:06: 데이터부족
    09:06→09:09: 데이터부족
    09:09→09:12: 데이터부족
    09:12→09:15: 종가:59,800 | 거래량:977 | 🔴회피(4단계패턴없음) | 신뢰도:0%
    09:15→09:18: 종가:59,300 | 거래량:1,338 | 🔴회피(시가대비1.7%상승(2%미만차단)) | 신뢰도:0%
    09:18→09:21: 종가:59,800 | 거래량:1,641 | 🔴회피(4단계패턴없음) | 신뢰도:0%
    09:21→09:24: 종가:59,500 | 거래량:531 | 🔴회피(4단계패턴없음) | 신뢰도:0%
    09:24→09:27: 종가:59,700 | 거래량:1,906 | 🔴회피(4단계패턴없음) | 신뢰도:0%
    09:27→09:30: 종가:59,500 | 거래량:575 | 🔴회피(4단계패턴없음) | 신뢰도:0%
    09:30→09:33: 종가:59,600 | 거래량:1,077 | 🔴회피(4단계패턴없음) | 신뢰도:0%
    09:33→09:36: 종가:59,400 | 거래량:611 | 🔴회피(시가대비1.9%상승(2%미만차단)) | 신뢰도:0%
    09:36→09:39: 종가:59,300 | 거래량:273 | 🔴회피(시가대비1.7%상승(2%미만차단)) | 신뢰도:0%
    09:39→09:42: 종가:59,400 | 거래량:2,199 | 🔴회피(시가대비1.9%상승(2%미만차단)) | 신뢰도:0%
    09:42→09:45: 종가:59,200 | 거래량:789 | 🔴회피(이등분선아래) | 신뢰도:0%
    09:45→09:48: 종가:59,100 | 거래량:1,089 | 🔴회피(위험신호: BISECTOR_BREAK) | 신뢰도:0%
    09:48→09:51: 종가:59,300 | 거래량:927 | 🔴회피(시가대비1.7%상승(2%미만차단)) | 신뢰도:0%
    09:51→09:54: 종가:59,400 | 거래량:1,510 | 🔴회피(시가대비1.9%상승(2%미만차단)) | 신뢰도:0%
    09:54→09:57: 종가:59,400 | 거래량:398 | 🔴회피(시가대비1.9%상승(2%미만차단)) | 신뢰도:0%
    09:57→10:00: 종가:59,800 | 거래량:1,512 | 🔴회피(4단계패턴없음) | 신뢰도:0%
    10:00→10:03: 종가:60,000 | 거래량:2,017 | 🔴회피(4단계패턴없음) | 신뢰도:0%
    10:03→10:06: 종가:59,700 | 거래량:1,390 | 🔴회피(4단계패턴없음) | 신뢰도:0%
    10:06→10:09: 종가:59,700 | 거래량:577 | 🔴회피(4단계패턴없음) | 신뢰도:0%
    10:09→10:12: 종가:59,600 | 거래량:1,581 | 🔴회피(4단계패턴없음) | 신뢰도:0%
    10:12→10:15: 종가:59,200 | 거래량:816 | 🔴회피(이등분선아래) | 신뢰도:0%
    10:15→10:18: 종가:59,500 | 거래량:602 | 🔴회피(4단계패턴없음) | 신뢰도:0%
    10:18→10:21: 종가:59,400 | 거래량:328 | 🔴회피(시가대비1.9%상승(2%미만차단)) | 신뢰도:0%
    10:21→10:24: 종가:59,500 | 거래량:360 | 🔴회피(4단계패턴없음) | 신뢰도:0%
    10:24→10:27: 종가:59,300 | 거래량:571 | 🔴회피(시가대비1.7%상승(2%미만차단)) | 신뢰도:0%
    10:27→10:30: 종가:59,400 | 거래량:257 | 🔴회피(시가대비1.9%상승(2%미만차단)) | 신뢰도:0%
    10:30→10:33: 종가:59,200 | 거래량:983 | 🔴회피(이등분선아래) | 신뢰도:0%
    10:33→10:36: 종가:59,500 | 거래량:288 | 🔴회피(4단계패턴없음) | 신뢰도:0%
    10:36→10:39: 종가:59,500 | 거래량:277 | 🔴회피(4단계패턴없음) | 신뢰도:0%
    10:39→10:42: 종가:59,300 | 거래량:466 | 🔴회피(시가대비1.7%상승(2%미만차단)) | 신뢰도:0%
    10:42→10:45: 종가:59,000 | 거래량:786 | 🔴회피(위험신호: BISECTOR_BREAK) | 신뢰도:0%
    10:45→10:48: 종가:59,200 | 거래량:4,709 | 🔴회피(이등분선아래) | 신뢰도:0%
    10:48→10:51: 종가:59,700 | 거래량:386 | 🔴회피(4단계패턴없음) | 신뢰도:0%
    10:51→10:54: 종가:59,400 | 거래량:425 | 🔴회피(시가대비1.9%상승(2%미만차단)) | 신뢰도:0%
    10:54→10:57: 종가:59,400 | 거래량:514 | 🔴회피(시가대비1.9%상승(2%미만차단)) | 신뢰도:0%
    10:57→11:00: 종가:59,200 | 거래량:226 | 🔴회피(이등분선아래) | 신뢰도:0%
    11:00→11:03: 종가:59,400 | 거래량:442 | 🔴회피(시가대비1.9%상승(2%미만차단)) | 신뢰도:0%
    11:03→11:06: 종가:59,500 | 거래량:387 | 🔴회피(4단계패턴없음) | 신뢰도:0%
    11:06→11:09: 종가:59,500 | 거래량:275 | 🔴회피(4단계패턴없음) | 신뢰도:0%
    11:09→11:12: 종가:59,300 | 거래량:464 | 🔴회피(시가대비1.7%상승(2%미만차단)) | 신뢰도:0%
    11:12→11:15: 종가:59,200 | 거래량:412 | 🔴회피(이등분선아래) | 신뢰도:0%
    11:15→11:18: 종가:59,400 | 거래량:480 | 🔴회피(시가대비1.9%상승(2%미만차단)) | 신뢰도:0%
    11:18→11:21: 종가:59,400 | 거래량:442 | 🔴회피(시가대비1.9%상승(2%미만차단)) | 신뢰도:0%
    11:21→11:24: 종가:59,500 | 거래량:244 | 🔴회피(4단계패턴없음) | 신뢰도:0%
    11:24→11:27: 종가:59,200 | 거래량:706 | 🔴회피(이등분선아래) | 신뢰도:0%
    11:27→11:30: 종가:59,200 | 거래량:298 | 🔴회피(이등분선아래) | 신뢰도:0%
    11:30→11:33: 종가:59,200 | 거래량:439 | 🔴회피(이등분선아래) | 신뢰도:0%
    11:33→11:36: 종가:59,500 | 거래량:599 | 🔴회피(4단계패턴없음) | 신뢰도:0%
    11:36→11:39: 종가:59,600 | 거래량:400 | 🔴회피(4단계패턴없음) | 신뢰도:0%
    11:39→11:42: 종가:59,700 | 거래량:503 | 🔴회피(4단계패턴없음) | 신뢰도:0%
    11:42→11:45: 종가:59,700 | 거래량:399 | 🔴회피(4단계패턴없음) | 신뢰도:0%
    11:45→11:48: 종가:59,600 | 거래량:432 | 🔴회피(4단계패턴없음) | 신뢰도:0%
    11:48→11:51: 종가:59,800 | 거래량:864 | 🔴회피(4단계패턴없음) | 신뢰도:0%
    11:51→11:54: 종가:59,700 | 거래량:386 | 🔴회피(4단계패턴없음) | 신뢰도:0%
    11:54→11:57: 종가:59,600 | 거래량:723 | 🔴회피(4단계패턴없음) | 신뢰도:0%
    11:57→12:00: 종가:59,700 | 거래량:297 | 🔴회피(4단계패턴없음) | 신뢰도:0%
    12:00→12:03: 종가:59,700 | 거래량:503 | 🔴회피(4단계패턴없음) | 신뢰도:0%
    12:03→12:06: 종가:59,200 | 거래량:3,250 | 🔴회피(이등분선아래) | 신뢰도:0%
    12:06→12:09: 종가:59,300 | 거래량:335 | 🔴회피(시가대비1.7%상승(2%미만차단)) | 신뢰도:0%
    12:09→12:12: 종가:59,400 | 거래량:569 | 🔴회피(시가대비1.9%상승(2%미만차단)) | 신뢰도:0%
    12:12→12:15: 종가:59,500 | 거래량:298 | 🔴회피(4단계패턴없음) | 신뢰도:0%
    12:15→12:18: 종가:59,600 | 거래량:539 | 🔴회피(4단계패턴없음) | 신뢰도:0%
    12:18→12:21: 종가:59,500 | 거래량:559 | 🔴회피(4단계패턴없음) | 신뢰도:0%
    12:21→12:24: 종가:59,600 | 거래량:479 | 🔴회피(4단계패턴없음) | 신뢰도:0%
    12:24→12:27: 종가:59,900 | 거래량:994 | 🔴회피(4단계패턴없음) | 신뢰도:0%
    12:27→12:30: 종가:59,600 | 거래량:378 | 🔴회피(4단계패턴없음) | 신뢰도:0%
    12:30→12:33: 종가:59,600 | 거래량:1,570 | 🔴회피(4단계패턴없음) | 신뢰도:0%
    12:33→12:36: 종가:59,800 | 거래량:547 | 🔴회피(4단계패턴없음) | 신뢰도:0%
    12:36→12:39: 종가:59,700 | 거래량:591 | 🔴회피(4단계패턴없음) | 신뢰도:0%
    12:39→12:42: 종가:59,600 | 거래량:774 | 🔴회피(4단계패턴없음) | 신뢰도:0%
    12:42→12:45: 종가:59,700 | 거래량:374 | 🔴회피(4단계패턴없음) | 신뢰도:0%
    12:45→12:48: 종가:59,700 | 거래량:516 | 🔴회피(4단계패턴없음) | 신뢰도:0%
    12:48→12:51: 종가:59,800 | 거래량:676 | 🔴회피(4단계패턴없음) | 신뢰도:0%
    12:51→12:54: 종가:59,900 | 거래량:417 | 🔴회피(4단계패턴없음) | 신뢰도:0%
    12:54→12:57: 종가:59,900 | 거래량:523 | 🔴회피(4단계패턴없음) | 신뢰도:0%
    12:57→13:00: 종가:60,000 | 거래량:524 | 🔴회피(4단계패턴없음) | 신뢰도:0%
    13:00→13:03: 종가:60,000 | 거래량:489 | 🔴회피(4단계패턴없음) | 신뢰도:0%
    13:03→13:06: 종가:60,000 | 거래량:496 | 🔴회피(4단계패턴없음) | 신뢰도:0%
    13:06→13:09: 종가:59,900 | 거래량:525 | 🔴회피(4단계패턴없음) | 신뢰도:0%
    13:09→13:12: 종가:60,000 | 거래량:1,240 | 🔴회피(4단계패턴없음) | 신뢰도:0%
    13:12→13:15: 종가:59,800 | 거래량:949 | 🔴회피(4단계패턴없음) | 신뢰도:0%
    13:15→13:18: 종가:59,900 | 거래량:536 | 🔴회피(4단계패턴없음) | 신뢰도:0%
    13:18→13:21: 종가:60,100 | 거래량:742 | 🔴회피(4단계패턴없음) | 신뢰도:0%
    13:21→13:24: 종가:60,000 | 거래량:750 | 🔴회피(4단계패턴없음) | 신뢰도:0%
    13:24→13:27: 종가:59,900 | 거래량:844 | 🔴회피(4단계패턴없음) | 신뢰도:0%
    13:27→13:30: 종가:60,400 | 거래량:4,104 | 🔴회피(4단계패턴없음) | 신뢰도:0%
    13:30→13:33: 종가:60,500 | 거래량:726 | 🔴회피(4단계패턴없음) | 신뢰도:0%
    13:33→13:36: 종가:60,700 | 거래량:1,668 | 🔴회피(4단계패턴없음) | 신뢰도:0%
    13:36→13:39: 종가:60,700 | 거래량:1,813 | 🔴회피(4단계패턴없음) | 신뢰도:0%
    13:39→13:42: 종가:60,700 | 거래량:921 | 🔴회피(4단계패턴없음) | 신뢰도:0%
    13:42→13:45: 종가:60,300 | 거래량:846 | 🔴회피(4단계패턴없음) | 신뢰도:0%
    13:45→13:48: 종가:60,600 | 거래량:607 | 🔴회피(4단계패턴없음) | 신뢰도:0%
    13:48→13:51: 종가:60,600 | 거래량:817 | 🔴회피(4단계패턴없음) | 신뢰도:0%
    13:51→13:54: 종가:60,400 | 거래량:660 | 🔴회피(4단계패턴없음) | 신뢰도:0%
    13:54→13:57: 종가:60,600 | 거래량:783 | 🔴회피(4단계패턴없음) | 신뢰도:0%
    13:57→14:00: 종가:60,200 | 거래량:2,354 | 🔴회피(4단계패턴없음) | 신뢰도:0%
    14:00→14:03: 종가:60,100 | 거래량:580 | 🔴회피(4단계패턴없음) | 신뢰도:0%
    14:03→14:06: 종가:60,500 | 거래량:601 | 🔴회피(4단계패턴없음) | 신뢰도:0%
    14:06→14:09: 종가:60,200 | 거래량:917 | 🔴회피(4단계패턴없음) | 신뢰도:0%
    14:09→14:12: 종가:60,200 | 거래량:554 | 🔴회피(4단계패턴없음) | 신뢰도:0%
    14:12→14:15: 종가:60,200 | 거래량:407 | 🔴회피(4단계패턴없음) | 신뢰도:0%
    14:15→14:18: 종가:60,100 | 거래량:810 | 🔴회피(4단계패턴없음) | 신뢰도:0%
    14:18→14:21: 종가:60,200 | 거래량:447 | 🔴회피(4단계패턴없음) | 신뢰도:0%
    14:21→14:24: 종가:60,300 | 거래량:360 | 🔴회피(4단계패턴없음) | 신뢰도:0%
    14:24→14:27: 종가:60,100 | 거래량:612 | 🔴회피(4단계패턴없음) | 신뢰도:0%
    14:27→14:30: 종가:60,000 | 거래량:551 | 🔴회피(4단계패턴없음) | 신뢰도:0%
    14:30→14:33: 종가:60,000 | 거래량:774 | 🔴회피(4단계패턴없음) | 신뢰도:0%
    14:33→14:36: 종가:60,100 | 거래량:510 | 🔴회피(4단계패턴없음) | 신뢰도:0%
    14:36→14:39: 종가:60,000 | 거래량:366 | 🔴회피(4단계패턴없음) | 신뢰도:0%
    14:39→14:42: 종가:60,100 | 거래량:410 | 🔴회피(4단계패턴없음) | 신뢰도:0%
    14:42→14:45: 종가:60,200 | 거래량:945 | 🔴회피(4단계패턴없음) | 신뢰도:0%
    14:45→14:48: 종가:60,100 | 거래량:461 | 🔴회피(4단계패턴없음) | 신뢰도:0%
    14:48→14:51: 종가:60,100 | 거래량:692 | 🔴회피(4단계패턴없음) | 신뢰도:0%
    14:51→14:54: 종가:60,100 | 거래량:1,331 | 🔴회피(4단계패턴없음) | 신뢰도:0%
    14:54→14:57: 종가:60,000 | 거래량:725 | 🔴회피(4단계패턴없음) | 신뢰도:0%
    14:57→15:00: 종가:59,600 | 거래량:1,755 | 🔴회피(4단계패턴없음) | 신뢰도:0%
    15:00→15:03: 종가:59,900 | 거래량:349 | 🔴회피(4단계패턴없음) | 신뢰도:0%
    15:03→15:06: 종가:59,700 | 거래량:640 | 🔴회피(4단계패턴없음) | 신뢰도:0%
    15:06→15:09: 종가:60,000 | 거래량:171 | 🔴회피(4단계패턴없음) | 신뢰도:0%
    15:09→15:12: 종가:59,700 | 거래량:367 | 🔴회피(4단계패턴없음) | 신뢰도:0%
    15:12→15:15: 종가:59,900 | 거래량:432 | 🔴회피(4단계패턴없음) | 신뢰도:0%
    15:15→15:18: 종가:59,900 | 거래량:345 | 🔴회피(4단계패턴없음) | 신뢰도:0%
    15:18→15:21: 종가:59,700 | 거래량:296 | 🔴회피(4단계패턴없음) | 신뢰도:0%

=== 085660 - 20251202 눌림목(3분) 신호 재현 ===
  selection_date: 2025-12-02 09:01:40
  승패: 0승 0패
  selection_date 이후 승패: 0승 0패
  매매신호:
    없음
  체결 시뮬레이션:
    없음
  매수 못한 기회:
    없음

  🔍 상세 3분봉 분석 (09:00~15:30):
    09:00→09:03: 데이터부족
    09:03→09:06: 데이터부족
    09:06→09:09: 데이터부족
    09:09→09:12: 데이터부족
    09:12→09:15: 종가:14,510 | 거래량:16,921 | 🔴회피(위험신호: BISECTOR_BREAK) | 신뢰도:0%
    09:15→09:18: 종가:14,400 | 거래량:23,021 | 🔴회피(위험신호: LARGE_BEARISH_VOLUME) | 신뢰도:0%
    09:18→09:21: 종가:14,430 | 거래량:14,146 | 🔴회피(위험신호: BISECTOR_BREAK) | 신뢰도:0%
    09:21→09:24: 종가:14,410 | 거래량:8,599 | 🔴회피(위험신호: BISECTOR_BREAK) | 신뢰도:0%
    09:24→09:27: 종가:14,410 | 거래량:7,641 | 🔴회피(위험신호: BISECTOR_BREAK) | 신뢰도:0%
    09:27→09:30: 종가:14,530 | 거래량:10,112 | 🔴회피(당일시가이하(시가:14610)) | 신뢰도:0%
    09:30→09:33: 종가:14,440 | 거래량:6,937 | 🔴회피(위험신호: BISECTOR_BREAK) | 신뢰도:0%
    09:33→09:36: 종가:14,550 | 거래량:10,778 | 🔴회피(당일시가이하(시가:14610)) | 신뢰도:0%
    09:36→09:39: 종가:14,570 | 거래량:5,288 | 🔴회피(당일시가이하(시가:14610)) | 신뢰도:0%
    09:39→09:42: 종가:14,520 | 거래량:6,452 | 🔴회피(당일시가이하(시가:14610)) | 신뢰도:0%
    09:42→09:45: 종가:14,500 | 거래량:3,493 | 🔴회피(당일시가이하(시가:14610)) | 신뢰도:0%
    09:45→09:48: 종가:14,530 | 거래량:6,035 | 🔴회피(당일시가이하(시가:14610)) | 신뢰도:0%
    09:48→09:51: 종가:14,670 | 거래량:10,757 | 🔴회피(시가대비0.4%상승(2%미만차단)) | 신뢰도:0%
    09:51→09:54: 종가:14,740 | 거래량:16,170 | 🔴회피(시가대비0.9%상승(2%미만차단)) | 신뢰도:0%
    09:54→09:57: 종가:14,790 | 거래량:16,428 | 🔴회피(시가대비1.2%상승(2%미만차단)) | 신뢰도:0%
    09:57→10:00: 종가:14,880 | 거래량:23,067 | 🔴회피(시가대비1.8%상승(2%미만차단)) | 신뢰도:0%
    10:00→10:03: 종가:14,820 | 거래량:15,319 | 🔴회피(시가대비1.4%상승(2%미만차단)) | 신뢰도:0%
    10:03→10:06: 종가:14,750 | 거래량:7,823 | 🔴회피(시가대비1.0%상승(2%미만차단)) | 신뢰도:0%
    10:06→10:09: 종가:14,670 | 거래량:5,100 | 🔴회피(시가대비0.4%상승(2%미만차단)) | 신뢰도:0%
    10:09→10:12: 종가:14,680 | 거래량:11,999 | 🔴회피(시가대비0.5%상승(2%미만차단)) | 신뢰도:0%
    10:12→10:15: 종가:14,670 | 거래량:3,682 | 🔴회피(시가대비0.4%상승(2%미만차단)) | 신뢰도:0%
    10:15→10:18: 종가:14,680 | 거래량:2,446 | 🔴회피(시가대비0.5%상승(2%미만차단)) | 신뢰도:0%
    10:18→10:21: 종가:14,640 | 거래량:4,109 | 🔴회피(시가대비0.2%상승(2%미만차단)) | 신뢰도:0%
    10:21→10:24: 종가:14,630 | 거래량:5,548 | 🔴회피(시가대비0.1%상승(2%미만차단)) | 신뢰도:0%
    10:24→10:27: 종가:14,640 | 거래량:498 | 🔴회피(시가대비0.2%상승(2%미만차단)) | 신뢰도:0%
    10:27→10:30: 종가:14,670 | 거래량:1,454 | 🔴회피(시가대비0.4%상승(2%미만차단)) | 신뢰도:0%
    10:30→10:33: 종가:14,680 | 거래량:3,351 | 🔴회피(시가대비0.5%상승(2%미만차단)) | 신뢰도:0%
    10:33→10:36: 종가:14,650 | 거래량:2,279 | 🔴회피(시가대비0.3%상승(2%미만차단)) | 신뢰도:0%
    10:36→10:39: 종가:14,630 | 거래량:14,547 | 🔴회피(시가대비0.1%상승(2%미만차단)) | 신뢰도:0%
    10:39→10:42: 종가:14,660 | 거래량:3,117 | 🔴회피(시가대비0.3%상승(2%미만차단)) | 신뢰도:0%
    10:42→10:45: 종가:14,640 | 거래량:2,160 | 🔴회피(시가대비0.2%상승(2%미만차단)) | 신뢰도:0%
    10:45→10:48: 종가:14,630 | 거래량:936 | 🔴회피(시가대비0.1%상승(2%미만차단)) | 신뢰도:0%
    10:48→10:51: 종가:14,660 | 거래량:1,027 | 🔴회피(시가대비0.3%상승(2%미만차단)) | 신뢰도:0%
    10:51→10:54: 종가:14,660 | 거래량:680 | 🔴회피(시가대비0.3%상승(2%미만차단)) | 신뢰도:0%
    10:54→10:57: 종가:14,690 | 거래량:1,458 | 🔴회피(시가대비0.5%상승(2%미만차단)) | 신뢰도:0%
    10:57→11:00: 종가:14,690 | 거래량:1,594 | 🔴회피(시가대비0.5%상승(2%미만차단)) | 신뢰도:0%
    11:00→11:03: 종가:14,660 | 거래량:1,179 | 🔴회피(시가대비0.3%상승(2%미만차단)) | 신뢰도:0%
    11:03→11:06: 종가:14,670 | 거래량:1,580 | 🔴회피(시가대비0.4%상승(2%미만차단)) | 신뢰도:0%
    11:06→11:09: 종가:14,670 | 거래량:427 | 🔴회피(시가대비0.4%상승(2%미만차단)) | 신뢰도:0%
    11:09→11:12: 종가:14,680 | 거래량:1,277 | 🔴회피(시가대비0.5%상승(2%미만차단)) | 신뢰도:0%
    11:12→11:15: 종가:14,660 | 거래량:1,872 | 🔴회피(시가대비0.3%상승(2%미만차단)) | 신뢰도:0%
    11:15→11:18: 종가:14,690 | 거래량:6,558 | 🔴회피(시가대비0.5%상승(2%미만차단)) | 신뢰도:0%
    11:18→11:21: 종가:14,700 | 거래량:2,053 | 🔴회피(시가대비0.6%상승(2%미만차단)) | 신뢰도:0%
    11:21→11:24: 종가:14,680 | 거래량:3,652 | 🔴회피(시가대비0.5%상승(2%미만차단)) | 신뢰도:0%
    11:24→11:27: 종가:14,700 | 거래량:4,724 | 🔴회피(시가대비0.6%상승(2%미만차단)) | 신뢰도:0%
    11:27→11:30: 종가:14,740 | 거래량:2,709 | 🔴회피(시가대비0.9%상승(2%미만차단)) | 신뢰도:0%
    11:30→11:33: 종가:14,750 | 거래량:8,171 | 🔴회피(시가대비1.0%상승(2%미만차단)) | 신뢰도:0%
    11:33→11:36: 종가:14,740 | 거래량:1,425 | 🔴회피(시가대비0.9%상승(2%미만차단)) | 신뢰도:0%
    11:36→11:39: 종가:14,710 | 거래량:991 | 🔴회피(시가대비0.7%상승(2%미만차단)) | 신뢰도:0%
    11:39→11:42: 종가:14,730 | 거래량:1,296 | 🔴회피(시가대비0.8%상승(2%미만차단)) | 신뢰도:0%
    11:42→11:45: 종가:14,730 | 거래량:2,356 | 🔴회피(시가대비0.8%상승(2%미만차단)) | 신뢰도:0%
    11:45→11:48: 종가:14,730 | 거래량:962 | 🔴회피(시가대비0.8%상승(2%미만차단)) | 신뢰도:0%
    11:48→11:51: 종가:14,720 | 거래량:1,763 | 🔴회피(시가대비0.8%상승(2%미만차단)) | 신뢰도:0%
    11:51→11:54: 종가:14,720 | 거래량:1,878 | 🔴회피(시가대비0.8%상승(2%미만차단)) | 신뢰도:0%
    11:54→11:57: 종가:14,710 | 거래량:1,634 | 🔴회피(시가대비0.7%상승(2%미만차단)) | 신뢰도:0%
    11:57→12:00: 종가:14,700 | 거래량:3,687 | 🔴회피(시가대비0.6%상승(2%미만차단)) | 신뢰도:0%
    12:00→12:03: 종가:14,680 | 거래량:2,522 | 🔴회피(시가대비0.5%상승(2%미만차단)) | 신뢰도:0%
    12:03→12:06: 종가:14,660 | 거래량:2,752 | 🔴회피(시가대비0.3%상승(2%미만차단)) | 신뢰도:0%
    12:06→12:09: 종가:14,640 | 거래량:1,852 | 🔴회피(시가대비0.2%상승(2%미만차단)) | 신뢰도:0%
    12:09→12:12: 종가:14,640 | 거래량:5,557 | 🔴회피(시가대비0.2%상승(2%미만차단)) | 신뢰도:0%
    12:12→12:15: 종가:14,630 | 거래량:438 | 🔴회피(시가대비0.1%상승(2%미만차단)) | 신뢰도:0%
    12:15→12:18: 종가:14,630 | 거래량:1,513 | 🔴회피(시가대비0.1%상승(2%미만차단)) | 신뢰도:0%
    12:18→12:21: 종가:14,630 | 거래량:2,563 | 🔴회피(시가대비0.1%상승(2%미만차단)) | 신뢰도:0%
    12:21→12:24: 종가:14,630 | 거래량:85 | 🔴회피(시가대비0.1%상승(2%미만차단)) | 신뢰도:0%
    12:24→12:27: 종가:14,630 | 거래량:1,379 | 🔴회피(시가대비0.1%상승(2%미만차단)) | 신뢰도:0%
    12:27→12:30: 종가:14,610 | 거래량:4,002 | 🔴회피(당일시가이하(시가:14610)) | 신뢰도:0%
    12:30→12:33: 종가:14,600 | 거래량:313 | 🔴회피(당일시가이하(시가:14610)) | 신뢰도:0%
    12:33→12:36: 종가:14,590 | 거래량:7,069 | 🔴회피(당일시가이하(시가:14610)) | 신뢰도:0%
    12:36→12:39: 종가:14,590 | 거래량:8,727 | 🔴회피(당일시가이하(시가:14610)) | 신뢰도:0%
    12:39→12:42: 종가:14,630 | 거래량:4,909 | 🔴회피(시가대비0.1%상승(2%미만차단)) | 신뢰도:0%
    12:42→12:45: 종가:14,680 | 거래량:4,156 | 🔴회피(시가대비0.5%상승(2%미만차단)) | 신뢰도:0%
    12:45→12:48: 종가:14,670 | 거래량:1,567 | 🔴회피(시가대비0.4%상승(2%미만차단)) | 신뢰도:0%
    12:48→12:51: 종가:14,670 | 거래량:3,257 | 🔴회피(시가대비0.4%상승(2%미만차단)) | 신뢰도:0%
    12:51→12:54: 종가:14,720 | 거래량:3,782 | 🔴회피(시가대비0.8%상승(2%미만차단)) | 신뢰도:0%
    12:54→12:57: 종가:14,720 | 거래량:1,086 | 🔴회피(시가대비0.8%상승(2%미만차단)) | 신뢰도:0%
    12:57→13:00: 종가:14,750 | 거래량:5,622 | 🔴회피(시가대비1.0%상승(2%미만차단)) | 신뢰도:0%
    13:00→13:03: 종가:14,750 | 거래량:1,128 | 🔴회피(시가대비1.0%상승(2%미만차단)) | 신뢰도:0%
    13:03→13:06: 종가:14,740 | 거래량:2,679 | 🔴회피(시가대비0.9%상승(2%미만차단)) | 신뢰도:0%
    13:06→13:09: 종가:14,730 | 거래량:4,026 | 🔴회피(시가대비0.8%상승(2%미만차단)) | 신뢰도:0%
    13:09→13:12: 종가:14,710 | 거래량:409 | 🔴회피(시가대비0.7%상승(2%미만차단)) | 신뢰도:0%
    13:12→13:15: 종가:14,700 | 거래량:2,028 | 🔴회피(시가대비0.6%상승(2%미만차단)) | 신뢰도:0%
    13:15→13:18: 종가:14,690 | 거래량:1,421 | 🔴회피(시가대비0.5%상승(2%미만차단)) | 신뢰도:0%
    13:18→13:21: 종가:14,700 | 거래량:3,006 | 🔴회피(시가대비0.6%상승(2%미만차단)) | 신뢰도:0%
    13:21→13:24: 종가:14,680 | 거래량:2,209 | 🔴회피(시가대비0.5%상승(2%미만차단)) | 신뢰도:0%
    13:24→13:27: 종가:14,680 | 거래량:6,439 | 🔴회피(시가대비0.5%상승(2%미만차단)) | 신뢰도:0%
    13:27→13:30: 종가:14,680 | 거래량:639 | 🔴회피(시가대비0.5%상승(2%미만차단)) | 신뢰도:0%
    13:30→13:33: 종가:14,680 | 거래량:3,036 | 🔴회피(시가대비0.5%상승(2%미만차단)) | 신뢰도:0%
    13:33→13:36: 종가:14,690 | 거래량:1,372 | 🔴회피(시가대비0.5%상승(2%미만차단)) | 신뢰도:0%
    13:36→13:39: 종가:14,690 | 거래량:1,116 | 🔴회피(시가대비0.5%상승(2%미만차단)) | 신뢰도:0%
    13:39→13:42: 종가:14,700 | 거래량:1,302 | 🔴회피(시가대비0.6%상승(2%미만차단)) | 신뢰도:0%
    13:42→13:45: 종가:14,690 | 거래량:231 | 🔴회피(시가대비0.5%상승(2%미만차단)) | 신뢰도:0%
    13:45→13:48: 종가:14,680 | 거래량:351 | 🔴회피(시가대비0.5%상승(2%미만차단)) | 신뢰도:0%
    13:48→13:51: 종가:14,640 | 거래량:4,852 | 🔴회피(시가대비0.2%상승(2%미만차단)) | 신뢰도:0%
    13:51→13:54: 종가:14,650 | 거래량:534 | 🔴회피(시가대비0.3%상승(2%미만차단)) | 신뢰도:0%
    13:54→13:57: 종가:14,620 | 거래량:2,231 | 🔴회피(시가대비0.1%상승(2%미만차단)) | 신뢰도:0%
    13:57→14:00: 종가:14,610 | 거래량:1,249 | 🔴회피(당일시가이하(시가:14610)) | 신뢰도:0%
    14:00→14:03: 종가:14,610 | 거래량:7,793 | 🔴회피(당일시가이하(시가:14610)) | 신뢰도:0%
    14:03→14:06: 종가:14,610 | 거래량:2,096 | 🔴회피(당일시가이하(시가:14610)) | 신뢰도:0%
    14:06→14:09: 종가:14,620 | 거래량:3,026 | 🔴회피(시가대비0.1%상승(2%미만차단)) | 신뢰도:0%
    14:09→14:12: 종가:14,640 | 거래량:2,253 | 🔴회피(시가대비0.2%상승(2%미만차단)) | 신뢰도:0%
    14:12→14:15: 종가:14,610 | 거래량:1,991 | 🔴회피(당일시가이하(시가:14610)) | 신뢰도:0%
    14:15→14:18: 종가:14,620 | 거래량:380 | 🔴회피(시가대비0.1%상승(2%미만차단)) | 신뢰도:0%
    14:18→14:21: 종가:14,630 | 거래량:2,131 | 🔴회피(시가대비0.1%상승(2%미만차단)) | 신뢰도:0%
    14:21→14:24: 종가:14,610 | 거래량:1,339 | 🔴회피(당일시가이하(시가:14610)) | 신뢰도:0%
    14:24→14:27: 종가:14,650 | 거래량:6,979 | 🔴회피(시가대비0.3%상승(2%미만차단)) | 신뢰도:0%
    14:27→14:30: 종가:14,650 | 거래량:3,584 | 🔴회피(시가대비0.3%상승(2%미만차단)) | 신뢰도:0%
    14:30→14:33: 종가:14,640 | 거래량:380 | 🔴회피(시가대비0.2%상승(2%미만차단)) | 신뢰도:0%
    14:33→14:36: 종가:14,630 | 거래량:4,413 | 🔴회피(시가대비0.1%상승(2%미만차단)) | 신뢰도:0%
    14:36→14:39: 종가:14,625 | 거래량:1,120 | 🔴회피(시가대비0.1%상승(2%미만차단)) | 신뢰도:0%
    14:39→14:42: 종가:14,640 | 거래량:3,486 | 🔴회피(시가대비0.2%상승(2%미만차단)) | 신뢰도:0%
    14:42→14:45: 종가:14,630 | 거래량:332 | 🔴회피(시가대비0.1%상승(2%미만차단)) | 신뢰도:0%
    14:45→14:48: 종가:14,620 | 거래량:964 | 🔴회피(시가대비0.1%상승(2%미만차단)) | 신뢰도:0%
    14:48→14:51: 종가:14,580 | 거래량:11,636 | 🔴회피(위험신호: BISECTOR_BREAK) | 신뢰도:0%
    14:51→14:54: 종가:14,560 | 거래량:9,282 | 🔴회피(위험신호: BISECTOR_BREAK) | 신뢰도:0%
    14:54→14:57: 종가:14,550 | 거래량:25,960 | 🔴회피(위험신호: LARGE_BEARISH_VOLUME) | 신뢰도:0%
    14:57→15:00: 종가:14,540 | 거래량:6,028 | 🔴회피(위험신호: BISECTOR_BREAK) | 신뢰도:0%
    15:00→15:03: 종가:14,540 | 거래량:11,533 | 🔴회피(위험신호: BISECTOR_BREAK) | 신뢰도:0%
    15:03→15:06: 종가:14,560 | 거래량:10,987 | 🔴회피(위험신호: BISECTOR_BREAK) | 신뢰도:0%
    15:06→15:09: 종가:14,550 | 거래량:19,567 | 🔴회피(위험신호: BISECTOR_BREAK) | 신뢰도:0%
    15:09→15:12: 종가:14,550 | 거래량:9,210 | 🔴회피(위험신호: BISECTOR_BREAK) | 신뢰도:0%
    15:12→15:15: 종가:14,540 | 거래량:1,015 | 🔴회피(위험신호: BISECTOR_BREAK) | 신뢰도:0%
    15:15→15:18: 종가:14,520 | 거래량:20,707 | 🔴회피(위험신호: BISECTOR_BREAK) | 신뢰도:0%
    15:18→15:21: 종가:14,540 | 거래량:547 | 🔴회피(위험신호: BISECTOR_BREAK) | 신뢰도:0%

=== 123410 - 20251202 눌림목(3분) 신호 재현 ===
  selection_date: 2025-12-02 09:00:39
  승패: 0승 0패
  selection_date 이후 승패: 0승 0패
  매매신호:
    없음
  체결 시뮬레이션:
    없음
  매수 못한 기회:
    없음

  🔍 상세 3분봉 분석 (09:00~15:30):
    09:00→09:03: 데이터부족
    09:03→09:06: 데이터부족
    09:06→09:09: 데이터부족
    09:09→09:12: 데이터부족
    09:12→09:15: 종가:7,840 | 거래량:70,763 | 🔴회피(시가대비1.6%상승(2%미만차단)) | 신뢰도:0%
    09:15→09:18: 종가:7,820 | 거래량:58,305 | 🔴회피(시가대비1.3%상승(2%미만차단)) | 신뢰도:0%
    09:18→09:21: 종가:7,800 | 거래량:57,594 | 🔴회피(시가대비1.0%상승(2%미만차단)) | 신뢰도:0%
    09:21→09:24: 종가:7,860 | 거래량:25,079 | 🔴회피(시가대비1.8%상승(2%미만차단)) | 신뢰도:0%
    09:24→09:27: 종가:7,910 | 거래량:70,349 | 🔴회피(4단계패턴없음) | 신뢰도:0%
    09:27→09:30: 종가:7,900 | 거래량:25,108 | 🔴회피(4단계패턴없음) | 신뢰도:0%
    09:30→09:33: 종가:7,900 | 거래량:59,096 | 🔴회피(4단계패턴없음) | 신뢰도:0%
    09:33→09:36: 종가:7,940 | 거래량:33,662 | 🔴회피(4단계패턴없음) | 신뢰도:0%
    09:36→09:39: 종가:8,050 | 거래량:106,162 | 🔴회피(4단계패턴없음) | 신뢰도:0%
    09:39→09:42: 종가:8,040 | 거래량:31,358 | 🔴회피(4단계패턴없음) | 신뢰도:0%
    09:42→09:45: 종가:7,990 | 거래량:46,122 | 🔴회피(4단계패턴없음) | 신뢰도:0%
    09:45→09:48: 종가:8,030 | 거래량:47,338 | 🔴회피(4단계패턴없음) | 신뢰도:0%
    09:48→09:51: 종가:7,980 | 거래량:32,085 | 🔴회피(4단계패턴없음) | 신뢰도:0%
    09:51→09:54: 종가:8,010 | 거래량:26,998 | 🔴회피(4단계패턴없음) | 신뢰도:0%
    09:54→09:57: 종가:8,040 | 거래량:22,939 | 🔴회피(4단계패턴없음) | 신뢰도:0%
    09:57→10:00: 종가:8,030 | 거래량:18,406 | 🔴회피(4단계패턴없음) | 신뢰도:0%
    10:00→10:03: 종가:8,030 | 거래량:5,415 | 🔴회피(4단계패턴없음) | 신뢰도:0%
    10:03→10:06: 종가:8,040 | 거래량:8,309 | 🔴회피(4단계패턴없음) | 신뢰도:0%
    10:06→10:09: 종가:8,070 | 거래량:18,876 | 🔴회피(4단계패턴없음) | 신뢰도:0%
    10:09→10:12: 종가:8,070 | 거래량:12,151 | 🔴회피(4단계패턴없음) | 신뢰도:0%
    10:12→10:15: 종가:8,090 | 거래량:28,101 | 🔴회피(4단계패턴없음) | 신뢰도:0%
    10:15→10:18: 종가:8,080 | 거래량:7,146 | 🔴회피(4단계패턴없음) | 신뢰도:0%
    10:18→10:21: 종가:8,140 | 거래량:47,795 | 🔴회피(4단계패턴없음) | 신뢰도:0%
    10:21→10:24: 종가:8,130 | 거래량:36,535 | 🔴회피(4단계패턴없음) | 신뢰도:0%
    10:24→10:27: 종가:8,100 | 거래량:42,176 | 🔴회피(4단계패턴없음) | 신뢰도:0%
    10:27→10:30: 종가:8,120 | 거래량:7,070 | 🔴회피(4단계패턴없음) | 신뢰도:0%
    10:30→10:33: 종가:8,200 | 거래량:117,160 | 🔴회피(4단계패턴없음) | 신뢰도:0%
    10:33→10:36: 종가:8,230 | 거래량:34,400 | 🔴회피(4단계패턴없음) | 신뢰도:0%
    10:36→10:39: 종가:8,200 | 거래량:54,114 | 🔴회피(4단계패턴없음) | 신뢰도:0%
    10:39→10:42: 종가:8,150 | 거래량:45,799 | 🔴회피(4단계패턴없음) | 신뢰도:0%
    10:42→10:45: 종가:8,120 | 거래량:19,594 | 🔴회피(4단계패턴없음) | 신뢰도:0%
    10:45→10:48: 종가:8,140 | 거래량:16,558 | 🔴회피(4단계패턴없음) | 신뢰도:0%
    10:48→10:51: 종가:8,130 | 거래량:18,119 | 🔴회피(4단계패턴없음) | 신뢰도:0%
    10:51→10:54: 종가:8,120 | 거래량:15,112 | 🔴회피(4단계패턴없음) | 신뢰도:0%
    10:54→10:57: 종가:8,090 | 거래량:14,294 | 🔴회피(4단계패턴없음) | 신뢰도:0%
    10:57→11:00: 종가:8,100 | 거래량:20,642 | 🔴회피(4단계패턴없음) | 신뢰도:0%
    11:00→11:03: 종가:8,070 | 거래량:14,556 | 🔴회피(4단계패턴없음) | 신뢰도:0%
    11:03→11:06: 종가:8,030 | 거래량:44,953 | 🔴회피(4단계패턴없음) | 신뢰도:0%
    11:06→11:09: 종가:8,090 | 거래량:11,319 | 🔴회피(4단계패턴없음) | 신뢰도:0%
    11:09→11:12: 종가:8,070 | 거래량:7,626 | 🔴회피(4단계패턴없음) | 신뢰도:0%
    11:12→11:15: 종가:8,030 | 거래량:15,507 | 🔴회피(4단계패턴없음) | 신뢰도:0%
    11:15→11:18: 종가:8,050 | 거래량:13,532 | 🔴회피(4단계패턴없음) | 신뢰도:0%
    11:18→11:21: 종가:8,030 | 거래량:7,345 | 🔴회피(4단계패턴없음) | 신뢰도:0%
    11:21→11:24: 종가:7,970 | 거래량:31,039 | 🔴회피(4단계패턴없음) | 신뢰도:0%
    11:24→11:27: 종가:7,980 | 거래량:4,046 | 🔴회피(4단계패턴없음) | 신뢰도:0%
    11:27→11:30: 종가:8,010 | 거래량:10,828 | 🔴회피(4단계패턴없음) | 신뢰도:0%
    11:30→11:33: 종가:7,950 | 거래량:10,602 | 🔴회피(4단계패턴없음) | 신뢰도:0%
    11:33→11:36: 종가:7,980 | 거래량:3,470 | 🔴회피(4단계패턴없음) | 신뢰도:0%
    11:36→11:39: 종가:7,970 | 거래량:1,867 | 🔴회피(4단계패턴없음) | 신뢰도:0%
    11:39→11:42: 종가:7,960 | 거래량:10,652 | 🔴회피(4단계패턴없음) | 신뢰도:0%
    11:42→11:45: 종가:7,960 | 거래량:2,692 | 🔴회피(4단계패턴없음) | 신뢰도:0%
    11:45→11:48: 종가:7,940 | 거래량:5,077 | 🔴회피(4단계패턴없음) | 신뢰도:0%
    11:48→11:51: 종가:7,930 | 거래량:24,970 | 🔴회피(4단계패턴없음) | 신뢰도:0%
    11:51→11:54: 종가:7,950 | 거래량:7,701 | 🔴회피(4단계패턴없음) | 신뢰도:0%
    11:54→11:57: 종가:7,960 | 거래량:8,907 | 🔴회피(4단계패턴없음) | 신뢰도:0%
    11:57→12:00: 종가:7,930 | 거래량:4,672 | 🔴회피(4단계패턴없음) | 신뢰도:0%
    12:00→12:03: 종가:7,980 | 거래량:2,189 | 🔴회피(4단계패턴없음) | 신뢰도:0%
    12:03→12:06: 종가:7,970 | 거래량:2,592 | 🔴회피(4단계패턴없음) | 신뢰도:0%
    12:06→12:09: 종가:7,990 | 거래량:3,095 | 🔴회피(4단계패턴없음) | 신뢰도:0%
    12:09→12:12: 종가:7,940 | 거래량:6,438 | 🔴회피(4단계패턴없음) | 신뢰도:0%
    12:12→12:15: 종가:7,950 | 거래량:2,160 | 🔴회피(4단계패턴없음) | 신뢰도:0%
    12:15→12:18: 종가:7,970 | 거래량:2,103 | 🔴회피(4단계패턴없음) | 신뢰도:0%
    12:18→12:21: 종가:7,960 | 거래량:1,697 | 🔴회피(4단계패턴없음) | 신뢰도:0%
    12:21→12:24: 종가:7,950 | 거래량:1,213 | 🔴회피(4단계패턴없음) | 신뢰도:0%
    12:24→12:27: 종가:7,970 | 거래량:2,640 | 🔴회피(4단계패턴없음) | 신뢰도:0%
    12:27→12:30: 종가:7,990 | 거래량:3,566 | 🔴회피(4단계패턴없음) | 신뢰도:0%
    12:30→12:33: 종가:7,970 | 거래량:4,107 | 🔴회피(4단계패턴없음) | 신뢰도:0%
    12:33→12:36: 종가:7,970 | 거래량:1,496 | 🔴회피(4단계패턴없음) | 신뢰도:0%
    12:36→12:39: 종가:7,940 | 거래량:9,504 | 🔴회피(4단계패턴없음) | 신뢰도:0%
    12:39→12:42: 종가:7,950 | 거래량:5,446 | 🔴회피(4단계패턴없음) | 신뢰도:0%
    12:42→12:45: 종가:7,980 | 거래량:7,682 | 🔴회피(4단계패턴없음) | 신뢰도:0%
    12:45→12:48: 종가:7,980 | 거래량:1,885 | 🔴회피(4단계패턴없음) | 신뢰도:0%
    12:48→12:51: 종가:8,010 | 거래량:25,604 | 🔴회피(4단계패턴없음) | 신뢰도:0%
    12:51→12:54: 종가:8,040 | 거래량:8,851 | 🔴회피(4단계패턴없음) | 신뢰도:0%
    12:54→12:57: 종가:8,050 | 거래량:4,428 | 🔴회피(4단계패턴없음) | 신뢰도:0%
    12:57→13:00: 종가:8,020 | 거래량:4,536 | 🔴회피(4단계패턴없음) | 신뢰도:0%
    13:00→13:03: 종가:8,020 | 거래량:4,861 | 🔴회피(4단계패턴없음) | 신뢰도:0%
    13:03→13:06: 종가:8,030 | 거래량:2,277 | 🔴회피(4단계패턴없음) | 신뢰도:0%
    13:06→13:09: 종가:8,090 | 거래량:8,215 | 🔴회피(4단계패턴없음) | 신뢰도:0%
    13:09→13:12: 종가:8,070 | 거래량:7,095 | 🔴회피(4단계패턴없음) | 신뢰도:0%
    13:12→13:15: 종가:8,060 | 거래량:4,188 | 🔴회피(4단계패턴없음) | 신뢰도:0%
    13:15→13:18: 종가:8,040 | 거래량:4,991 | 🔴회피(4단계패턴없음) | 신뢰도:0%
    13:18→13:21: 종가:8,060 | 거래량:4,520 | 🔴회피(4단계패턴없음) | 신뢰도:0%
    13:21→13:24: 종가:8,050 | 거래량:6,259 | 🔴회피(4단계패턴없음) | 신뢰도:0%
    13:24→13:27: 종가:8,060 | 거래량:3,712 | 🔴회피(4단계패턴없음) | 신뢰도:0%
    13:27→13:30: 종가:8,040 | 거래량:6,507 | 🔴회피(4단계패턴없음) | 신뢰도:0%
    13:30→13:33: 종가:8,060 | 거래량:3,196 | 🔴회피(4단계패턴없음) | 신뢰도:0%
    13:33→13:36: 종가:8,050 | 거래량:11,789 | 🔴회피(4단계패턴없음) | 신뢰도:0%
    13:36→13:39: 종가:8,020 | 거래량:13,393 | 🔴회피(4단계패턴없음) | 신뢰도:0%
    13:39→13:42: 종가:8,040 | 거래량:2,123 | 🔴회피(4단계패턴없음) | 신뢰도:0%
    13:42→13:45: 종가:8,040 | 거래량:3,339 | 🔴회피(4단계패턴없음) | 신뢰도:0%
    13:45→13:48: 종가:8,030 | 거래량:3,316 | 🔴회피(4단계패턴없음) | 신뢰도:0%
    13:48→13:51: 종가:8,020 | 거래량:2,290 | 🔴회피(4단계패턴없음) | 신뢰도:0%
    13:51→13:54: 종가:8,030 | 거래량:1,865 | 🔴회피(4단계패턴없음) | 신뢰도:0%
    13:54→13:57: 종가:8,030 | 거래량:1,593 | 🔴회피(4단계패턴없음) | 신뢰도:0%
    13:57→14:00: 종가:8,040 | 거래량:2,877 | 🔴회피(4단계패턴없음) | 신뢰도:0%
    14:00→14:03: 종가:8,030 | 거래량:3,140 | 🔴회피(4단계패턴없음) | 신뢰도:0%
    14:03→14:06: 종가:8,040 | 거래량:3,146 | 🔴회피(4단계패턴없음) | 신뢰도:0%
    14:06→14:09: 종가:8,050 | 거래량:1,582 | 🔴회피(4단계패턴없음) | 신뢰도:0%
    14:09→14:12: 종가:8,050 | 거래량:6,258 | 🔴회피(4단계패턴없음) | 신뢰도:0%
    14:12→14:15: 종가:8,040 | 거래량:2,813 | 🔴회피(4단계패턴없음) | 신뢰도:0%
    14:15→14:18: 종가:8,060 | 거래량:3,159 | 🔴회피(4단계패턴없음) | 신뢰도:0%
    14:18→14:21: 종가:8,070 | 거래량:2,845 | 🔴회피(4단계패턴없음) | 신뢰도:0%
    14:21→14:24: 종가:8,050 | 거래량:5,677 | 🔴회피(4단계패턴없음) | 신뢰도:0%
    14:24→14:27: 종가:8,070 | 거래량:2,878 | 🔴회피(4단계패턴없음) | 신뢰도:0%
    14:27→14:30: 종가:8,060 | 거래량:3,225 | 🔴회피(4단계패턴없음) | 신뢰도:0%
    14:30→14:33: 종가:8,050 | 거래량:2,407 | 🔴회피(4단계패턴없음) | 신뢰도:0%
    14:33→14:36: 종가:8,080 | 거래량:4,226 | 🔴회피(4단계패턴없음) | 신뢰도:0%
    14:36→14:39: 종가:8,090 | 거래량:3,836 | 🔴회피(4단계패턴없음) | 신뢰도:0%
    14:39→14:42: 종가:8,080 | 거래량:2,189 | 🔴회피(4단계패턴없음) | 신뢰도:0%
    14:42→14:45: 종가:8,090 | 거래량:3,624 | 🔴회피(4단계패턴없음) | 신뢰도:0%
    14:45→14:48: 종가:8,100 | 거래량:4,065 | 🔴회피(4단계패턴없음) | 신뢰도:0%
    14:48→14:51: 종가:8,080 | 거래량:5,757 | 🔴회피(4단계패턴없음) | 신뢰도:0%
    14:51→14:54: 종가:8,090 | 거래량:3,979 | 🔴회피(4단계패턴없음) | 신뢰도:0%
    14:54→14:57: 종가:8,090 | 거래량:14,706 | 🔴회피(4단계패턴없음) | 신뢰도:0%
    14:57→15:00: 종가:8,110 | 거래량:7,287 | 🔴회피(4단계패턴없음) | 신뢰도:0%
    15:00→15:03: 종가:8,110 | 거래량:6,602 | 🔴회피(4단계패턴없음) | 신뢰도:0%
    15:03→15:06: 종가:8,110 | 거래량:7,958 | 🔴회피(4단계패턴없음) | 신뢰도:0%
    15:06→15:09: 종가:8,110 | 거래량:5,621 | 🔴회피(4단계패턴없음) | 신뢰도:0%
    15:09→15:12: 종가:8,100 | 거래량:11,946 | 🔴회피(4단계패턴없음) | 신뢰도:0%
    15:12→15:15: 종가:8,120 | 거래량:6,530 | 🔴회피(4단계패턴없음) | 신뢰도:0%
    15:15→15:18: 종가:8,140 | 거래량:28,824 | 🔴회피(4단계패턴없음) | 신뢰도:0%
    15:18→15:21: 종가:8,130 | 거래량:4,964 | 🔴회피(4단계패턴없음) | 신뢰도:0%

=== 389650 - 20251202 눌림목(3분) 신호 재현 ===
  selection_date: 2025-12-02 09:03:48
  승패: 0승 0패
  selection_date 이후 승패: 0승 0패
  매매신호:
    없음
  체결 시뮬레이션:
    없음
  매수 못한 기회:
    없음

  🔍 상세 3분봉 분석 (09:00~15:30):
    09:00→09:03: 데이터부족
    09:03→09:06: 데이터부족
    09:06→09:09: 데이터부족
    09:09→09:12: 데이터부족
    09:12→09:15: 종가:93,300 | 거래량:3,903 | 🔴회피(4단계패턴없음) | 신뢰도:0%
    09:15→09:18: 종가:93,300 | 거래량:6,921 | 🔴회피(4단계패턴없음) | 신뢰도:0%
    09:18→09:21: 종가:91,900 | 거래량:4,033 | 🔴회피(4단계패턴없음) | 신뢰도:0%
    09:21→09:24: 종가:91,400 | 거래량:4,744 | 🔴회피(4단계패턴없음) | 신뢰도:0%
    09:24→09:27: 종가:91,900 | 거래량:2,610 | 🔴회피(4단계패턴없음) | 신뢰도:0%
    09:27→09:30: 종가:92,000 | 거래량:3,328 | 🔴회피(4단계패턴없음) | 신뢰도:0%
    09:30→09:33: 종가:91,500 | 거래량:1,569 | 🔴회피(4단계패턴없음) | 신뢰도:0%
    09:33→09:36: 종가:91,400 | 거래량:1,509 | 🔴회피(4단계패턴없음) | 신뢰도:0%
    09:36→09:39: 종가:89,500 | 거래량:3,972 | 🔴회피(위험신호: BISECTOR_BREAK) | 신뢰도:0%
    09:39→09:42: 종가:89,400 | 거래량:3,088 | 🔴회피(위험신호: BISECTOR_BREAK) | 신뢰도:0%
    09:42→09:45: 종가:89,800 | 거래량:2,969 | 🔴회피(위험신호: BISECTOR_BREAK) | 신뢰도:0%
    09:45→09:48: 종가:90,100 | 거래량:1,331 | 🔴회피(위험신호: BISECTOR_BREAK) | 신뢰도:0%
    09:48→09:51: 종가:89,800 | 거래량:928 | 🔴회피(위험신호: BISECTOR_BREAK) | 신뢰도:0%
    09:51→09:54: 종가:90,800 | 거래량:1,925 | 🟢강매수 | 신뢰도:93%
    09:54→09:57: 종가:90,300 | 거래량:2,281 | 🔴회피(위험신호: BISECTOR_BREAK) | 신뢰도:0%
    09:57→10:00: 종가:90,500 | 거래량:1,149 | 🔴회피(이등분선아래) | 신뢰도:0%
    10:00→10:03: 종가:90,400 | 거래량:1,432 | 🔴회피(이등분선아래) | 신뢰도:0%
    10:03→10:06: 종가:90,600 | 거래량:781 | 🔴회피(4단계패턴없음) | 신뢰도:0%
    10:06→10:09: 종가:90,600 | 거래량:855 | 🔴회피(4단계패턴없음) | 신뢰도:0%
    10:09→10:12: 종가:90,300 | 거래량:795 | 🔴회피(위험신호: BISECTOR_BREAK) | 신뢰도:0%
    10:12→10:15: 종가:89,900 | 거래량:892 | 🔴회피(위험신호: BISECTOR_BREAK) | 신뢰도:0%
    10:15→10:18: 종가:89,800 | 거래량:667 | 🔴회피(위험신호: BISECTOR_BREAK) | 신뢰도:0%
    10:18→10:21: 종가:90,000 | 거래량:523 | 🔴회피(위험신호: BISECTOR_BREAK) | 신뢰도:0%
    10:21→10:24: 종가:90,300 | 거래량:739 | 🔴회피(위험신호: BISECTOR_BREAK) | 신뢰도:0%
    10:24→10:27: 종가:90,400 | 거래량:1,173 | 🔴회피(이등분선아래) | 신뢰도:0%
    10:27→10:30: 종가:90,000 | 거래량:798 | 🔴회피(위험신호: BISECTOR_BREAK) | 신뢰도:0%
    10:30→10:33: 종가:89,800 | 거래량:673 | 🔴회피(위험신호: BISECTOR_BREAK) | 신뢰도:0%
    10:33→10:36: 종가:89,900 | 거래량:1,228 | 🔴회피(위험신호: BISECTOR_BREAK) | 신뢰도:0%
    10:36→10:39: 종가:90,200 | 거래량:956 | 🔴회피(위험신호: BISECTOR_BREAK) | 신뢰도:0%
    10:39→10:42: 종가:89,900 | 거래량:948 | 🔴회피(위험신호: BISECTOR_BREAK) | 신뢰도:0%
    10:42→10:45: 종가:90,000 | 거래량:367 | 🔴회피(위험신호: BISECTOR_BREAK) | 신뢰도:0%
    10:45→10:48: 종가:89,600 | 거래량:1,080 | 🔴회피(위험신호: BISECTOR_BREAK) | 신뢰도:0%
    10:48→10:51: 종가:90,000 | 거래량:616 | 🔴회피(위험신호: BISECTOR_BREAK) | 신뢰도:0%
    10:51→10:54: 종가:90,000 | 거래량:800 | 🔴회피(위험신호: BISECTOR_BREAK) | 신뢰도:0%
    10:54→10:57: 종가:89,700 | 거래량:1,454 | 🔴회피(위험신호: BISECTOR_BREAK) | 신뢰도:0%
    10:57→11:00: 종가:89,900 | 거래량:592 | 🔴회피(위험신호: BISECTOR_BREAK) | 신뢰도:0%
    11:00→11:03: 종가:89,700 | 거래량:1,175 | 🔴회피(위험신호: BISECTOR_BREAK) | 신뢰도:0%
    11:03→11:06: 종가:90,100 | 거래량:745 | 🔴회피(위험신호: BISECTOR_BREAK) | 신뢰도:0%
    11:06→11:09: 종가:90,300 | 거래량:733 | 🔴회피(위험신호: BISECTOR_BREAK) | 신뢰도:0%
    11:09→11:12: 종가:90,300 | 거래량:549 | 🔴회피(위험신호: BISECTOR_BREAK) | 신뢰도:0%
    11:12→11:15: 종가:90,000 | 거래량:1,067 | 🔴회피(위험신호: BISECTOR_BREAK) | 신뢰도:0%
    11:15→11:18: 종가:89,500 | 거래량:4,104 | 🔴회피(위험신호: BISECTOR_BREAK) | 신뢰도:0%
    11:18→11:21: 종가:89,900 | 거래량:765 | 🔴회피(위험신호: BISECTOR_BREAK) | 신뢰도:0%
    11:21→11:24: 종가:89,800 | 거래량:750 | 🔴회피(위험신호: BISECTOR_BREAK) | 신뢰도:0%
    11:24→11:27: 종가:90,000 | 거래량:1,350 | 🔴회피(위험신호: BISECTOR_BREAK) | 신뢰도:0%
    11:27→11:30: 종가:90,000 | 거래량:865 | 🔴회피(위험신호: BISECTOR_BREAK) | 신뢰도:0%
    11:30→11:33: 종가:90,300 | 거래량:1,029 | 🔴회피(위험신호: BISECTOR_BREAK) | 신뢰도:0%
    11:33→11:36: 종가:90,300 | 거래량:1,317 | 🔴회피(위험신호: BISECTOR_BREAK) | 신뢰도:0%
    11:36→11:39: 종가:90,700 | 거래량:486 | 🔴회피(4단계패턴없음) | 신뢰도:0%
    11:39→11:42: 종가:90,800 | 거래량:2,730 | 🔴회피(4단계패턴없음) | 신뢰도:0%
    11:42→11:45: 종가:90,900 | 거래량:1,112 | 🔴회피(4단계패턴없음) | 신뢰도:0%
    11:45→11:48: 종가:91,000 | 거래량:737 | 🔴회피(4단계패턴없음) | 신뢰도:0%
    11:48→11:51: 종가:91,400 | 거래량:1,031 | 🔴회피(4단계패턴없음) | 신뢰도:0%
    11:51→11:54: 종가:91,100 | 거래량:725 | 🔴회피(4단계패턴없음) | 신뢰도:0%
    11:54→11:57: 종가:90,800 | 거래량:725 | 🔴회피(4단계패턴없음) | 신뢰도:0%
    11:57→12:00: 종가:90,500 | 거래량:1,326 | 🔴회피(이등분선아래) | 신뢰도:0%
    12:00→12:03: 종가:91,000 | 거래량:770 | 🔴회피(4단계패턴없음) | 신뢰도:0%
    12:03→12:06: 종가:91,600 | 거래량:1,214 | 🔴회피(4단계패턴없음) | 신뢰도:0%
    12:06→12:09: 종가:91,500 | 거래량:828 | 🔴회피(4단계패턴없음) | 신뢰도:0%
    12:09→12:12: 종가:91,500 | 거래량:547 | 🔴회피(4단계패턴없음) | 신뢰도:0%
    12:12→12:15: 종가:91,500 | 거래량:445 | 🔴회피(4단계패턴없음) | 신뢰도:0%
    12:15→12:18: 종가:91,800 | 거래량:1,202 | 🔴회피(4단계패턴없음) | 신뢰도:0%
    12:18→12:21: 종가:91,600 | 거래량:888 | 🔴회피(4단계패턴없음) | 신뢰도:0%
    12:21→12:24: 종가:91,900 | 거래량:3,176 | 🔴회피(4단계패턴없음) | 신뢰도:0%
    12:24→12:27: 종가:92,300 | 거래량:7,372 | 🔴회피(4단계패턴없음) | 신뢰도:0%
    12:27→12:30: 종가:92,200 | 거래량:886 | 🔴회피(4단계패턴없음) | 신뢰도:0%
    12:30→12:33: 종가:91,900 | 거래량:710 | 🔴회피(4단계패턴없음) | 신뢰도:0%
    12:33→12:36: 종가:91,800 | 거래량:550 | 🔴회피(4단계패턴없음) | 신뢰도:0%
    12:36→12:39: 종가:91,800 | 거래량:486 | 🔴회피(4단계패턴없음) | 신뢰도:0%
    12:39→12:42: 종가:91,700 | 거래량:462 | 🔴회피(4단계패턴없음) | 신뢰도:0%
    12:42→12:45: 종가:91,900 | 거래량:768 | 🔴회피(4단계패턴없음) | 신뢰도:0%
    12:45→12:48: 종가:92,100 | 거래량:649 | 🔴회피(4단계패턴없음) | 신뢰도:0%
    12:48→12:51: 종가:92,400 | 거래량:3,383 | 🔴회피(4단계패턴없음) | 신뢰도:0%
    12:51→12:54: 종가:91,900 | 거래량:1,180 | 🔴회피(4단계패턴없음) | 신뢰도:0%
    12:54→12:57: 종가:91,800 | 거래량:871 | 🔴회피(4단계패턴없음) | 신뢰도:0%
    12:57→13:00: 종가:91,600 | 거래량:689 | 🔴회피(4단계패턴없음) | 신뢰도:0%
    13:00→13:03: 종가:91,400 | 거래량:691 | 🔴회피(4단계패턴없음) | 신뢰도:0%
    13:03→13:06: 종가:91,800 | 거래량:957 | 🔴회피(4단계패턴없음) | 신뢰도:0%
    13:06→13:09: 종가:91,550 | 거래량:712 | 🔴회피(4단계패턴없음) | 신뢰도:0%
    13:09→13:12: 종가:91,700 | 거래량:583 | 🔴회피(4단계패턴없음) | 신뢰도:0%
    13:12→13:15: 종가:91,900 | 거래량:722 | 🔴회피(4단계패턴없음) | 신뢰도:0%
    13:15→13:18: 종가:91,900 | 거래량:841 | 🔴회피(4단계패턴없음) | 신뢰도:0%
    13:18→13:21: 종가:92,100 | 거래량:2,735 | 🔴회피(4단계패턴없음) | 신뢰도:0%
    13:21→13:24: 종가:92,200 | 거래량:644 | 🔴회피(4단계패턴없음) | 신뢰도:0%
    13:24→13:27: 종가:92,200 | 거래량:674 | 🔴회피(4단계패턴없음) | 신뢰도:0%
    13:27→13:30: 종가:92,300 | 거래량:859 | 🔴회피(4단계패턴없음) | 신뢰도:0%
    13:30→13:33: 종가:92,300 | 거래량:1,087 | 🔴회피(4단계패턴없음) | 신뢰도:0%
    13:33→13:36: 종가:92,200 | 거래량:486 | 🔴회피(4단계패턴없음) | 신뢰도:0%
    13:36→13:39: 종가:92,200 | 거래량:2,081 | 🔴회피(4단계패턴없음) | 신뢰도:0%
    13:39→13:42: 종가:92,200 | 거래량:475 | 🔴회피(4단계패턴없음) | 신뢰도:0%
    13:42→13:45: 종가:91,700 | 거래량:1,228 | 🔴회피(4단계패턴없음) | 신뢰도:0%
    13:45→13:48: 종가:91,500 | 거래량:749 | 🔴회피(4단계패턴없음) | 신뢰도:0%
    13:48→13:51: 종가:91,400 | 거래량:1,144 | 🔴회피(4단계패턴없음) | 신뢰도:0%
    13:51→13:54: 종가:91,800 | 거래량:862 | 🔴회피(4단계패턴없음) | 신뢰도:0%
    13:54→13:57: 종가:91,700 | 거래량:654 | 🔴회피(4단계패턴없음) | 신뢰도:0%
    13:57→14:00: 종가:92,200 | 거래량:1,563 | 🔴회피(4단계패턴없음) | 신뢰도:0%
    14:00→14:03: 종가:91,900 | 거래량:747 | 🔴회피(4단계패턴없음) | 신뢰도:0%
    14:03→14:06: 종가:92,200 | 거래량:760 | 🔴회피(4단계패턴없음) | 신뢰도:0%
    14:06→14:09: 종가:92,100 | 거래량:978 | 🔴회피(4단계패턴없음) | 신뢰도:0%
    14:09→14:12: 종가:92,400 | 거래량:2,399 | 🔴회피(4단계패턴없음) | 신뢰도:0%
    14:12→14:15: 종가:92,100 | 거래량:1,567 | 🔴회피(4단계패턴없음) | 신뢰도:0%
    14:15→14:18: 종가:92,000 | 거래량:730 | 🔴회피(4단계패턴없음) | 신뢰도:0%
    14:18→14:21: 종가:92,300 | 거래량:509 | 🔴회피(4단계패턴없음) | 신뢰도:0%
    14:21→14:24: 종가:92,600 | 거래량:3,823 | 🔴회피(4단계패턴없음) | 신뢰도:0%
    14:24→14:27: 종가:92,500 | 거래량:2,609 | 🔴회피(4단계패턴없음) | 신뢰도:0%
    14:27→14:30: 종가:92,200 | 거래량:2,345 | 🔴회피(4단계패턴없음) | 신뢰도:0%
    14:30→14:33: 종가:92,300 | 거래량:718 | 🔴회피(4단계패턴없음) | 신뢰도:0%
    14:33→14:36: 종가:92,500 | 거래량:640 | 🔴회피(4단계패턴없음) | 신뢰도:0%
    14:36→14:39: 종가:92,600 | 거래량:997 | 🔴회피(4단계패턴없음) | 신뢰도:0%
    14:39→14:42: 종가:93,000 | 거래량:2,348 | 🔴회피(4단계패턴없음) | 신뢰도:0%
    14:42→14:45: 종가:92,800 | 거래량:3,541 | 🔴회피(4단계패턴없음) | 신뢰도:0%
    14:45→14:48: 종가:92,900 | 거래량:1,776 | 🔴회피(4단계패턴없음) | 신뢰도:0%
    14:48→14:51: 종가:93,800 | 거래량:24,143 | 🔴회피(4단계패턴없음) | 신뢰도:0%
    14:51→14:54: 종가:93,300 | 거래량:2,563 | 🔴회피(4단계패턴없음) | 신뢰도:0%
    14:54→14:57: 종가:93,200 | 거래량:1,388 | 🔴회피(4단계패턴없음) | 신뢰도:0%
    14:57→15:00: 종가:93,200 | 거래량:1,651 | 🔴회피(4단계패턴없음) | 신뢰도:0%
    15:00→15:03: 종가:93,100 | 거래량:1,054 | 🔴회피(4단계패턴없음) | 신뢰도:0%
    15:03→15:06: 종가:93,400 | 거래량:953 | 🔴회피(4단계패턴없음) | 신뢰도:0%
    15:06→15:09: 종가:93,100 | 거래량:1,700 | 🔴회피(4단계패턴없음) | 신뢰도:0%
    15:09→15:12: 종가:92,900 | 거래량:1,566 | 🔴회피(4단계패턴없음) | 신뢰도:0%
    15:12→15:15: 종가:93,000 | 거래량:798 | 🔴회피(4단계패턴없음) | 신뢰도:0%
    15:15→15:18: 종가:93,000 | 거래량:3,271 | 🔴회피(4단계패턴없음) | 신뢰도:0%
    15:18→15:21: 종가:93,200 | 거래량:1,103 | 🔴회피(4단계패턴없음) | 신뢰도:0%

=== 237690 - 20251202 눌림목(3분) 신호 재현 ===
  selection_date: 2025-12-02 09:08:00
  승패: 0승 0패
  selection_date 이후 승패: 0승 0패
  매매신호:
    없음
  체결 시뮬레이션:
    없음
  매수 못한 기회:
    없음

  🔍 상세 3분봉 분석 (09:00~15:30):
    09:00→09:03: 데이터부족
    09:03→09:06: 데이터부족
    09:06→09:09: 데이터부족
    09:09→09:12: 데이터부족
    09:12→09:15: 종가:116,800 | 거래량:4,960 | 🔴회피(이등분선아래) | 신뢰도:0%
    09:15→09:18: 종가:116,200 | 거래량:6,024 | 🔴회피(위험신호: BISECTOR_BREAK) | 신뢰도:0%
    09:18→09:21: 종가:116,600 | 거래량:1,904 | 🔴회피(위험신호: BISECTOR_BREAK) | 신뢰도:0%
    09:21→09:24: 종가:116,200 | 거래량:1,945 | 🔴회피(위험신호: BISECTOR_BREAK) | 신뢰도:0%
    09:24→09:27: 종가:115,600 | 거래량:7,133 | 🔴회피(위험신호: BISECTOR_BREAK) | 신뢰도:0%
    09:27→09:30: 종가:115,900 | 거래량:4,136 | 🔴회피(위험신호: BISECTOR_BREAK) | 신뢰도:0%
    09:30→09:33: 종가:115,600 | 거래량:6,518 | 🔴회피(위험신호: BISECTOR_BREAK) | 신뢰도:0%
    09:33→09:36: 종가:116,300 | 거래량:2,077 | 🔴회피(위험신호: BISECTOR_BREAK) | 신뢰도:0%
    09:36→09:39: 종가:116,600 | 거래량:1,925 | 🔴회피(당일시가이하(시가:116700)) | 신뢰도:0%
    09:39→09:42: 종가:116,200 | 거래량:1,153 | 🔴회피(위험신호: BISECTOR_BREAK) | 신뢰도:0%
    09:42→09:45: 종가:116,400 | 거래량:1,428 | 🔴회피(당일시가이하(시가:116700)) | 신뢰도:0%
    09:45→09:48: 종가:116,600 | 거래량:860 | 🔴회피(당일시가이하(시가:116700)) | 신뢰도:0%
    09:48→09:51: 종가:116,800 | 거래량:1,252 | 🔴회피(시가대비0.1%상승(2%미만차단)) | 신뢰도:0%
    09:51→09:54: 종가:117,000 | 거래량:943 | 🔴회피(시가대비0.3%상승(2%미만차단)) | 신뢰도:0%
    09:54→09:57: 종가:117,400 | 거래량:1,345 | 🔴회피(시가대비0.6%상승(2%미만차단)) | 신뢰도:0%
    09:57→10:00: 종가:117,700 | 거래량:3,083 | 🔴회피(시가대비0.9%상승(2%미만차단)) | 신뢰도:0%
    10:00→10:03: 종가:117,700 | 거래량:2,504 | 🔴회피(시가대비0.9%상승(2%미만차단)) | 신뢰도:0%
    10:03→10:06: 종가:117,200 | 거래량:1,917 | 🔴회피(시가대비0.4%상승(2%미만차단)) | 신뢰도:0%
    10:06→10:09: 종가:117,200 | 거래량:2,253 | 🔴회피(시가대비0.4%상승(2%미만차단)) | 신뢰도:0%
    10:09→10:12: 종가:117,100 | 거래량:1,201 | 🔴회피(시가대비0.3%상승(2%미만차단)) | 신뢰도:0%
    10:12→10:15: 종가:116,800 | 거래량:505 | 🔴회피(시가대비0.1%상승(2%미만차단)) | 신뢰도:0%
    10:15→10:18: 종가:117,200 | 거래량:400 | 🔴회피(시가대비0.4%상승(2%미만차단)) | 신뢰도:0%
    10:18→10:21: 종가:117,200 | 거래량:389 | 🔴회피(시가대비0.4%상승(2%미만차단)) | 신뢰도:0%
    10:21→10:24: 종가:117,200 | 거래량:660 | 🔴회피(시가대비0.4%상승(2%미만차단)) | 신뢰도:0%
    10:24→10:27: 종가:117,000 | 거래량:863 | 🔴회피(시가대비0.3%상승(2%미만차단)) | 신뢰도:0%
    10:27→10:30: 종가:116,900 | 거래량:1,709 | 🔴회피(시가대비0.2%상승(2%미만차단)) | 신뢰도:0%
    10:30→10:33: 종가:117,300 | 거래량:474 | 🔴회피(시가대비0.5%상승(2%미만차단)) | 신뢰도:0%
    10:33→10:36: 종가:117,200 | 거래량:821 | 🔴회피(시가대비0.4%상승(2%미만차단)) | 신뢰도:0%
    10:36→10:39: 종가:117,200 | 거래량:470 | 🔴회피(시가대비0.4%상승(2%미만차단)) | 신뢰도:0%
    10:39→10:42: 종가:117,100 | 거래량:776 | 🔴회피(시가대비0.3%상승(2%미만차단)) | 신뢰도:0%
    10:42→10:45: 종가:117,000 | 거래량:956 | 🔴회피(시가대비0.3%상승(2%미만차단)) | 신뢰도:0%
    10:45→10:48: 종가:117,000 | 거래량:1,290 | 🔴회피(시가대비0.3%상승(2%미만차단)) | 신뢰도:0%
    10:48→10:51: 종가:117,000 | 거래량:414 | 🔴회피(시가대비0.3%상승(2%미만차단)) | 신뢰도:0%
    10:51→10:54: 종가:117,300 | 거래량:925 | 🔴회피(시가대비0.5%상승(2%미만차단)) | 신뢰도:0%
    10:54→10:57: 종가:117,200 | 거래량:669 | 🔴회피(시가대비0.4%상승(2%미만차단)) | 신뢰도:0%
    10:57→11:00: 종가:117,100 | 거래량:616 | 🔴회피(시가대비0.3%상승(2%미만차단)) | 신뢰도:0%
    11:00→11:03: 종가:116,900 | 거래량:1,606 | 🔴회피(시가대비0.2%상승(2%미만차단)) | 신뢰도:0%
    11:03→11:06: 종가:117,400 | 거래량:1,432 | 🔴회피(시가대비0.6%상승(2%미만차단)) | 신뢰도:0%
    11:06→11:09: 종가:117,400 | 거래량:713 | 🔴회피(시가대비0.6%상승(2%미만차단)) | 신뢰도:0%
    11:09→11:12: 종가:117,700 | 거래량:702 | 🔴회피(시가대비0.9%상승(2%미만차단)) | 신뢰도:0%
    11:12→11:15: 종가:117,500 | 거래량:975 | 🔴회피(시가대비0.7%상승(2%미만차단)) | 신뢰도:0%
    11:15→11:18: 종가:117,800 | 거래량:882 | 🔴회피(시가대비0.9%상승(2%미만차단)) | 신뢰도:0%
    11:18→11:21: 종가:117,400 | 거래량:2,303 | 🔴회피(시가대비0.6%상승(2%미만차단)) | 신뢰도:0%
    11:21→11:24: 종가:117,400 | 거래량:645 | 🔴회피(시가대비0.6%상승(2%미만차단)) | 신뢰도:0%
    11:24→11:27: 종가:117,300 | 거래량:571 | 🔴회피(시가대비0.5%상승(2%미만차단)) | 신뢰도:0%
    11:27→11:30: 종가:117,300 | 거래량:956 | 🔴회피(시가대비0.5%상승(2%미만차단)) | 신뢰도:0%
    11:30→11:33: 종가:117,700 | 거래량:1,537 | 🔴회피(시가대비0.9%상승(2%미만차단)) | 신뢰도:0%
    11:33→11:36: 종가:117,800 | 거래량:655 | 🔴회피(시가대비0.9%상승(2%미만차단)) | 신뢰도:0%
    11:36→11:39: 종가:118,000 | 거래량:1,019 | 🔴회피(시가대비1.1%상승(2%미만차단)) | 신뢰도:0%
    11:39→11:42: 종가:118,000 | 거래량:646 | 🔴회피(시가대비1.1%상승(2%미만차단)) | 신뢰도:0%
    11:42→11:45: 종가:118,300 | 거래량:2,470 | 🔴회피(시가대비1.4%상승(2%미만차단)) | 신뢰도:0%
    11:45→11:48: 종가:118,400 | 거래량:1,449 | 🔴회피(시가대비1.5%상승(2%미만차단)) | 신뢰도:0%
    11:48→11:51: 종가:118,300 | 거래량:1,188 | 🔴회피(시가대비1.4%상승(2%미만차단)) | 신뢰도:0%
    11:51→11:54: 종가:118,200 | 거래량:851 | 🔴회피(시가대비1.3%상승(2%미만차단)) | 신뢰도:0%
    11:54→11:57: 종가:118,100 | 거래량:830 | 🔴회피(시가대비1.2%상승(2%미만차단)) | 신뢰도:0%
    11:57→12:00: 종가:118,100 | 거래량:961 | 🔴회피(시가대비1.2%상승(2%미만차단)) | 신뢰도:0%
    12:00→12:03: 종가:118,200 | 거래량:1,298 | 🔴회피(시가대비1.3%상승(2%미만차단)) | 신뢰도:0%
    12:03→12:06: 종가:118,000 | 거래량:882 | 🔴회피(시가대비1.1%상승(2%미만차단)) | 신뢰도:0%
    12:06→12:09: 종가:118,300 | 거래량:650 | 🔴회피(시가대비1.4%상승(2%미만차단)) | 신뢰도:0%
    12:09→12:12: 종가:117,900 | 거래량:1,762 | 🔴회피(시가대비1.0%상승(2%미만차단)) | 신뢰도:0%
    12:12→12:15: 종가:118,000 | 거래량:783 | 🔴회피(시가대비1.1%상승(2%미만차단)) | 신뢰도:0%
    12:15→12:18: 종가:118,200 | 거래량:1,082 | 🔴회피(시가대비1.3%상승(2%미만차단)) | 신뢰도:0%
    12:18→12:21: 종가:118,200 | 거래량:1,650 | 🔴회피(시가대비1.3%상승(2%미만차단)) | 신뢰도:0%
    12:21→12:24: 종가:118,200 | 거래량:158 | 🔴회피(시가대비1.3%상승(2%미만차단)) | 신뢰도:0%
    12:24→12:27: 종가:118,400 | 거래량:1,054 | 🔴회피(시가대비1.5%상승(2%미만차단)) | 신뢰도:0%
    12:27→12:30: 종가:118,200 | 거래량:1,364 | 🔴회피(시가대비1.3%상승(2%미만차단)) | 신뢰도:0%
    12:30→12:33: 종가:118,200 | 거래량:399 | 🔴회피(시가대비1.3%상승(2%미만차단)) | 신뢰도:0%
    12:33→12:36: 종가:118,100 | 거래량:530 | 🔴회피(시가대비1.2%상승(2%미만차단)) | 신뢰도:0%
    12:36→12:39: 종가:118,100 | 거래량:537 | 🔴회피(시가대비1.2%상승(2%미만차단)) | 신뢰도:0%
    12:39→12:42: 종가:118,300 | 거래량:718 | 🔴회피(시가대비1.4%상승(2%미만차단)) | 신뢰도:0%
    12:42→12:45: 종가:118,400 | 거래량:583 | 🔴회피(시가대비1.5%상승(2%미만차단)) | 신뢰도:0%
    12:45→12:48: 종가:118,500 | 거래량:657 | 🔴회피(시가대비1.5%상승(2%미만차단)) | 신뢰도:0%
    12:48→12:51: 종가:118,400 | 거래량:1,453 | 🔴회피(시가대비1.5%상승(2%미만차단)) | 신뢰도:0%
    12:51→12:54: 종가:118,300 | 거래량:1,112 | 🔴회피(시가대비1.4%상승(2%미만차단)) | 신뢰도:0%
    12:54→12:57: 종가:118,200 | 거래량:1,423 | 🔴회피(시가대비1.3%상승(2%미만차단)) | 신뢰도:0%
    12:57→13:00: 종가:118,100 | 거래량:726 | 🔴회피(시가대비1.2%상승(2%미만차단)) | 신뢰도:0%
    13:00→13:03: 종가:117,600 | 거래량:2,301 | 🔴회피(시가대비0.8%상승(2%미만차단)) | 신뢰도:0%
    13:03→13:06: 종가:117,900 | 거래량:727 | 🔴회피(시가대비1.0%상승(2%미만차단)) | 신뢰도:0%
    13:06→13:09: 종가:118,000 | 거래량:805 | 🔴회피(시가대비1.1%상승(2%미만차단)) | 신뢰도:0%
    13:09→13:12: 종가:117,900 | 거래량:597 | 🔴회피(시가대비1.0%상승(2%미만차단)) | 신뢰도:0%
    13:12→13:15: 종가:117,700 | 거래량:1,076 | 🔴회피(시가대비0.9%상승(2%미만차단)) | 신뢰도:0%
    13:15→13:18: 종가:117,800 | 거래량:556 | 🔴회피(시가대비0.9%상승(2%미만차단)) | 신뢰도:0%
    13:18→13:21: 종가:117,800 | 거래량:753 | 🔴회피(시가대비0.9%상승(2%미만차단)) | 신뢰도:0%
    13:21→13:24: 종가:117,600 | 거래량:892 | 🔴회피(시가대비0.8%상승(2%미만차단)) | 신뢰도:0%
    13:24→13:27: 종가:117,900 | 거래량:543 | 🔴회피(시가대비1.0%상승(2%미만차단)) | 신뢰도:0%
    13:27→13:30: 종가:118,000 | 거래량:864 | 🔴회피(시가대비1.1%상승(2%미만차단)) | 신뢰도:0%
    13:30→13:33: 종가:117,800 | 거래량:791 | 🔴회피(시가대비0.9%상승(2%미만차단)) | 신뢰도:0%
    13:33→13:36: 종가:117,800 | 거래량:606 | 🔴회피(시가대비0.9%상승(2%미만차단)) | 신뢰도:0%
    13:36→13:39: 종가:117,600 | 거래량:1,219 | 🔴회피(시가대비0.8%상승(2%미만차단)) | 신뢰도:0%
    13:39→13:42: 종가:117,700 | 거래량:465 | 🔴회피(시가대비0.9%상승(2%미만차단)) | 신뢰도:0%
    13:42→13:45: 종가:117,400 | 거래량:1,180 | 🔴회피(시가대비0.6%상승(2%미만차단)) | 신뢰도:0%
    13:45→13:48: 종가:117,700 | 거래량:1,626 | 🔴회피(시가대비0.9%상승(2%미만차단)) | 신뢰도:0%
    13:48→13:51: 종가:117,400 | 거래량:1,433 | 🔴회피(시가대비0.6%상승(2%미만차단)) | 신뢰도:0%
    13:51→13:54: 종가:117,600 | 거래량:1,133 | 🔴회피(시가대비0.8%상승(2%미만차단)) | 신뢰도:0%
    13:54→13:57: 종가:117,600 | 거래량:637 | 🔴회피(시가대비0.8%상승(2%미만차단)) | 신뢰도:0%
    13:57→14:00: 종가:117,600 | 거래량:840 | 🔴회피(시가대비0.8%상승(2%미만차단)) | 신뢰도:0%
    14:00→14:03: 종가:117,600 | 거래량:708 | 🔴회피(시가대비0.8%상승(2%미만차단)) | 신뢰도:0%
    14:03→14:06: 종가:117,500 | 거래량:647 | 🔴회피(시가대비0.7%상승(2%미만차단)) | 신뢰도:0%
    14:06→14:09: 종가:117,500 | 거래량:943 | 🔴회피(시가대비0.7%상승(2%미만차단)) | 신뢰도:0%
    14:09→14:12: 종가:117,500 | 거래량:827 | 🔴회피(시가대비0.7%상승(2%미만차단)) | 신뢰도:0%
    14:12→14:15: 종가:117,500 | 거래량:848 | 🔴회피(시가대비0.7%상승(2%미만차단)) | 신뢰도:0%
    14:15→14:18: 종가:117,300 | 거래량:1,109 | 🔴회피(시가대비0.5%상승(2%미만차단)) | 신뢰도:0%
    14:18→14:21: 종가:117,600 | 거래량:678 | 🔴회피(시가대비0.8%상승(2%미만차단)) | 신뢰도:0%
    14:21→14:24: 종가:117,400 | 거래량:757 | 🔴회피(시가대비0.6%상승(2%미만차단)) | 신뢰도:0%
    14:24→14:27: 종가:117,600 | 거래량:1,290 | 🔴회피(시가대비0.8%상승(2%미만차단)) | 신뢰도:0%
    14:27→14:30: 종가:117,300 | 거래량:853 | 🔴회피(시가대비0.5%상승(2%미만차단)) | 신뢰도:0%
    14:30→14:33: 종가:117,200 | 거래량:563 | 🔴회피(시가대비0.4%상승(2%미만차단)) | 신뢰도:0%
    14:33→14:36: 종가:117,400 | 거래량:824 | 🔴회피(시가대비0.6%상승(2%미만차단)) | 신뢰도:0%
    14:36→14:39: 종가:117,800 | 거래량:1,088 | 🔴회피(시가대비0.9%상승(2%미만차단)) | 신뢰도:0%
    14:39→14:42: 종가:117,800 | 거래량:960 | 🔴회피(시가대비0.9%상승(2%미만차단)) | 신뢰도:0%
    14:42→14:45: 종가:117,500 | 거래량:1,973 | 🔴회피(시가대비0.7%상승(2%미만차단)) | 신뢰도:0%
    14:45→14:48: 종가:117,700 | 거래량:933 | 🔴회피(시가대비0.9%상승(2%미만차단)) | 신뢰도:0%
    14:48→14:51: 종가:117,800 | 거래량:475 | 🔴회피(시가대비0.9%상승(2%미만차단)) | 신뢰도:0%
    14:51→14:54: 종가:117,800 | 거래량:1,082 | 🔴회피(시가대비0.9%상승(2%미만차단)) | 신뢰도:0%
    14:54→14:57: 종가:117,700 | 거래량:636 | 🔴회피(시가대비0.9%상승(2%미만차단)) | 신뢰도:0%
    14:57→15:00: 종가:117,800 | 거래량:761 | 🔴회피(시가대비0.9%상승(2%미만차단)) | 신뢰도:0%
    15:00→15:03: 종가:117,800 | 거래량:598 | 🔴회피(시가대비0.9%상승(2%미만차단)) | 신뢰도:0%
    15:03→15:06: 종가:117,700 | 거래량:688 | 🔴회피(시가대비0.9%상승(2%미만차단)) | 신뢰도:0%
    15:06→15:09: 종가:117,600 | 거래량:607 | 🔴회피(시가대비0.8%상승(2%미만차단)) | 신뢰도:0%
    15:09→15:12: 종가:117,400 | 거래량:1,400 | 🔴회피(시가대비0.6%상승(2%미만차단)) | 신뢰도:0%
    15:12→15:15: 종가:117,700 | 거래량:1,804 | 🔴회피(시가대비0.9%상승(2%미만차단)) | 신뢰도:0%
    15:15→15:18: 종가:117,600 | 거래량:1,289 | 🔴회피(시가대비0.8%상승(2%미만차단)) | 신뢰도:0%
    15:18→15:21: 종가:117,800 | 거래량:957 | 🔴회피(시가대비0.9%상승(2%미만차단)) | 신뢰도:0%

=== 115180 - 20251202 눌림목(3분) 신호 재현 ===
  selection_date: 2025-12-02 11:02:48
  승패: 0승 0패
  selection_date 이후 승패: 0승 0패
  매매신호:
    없음
  체결 시뮬레이션:
    없음
  매수 못한 기회:
    없음

  🔍 상세 3분봉 분석 (09:00~15:30):
    09:00→09:03: 데이터부족
    09:03→09:06: 데이터부족
    09:06→09:09: 데이터부족
    09:09→09:12: 데이터부족
    09:12→09:15: 종가:30,750 | 거래량:4,535 | 🔴회피(시가대비1.2%상승(2%미만차단)) | 신뢰도:0%
    09:15→09:18: 종가:30,300 | 거래량:5,137 | 🔴회피(위험신호: BISECTOR_BREAK) | 신뢰도:0%
    09:18→09:21: 종가:30,400 | 거래량:4,239 | 🔴회피(위험신호: BISECTOR_BREAK) | 신뢰도:0%
    09:21→09:24: 종가:30,450 | 거래량:1,167 | 🔴회피(위험신호: BISECTOR_BREAK) | 신뢰도:0%
    09:24→09:27: 종가:30,200 | 거래량:4,310 | 🔴회피(위험신호: BISECTOR_BREAK) | 신뢰도:0%
    09:27→09:30: 종가:30,300 | 거래량:1,294 | 🔴회피(위험신호: BISECTOR_BREAK) | 신뢰도:0%
    09:30→09:33: 종가:30,250 | 거래량:3,304 | 🔴회피(위험신호: BISECTOR_BREAK) | 신뢰도:0%
    09:33→09:36: 종가:30,450 | 거래량:2,360 | 🔴회피(위험신호: BISECTOR_BREAK) | 신뢰도:0%
    09:36→09:39: 종가:30,650 | 거래량:2,829 | 🔴회피(시가대비0.8%상승(2%미만차단)) | 신뢰도:0%
    09:39→09:42: 종가:30,650 | 거래량:2,071 | 🔴회피(시가대비0.8%상승(2%미만차단)) | 신뢰도:0%
    09:42→09:45: 종가:30,600 | 거래량:542 | 🔴회피(이등분선아래) | 신뢰도:0%
    09:45→09:48: 종가:30,600 | 거래량:68 | 🔴회피(이등분선아래) | 신뢰도:0%
    09:48→09:51: 종가:30,400 | 거래량:9,389 | 🔴회피(위험신호: LARGE_BEARISH_VOLUME) | 신뢰도:0%
    09:51→09:54: 종가:30,700 | 거래량:1,669 | 🔴회피(시가대비1.0%상승(2%미만차단)) | 신뢰도:0%
    09:54→09:57: 종가:30,950 | 거래량:5,245 | 🔴회피(시가대비1.8%상승(2%미만차단)) | 신뢰도:0%
    09:57→10:00: 종가:31,100 | 거래량:1,333 | 🔴회피(4단계패턴없음) | 신뢰도:0%
    10:00→10:03: 종가:31,100 | 거래량:1,070 | 🔴회피(4단계패턴없음) | 신뢰도:0%
    10:03→10:06: 종가:30,900 | 거래량:660 | 🔴회피(시가대비1.6%상승(2%미만차단)) | 신뢰도:0%
    10:06→10:09: 종가:30,600 | 거래량:1,738 | 🔴회피(이등분선아래) | 신뢰도:0%
    10:09→10:12: 종가:30,850 | 거래량:938 | 🔴회피(시가대비1.5%상승(2%미만차단)) | 신뢰도:0%
    10:12→10:15: 종가:30,900 | 거래량:1,202 | 🔴회피(시가대비1.6%상승(2%미만차단)) | 신뢰도:0%
    10:15→10:18: 종가:31,000 | 거래량:743 | 🔴회피(시가대비2.0%상승(2%미만차단)) | 신뢰도:0%
    10:18→10:21: 종가:31,100 | 거래량:630 | 🔴회피(4단계패턴없음) | 신뢰도:0%
    10:21→10:24: 종가:31,150 | 거래량:3,818 | 🔴회피(4단계패턴없음) | 신뢰도:0%
    10:24→10:27: 종가:31,100 | 거래량:1,733 | 🔴회피(4단계패턴없음) | 신뢰도:0%
    10:27→10:30: 종가:31,000 | 거래량:885 | 🔴회피(시가대비2.0%상승(2%미만차단)) | 신뢰도:0%
    10:30→10:33: 종가:31,100 | 거래량:606 | 🔴회피(4단계패턴없음) | 신뢰도:0%
    10:33→10:36: 종가:31,000 | 거래량:1,184 | 🔴회피(시가대비2.0%상승(2%미만차단)) | 신뢰도:0%
    10:36→10:39: 종가:30,950 | 거래량:294 | 🔴회피(시가대비1.8%상승(2%미만차단)) | 신뢰도:0%
    10:39→10:42: 종가:31,000 | 거래량:1,244 | 🔴회피(시가대비2.0%상승(2%미만차단)) | 신뢰도:0%
    10:42→10:45: 종가:30,950 | 거래량:1,214 | 🔴회피(시가대비1.8%상승(2%미만차단)) | 신뢰도:0%
    10:45→10:48: 종가:31,000 | 거래량:260 | 🔴회피(시가대비2.0%상승(2%미만차단)) | 신뢰도:0%
    10:48→10:51: 종가:30,950 | 거래량:1,134 | 🔴회피(시가대비1.8%상승(2%미만차단)) | 신뢰도:0%
    10:51→10:54: 종가:30,800 | 거래량:461 | 🔴회피(시가대비1.3%상승(2%미만차단)) | 신뢰도:0%
    10:54→10:57: 종가:31,100 | 거래량:9,720 | 🔴회피(4단계패턴없음) | 신뢰도:0%
    10:57→11:00: 종가:31,100 | 거래량:445 | 🔴회피(4단계패턴없음) | 신뢰도:0%
    11:00→11:03: 종가:31,250 | 거래량:1,769 | 🔴회피(4단계패턴없음) | 신뢰도:0%
    11:03→11:06: 종가:31,600 | 거래량:5,533 | 🔴회피(4단계패턴없음) | 신뢰도:0%
    11:06→11:09: 종가:31,650 | 거래량:2,733 | 🔴회피(4단계패턴없음) | 신뢰도:0%
    11:09→11:12: 종가:31,650 | 거래량:7,102 | 🔴회피(4단계패턴없음) | 신뢰도:0%
    11:12→11:15: 종가:31,500 | 거래량:2,088 | 🔴회피(4단계패턴없음) | 신뢰도:0%
    11:15→11:18: 종가:31,450 | 거래량:3,269 | 🔴회피(4단계패턴없음) | 신뢰도:0%
    11:18→11:21: 종가:31,400 | 거래량:3,872 | 🔴회피(4단계패턴없음) | 신뢰도:0%
    11:21→11:24: 종가:31,450 | 거래량:3,544 | 🔴회피(4단계패턴없음) | 신뢰도:0%
    11:24→11:27: 종가:31,400 | 거래량:1,337 | 🔴회피(4단계패턴없음) | 신뢰도:0%
    11:27→11:30: 종가:31,500 | 거래량:1,408 | 🔴회피(4단계패턴없음) | 신뢰도:0%
    11:30→11:33: 종가:31,450 | 거래량:272 | 🔴회피(4단계패턴없음) | 신뢰도:0%
    11:33→11:36: 종가:31,250 | 거래량:1,346 | 🔴회피(4단계패턴없음) | 신뢰도:0%
    11:36→11:39: 종가:31,200 | 거래량:1,493 | 🔴회피(4단계패턴없음) | 신뢰도:0%
    11:39→11:42: 종가:31,200 | 거래량:359 | 🔴회피(4단계패턴없음) | 신뢰도:0%
    11:42→11:45: 종가:31,250 | 거래량:565 | 🔴회피(4단계패턴없음) | 신뢰도:0%
    11:45→11:48: 종가:31,350 | 거래량:514 | 🔴회피(4단계패턴없음) | 신뢰도:0%
    11:48→11:51: 종가:31,500 | 거래량:3,287 | 🔴회피(4단계패턴없음) | 신뢰도:0%
    11:51→11:54: 종가:31,450 | 거래량:639 | 🔴회피(4단계패턴없음) | 신뢰도:0%
    11:54→11:57: 종가:31,400 | 거래량:520 | 🔴회피(4단계패턴없음) | 신뢰도:0%
    11:57→12:00: 종가:31,400 | 거래량:746 | 🔴회피(4단계패턴없음) | 신뢰도:0%
    12:00→12:03: 종가:31,350 | 거래량:82 | 🔴회피(4단계패턴없음) | 신뢰도:0%
    12:03→12:06: 종가:31,450 | 거래량:597 | 🔴회피(4단계패턴없음) | 신뢰도:0%
    12:06→12:09: 종가:31,300 | 거래량:287 | 🔴회피(4단계패턴없음) | 신뢰도:0%
    12:09→12:12: 종가:31,300 | 거래량:506 | 🔴회피(4단계패턴없음) | 신뢰도:0%
    12:12→12:15: 종가:31,250 | 거래량:316 | 🔴회피(4단계패턴없음) | 신뢰도:0%
    12:15→12:18: 종가:31,250 | 거래량:236 | 🔴회피(4단계패턴없음) | 신뢰도:0%
    12:18→12:21: 종가:31,250 | 거래량:169 | 🔴회피(4단계패턴없음) | 신뢰도:0%
    12:21→12:24: 종가:31,200 | 거래량:550 | 🔴회피(4단계패턴없음) | 신뢰도:0%
    12:24→12:27: 종가:31,250 | 거래량:101 | 🔴회피(4단계패턴없음) | 신뢰도:0%
    12:27→12:30: 종가:31,200 | 거래량:494 | 🔴회피(4단계패턴없음) | 신뢰도:0%
    12:30→12:33: 종가:31,150 | 거래량:1,253 | 🔴회피(4단계패턴없음) | 신뢰도:0%
    12:33→12:36: 종가:31,150 | 거래량:219 | 🔴회피(4단계패턴없음) | 신뢰도:0%
    12:36→12:39: 종가:31,050 | 거래량:764 | 🔴회피(4단계패턴없음) | 신뢰도:0%
    12:39→12:42: 종가:31,100 | 거래량:299 | 🔴회피(4단계패턴없음) | 신뢰도:0%
    12:42→12:45: 종가:31,050 | 거래량:1,686 | 🔴회피(4단계패턴없음) | 신뢰도:0%
    12:45→12:48: 종가:31,100 | 거래량:513 | 🔴회피(4단계패턴없음) | 신뢰도:0%
    12:48→12:51: 종가:31,300 | 거래량:2,665 | 🔴회피(4단계패턴없음) | 신뢰도:0%
    12:51→12:54: 종가:31,300 | 거래량:864 | 🔴회피(4단계패턴없음) | 신뢰도:0%
    12:54→12:57: 종가:31,250 | 거래량:443 | 🔴회피(4단계패턴없음) | 신뢰도:0%
    12:57→13:00: 종가:31,250 | 거래량:273 | 🔴회피(4단계패턴없음) | 신뢰도:0%
    13:00→13:03: 종가:31,300 | 거래량:691 | 🔴회피(4단계패턴없음) | 신뢰도:0%
    13:03→13:06: 종가:31,250 | 거래량:754 | 🔴회피(4단계패턴없음) | 신뢰도:0%
    13:06→13:09: 종가:31,250 | 거래량:843 | 🔴회피(4단계패턴없음) | 신뢰도:0%
    13:09→13:12: 종가:31,250 | 거래량:1,912 | 🔴회피(4단계패턴없음) | 신뢰도:0%
    13:12→13:15: 종가:31,050 | 거래량:243 | 🔴회피(4단계패턴없음) | 신뢰도:0%
    13:15→13:18: 종가:31,100 | 거래량:682 | 🔴회피(4단계패턴없음) | 신뢰도:0%
    13:18→13:21: 종가:31,000 | 거래량:502 | 🔴회피(시가대비2.0%상승(2%미만차단)) | 신뢰도:0%
    13:21→13:24: 종가:31,000 | 거래량:361 | 🔴회피(시가대비2.0%상승(2%미만차단)) | 신뢰도:0%
    13:24→13:27: 종가:31,200 | 거래량:1,627 | 🔴회피(4단계패턴없음) | 신뢰도:0%
    13:27→13:30: 종가:31,100 | 거래량:2,016 | 🔴회피(4단계패턴없음) | 신뢰도:0%
    13:30→13:33: 종가:31,200 | 거래량:971 | 🔴회피(4단계패턴없음) | 신뢰도:0%
    13:33→13:36: 종가:31,100 | 거래량:335 | 🔴회피(4단계패턴없음) | 신뢰도:0%
    13:36→13:39: 종가:31,125 | 거래량:253 | 🔴회피(4단계패턴없음) | 신뢰도:0%
    13:39→13:42: 종가:31,125 | 거래량:353 | 🔴회피(4단계패턴없음) | 신뢰도:0%
    13:42→13:45: 종가:31,250 | 거래량:1,514 | 🔴회피(4단계패턴없음) | 신뢰도:0%
    13:45→13:48: 종가:31,250 | 거래량:1,789 | 🔴회피(4단계패턴없음) | 신뢰도:0%
    13:48→13:51: 종가:31,200 | 거래량:1,228 | 🔴회피(4단계패턴없음) | 신뢰도:0%
    13:51→13:54: 종가:31,250 | 거래량:467 | 🔴회피(4단계패턴없음) | 신뢰도:0%
    13:54→13:57: 종가:31,150 | 거래량:552 | 🔴회피(4단계패턴없음) | 신뢰도:0%
    13:57→14:00: 종가:31,100 | 거래량:318 | 🔴회피(4단계패턴없음) | 신뢰도:0%
    14:00→14:03: 종가:30,950 | 거래량:1,414 | 🔴회피(시가대비1.8%상승(2%미만차단)) | 신뢰도:0%
    14:03→14:06: 종가:31,100 | 거래량:276 | 🔴회피(4단계패턴없음) | 신뢰도:0%
    14:06→14:09: 종가:31,100 | 거래량:268 | 🔴회피(4단계패턴없음) | 신뢰도:0%
    14:09→14:12: 종가:31,050 | 거래량:699 | 🔴회피(4단계패턴없음) | 신뢰도:0%
    14:12→14:15: 종가:31,050 | 거래량:440 | 🔴회피(4단계패턴없음) | 신뢰도:0%
    14:15→14:18: 종가:31,050 | 거래량:755 | 🔴회피(4단계패턴없음) | 신뢰도:0%
    14:18→14:21: 종가:31,100 | 거래량:227 | 🔴회피(4단계패턴없음) | 신뢰도:0%
    14:21→14:24: 종가:31,050 | 거래량:1,036 | 🔴회피(4단계패턴없음) | 신뢰도:0%
    14:24→14:27: 종가:31,050 | 거래량:258 | 🔴회피(4단계패턴없음) | 신뢰도:0%
    14:27→14:30: 종가:31,100 | 거래량:271 | 🔴회피(4단계패턴없음) | 신뢰도:0%
    14:30→14:33: 종가:30,950 | 거래량:6,470 | 🔴회피(위험신호: LARGE_BEARISH_VOLUME) | 신뢰도:0%
    14:33→14:36: 종가:31,100 | 거래량:193 | 🔴회피(4단계패턴없음) | 신뢰도:0%
    14:36→14:39: 종가:30,800 | 거래량:1,520 | 🔴회피(위험신호: BISECTOR_BREAK) | 신뢰도:0%
    14:39→14:42: 종가:30,800 | 거래량:1,761 | 🔴회피(위험신호: BISECTOR_BREAK) | 신뢰도:0%
    14:42→14:45: 종가:30,750 | 거래량:2,311 | 🔴회피(위험신호: BISECTOR_BREAK) | 신뢰도:0%
    14:45→14:48: 종가:30,600 | 거래량:2,006 | 🔴회피(위험신호: BISECTOR_BREAK) | 신뢰도:0%
    14:48→14:51: 종가:30,600 | 거래량:2,441 | 🔴회피(위험신호: BISECTOR_BREAK) | 신뢰도:0%
    14:51→14:54: 종가:30,650 | 거래량:3,358 | 🔴회피(위험신호: BISECTOR_BREAK) | 신뢰도:0%
    14:54→14:57: 종가:30,650 | 거래량:2,870 | 🔴회피(위험신호: BISECTOR_BREAK) | 신뢰도:0%
    14:57→15:00: 종가:30,750 | 거래량:2,183 | 🔴회피(위험신호: BISECTOR_BREAK) | 신뢰도:0%
    15:00→15:03: 종가:31,150 | 거래량:1,571 | 🔴회피(4단계패턴없음) | 신뢰도:0%
    15:03→15:06: 종가:31,150 | 거래량:642 | 🔴회피(4단계패턴없음) | 신뢰도:0%
    15:06→15:09: 종가:31,200 | 거래량:999 | 🔴회피(4단계패턴없음) | 신뢰도:0%
    15:09→15:12: 종가:31,050 | 거래량:786 | 🔴회피(4단계패턴없음) | 신뢰도:0%
    15:12→15:15: 종가:31,050 | 거래량:850 | 🔴회피(4단계패턴없음) | 신뢰도:0%
    15:15→15:18: 종가:31,200 | 거래량:2,467 | 🔴회피(4단계패턴없음) | 신뢰도:0%
    15:18→15:21: 종가:31,250 | 거래량:1,120 | 🔴회피(4단계패턴없음) | 신뢰도:0%

=== 298380 - 20251202 눌림목(3분) 신호 재현 ===
  selection_date: 2025-12-02 09:58:29
  승패: 0승 0패
  selection_date 이후 승패: 0승 0패
  매매신호:
    없음
  체결 시뮬레이션:
    없음
  매수 못한 기회:
    없음

  🔍 상세 3분봉 분석 (09:00~15:30):
    09:00→09:03: 데이터부족
    09:03→09:06: 데이터부족
    09:06→09:09: 데이터부족
    09:09→09:12: 데이터부족
    09:12→09:15: 종가:193,700 | 거래량:21,200 | 🔴회피(위험신호: BISECTOR_BREAK) | 신뢰도:0%
    09:15→09:18: 종가:192,600 | 거래량:28,432 | 🔴회피(위험신호: BISECTOR_BREAK) | 신뢰도:0%
    09:18→09:21: 종가:193,200 | 거래량:18,171 | 🔴회피(위험신호: BISECTOR_BREAK) | 신뢰도:0%
    09:21→09:24: 종가:193,300 | 거래량:12,742 | 🔴회피(위험신호: BISECTOR_BREAK) | 신뢰도:0%
    09:24→09:27: 종가:192,900 | 거래량:23,473 | 🔴회피(위험신호: BISECTOR_BREAK) | 신뢰도:0%
    09:27→09:30: 종가:193,800 | 거래량:9,248 | 🔴회피(위험신호: BISECTOR_BREAK) | 신뢰도:0%
    09:30→09:33: 종가:194,700 | 거래량:13,780 | 🔴회피(시가대비0.9%상승(2%미만차단)) | 신뢰도:0%
    09:33→09:36: 종가:195,100 | 거래량:8,115 | 🔴회피(시가대비1.1%상승(2%미만차단)) | 신뢰도:0%
    09:36→09:39: 종가:196,600 | 거래량:22,812 | 🔴회피(시가대비1.9%상승(2%미만차단)) | 신뢰도:0%
    09:39→09:42: 종가:195,100 | 거래량:12,197 | 🔴회피(시가대비1.1%상승(2%미만차단)) | 신뢰도:0%
    09:42→09:45: 종가:194,800 | 거래량:7,995 | 🔴회피(시가대비0.9%상승(2%미만차단)) | 신뢰도:0%
    09:45→09:48: 종가:194,500 | 거래량:8,974 | 🔴회피(시가대비0.8%상승(2%미만차단)) | 신뢰도:0%
    09:48→09:51: 종가:195,400 | 거래량:6,984 | 🔴회피(시가대비1.2%상승(2%미만차단)) | 신뢰도:0%
    09:51→09:54: 종가:196,100 | 거래량:6,870 | 🔴회피(시가대비1.6%상승(2%미만차단)) | 신뢰도:0%
    09:54→09:57: 종가:197,100 | 거래량:37,884 | 🔴회피(4단계패턴없음) | 신뢰도:0%
    09:57→10:00: 종가:197,300 | 거래량:20,355 | 🔴회피(4단계패턴없음) | 신뢰도:0%
    10:00→10:03: 종가:197,300 | 거래량:10,977 | 🔴회피(4단계패턴없음) | 신뢰도:0%
    10:03→10:06: 종가:197,400 | 거래량:7,761 | 🔴회피(4단계패턴없음) | 신뢰도:0%
    10:06→10:09: 종가:197,000 | 거래량:9,514 | 🔴회피(4단계패턴없음) | 신뢰도:0%
    10:09→10:12: 종가:196,600 | 거래량:5,308 | 🔴회피(시가대비1.9%상승(2%미만차단)) | 신뢰도:0%
    10:12→10:15: 종가:196,600 | 거래량:4,540 | 🔴회피(시가대비1.9%상승(2%미만차단)) | 신뢰도:0%
    10:15→10:18: 종가:197,300 | 거래량:8,776 | 🔴회피(4단계패턴없음) | 신뢰도:0%
    10:18→10:21: 종가:197,300 | 거래량:4,219 | 🔴회피(4단계패턴없음) | 신뢰도:0%
    10:21→10:24: 종가:197,000 | 거래량:5,987 | 🔴회피(4단계패턴없음) | 신뢰도:0%
    10:24→10:27: 종가:196,800 | 거래량:4,071 | 🔴회피(시가대비2.0%상승(2%미만차단)) | 신뢰도:0%
    10:27→10:30: 종가:197,300 | 거래량:6,049 | 🔴회피(4단계패턴없음) | 신뢰도:0%
    10:30→10:33: 종가:197,400 | 거래량:3,744 | 🔴회피(4단계패턴없음) | 신뢰도:0%
    10:33→10:36: 종가:197,400 | 거래량:4,590 | 🔴회피(4단계패턴없음) | 신뢰도:0%
    10:36→10:39: 종가:197,500 | 거래량:5,983 | 🔴회피(4단계패턴없음) | 신뢰도:0%
    10:39→10:42: 종가:197,300 | 거래량:7,226 | 🔴회피(4단계패턴없음) | 신뢰도:0%
    10:42→10:45: 종가:197,000 | 거래량:6,255 | 🔴회피(4단계패턴없음) | 신뢰도:0%
    10:45→10:48: 종가:196,400 | 거래량:15,658 | 🔴회피(시가대비1.8%상승(2%미만차단)) | 신뢰도:0%
    10:48→10:51: 종가:196,800 | 거래량:5,010 | 🔴회피(시가대비2.0%상승(2%미만차단)) | 신뢰도:0%
    10:51→10:54: 종가:197,000 | 거래량:3,988 | 🔴회피(4단계패턴없음) | 신뢰도:0%
    10:54→10:57: 종가:197,200 | 거래량:3,182 | 🔴회피(4단계패턴없음) | 신뢰도:0%
    10:57→11:00: 종가:197,150 | 거래량:2,932 | 🔴회피(4단계패턴없음) | 신뢰도:0%
    11:00→11:03: 종가:196,700 | 거래량:4,923 | 🔴회피(시가대비1.9%상승(2%미만차단)) | 신뢰도:0%
    11:03→11:06: 종가:197,100 | 거래량:4,582 | 🔴회피(4단계패턴없음) | 신뢰도:0%
    11:06→11:09: 종가:196,800 | 거래량:2,882 | 🔴회피(시가대비2.0%상승(2%미만차단)) | 신뢰도:0%
    11:09→11:12: 종가:196,600 | 거래량:4,792 | 🔴회피(시가대비1.9%상승(2%미만차단)) | 신뢰도:0%
    11:12→11:15: 종가:196,600 | 거래량:16,519 | 🔴회피(시가대비1.9%상승(2%미만차단)) | 신뢰도:0%
    11:15→11:18: 종가:196,800 | 거래량:3,909 | 🔴회피(시가대비2.0%상승(2%미만차단)) | 신뢰도:0%
    11:18→11:21: 종가:197,100 | 거래량:8,327 | 🔴회피(4단계패턴없음) | 신뢰도:0%
    11:21→11:24: 종가:197,500 | 거래량:7,149 | 🔴회피(4단계패턴없음) | 신뢰도:0%
    11:24→11:27: 종가:197,300 | 거래량:5,105 | 🔴회피(4단계패턴없음) | 신뢰도:0%
    11:27→11:30: 종가:197,100 | 거래량:2,574 | 🔴회피(4단계패턴없음) | 신뢰도:0%
    11:30→11:33: 종가:197,200 | 거래량:2,537 | 🔴회피(4단계패턴없음) | 신뢰도:0%
    11:33→11:36: 종가:197,100 | 거래량:1,756 | 🔴회피(4단계패턴없음) | 신뢰도:0%
    11:36→11:39: 종가:197,200 | 거래량:2,440 | 🔴회피(4단계패턴없음) | 신뢰도:0%
    11:39→11:42: 종가:197,300 | 거래량:5,610 | 🔴회피(4단계패턴없음) | 신뢰도:0%
    11:42→11:45: 종가:198,200 | 거래량:16,993 | 🔴회피(4단계패턴없음) | 신뢰도:0%
    11:45→11:48: 종가:199,800 | 거래량:34,024 | 🔴회피(4단계패턴없음) | 신뢰도:0%
    11:48→11:51: 종가:199,700 | 거래량:58,594 | 🔴회피(위험신호: LARGE_BEARISH_VOLUME) | 신뢰도:0%
    11:51→11:54: 종가:199,500 | 거래량:19,910 | 🔴회피(4단계패턴없음) | 신뢰도:0%
    11:54→11:57: 종가:199,000 | 거래량:9,223 | 🔴회피(4단계패턴없음) | 신뢰도:0%
    11:57→12:00: 종가:199,300 | 거래량:8,857 | 🔴회피(4단계패턴없음) | 신뢰도:0%
    12:00→12:03: 종가:199,400 | 거래량:5,125 | 🔴회피(4단계패턴없음) | 신뢰도:0%
    12:03→12:06: 종가:198,800 | 거래량:4,111 | 🔴회피(4단계패턴없음) | 신뢰도:0%
    12:06→12:09: 종가:198,800 | 거래량:2,662 | 🔴회피(4단계패턴없음) | 신뢰도:0%
    12:09→12:12: 종가:199,000 | 거래량:3,689 | 🔴회피(4단계패턴없음) | 신뢰도:0%
    12:12→12:15: 종가:199,200 | 거래량:2,316 | 🔴회피(4단계패턴없음) | 신뢰도:0%
    12:15→12:18: 종가:200,500 | 거래량:18,619 | 🔴회피(4단계패턴없음) | 신뢰도:0%
    12:18→12:21: 종가:200,000 | 거래량:12,935 | 🔴회피(4단계패턴없음) | 신뢰도:0%
    12:21→12:24: 종가:200,500 | 거래량:7,226 | 🔴회피(4단계패턴없음) | 신뢰도:0%
    12:24→12:27: 종가:200,000 | 거래량:7,034 | 🔴회피(4단계패턴없음) | 신뢰도:0%
    12:27→12:30: 종가:200,500 | 거래량:4,993 | 🔴회피(4단계패턴없음) | 신뢰도:0%
    12:30→12:33: 종가:199,100 | 거래량:10,960 | 🔴회피(4단계패턴없음) | 신뢰도:0%
    12:33→12:36: 종가:199,700 | 거래량:6,585 | 🔴회피(4단계패턴없음) | 신뢰도:0%
    12:36→12:39: 종가:199,500 | 거래량:3,145 | 🔴회피(4단계패턴없음) | 신뢰도:0%
    12:39→12:42: 종가:199,400 | 거래량:3,605 | 🔴회피(4단계패턴없음) | 신뢰도:0%
    12:42→12:45: 종가:200,000 | 거래량:5,205 | 🔴회피(4단계패턴없음) | 신뢰도:0%
    12:45→12:48: 종가:199,800 | 거래량:3,612 | 🔴회피(4단계패턴없음) | 신뢰도:0%
    12:48→12:51: 종가:199,700 | 거래량:4,099 | 🔴회피(4단계패턴없음) | 신뢰도:0%
    12:51→12:54: 종가:199,400 | 거래량:5,654 | 🔴회피(4단계패턴없음) | 신뢰도:0%
    12:54→12:57: 종가:199,300 | 거래량:6,009 | 🔴회피(4단계패턴없음) | 신뢰도:0%
    12:57→13:00: 종가:199,100 | 거래량:4,459 | 🔴회피(4단계패턴없음) | 신뢰도:0%
    13:00→13:03: 종가:199,000 | 거래량:5,552 | 🔴회피(4단계패턴없음) | 신뢰도:0%
    13:03→13:06: 종가:198,200 | 거래량:10,860 | 🔴회피(4단계패턴없음) | 신뢰도:0%
    13:06→13:09: 종가:198,800 | 거래량:8,258 | 🔴회피(4단계패턴없음) | 신뢰도:0%
    13:09→13:12: 종가:197,900 | 거래량:7,690 | 🔴회피(4단계패턴없음) | 신뢰도:0%
    13:12→13:15: 종가:197,700 | 거래량:7,973 | 🔴회피(4단계패턴없음) | 신뢰도:0%
    13:15→13:18: 종가:198,000 | 거래량:4,767 | 🔴회피(4단계패턴없음) | 신뢰도:0%
    13:18→13:21: 종가:197,800 | 거래량:3,411 | 🔴회피(4단계패턴없음) | 신뢰도:0%
    13:21→13:24: 종가:197,700 | 거래량:4,426 | 🔴회피(4단계패턴없음) | 신뢰도:0%
    13:24→13:27: 종가:197,800 | 거래량:6,052 | 🔴회피(4단계패턴없음) | 신뢰도:0%
    13:27→13:30: 종가:197,800 | 거래량:4,278 | 🔴회피(4단계패턴없음) | 신뢰도:0%
    13:30→13:33: 종가:197,800 | 거래량:3,676 | 🔴회피(4단계패턴없음) | 신뢰도:0%
    13:33→13:36: 종가:197,700 | 거래량:3,689 | 🔴회피(4단계패턴없음) | 신뢰도:0%
    13:36→13:39: 종가:197,800 | 거래량:5,555 | 🔴회피(4단계패턴없음) | 신뢰도:0%
    13:39→13:42: 종가:197,600 | 거래량:3,977 | 🔴회피(4단계패턴없음) | 신뢰도:0%
    13:42→13:45: 종가:197,700 | 거래량:3,481 | 🔴회피(4단계패턴없음) | 신뢰도:0%
    13:45→13:48: 종가:197,600 | 거래량:5,328 | 🔴회피(4단계패턴없음) | 신뢰도:0%
    13:48→13:51: 종가:197,300 | 거래량:7,202 | 🔴회피(4단계패턴없음) | 신뢰도:0%
    13:51→13:54: 종가:196,900 | 거래량:7,639 | 🔴회피(4단계패턴없음) | 신뢰도:0%
    13:54→13:57: 종가:197,100 | 거래량:4,129 | 🔴회피(4단계패턴없음) | 신뢰도:0%
    13:57→14:00: 종가:197,200 | 거래량:3,361 | 🔴회피(4단계패턴없음) | 신뢰도:0%
    14:00→14:03: 종가:197,100 | 거래량:4,097 | 🔴회피(4단계패턴없음) | 신뢰도:0%
    14:03→14:06: 종가:197,100 | 거래량:3,966 | 🔴회피(4단계패턴없음) | 신뢰도:0%
    14:06→14:09: 종가:197,400 | 거래량:3,825 | 🔴회피(4단계패턴없음) | 신뢰도:0%
    14:09→14:12: 종가:198,000 | 거래량:4,305 | 🔴회피(4단계패턴없음) | 신뢰도:0%
    14:12→14:15: 종가:197,700 | 거래량:9,750 | 🔴회피(4단계패턴없음) | 신뢰도:0%
    14:15→14:18: 종가:197,400 | 거래량:5,849 | 🔴회피(4단계패턴없음) | 신뢰도:0%
    14:18→14:21: 종가:197,700 | 거래량:3,384 | 🔴회피(4단계패턴없음) | 신뢰도:0%
    14:21→14:24: 종가:197,900 | 거래량:2,828 | 🔴회피(4단계패턴없음) | 신뢰도:0%
    14:24→14:27: 종가:198,200 | 거래량:4,344 | 🔴회피(4단계패턴없음) | 신뢰도:0%
    14:27→14:30: 종가:197,500 | 거래량:4,669 | 🔴회피(4단계패턴없음) | 신뢰도:0%
    14:30→14:33: 종가:198,000 | 거래량:2,874 | 🔴회피(4단계패턴없음) | 신뢰도:0%
    14:33→14:36: 종가:198,200 | 거래량:2,965 | 🔴회피(4단계패턴없음) | 신뢰도:0%
    14:36→14:39: 종가:198,400 | 거래량:4,197 | 🔴회피(4단계패턴없음) | 신뢰도:0%
    14:39→14:42: 종가:198,300 | 거래량:5,751 | 🔴회피(4단계패턴없음) | 신뢰도:0%
    14:42→14:45: 종가:198,100 | 거래량:4,759 | 🔴회피(4단계패턴없음) | 신뢰도:0%
    14:45→14:48: 종가:198,200 | 거래량:4,251 | 🔴회피(4단계패턴없음) | 신뢰도:0%
    14:48→14:51: 종가:198,500 | 거래량:5,229 | 🔴회피(4단계패턴없음) | 신뢰도:0%
    14:51→14:54: 종가:198,400 | 거래량:6,216 | 🔴회피(4단계패턴없음) | 신뢰도:0%
    14:54→14:57: 종가:198,600 | 거래량:4,816 | 🔴회피(4단계패턴없음) | 신뢰도:0%
    14:57→15:00: 종가:199,600 | 거래량:9,400 | 🔴회피(4단계패턴없음) | 신뢰도:0%
    15:00→15:03: 종가:199,400 | 거래량:10,192 | 🔴회피(4단계패턴없음) | 신뢰도:0%
    15:03→15:06: 종가:199,900 | 거래량:13,222 | 🔴회피(4단계패턴없음) | 신뢰도:0%
    15:06→15:09: 종가:199,600 | 거래량:11,271 | 🔴회피(4단계패턴없음) | 신뢰도:0%
    15:09→15:12: 종가:199,100 | 거래량:10,018 | 🔴회피(4단계패턴없음) | 신뢰도:0%
    15:12→15:15: 종가:199,500 | 거래량:4,561 | 🔴회피(4단계패턴없음) | 신뢰도:0%
    15:15→15:18: 종가:199,850 | 거래량:11,811 | 🔴회피(4단계패턴없음) | 신뢰도:0%
    15:18→15:21: 종가:199,800 | 거래량:7,641 | 🔴회피(4단계패턴없음) | 신뢰도:0%

=== 174900 - 20251202 눌림목(3분) 신호 재현 ===
  selection_date: 2025-12-02 09:01:40
  승패: 0승 0패
  selection_date 이후 승패: 0승 0패
  매매신호:
    없음
  체결 시뮬레이션:
    없음
  매수 못한 기회:
    없음

  🔍 상세 3분봉 분석 (09:00~15:30):
    09:00→09:03: 데이터부족
    09:03→09:06: 데이터부족
    09:06→09:09: 데이터부족
    09:09→09:12: 데이터부족
    09:12→09:15: 종가:40,550 | 거래량:4,836 | 🔴회피(위험신호: BISECTOR_BREAK) | 신뢰도:0%
    09:15→09:18: 종가:40,300 | 거래량:5,411 | 🔴회피(위험신호: BISECTOR_BREAK) | 신뢰도:0%
    09:18→09:21: 종가:40,200 | 거래량:5,791 | 🔴회피(위험신호: BISECTOR_BREAK) | 신뢰도:0%
    09:21→09:24: 종가:39,950 | 거래량:5,442 | 🔴회피(위험신호: BISECTOR_BREAK) | 신뢰도:0%
    09:24→09:27: 종가:40,000 | 거래량:5,949 | 🔴회피(위험신호: BISECTOR_BREAK) | 신뢰도:0%
    09:27→09:30: 종가:40,200 | 거래량:4,645 | 🔴회피(위험신호: BISECTOR_BREAK) | 신뢰도:0%
    09:30→09:33: 종가:40,250 | 거래량:4,737 | 🔴회피(위험신호: BISECTOR_BREAK) | 신뢰도:0%
    09:33→09:36: 종가:40,350 | 거래량:2,679 | 🔴회피(위험신호: BISECTOR_BREAK) | 신뢰도:0%
    09:36→09:39: 종가:40,350 | 거래량:1,767 | 🔴회피(위험신호: BISECTOR_BREAK) | 신뢰도:0%
    09:39→09:42: 종가:39,950 | 거래량:4,683 | 🔴회피(위험신호: BISECTOR_BREAK) | 신뢰도:0%
    09:42→09:45: 종가:39,800 | 거래량:4,978 | 🔴회피(위험신호: BISECTOR_BREAK) | 신뢰도:0%
    09:45→09:48: 종가:40,300 | 거래량:5,869 | 🔴회피(위험신호: BISECTOR_BREAK) | 신뢰도:0%
    09:48→09:51: 종가:40,250 | 거래량:3,496 | 🔴회피(위험신호: BISECTOR_BREAK) | 신뢰도:0%
    09:51→09:54: 종가:40,150 | 거래량:3,373 | 🔴회피(위험신호: BISECTOR_BREAK) | 신뢰도:0%
    09:54→09:57: 종가:40,250 | 거래량:6,740 | 🔴회피(위험신호: BISECTOR_BREAK) | 신뢰도:0%
    09:57→10:00: 종가:40,300 | 거래량:3,354 | 🔴회피(위험신호: BISECTOR_BREAK) | 신뢰도:0%
    10:00→10:03: 종가:39,900 | 거래량:6,995 | 🔴회피(위험신호: BISECTOR_BREAK) | 신뢰도:0%
    10:03→10:06: 종가:39,850 | 거래량:4,986 | 🔴회피(위험신호: BISECTOR_BREAK) | 신뢰도:0%
    10:06→10:09: 종가:39,750 | 거래량:7,963 | 🔴회피(위험신호: BISECTOR_BREAK) | 신뢰도:0%
    10:09→10:12: 종가:39,900 | 거래량:2,387 | 🔴회피(위험신호: BISECTOR_BREAK) | 신뢰도:0%
    10:12→10:15: 종가:39,950 | 거래량:3,359 | 🔴회피(위험신호: BISECTOR_BREAK) | 신뢰도:0%
    10:15→10:18: 종가:40,050 | 거래량:2,241 | 🔴회피(위험신호: BISECTOR_BREAK) | 신뢰도:0%
    10:18→10:21: 종가:40,100 | 거래량:1,391 | 🔴회피(위험신호: BISECTOR_BREAK) | 신뢰도:0%
    10:21→10:24: 종가:40,100 | 거래량:2,555 | 🔴회피(위험신호: BISECTOR_BREAK) | 신뢰도:0%
    10:24→10:27: 종가:40,000 | 거래량:695 | 🔴회피(위험신호: BISECTOR_BREAK) | 신뢰도:0%
    10:27→10:30: 종가:40,100 | 거래량:898 | 🔴회피(위험신호: BISECTOR_BREAK) | 신뢰도:0%
    10:30→10:33: 종가:39,900 | 거래량:3,101 | 🔴회피(위험신호: BISECTOR_BREAK) | 신뢰도:0%
    10:33→10:36: 종가:39,950 | 거래량:1,054 | 🔴회피(위험신호: BISECTOR_BREAK) | 신뢰도:0%
    10:36→10:39: 종가:40,000 | 거래량:861 | 🔴회피(위험신호: BISECTOR_BREAK) | 신뢰도:0%
    10:39→10:42: 종가:40,050 | 거래량:918 | 🔴회피(위험신호: BISECTOR_BREAK) | 신뢰도:0%
    10:42→10:45: 종가:40,050 | 거래량:964 | 🔴회피(위험신호: BISECTOR_BREAK) | 신뢰도:0%
    10:45→10:48: 종가:40,400 | 거래량:2,401 | 🔴회피(위험신호: BISECTOR_BREAK) | 신뢰도:0%
    10:48→10:51: 종가:40,250 | 거래량:1,783 | 🔴회피(위험신호: BISECTOR_BREAK) | 신뢰도:0%
    10:51→10:54: 종가:40,200 | 거래량:2,404 | 🔴회피(위험신호: BISECTOR_BREAK) | 신뢰도:0%
    10:54→10:57: 종가:40,200 | 거래량:168 | 🔴회피(위험신호: BISECTOR_BREAK) | 신뢰도:0%
    10:57→11:00: 종가:40,250 | 거래량:657 | 🔴회피(위험신호: BISECTOR_BREAK) | 신뢰도:0%
    11:00→11:03: 종가:40,450 | 거래량:2,017 | 🔴회피(위험신호: BISECTOR_BREAK) | 신뢰도:0%
    11:03→11:06: 종가:40,450 | 거래량:1,652 | 🔴회피(위험신호: BISECTOR_BREAK) | 신뢰도:0%
    11:06→11:09: 종가:40,450 | 거래량:2,805 | 🔴회피(위험신호: BISECTOR_BREAK) | 신뢰도:0%
    11:09→11:12: 종가:40,500 | 거래량:1,018 | 🔴회피(위험신호: BISECTOR_BREAK) | 신뢰도:0%
    11:12→11:15: 종가:40,350 | 거래량:1,342 | 🔴회피(위험신호: BISECTOR_BREAK) | 신뢰도:0%
    11:15→11:18: 종가:40,300 | 거래량:660 | 🔴회피(위험신호: BISECTOR_BREAK) | 신뢰도:0%
    11:18→11:21: 종가:40,350 | 거래량:914 | 🔴회피(위험신호: BISECTOR_BREAK) | 신뢰도:0%
    11:21→11:24: 종가:40,300 | 거래량:624 | 🔴회피(위험신호: BISECTOR_BREAK) | 신뢰도:0%
    11:24→11:27: 종가:40,300 | 거래량:1,081 | 🔴회피(위험신호: BISECTOR_BREAK) | 신뢰도:0%
    11:27→11:30: 종가:40,450 | 거래량:1,317 | 🔴회피(위험신호: BISECTOR_BREAK) | 신뢰도:0%
    11:30→11:33: 종가:40,450 | 거래량:260 | 🔴회피(위험신호: BISECTOR_BREAK) | 신뢰도:0%
    11:33→11:36: 종가:40,400 | 거래량:117 | 🔴회피(위험신호: BISECTOR_BREAK) | 신뢰도:0%
    11:36→11:39: 종가:40,450 | 거래량:533 | 🔴회피(위험신호: BISECTOR_BREAK) | 신뢰도:0%
    11:39→11:42: 종가:40,550 | 거래량:1,403 | 🔴회피(위험신호: BISECTOR_BREAK) | 신뢰도:0%
    11:42→11:45: 종가:40,550 | 거래량:645 | 🔴회피(위험신호: BISECTOR_BREAK) | 신뢰도:0%
    11:45→11:48: 종가:40,550 | 거래량:1,679 | 🔴회피(위험신호: BISECTOR_BREAK) | 신뢰도:0%
    11:48→11:51: 종가:40,700 | 거래량:1,978 | 🔴회피(당일시가이하(시가:41100)) | 신뢰도:0%
    11:51→11:54: 종가:40,750 | 거래량:653 | 🔴회피(당일시가이하(시가:41100)) | 신뢰도:0%
    11:54→11:57: 종가:40,850 | 거래량:1,444 | 🔴회피(당일시가이하(시가:41100)) | 신뢰도:0%
    11:57→12:00: 종가:40,850 | 거래량:1,057 | 🔴회피(당일시가이하(시가:41100)) | 신뢰도:0%
    12:00→12:03: 종가:40,900 | 거래량:1,490 | 🔴회피(당일시가이하(시가:41100)) | 신뢰도:0%
    12:03→12:06: 종가:40,750 | 거래량:780 | 🔴회피(당일시가이하(시가:41100)) | 신뢰도:0%
    12:06→12:09: 종가:40,700 | 거래량:567 | 🔴회피(당일시가이하(시가:41100)) | 신뢰도:0%
    12:09→12:12: 종가:40,350 | 거래량:2,417 | 🔴회피(위험신호: BISECTOR_BREAK) | 신뢰도:0%
    12:12→12:15: 종가:40,700 | 거래량:609 | 🔴회피(당일시가이하(시가:41100)) | 신뢰도:0%
    12:15→12:18: 종가:40,700 | 거래량:255 | 🔴회피(당일시가이하(시가:41100)) | 신뢰도:0%
    12:18→12:21: 종가:40,850 | 거래량:2,446 | 🔴회피(당일시가이하(시가:41100)) | 신뢰도:0%
    12:21→12:24: 종가:40,700 | 거래량:1,998 | 🔴회피(당일시가이하(시가:41100)) | 신뢰도:0%
    12:24→12:27: 종가:40,750 | 거래량:1,211 | 🔴회피(당일시가이하(시가:41100)) | 신뢰도:0%
    12:27→12:30: 종가:40,950 | 거래량:657 | 🔴회피(당일시가이하(시가:41100)) | 신뢰도:0%
    12:30→12:33: 종가:41,100 | 거래량:5,909 | 🔴회피(당일시가이하(시가:41100)) | 신뢰도:0%
    12:33→12:36: 종가:41,350 | 거래량:7,389 | 🔴회피(시가대비0.6%상승(2%미만차단)) | 신뢰도:0%
    12:36→12:39: 종가:41,400 | 거래량:2,305 | 🔴회피(시가대비0.7%상승(2%미만차단)) | 신뢰도:0%
    12:39→12:42: 종가:41,300 | 거래량:4,512 | 🔴회피(시가대비0.5%상승(2%미만차단)) | 신뢰도:0%
    12:42→12:45: 종가:42,000 | 거래량:9,801 | 🔴회피(4단계패턴없음) | 신뢰도:0%
    12:45→12:48: 종가:41,950 | 거래량:5,107 | 🔴회피(4단계패턴없음) | 신뢰도:0%
    12:48→12:51: 종가:41,900 | 거래량:5,866 | 🔴회피(시가대비1.9%상승(2%미만차단)) | 신뢰도:0%
    12:51→12:54: 종가:41,350 | 거래량:10,078 | 🔴회피(위험신호: LARGE_BEARISH_VOLUME) | 신뢰도:0%
    12:54→12:57: 종가:41,750 | 거래량:10,586 | 🔴회피(시가대비1.6%상승(2%미만차단)) | 신뢰도:0%
    12:57→13:00: 종가:41,400 | 거래량:2,156 | 🔴회피(시가대비0.7%상승(2%미만차단)) | 신뢰도:0%
    13:00→13:03: 종가:41,500 | 거래량:854 | 🔴회피(시가대비1.0%상승(2%미만차단)) | 신뢰도:0%
    13:03→13:06: 종가:41,400 | 거래량:4,290 | 🔴회피(시가대비0.7%상승(2%미만차단)) | 신뢰도:0%
    13:06→13:09: 종가:42,100 | 거래량:24,640 | 🔴회피(4단계패턴없음) | 신뢰도:0%
    13:09→13:12: 종가:42,100 | 거래량:2,438 | 🔴회피(4단계패턴없음) | 신뢰도:0%
    13:12→13:15: 종가:41,750 | 거래량:4,902 | 🔴회피(시가대비1.6%상승(2%미만차단)) | 신뢰도:0%
    13:15→13:18: 종가:41,700 | 거래량:1,809 | 🔴회피(시가대비1.5%상승(2%미만차단)) | 신뢰도:0%
    13:18→13:21: 종가:41,600 | 거래량:1,690 | 🔴회피(시가대비1.2%상승(2%미만차단)) | 신뢰도:0%
    13:21→13:24: 종가:41,450 | 거래량:1,764 | 🔴회피(시가대비0.9%상승(2%미만차단)) | 신뢰도:0%
    13:24→13:27: 종가:41,450 | 거래량:3,022 | 🔴회피(시가대비0.9%상승(2%미만차단)) | 신뢰도:0%
    13:27→13:30: 종가:41,550 | 거래량:2,660 | 🔴회피(시가대비1.1%상승(2%미만차단)) | 신뢰도:0%
    13:30→13:33: 종가:41,550 | 거래량:935 | 🔴회피(시가대비1.1%상승(2%미만차단)) | 신뢰도:0%
    13:33→13:36: 종가:41,550 | 거래량:1,626 | 🔴회피(시가대비1.1%상승(2%미만차단)) | 신뢰도:0%
    13:36→13:39: 종가:41,600 | 거래량:1,229 | 🔴회피(시가대비1.2%상승(2%미만차단)) | 신뢰도:0%
    13:39→13:42: 종가:41,650 | 거래량:852 | 🔴회피(시가대비1.3%상승(2%미만차단)) | 신뢰도:0%
    13:42→13:45: 종가:41,500 | 거래량:2,702 | 🔴회피(시가대비1.0%상승(2%미만차단)) | 신뢰도:0%
    13:45→13:48: 종가:41,550 | 거래량:805 | 🔴회피(시가대비1.1%상승(2%미만차단)) | 신뢰도:0%
    13:48→13:51: 종가:41,450 | 거래량:888 | 🔴회피(시가대비0.9%상승(2%미만차단)) | 신뢰도:0%
    13:51→13:54: 종가:41,400 | 거래량:3,698 | 🔴회피(시가대비0.7%상승(2%미만차단)) | 신뢰도:0%
    13:54→13:57: 종가:41,300 | 거래량:2,166 | 🔴회피(시가대비0.5%상승(2%미만차단)) | 신뢰도:0%
    13:57→14:00: 종가:41,550 | 거래량:2,619 | 🔴회피(시가대비1.1%상승(2%미만차단)) | 신뢰도:0%
    14:00→14:03: 종가:41,800 | 거래량:1,098 | 🔴회피(시가대비1.7%상승(2%미만차단)) | 신뢰도:0%
    14:03→14:06: 종가:41,750 | 거래량:1,503 | 🔴회피(시가대비1.6%상승(2%미만차단)) | 신뢰도:0%
    14:06→14:09: 종가:41,700 | 거래량:1,004 | 🔴회피(시가대비1.5%상승(2%미만차단)) | 신뢰도:0%
    14:09→14:12: 종가:41,600 | 거래량:4,949 | 🔴회피(시가대비1.2%상승(2%미만차단)) | 신뢰도:0%
    14:12→14:15: 종가:41,650 | 거래량:1,861 | 🔴회피(시가대비1.3%상승(2%미만차단)) | 신뢰도:0%
    14:15→14:18: 종가:41,700 | 거래량:1,941 | 🔴회피(시가대비1.5%상승(2%미만차단)) | 신뢰도:0%
    14:18→14:21: 종가:41,800 | 거래량:345 | 🔴회피(시가대비1.7%상승(2%미만차단)) | 신뢰도:0%
    14:21→14:24: 종가:41,750 | 거래량:703 | 🔴회피(시가대비1.6%상승(2%미만차단)) | 신뢰도:0%
    14:24→14:27: 종가:41,850 | 거래량:1,751 | 🔴회피(시가대비1.8%상승(2%미만차단)) | 신뢰도:0%
    14:27→14:30: 종가:41,600 | 거래량:3,344 | 🔴회피(시가대비1.2%상승(2%미만차단)) | 신뢰도:0%
    14:30→14:33: 종가:41,600 | 거래량:1,757 | 🔴회피(시가대비1.2%상승(2%미만차단)) | 신뢰도:0%
    14:33→14:36: 종가:41,400 | 거래량:1,902 | 🔴회피(시가대비0.7%상승(2%미만차단)) | 신뢰도:0%
    14:36→14:39: 종가:41,450 | 거래량:665 | 🔴회피(시가대비0.9%상승(2%미만차단)) | 신뢰도:0%
    14:39→14:42: 종가:41,500 | 거래량:775 | 🔴회피(시가대비1.0%상승(2%미만차단)) | 신뢰도:0%
    14:42→14:45: 종가:41,500 | 거래량:1,278 | 🔴회피(시가대비1.0%상승(2%미만차단)) | 신뢰도:0%
    14:45→14:48: 종가:41,550 | 거래량:1,612 | 🔴회피(시가대비1.1%상승(2%미만차단)) | 신뢰도:0%
    14:48→14:51: 종가:41,550 | 거래량:198 | 🔴회피(시가대비1.1%상승(2%미만차단)) | 신뢰도:0%
    14:51→14:54: 종가:41,650 | 거래량:3,369 | 🔴회피(시가대비1.3%상승(2%미만차단)) | 신뢰도:0%
    14:54→14:57: 종가:41,800 | 거래량:2,371 | 🔴회피(시가대비1.7%상승(2%미만차단)) | 신뢰도:0%
    14:57→15:00: 종가:41,950 | 거래량:2,764 | 🔴회피(4단계패턴없음) | 신뢰도:0%
    15:00→15:03: 종가:42,000 | 거래량:4,769 | 🔴회피(4단계패턴없음) | 신뢰도:0%
    15:03→15:06: 종가:42,300 | 거래량:23,764 | 🔴회피(4단계패턴없음) | 신뢰도:0%
    15:06→15:09: 종가:42,500 | 거래량:8,928 | 🔴회피(4단계패턴없음) | 신뢰도:0%
    15:09→15:12: 종가:42,300 | 거래량:5,918 | 🔴회피(4단계패턴없음) | 신뢰도:0%
    15:12→15:15: 종가:42,400 | 거래량:4,204 | 🔴회피(4단계패턴없음) | 신뢰도:0%
    15:15→15:18: 종가:42,400 | 거래량:3,435 | 🔴회피(4단계패턴없음) | 신뢰도:0%
    15:18→15:21: 종가:42,400 | 거래량:3,693 | 🔴회피(4단계패턴없음) | 신뢰도:0%

=== 200710 - 20251202 눌림목(3분) 신호 재현 ===
  selection_date: 2025-12-02 09:00:39
  승패: 0승 0패
  selection_date 이후 승패: 0승 0패
  매매신호:
    없음
  체결 시뮬레이션:
    없음
  매수 못한 기회:
    없음

  🔍 상세 3분봉 분석 (09:00~15:30):
    09:00→09:03: 데이터부족
    09:03→09:06: 데이터부족
    09:06→09:09: 데이터부족
    09:09→09:12: 데이터부족
    09:12→09:15: 종가:30,500 | 거래량:13,136 | 🔴회피(위험신호: BISECTOR_BREAK) | 신뢰도:0%
    09:15→09:18: 종가:30,500 | 거래량:9,692 | 🔴회피(위험신호: BISECTOR_BREAK) | 신뢰도:0%
    09:18→09:21: 종가:30,500 | 거래량:6,804 | 🔴회피(위험신호: BISECTOR_BREAK) | 신뢰도:0%
    09:21→09:24: 종가:30,850 | 거래량:6,704 | 🔴회피(당일시가이하(시가:30950)) | 신뢰도:0%
    09:24→09:27: 종가:30,850 | 거래량:6,662 | 🔴회피(당일시가이하(시가:30950)) | 신뢰도:0%
    09:27→09:30: 종가:30,500 | 거래량:3,381 | 🔴회피(위험신호: BISECTOR_BREAK) | 신뢰도:0%
    09:30→09:33: 종가:30,500 | 거래량:4,413 | 🔴회피(위험신호: BISECTOR_BREAK) | 신뢰도:0%
    09:33→09:36: 종가:30,550 | 거래량:6,117 | 🔴회피(위험신호: BISECTOR_BREAK) | 신뢰도:0%
    09:36→09:39: 종가:30,750 | 거래량:2,582 | 🔴회피(당일시가이하(시가:30950)) | 신뢰도:0%
    09:39→09:42: 종가:31,000 | 거래량:7,129 | 🔴회피(시가대비0.2%상승(2%미만차단)) | 신뢰도:0%
    09:42→09:45: 종가:30,800 | 거래량:4,622 | 🔴회피(당일시가이하(시가:30950)) | 신뢰도:0%
    09:45→09:48: 종가:30,750 | 거래량:4,684 | 🔴회피(당일시가이하(시가:30950)) | 신뢰도:0%
    09:48→09:51: 종가:30,700 | 거래량:3,049 | 🔴회피(당일시가이하(시가:30950)) | 신뢰도:0%
    09:51→09:54: 종가:30,750 | 거래량:1,256 | 🔴회피(당일시가이하(시가:30950)) | 신뢰도:0%
    09:54→09:57: 종가:30,650 | 거래량:4,741 | 🔴회피(위험신호: BISECTOR_BREAK) | 신뢰도:0%
    09:57→10:00: 종가:30,700 | 거래량:1,874 | 🔴회피(당일시가이하(시가:30950)) | 신뢰도:0%
    10:00→10:03: 종가:30,750 | 거래량:1,386 | 🔴회피(당일시가이하(시가:30950)) | 신뢰도:0%
    10:03→10:06: 종가:30,800 | 거래량:3,147 | 🔴회피(당일시가이하(시가:30950)) | 신뢰도:0%
    10:06→10:09: 종가:30,900 | 거래량:2,178 | 🔴회피(당일시가이하(시가:30950)) | 신뢰도:0%
    10:09→10:12: 종가:30,700 | 거래량:4,182 | 🔴회피(당일시가이하(시가:30950)) | 신뢰도:0%
    10:12→10:15: 종가:30,650 | 거래량:3,131 | 🔴회피(위험신호: BISECTOR_BREAK) | 신뢰도:0%
    10:15→10:18: 종가:30,700 | 거래량:4,327 | 🔴회피(당일시가이하(시가:30950)) | 신뢰도:0%
    10:18→10:21: 종가:30,700 | 거래량:4,972 | 🔴회피(당일시가이하(시가:30950)) | 신뢰도:0%
    10:21→10:24: 종가:30,550 | 거래량:4,790 | 🔴회피(위험신호: BISECTOR_BREAK) | 신뢰도:0%
    10:24→10:27: 종가:30,450 | 거래량:4,467 | 🔴회피(위험신호: BISECTOR_BREAK) | 신뢰도:0%
    10:27→10:30: 종가:30,500 | 거래량:2,464 | 🔴회피(위험신호: BISECTOR_BREAK) | 신뢰도:0%
    10:30→10:33: 종가:30,500 | 거래량:4,981 | 🔴회피(위험신호: BISECTOR_BREAK) | 신뢰도:0%
    10:33→10:36: 종가:30,450 | 거래량:1,702 | 🔴회피(위험신호: BISECTOR_BREAK) | 신뢰도:0%
    10:36→10:39: 종가:30,500 | 거래량:4,011 | 🔴회피(위험신호: BISECTOR_BREAK) | 신뢰도:0%
    10:39→10:42: 종가:30,550 | 거래량:4,551 | 🔴회피(위험신호: BISECTOR_BREAK) | 신뢰도:0%
    10:42→10:45: 종가:30,500 | 거래량:5,586 | 🔴회피(위험신호: BISECTOR_BREAK) | 신뢰도:0%
    10:45→10:48: 종가:30,300 | 거래량:3,862 | 🔴회피(위험신호: BISECTOR_BREAK) | 신뢰도:0%
    10:48→10:51: 종가:30,400 | 거래량:3,335 | 🔴회피(위험신호: BISECTOR_BREAK) | 신뢰도:0%
    10:51→10:54: 종가:30,350 | 거래량:1,865 | 🔴회피(위험신호: BISECTOR_BREAK) | 신뢰도:0%
    10:54→10:57: 종가:30,400 | 거래량:656 | 🔴회피(위험신호: BISECTOR_BREAK) | 신뢰도:0%
    10:57→11:00: 종가:30,400 | 거래량:1,186 | 🔴회피(위험신호: BISECTOR_BREAK) | 신뢰도:0%
    11:00→11:03: 종가:30,350 | 거래량:3,446 | 🔴회피(위험신호: BISECTOR_BREAK) | 신뢰도:0%
    11:03→11:06: 종가:30,400 | 거래량:3,638 | 🔴회피(위험신호: BISECTOR_BREAK) | 신뢰도:0%
    11:06→11:09: 종가:30,500 | 거래량:1,523 | 🔴회피(위험신호: BISECTOR_BREAK) | 신뢰도:0%
    11:09→11:12: 종가:30,400 | 거래량:5,189 | 🔴회피(위험신호: BISECTOR_BREAK) | 신뢰도:0%
    11:12→11:15: 종가:30,400 | 거래량:377 | 🔴회피(위험신호: BISECTOR_BREAK) | 신뢰도:0%
    11:15→11:18: 종가:30,500 | 거래량:2,518 | 🔴회피(위험신호: BISECTOR_BREAK) | 신뢰도:0%
    11:18→11:21: 종가:30,400 | 거래량:1,915 | 🔴회피(위험신호: BISECTOR_BREAK) | 신뢰도:0%
    11:21→11:24: 종가:30,400 | 거래량:1,071 | 🔴회피(위험신호: BISECTOR_BREAK) | 신뢰도:0%
    11:24→11:27: 종가:30,400 | 거래량:405 | 🔴회피(위험신호: BISECTOR_BREAK) | 신뢰도:0%
    11:27→11:30: 종가:30,450 | 거래량:3,117 | 🔴회피(위험신호: BISECTOR_BREAK) | 신뢰도:0%
    11:30→11:33: 종가:30,375 | 거래량:375 | 🔴회피(위험신호: BISECTOR_BREAK) | 신뢰도:0%
    11:33→11:36: 종가:30,300 | 거래량:2,322 | 🔴회피(위험신호: BISECTOR_BREAK) | 신뢰도:0%
    11:36→11:39: 종가:30,300 | 거래량:486 | 🔴회피(위험신호: BISECTOR_BREAK) | 신뢰도:0%
    11:39→11:42: 종가:30,400 | 거래량:1,395 | 🔴회피(위험신호: BISECTOR_BREAK) | 신뢰도:0%
    11:42→11:45: 종가:30,500 | 거래량:6,476 | 🔴회피(위험신호: BISECTOR_BREAK) | 신뢰도:0%
    11:45→11:48: 종가:30,450 | 거래량:1,026 | 🔴회피(위험신호: BISECTOR_BREAK) | 신뢰도:0%
    11:48→11:51: 종가:30,400 | 거래량:420 | 🔴회피(위험신호: BISECTOR_BREAK) | 신뢰도:0%
    11:51→11:54: 종가:30,450 | 거래량:737 | 🔴회피(위험신호: BISECTOR_BREAK) | 신뢰도:0%
    11:54→11:57: 종가:30,400 | 거래량:762 | 🔴회피(위험신호: BISECTOR_BREAK) | 신뢰도:0%
    11:57→12:00: 종가:30,400 | 거래량:1,264 | 🔴회피(위험신호: BISECTOR_BREAK) | 신뢰도:0%
    12:00→12:03: 종가:30,400 | 거래량:593 | 🔴회피(위험신호: BISECTOR_BREAK) | 신뢰도:0%
    12:03→12:06: 종가:30,350 | 거래량:2,202 | 🔴회피(위험신호: BISECTOR_BREAK) | 신뢰도:0%
    12:06→12:09: 종가:30,300 | 거래량:859 | 🔴회피(위험신호: BISECTOR_BREAK) | 신뢰도:0%
    12:09→12:12: 종가:30,350 | 거래량:1,197 | 🔴회피(위험신호: BISECTOR_BREAK) | 신뢰도:0%
    12:12→12:15: 종가:30,350 | 거래량:1,377 | 🔴회피(위험신호: BISECTOR_BREAK) | 신뢰도:0%
    12:15→12:18: 종가:30,300 | 거래량:822 | 🔴회피(위험신호: BISECTOR_BREAK) | 신뢰도:0%
    12:18→12:21: 종가:30,300 | 거래량:600 | 🔴회피(위험신호: BISECTOR_BREAK) | 신뢰도:0%
    12:21→12:24: 종가:30,300 | 거래량:1,580 | 🔴회피(위험신호: BISECTOR_BREAK) | 신뢰도:0%
    12:24→12:27: 종가:30,350 | 거래량:1,571 | 🔴회피(위험신호: BISECTOR_BREAK) | 신뢰도:0%
    12:27→12:30: 종가:30,250 | 거래량:1,234 | 🔴회피(위험신호: BISECTOR_BREAK) | 신뢰도:0%
    12:30→12:33: 종가:30,200 | 거래량:6,971 | 🔴회피(위험신호: BISECTOR_BREAK) | 신뢰도:0%
    12:33→12:36: 종가:30,200 | 거래량:2,199 | 🔴회피(위험신호: BISECTOR_BREAK) | 신뢰도:0%
    12:36→12:39: 종가:30,100 | 거래량:16,873 | 🔴회피(위험신호: BISECTOR_BREAK) | 신뢰도:0%
    12:39→12:42: 종가:30,200 | 거래량:6,813 | 🔴회피(위험신호: BISECTOR_BREAK) | 신뢰도:0%
    12:42→12:45: 종가:30,350 | 거래량:2,080 | 🔴회피(위험신호: BISECTOR_BREAK) | 신뢰도:0%
    12:45→12:48: 종가:30,350 | 거래량:548 | 🔴회피(위험신호: BISECTOR_BREAK) | 신뢰도:0%
    12:48→12:51: 종가:30,400 | 거래량:1,584 | 🔴회피(위험신호: BISECTOR_BREAK) | 신뢰도:0%
    12:51→12:54: 종가:30,450 | 거래량:520 | 🔴회피(위험신호: BISECTOR_BREAK) | 신뢰도:0%
    12:54→12:57: 종가:30,550 | 거래량:3,701 | 🔴회피(위험신호: BISECTOR_BREAK) | 신뢰도:0%
    12:57→13:00: 종가:30,550 | 거래량:1,225 | 🔴회피(위험신호: BISECTOR_BREAK) | 신뢰도:0%
    13:00→13:03: 종가:30,500 | 거래량:2,102 | 🔴회피(위험신호: BISECTOR_BREAK) | 신뢰도:0%
    13:03→13:06: 종가:30,500 | 거래량:850 | 🔴회피(위험신호: BISECTOR_BREAK) | 신뢰도:0%
    13:06→13:09: 종가:30,550 | 거래량:898 | 🔴회피(위험신호: BISECTOR_BREAK) | 신뢰도:0%
    13:09→13:12: 종가:30,600 | 거래량:1,582 | 🔴회피(위험신호: BISECTOR_BREAK) | 신뢰도:0%
    13:12→13:15: 종가:30,600 | 거래량:982 | 🔴회피(위험신호: BISECTOR_BREAK) | 신뢰도:0%
    13:15→13:18: 종가:30,500 | 거래량:1,597 | 🔴회피(위험신호: BISECTOR_BREAK) | 신뢰도:0%
    13:18→13:21: 종가:30,500 | 거래량:1,764 | 🔴회피(위험신호: BISECTOR_BREAK) | 신뢰도:0%
    13:21→13:24: 종가:30,500 | 거래량:959 | 🔴회피(위험신호: BISECTOR_BREAK) | 신뢰도:0%
    13:24→13:27: 종가:30,500 | 거래량:1,910 | 🔴회피(위험신호: BISECTOR_BREAK) | 신뢰도:0%
    13:27→13:30: 종가:30,500 | 거래량:2,081 | 🔴회피(위험신호: BISECTOR_BREAK) | 신뢰도:0%
    13:30→13:33: 종가:30,550 | 거래량:884 | 🔴회피(위험신호: BISECTOR_BREAK) | 신뢰도:0%
    13:33→13:36: 종가:30,500 | 거래량:2,109 | 🔴회피(위험신호: BISECTOR_BREAK) | 신뢰도:0%
    13:36→13:39: 종가:30,550 | 거래량:643 | 🔴회피(위험신호: BISECTOR_BREAK) | 신뢰도:0%
    13:39→13:42: 종가:30,550 | 거래량:2,362 | 🔴회피(위험신호: BISECTOR_BREAK) | 신뢰도:0%
    13:42→13:45: 종가:30,500 | 거래량:2,999 | 🔴회피(위험신호: BISECTOR_BREAK) | 신뢰도:0%
    13:45→13:48: 종가:30,600 | 거래량:639 | 🔴회피(위험신호: BISECTOR_BREAK) | 신뢰도:0%
    13:48→13:51: 종가:30,550 | 거래량:1,676 | 🔴회피(위험신호: BISECTOR_BREAK) | 신뢰도:0%
    13:51→13:54: 종가:30,550 | 거래량:494 | 🔴회피(위험신호: BISECTOR_BREAK) | 신뢰도:0%
    13:54→13:57: 종가:30,600 | 거래량:672 | 🔴회피(위험신호: BISECTOR_BREAK) | 신뢰도:0%
    13:57→14:00: 종가:30,550 | 거래량:3,201 | 🔴회피(위험신호: BISECTOR_BREAK) | 신뢰도:0%
    14:00→14:03: 종가:30,500 | 거래량:2,070 | 🔴회피(위험신호: BISECTOR_BREAK) | 신뢰도:0%
    14:03→14:06: 종가:30,600 | 거래량:687 | 🔴회피(위험신호: BISECTOR_BREAK) | 신뢰도:0%
    14:06→14:09: 종가:30,550 | 거래량:1,988 | 🔴회피(위험신호: BISECTOR_BREAK) | 신뢰도:0%
    14:09→14:12: 종가:30,500 | 거래량:933 | 🔴회피(위험신호: BISECTOR_BREAK) | 신뢰도:0%
    14:12→14:15: 종가:30,400 | 거래량:3,692 | 🔴회피(위험신호: BISECTOR_BREAK) | 신뢰도:0%
    14:15→14:18: 종가:30,450 | 거래량:623 | 🔴회피(위험신호: BISECTOR_BREAK) | 신뢰도:0%
    14:18→14:21: 종가:30,400 | 거래량:425 | 🔴회피(위험신호: BISECTOR_BREAK) | 신뢰도:0%
    14:21→14:24: 종가:30,400 | 거래량:3,431 | 🔴회피(위험신호: BISECTOR_BREAK) | 신뢰도:0%
    14:24→14:27: 종가:30,400 | 거래량:621 | 🔴회피(위험신호: BISECTOR_BREAK) | 신뢰도:0%
    14:27→14:30: 종가:30,350 | 거래량:2,320 | 🔴회피(위험신호: BISECTOR_BREAK) | 신뢰도:0%
    14:30→14:33: 종가:30,300 | 거래량:2,171 | 🔴회피(위험신호: BISECTOR_BREAK) | 신뢰도:0%
    14:33→14:36: 종가:30,400 | 거래량:1,066 | 🔴회피(위험신호: BISECTOR_BREAK) | 신뢰도:0%
    14:36→14:39: 종가:30,400 | 거래량:944 | 🔴회피(위험신호: BISECTOR_BREAK) | 신뢰도:0%
    14:39→14:42: 종가:30,350 | 거래량:746 | 🔴회피(위험신호: BISECTOR_BREAK) | 신뢰도:0%
    14:42→14:45: 종가:30,400 | 거래량:1,340 | 🔴회피(위험신호: BISECTOR_BREAK) | 신뢰도:0%
    14:45→14:48: 종가:30,500 | 거래량:1,358 | 🔴회피(위험신호: BISECTOR_BREAK) | 신뢰도:0%
    14:48→14:51: 종가:30,400 | 거래량:1,776 | 🔴회피(위험신호: BISECTOR_BREAK) | 신뢰도:0%
    14:51→14:54: 종가:30,400 | 거래량:1,742 | 🔴회피(위험신호: BISECTOR_BREAK) | 신뢰도:0%
    14:54→14:57: 종가:30,400 | 거래량:1,161 | 🔴회피(위험신호: BISECTOR_BREAK) | 신뢰도:0%
    14:57→15:00: 종가:30,350 | 거래량:3,630 | 🔴회피(위험신호: BISECTOR_BREAK) | 신뢰도:0%
    15:00→15:03: 종가:30,350 | 거래량:1,288 | 🔴회피(위험신호: BISECTOR_BREAK) | 신뢰도:0%
    15:03→15:06: 종가:30,350 | 거래량:2,307 | 🔴회피(위험신호: BISECTOR_BREAK) | 신뢰도:0%
    15:06→15:09: 종가:30,450 | 거래량:1,553 | 🔴회피(위험신호: BISECTOR_BREAK) | 신뢰도:0%
    15:09→15:12: 종가:30,450 | 거래량:2,595 | 🔴회피(위험신호: BISECTOR_BREAK) | 신뢰도:0%
    15:12→15:15: 종가:30,400 | 거래량:2,552 | 🔴회피(위험신호: BISECTOR_BREAK) | 신뢰도:0%
    15:15→15:18: 종가:30,400 | 거래량:2,441 | 🔴회피(위험신호: BISECTOR_BREAK) | 신뢰도:0%
    15:18→15:21: 종가:30,350 | 거래량:1,347 | 🔴회피(위험신호: BISECTOR_BREAK) | 신뢰도:0%

=== 094170 - 20251202 눌림목(3분) 신호 재현 ===
  selection_date: 2025-12-02 12:55:23
  승패: 0승 0패
  selection_date 이후 승패: 0승 0패
  매매신호:
    없음
  체결 시뮬레이션:
    없음
  매수 못한 기회:
    없음

  🔍 상세 3분봉 분석 (09:00~15:30):
    09:00→09:03: 데이터부족
    09:03→09:06: 데이터부족
    09:06→09:09: 데이터부족
    09:09→09:12: 데이터부족
    09:12→09:15: 종가:30,100 | 거래량:3,421 | 🔴회피(당일시가이하(시가:30300)) | 신뢰도:0%
    09:15→09:18: 종가:30,200 | 거래량:9,759 | 🔴회피(당일시가이하(시가:30300)) | 신뢰도:0%
    09:18→09:21: 종가:30,400 | 거래량:4,349 | 🔴회피(시가대비0.3%상승(2%미만차단)) | 신뢰도:0%
    09:21→09:24: 종가:30,250 | 거래량:7,510 | 🔴회피(당일시가이하(시가:30300)) | 신뢰도:0%
    09:24→09:27: 종가:30,100 | 거래량:5,096 | 🔴회피(당일시가이하(시가:30300)) | 신뢰도:0%
    09:27→09:30: 종가:30,350 | 거래량:4,456 | 🔴회피(시가대비0.2%상승(2%미만차단)) | 신뢰도:0%
    09:30→09:33: 종가:30,350 | 거래량:3,363 | 🔴회피(시가대비0.2%상승(2%미만차단)) | 신뢰도:0%
    09:33→09:36: 종가:30,150 | 거래량:2,958 | 🔴회피(당일시가이하(시가:30300)) | 신뢰도:0%
    09:36→09:39: 종가:30,400 | 거래량:1,692 | 🔴회피(시가대비0.3%상승(2%미만차단)) | 신뢰도:0%
    09:39→09:42: 종가:30,450 | 거래량:3,307 | 🔴회피(시가대비0.5%상승(2%미만차단)) | 신뢰도:0%
    09:42→09:45: 종가:30,350 | 거래량:3,971 | 🔴회피(시가대비0.2%상승(2%미만차단)) | 신뢰도:0%
    09:45→09:48: 종가:29,900 | 거래량:10,798 | 🔴회피(당일시가이하(시가:30300)) | 신뢰도:0%
    09:48→09:51: 종가:30,000 | 거래량:3,835 | 🔴회피(당일시가이하(시가:30300)) | 신뢰도:0%
    09:51→09:54: 종가:30,100 | 거래량:3,803 | 🔴회피(당일시가이하(시가:30300)) | 신뢰도:0%
    09:54→09:57: 종가:30,100 | 거래량:1,362 | 🔴회피(당일시가이하(시가:30300)) | 신뢰도:0%
    09:57→10:00: 종가:30,050 | 거래량:9,366 | 🔴회피(당일시가이하(시가:30300)) | 신뢰도:0%
    10:00→10:03: 종가:30,150 | 거래량:3,107 | 🔴회피(당일시가이하(시가:30300)) | 신뢰도:0%
    10:03→10:06: 종가:30,100 | 거래량:2,919 | 🔴회피(당일시가이하(시가:30300)) | 신뢰도:0%
    10:06→10:09: 종가:30,100 | 거래량:1,957 | 🔴회피(당일시가이하(시가:30300)) | 신뢰도:0%
    10:09→10:12: 종가:29,950 | 거래량:2,248 | 🔴회피(당일시가이하(시가:30300)) | 신뢰도:0%
    10:12→10:15: 종가:30,100 | 거래량:634 | 🔴회피(당일시가이하(시가:30300)) | 신뢰도:0%
    10:15→10:18: 종가:30,000 | 거래량:2,503 | 🔴회피(당일시가이하(시가:30300)) | 신뢰도:0%
    10:18→10:21: 종가:30,000 | 거래량:1,540 | 🔴회피(당일시가이하(시가:30300)) | 신뢰도:0%
    10:21→10:24: 종가:30,000 | 거래량:2,079 | 🔴회피(당일시가이하(시가:30300)) | 신뢰도:0%
    10:24→10:27: 종가:30,100 | 거래량:1,066 | 🔴회피(당일시가이하(시가:30300)) | 신뢰도:0%
    10:27→10:30: 종가:30,050 | 거래량:410 | 🔴회피(당일시가이하(시가:30300)) | 신뢰도:0%
    10:30→10:33: 종가:30,000 | 거래량:1,493 | 🔴회피(당일시가이하(시가:30300)) | 신뢰도:0%
    10:33→10:36: 종가:29,900 | 거래량:1,697 | 🔴회피(당일시가이하(시가:30300)) | 신뢰도:0%
    10:36→10:39: 종가:30,000 | 거래량:5,302 | 🔴회피(당일시가이하(시가:30300)) | 신뢰도:0%
    10:39→10:42: 종가:29,900 | 거래량:2,250 | 🔴회피(당일시가이하(시가:30300)) | 신뢰도:0%
    10:42→10:45: 종가:29,900 | 거래량:61 | 🔴회피(당일시가이하(시가:30300)) | 신뢰도:0%
    10:45→10:48: 종가:29,800 | 거래량:2,610 | 🔴회피(당일시가이하(시가:30300)) | 신뢰도:0%
    10:48→10:51: 종가:29,950 | 거래량:1,239 | 🔴회피(당일시가이하(시가:30300)) | 신뢰도:0%
    10:51→10:54: 종가:29,950 | 거래량:2,492 | 🔴회피(당일시가이하(시가:30300)) | 신뢰도:0%
    10:54→10:57: 종가:30,200 | 거래량:3,116 | 🔴회피(당일시가이하(시가:30300)) | 신뢰도:0%
    10:57→11:00: 종가:30,300 | 거래량:2,411 | 🔴회피(당일시가이하(시가:30300)) | 신뢰도:0%
    11:00→11:03: 종가:30,300 | 거래량:2,879 | 🔴회피(당일시가이하(시가:30300)) | 신뢰도:0%
    11:03→11:06: 종가:30,500 | 거래량:7,653 | 🔴회피(시가대비0.7%상승(2%미만차단)) | 신뢰도:0%
    11:06→11:09: 종가:30,550 | 거래량:3,439 | 🔴회피(시가대비0.8%상승(2%미만차단)) | 신뢰도:0%
    11:09→11:12: 종가:30,400 | 거래량:1,613 | 🔴회피(시가대비0.3%상승(2%미만차단)) | 신뢰도:0%
    11:12→11:15: 종가:30,550 | 거래량:2,406 | 🔴회피(시가대비0.8%상승(2%미만차단)) | 신뢰도:0%
    11:15→11:18: 종가:30,600 | 거래량:1,921 | 🔴회피(시가대비1.0%상승(2%미만차단)) | 신뢰도:0%
    11:18→11:21: 종가:30,300 | 거래량:1,576 | 🔴회피(당일시가이하(시가:30300)) | 신뢰도:0%
    11:21→11:24: 종가:30,400 | 거래량:1,468 | 🔴회피(시가대비0.3%상승(2%미만차단)) | 신뢰도:0%
    11:24→11:27: 종가:30,400 | 거래량:1,080 | 🔴회피(시가대비0.3%상승(2%미만차단)) | 신뢰도:0%
    11:27→11:30: 종가:30,450 | 거래량:236 | 🔴회피(시가대비0.5%상승(2%미만차단)) | 신뢰도:0%
    11:30→11:33: 종가:30,500 | 거래량:1,239 | 🔴회피(시가대비0.7%상승(2%미만차단)) | 신뢰도:0%
    11:33→11:36: 종가:30,300 | 거래량:1,207 | 🔴회피(당일시가이하(시가:30300)) | 신뢰도:0%
    11:36→11:39: 종가:30,350 | 거래량:422 | 🔴회피(시가대비0.2%상승(2%미만차단)) | 신뢰도:0%
    11:39→11:42: 종가:30,500 | 거래량:1,416 | 🔴회피(시가대비0.7%상승(2%미만차단)) | 신뢰도:0%
    11:42→11:45: 종가:30,500 | 거래량:677 | 🔴회피(시가대비0.7%상승(2%미만차단)) | 신뢰도:0%
    11:45→11:48: 종가:30,500 | 거래량:1,284 | 🔴회피(시가대비0.7%상승(2%미만차단)) | 신뢰도:0%
    11:48→11:51: 종가:30,550 | 거래량:1,760 | 🔴회피(시가대비0.8%상승(2%미만차단)) | 신뢰도:0%
    11:51→11:54: 종가:30,700 | 거래량:13,274 | 🔴회피(시가대비1.3%상승(2%미만차단)) | 신뢰도:0%
    11:54→11:57: 종가:30,650 | 거래량:2,524 | 🔴회피(시가대비1.2%상승(2%미만차단)) | 신뢰도:0%
    11:57→12:00: 종가:30,750 | 거래량:728 | 🔴회피(시가대비1.5%상승(2%미만차단)) | 신뢰도:0%
    12:00→12:03: 종가:30,800 | 거래량:3,183 | 🔴회피(시가대비1.7%상승(2%미만차단)) | 신뢰도:0%
    12:03→12:06: 종가:30,800 | 거래량:1,405 | 🔴회피(시가대비1.7%상승(2%미만차단)) | 신뢰도:0%
    12:06→12:09: 종가:30,800 | 거래량:1,226 | 🔴회피(시가대비1.7%상승(2%미만차단)) | 신뢰도:0%
    12:09→12:12: 종가:30,800 | 거래량:2,251 | 🔴회피(시가대비1.7%상승(2%미만차단)) | 신뢰도:0%
    12:12→12:15: 종가:30,850 | 거래량:1,072 | 🔴회피(시가대비1.8%상승(2%미만차단)) | 신뢰도:0%
    12:15→12:18: 종가:30,750 | 거래량:1,069 | 🔴회피(시가대비1.5%상승(2%미만차단)) | 신뢰도:0%
    12:18→12:21: 종가:30,750 | 거래량:446 | 🔴회피(시가대비1.5%상승(2%미만차단)) | 신뢰도:0%
    12:21→12:24: 종가:30,700 | 거래량:1,698 | 🔴회피(시가대비1.3%상승(2%미만차단)) | 신뢰도:0%
    12:24→12:27: 종가:30,750 | 거래량:977 | 🔴회피(시가대비1.5%상승(2%미만차단)) | 신뢰도:0%
    12:27→12:30: 종가:30,800 | 거래량:1,412 | 🔴회피(시가대비1.7%상승(2%미만차단)) | 신뢰도:0%
    12:30→12:33: 종가:30,750 | 거래량:1,416 | 🔴회피(시가대비1.5%상승(2%미만차단)) | 신뢰도:0%
    12:33→12:36: 종가:30,450 | 거래량:5,066 | 🔴회피(시가대비0.5%상승(2%미만차단)) | 신뢰도:0%
    12:36→12:39: 종가:30,450 | 거래량:609 | 🔴회피(시가대비0.5%상승(2%미만차단)) | 신뢰도:0%
    12:39→12:42: 종가:30,600 | 거래량:1,039 | 🔴회피(시가대비1.0%상승(2%미만차단)) | 신뢰도:0%
    12:42→12:45: 종가:30,550 | 거래량:266 | 🔴회피(시가대비0.8%상승(2%미만차단)) | 신뢰도:0%
    12:45→12:48: 종가:30,450 | 거래량:1,299 | 🔴회피(시가대비0.5%상승(2%미만차단)) | 신뢰도:0%
    12:48→12:51: 종가:30,550 | 거래량:370 | 🔴회피(시가대비0.8%상승(2%미만차단)) | 신뢰도:0%
    12:51→12:54: 종가:30,800 | 거래량:3,462 | 🔴회피(시가대비1.7%상승(2%미만차단)) | 신뢰도:0%
    12:54→12:57: 종가:31,000 | 거래량:9,213 | 🔴회피(4단계패턴없음) | 신뢰도:0%
    12:57→13:00: 종가:31,000 | 거래량:4,051 | 🔴회피(4단계패턴없음) | 신뢰도:0%
    13:00→13:03: 종가:30,950 | 거래량:1,620 | 🔴회피(4단계패턴없음) | 신뢰도:0%
    13:03→13:06: 종가:30,800 | 거래량:2,044 | 🔴회피(시가대비1.7%상승(2%미만차단)) | 신뢰도:0%
    13:06→13:09: 종가:30,900 | 거래량:364 | 🔴회피(시가대비2.0%상승(2%미만차단)) | 신뢰도:0%
    13:09→13:12: 종가:30,950 | 거래량:912 | 🔴회피(4단계패턴없음) | 신뢰도:0%
    13:12→13:15: 종가:31,000 | 거래량:1,424 | 🔴회피(4단계패턴없음) | 신뢰도:0%
    13:15→13:18: 종가:30,950 | 거래량:1,957 | 🔴회피(4단계패턴없음) | 신뢰도:0%
    13:18→13:21: 종가:30,900 | 거래량:1,066 | 🔴회피(시가대비2.0%상승(2%미만차단)) | 신뢰도:0%
    13:21→13:24: 종가:31,000 | 거래량:2,907 | 🔴회피(4단계패턴없음) | 신뢰도:0%
    13:24→13:27: 종가:31,000 | 거래량:3,719 | 🔴회피(4단계패턴없음) | 신뢰도:0%
    13:27→13:30: 종가:31,000 | 거래량:649 | 🔴회피(4단계패턴없음) | 신뢰도:0%
    13:30→13:33: 종가:30,800 | 거래량:1,857 | 🔴회피(시가대비1.7%상승(2%미만차단)) | 신뢰도:0%
    13:33→13:36: 종가:30,850 | 거래량:1,442 | 🔴회피(시가대비1.8%상승(2%미만차단)) | 신뢰도:0%
    13:36→13:39: 종가:30,950 | 거래량:339 | 🔴회피(4단계패턴없음) | 신뢰도:0%
    13:39→13:42: 종가:30,950 | 거래량:949 | 🔴회피(4단계패턴없음) | 신뢰도:0%
    13:42→13:45: 종가:31,000 | 거래량:329 | 🔴회피(4단계패턴없음) | 신뢰도:0%
    13:45→13:48: 종가:30,950 | 거래량:1,625 | 🔴회피(4단계패턴없음) | 신뢰도:0%
    13:48→13:51: 종가:31,000 | 거래량:3,876 | 🔴회피(4단계패턴없음) | 신뢰도:0%
    13:51→13:54: 종가:31,150 | 거래량:8,781 | 🔴회피(4단계패턴없음) | 신뢰도:0%
    13:54→13:57: 종가:31,200 | 거래량:2,727 | 🔴회피(4단계패턴없음) | 신뢰도:0%
    13:57→14:00: 종가:31,225 | 거래량:1,576 | 🔴회피(4단계패턴없음) | 신뢰도:0%
    14:00→14:03: 종가:31,200 | 거래량:5,469 | 🔴회피(4단계패턴없음) | 신뢰도:0%
    14:03→14:06: 종가:31,000 | 거래량:1,923 | 🔴회피(4단계패턴없음) | 신뢰도:0%
    14:06→14:09: 종가:31,100 | 거래량:1,213 | 🔴회피(4단계패턴없음) | 신뢰도:0%
    14:09→14:12: 종가:31,100 | 거래량:1,976 | 🔴회피(4단계패턴없음) | 신뢰도:0%
    14:12→14:15: 종가:31,000 | 거래량:3,761 | 🔴회피(4단계패턴없음) | 신뢰도:0%
    14:15→14:18: 종가:31,000 | 거래량:2,195 | 🔴회피(4단계패턴없음) | 신뢰도:0%
    14:18→14:21: 종가:31,050 | 거래량:546 | 🔴회피(4단계패턴없음) | 신뢰도:0%
    14:21→14:24: 종가:31,100 | 거래량:1,607 | 🔴회피(4단계패턴없음) | 신뢰도:0%
    14:24→14:27: 종가:31,000 | 거래량:1,712 | 🔴회피(4단계패턴없음) | 신뢰도:0%
    14:27→14:30: 종가:31,000 | 거래량:38 | 🔴회피(4단계패턴없음) | 신뢰도:0%
    14:30→14:33: 종가:31,000 | 거래량:2,580 | 🔴회피(4단계패턴없음) | 신뢰도:0%
    14:33→14:36: 종가:31,100 | 거래량:2,062 | 🔴회피(4단계패턴없음) | 신뢰도:0%
    14:36→14:39: 종가:31,350 | 거래량:6,281 | 🔴회피(4단계패턴없음) | 신뢰도:0%
    14:39→14:42: 종가:31,450 | 거래량:5,983 | 🔴회피(4단계패턴없음) | 신뢰도:0%
    14:42→14:45: 종가:31,550 | 거래량:12,449 | 🔴회피(4단계패턴없음) | 신뢰도:0%
    14:45→14:48: 종가:31,400 | 거래량:3,658 | 🔴회피(4단계패턴없음) | 신뢰도:0%
    14:48→14:51: 종가:31,450 | 거래량:3,152 | 🔴회피(4단계패턴없음) | 신뢰도:0%
    14:51→14:54: 종가:31,450 | 거래량:4,356 | 🔴회피(4단계패턴없음) | 신뢰도:0%
    14:54→14:57: 종가:31,400 | 거래량:3,034 | 🔴회피(4단계패턴없음) | 신뢰도:0%
    14:57→15:00: 종가:31,500 | 거래량:661 | 🔴회피(4단계패턴없음) | 신뢰도:0%
    15:00→15:03: 종가:31,375 | 거래량:2,610 | 🔴회피(4단계패턴없음) | 신뢰도:0%
    15:03→15:06: 종가:31,400 | 거래량:1,867 | 🔴회피(4단계패턴없음) | 신뢰도:0%
    15:06→15:09: 종가:31,300 | 거래량:3,401 | 🔴회피(4단계패턴없음) | 신뢰도:0%
    15:09→15:12: 종가:31,400 | 거래량:2,373 | 🔴회피(4단계패턴없음) | 신뢰도:0%
    15:12→15:15: 종가:31,400 | 거래량:6,325 | 🔴회피(4단계패턴없음) | 신뢰도:0%
    15:15→15:18: 종가:31,350 | 거래량:4,793 | 🔴회피(4단계패턴없음) | 신뢰도:0%
    15:18→15:21: 종가:31,350 | 거래량:1,249 | 🔴회피(4단계패턴없음) | 신뢰도:0%

=== 140410 - 20251202 눌림목(3분) 신호 재현 ===
  selection_date: 2025-12-02 09:00:39
  승패: 0승 0패
  selection_date 이후 승패: 0승 0패
  매매신호:
    없음
  체결 시뮬레이션:
    없음
  매수 못한 기회:
    없음

  🔍 상세 3분봉 분석 (09:00~15:30):
    09:00→09:03: 데이터부족
    09:03→09:06: 데이터부족
    09:06→09:09: 데이터부족
    09:09→09:12: 데이터부족
    09:12→09:15: 종가:78,100 | 거래량:2,070 | 🔴회피(위험신호: BISECTOR_BREAK) | 신뢰도:0%
    09:15→09:18: 종가:78,400 | 거래량:2,426 | 🔴회피(위험신호: BISECTOR_BREAK) | 신뢰도:0%
    09:18→09:21: 종가:77,900 | 거래량:4,773 | 🔴회피(위험신호: BISECTOR_BREAK) | 신뢰도:0%
    09:21→09:24: 종가:78,100 | 거래량:3,116 | 🔴회피(위험신호: BISECTOR_BREAK) | 신뢰도:0%
    09:24→09:27: 종가:78,500 | 거래량:1,402 | 🔴회피(당일시가이하(시가:79300)) | 신뢰도:0%
    09:27→09:30: 종가:79,300 | 거래량:2,376 | 🔴회피(당일시가이하(시가:79300)) | 신뢰도:0%
    09:30→09:33: 종가:79,100 | 거래량:1,482 | 🔴회피(당일시가이하(시가:79300)) | 신뢰도:0%
    09:33→09:36: 종가:78,700 | 거래량:1,043 | 🔴회피(당일시가이하(시가:79300)) | 신뢰도:0%
    09:36→09:39: 종가:79,200 | 거래량:902 | 🔴회피(당일시가이하(시가:79300)) | 신뢰도:0%
    09:39→09:42: 종가:78,900 | 거래량:1,205 | 🔴회피(당일시가이하(시가:79300)) | 신뢰도:0%
    09:42→09:45: 종가:79,100 | 거래량:831 | 🔴회피(당일시가이하(시가:79300)) | 신뢰도:0%
    09:45→09:48: 종가:79,200 | 거래량:845 | 🔴회피(당일시가이하(시가:79300)) | 신뢰도:0%
    09:48→09:51: 종가:79,800 | 거래량:14,379 | 🔴회피(시가대비0.6%상승(2%미만차단)) | 신뢰도:0%
    09:51→09:54: 종가:79,700 | 거래량:4,657 | 🔴회피(시가대비0.5%상승(2%미만차단)) | 신뢰도:0%
    09:54→09:57: 종가:79,800 | 거래량:4,277 | 🔴회피(시가대비0.6%상승(2%미만차단)) | 신뢰도:0%
    09:57→10:00: 종가:79,700 | 거래량:2,259 | 🔴회피(시가대비0.5%상승(2%미만차단)) | 신뢰도:0%
    10:00→10:03: 종가:79,000 | 거래량:4,259 | 🔴회피(당일시가이하(시가:79300)) | 신뢰도:0%
    10:03→10:06: 종가:78,600 | 거래량:1,740 | 🔴회피(위험신호: BISECTOR_BREAK) | 신뢰도:0%
    10:06→10:09: 종가:78,900 | 거래량:1,704 | 🔴회피(당일시가이하(시가:79300)) | 신뢰도:0%
    10:09→10:12: 종가:78,500 | 거래량:852 | 🔴회피(위험신호: BISECTOR_BREAK) | 신뢰도:0%
    10:12→10:15: 종가:78,550 | 거래량:1,089 | 🔴회피(위험신호: BISECTOR_BREAK) | 신뢰도:0%
    10:15→10:18: 종가:79,100 | 거래량:1,351 | 🔴회피(당일시가이하(시가:79300)) | 신뢰도:0%
    10:18→10:21: 종가:78,700 | 거래량:1,631 | 🔴회피(위험신호: BISECTOR_BREAK) | 신뢰도:0%
    10:21→10:24: 종가:79,100 | 거래량:1,134 | 🔴회피(당일시가이하(시가:79300)) | 신뢰도:0%
    10:24→10:27: 종가:79,300 | 거래량:1,478 | 🔴회피(당일시가이하(시가:79300)) | 신뢰도:0%
    10:27→10:30: 종가:79,200 | 거래량:661 | 🔴회피(당일시가이하(시가:79300)) | 신뢰도:0%
    10:30→10:33: 종가:79,300 | 거래량:841 | 🔴회피(당일시가이하(시가:79300)) | 신뢰도:0%
    10:33→10:36: 종가:78,900 | 거래량:911 | 🔴회피(당일시가이하(시가:79300)) | 신뢰도:0%
    10:36→10:39: 종가:79,100 | 거래량:547 | 🔴회피(당일시가이하(시가:79300)) | 신뢰도:0%
    10:39→10:42: 종가:79,200 | 거래량:687 | 🔴회피(당일시가이하(시가:79300)) | 신뢰도:0%
    10:42→10:45: 종가:79,300 | 거래량:1,032 | 🔴회피(당일시가이하(시가:79300)) | 신뢰도:0%
    10:45→10:48: 종가:79,300 | 거래량:453 | 🔴회피(당일시가이하(시가:79300)) | 신뢰도:0%
    10:48→10:51: 종가:79,000 | 거래량:475 | 🔴회피(당일시가이하(시가:79300)) | 신뢰도:0%
    10:51→10:54: 종가:78,800 | 거래량:699 | 🔴회피(위험신호: BISECTOR_BREAK) | 신뢰도:0%
    10:54→10:57: 종가:78,800 | 거래량:631 | 🔴회피(위험신호: BISECTOR_BREAK) | 신뢰도:0%
    10:57→11:00: 종가:78,800 | 거래량:454 | 🔴회피(위험신호: BISECTOR_BREAK) | 신뢰도:0%
    11:00→11:03: 종가:78,900 | 거래량:1,131 | 🔴회피(당일시가이하(시가:79300)) | 신뢰도:0%
    11:03→11:06: 종가:79,200 | 거래량:1,077 | 🔴회피(당일시가이하(시가:79300)) | 신뢰도:0%
    11:06→11:09: 종가:79,200 | 거래량:312 | 🔴회피(당일시가이하(시가:79300)) | 신뢰도:0%
    11:09→11:12: 종가:79,300 | 거래량:378 | 🔴회피(당일시가이하(시가:79300)) | 신뢰도:0%
    11:12→11:15: 종가:79,300 | 거래량:441 | 🔴회피(당일시가이하(시가:79300)) | 신뢰도:0%
    11:15→11:18: 종가:79,400 | 거래량:307 | 🔴회피(시가대비0.1%상승(2%미만차단)) | 신뢰도:0%
    11:18→11:21: 종가:79,400 | 거래량:436 | 🔴회피(시가대비0.1%상승(2%미만차단)) | 신뢰도:0%
    11:21→11:24: 종가:79,100 | 거래량:300 | 🔴회피(당일시가이하(시가:79300)) | 신뢰도:0%
    11:24→11:27: 종가:78,800 | 거래량:1,034 | 🔴회피(위험신호: BISECTOR_BREAK) | 신뢰도:0%
    11:27→11:30: 종가:79,000 | 거래량:693 | 🔴회피(당일시가이하(시가:79300)) | 신뢰도:0%
    11:30→11:33: 종가:79,100 | 거래량:321 | 🔴회피(당일시가이하(시가:79300)) | 신뢰도:0%
    11:33→11:36: 종가:79,400 | 거래량:589 | 🔴회피(시가대비0.1%상승(2%미만차단)) | 신뢰도:0%
    11:36→11:39: 종가:79,400 | 거래량:534 | 🔴회피(시가대비0.1%상승(2%미만차단)) | 신뢰도:0%
    11:39→11:42: 종가:79,400 | 거래량:169 | 🔴회피(시가대비0.1%상승(2%미만차단)) | 신뢰도:0%
    11:42→11:45: 종가:79,400 | 거래량:773 | 🔴회피(시가대비0.1%상승(2%미만차단)) | 신뢰도:0%
    11:45→11:48: 종가:79,400 | 거래량:37 | 🔴회피(시가대비0.1%상승(2%미만차단)) | 신뢰도:0%
    11:48→11:51: 종가:79,550 | 거래량:527 | 🔴회피(시가대비0.3%상승(2%미만차단)) | 신뢰도:0%
    11:51→11:54: 종가:79,800 | 거래량:664 | 🔴회피(시가대비0.6%상승(2%미만차단)) | 신뢰도:0%
    11:54→11:57: 종가:79,800 | 거래량:563 | 🔴회피(시가대비0.6%상승(2%미만차단)) | 신뢰도:0%
    11:57→12:00: 종가:79,900 | 거래량:277 | 🔴회피(시가대비0.8%상승(2%미만차단)) | 신뢰도:0%
    12:00→12:03: 종가:80,200 | 거래량:5,802 | 🔴회피(시가대비1.1%상승(2%미만차단)) | 신뢰도:0%
    12:03→12:06: 종가:80,100 | 거래량:6,064 | 🔴회피(시가대비1.0%상승(2%미만차단)) | 신뢰도:0%
    12:06→12:09: 종가:80,200 | 거래량:679 | 🔴회피(시가대비1.1%상승(2%미만차단)) | 신뢰도:0%
    12:09→12:12: 종가:80,100 | 거래량:904 | 🔴회피(시가대비1.0%상승(2%미만차단)) | 신뢰도:0%
    12:12→12:15: 종가:79,900 | 거래량:819 | 🔴회피(시가대비0.8%상승(2%미만차단)) | 신뢰도:0%
    12:15→12:18: 종가:79,900 | 거래량:635 | 🔴회피(시가대비0.8%상승(2%미만차단)) | 신뢰도:0%
    12:18→12:21: 종가:80,200 | 거래량:1,362 | 🔴회피(시가대비1.1%상승(2%미만차단)) | 신뢰도:0%
    12:21→12:24: 종가:80,000 | 거래량:1,391 | 🔴회피(시가대비0.9%상승(2%미만차단)) | 신뢰도:0%
    12:24→12:27: 종가:79,900 | 거래량:486 | 🔴회피(시가대비0.8%상승(2%미만차단)) | 신뢰도:0%
    12:27→12:30: 종가:80,000 | 거래량:229 | 🔴회피(시가대비0.9%상승(2%미만차단)) | 신뢰도:0%
    12:30→12:33: 종가:79,900 | 거래량:320 | 🔴회피(시가대비0.8%상승(2%미만차단)) | 신뢰도:0%
    12:33→12:36: 종가:80,000 | 거래량:22 | 🔴회피(시가대비0.9%상승(2%미만차단)) | 신뢰도:0%
    12:36→12:39: 종가:80,000 | 거래량:654 | 🔴회피(시가대비0.9%상승(2%미만차단)) | 신뢰도:0%
    12:39→12:42: 종가:80,000 | 거래량:670 | 🔴회피(시가대비0.9%상승(2%미만차단)) | 신뢰도:0%
    12:42→12:45: 종가:79,900 | 거래량:593 | 🔴회피(시가대비0.8%상승(2%미만차단)) | 신뢰도:0%
    12:45→12:48: 종가:80,000 | 거래량:1,516 | 🔴회피(시가대비0.9%상승(2%미만차단)) | 신뢰도:0%
    12:48→12:51: 종가:80,000 | 거래량:201 | 🔴회피(시가대비0.9%상승(2%미만차단)) | 신뢰도:0%
    12:51→12:54: 종가:80,000 | 거래량:216 | 🔴회피(시가대비0.9%상승(2%미만차단)) | 신뢰도:0%
    12:54→12:57: 종가:79,700 | 거래량:2,431 | 🔴회피(시가대비0.5%상승(2%미만차단)) | 신뢰도:0%
    12:57→13:00: 종가:79,700 | 거래량:411 | 🔴회피(시가대비0.5%상승(2%미만차단)) | 신뢰도:0%
    13:00→13:03: 종가:78,400 | 거래량:6,388 | 🔴회피(위험신호: BISECTOR_BREAK) | 신뢰도:0%
    13:03→13:06: 종가:79,000 | 거래량:1,905 | 🔴회피(당일시가이하(시가:79300)) | 신뢰도:0%
    13:06→13:09: 종가:78,800 | 거래량:1,568 | 🔴회피(위험신호: BISECTOR_BREAK) | 신뢰도:0%
    13:09→13:12: 종가:78,700 | 거래량:779 | 🔴회피(위험신호: BISECTOR_BREAK) | 신뢰도:0%
    13:12→13:15: 종가:78,700 | 거래량:2,170 | 🔴회피(위험신호: BISECTOR_BREAK) | 신뢰도:0%
    13:15→13:18: 종가:79,200 | 거래량:1,531 | 🔴회피(당일시가이하(시가:79300)) | 신뢰도:0%
    13:18→13:21: 종가:79,000 | 거래량:822 | 🔴회피(당일시가이하(시가:79300)) | 신뢰도:0%
    13:21→13:24: 종가:79,100 | 거래량:1,282 | 🔴회피(당일시가이하(시가:79300)) | 신뢰도:0%
    13:24→13:27: 종가:79,000 | 거래량:427 | 🔴회피(당일시가이하(시가:79300)) | 신뢰도:0%
    13:27→13:30: 종가:78,900 | 거래량:685 | 🔴회피(당일시가이하(시가:79300)) | 신뢰도:0%
    13:30→13:33: 종가:79,200 | 거래량:402 | 🔴회피(당일시가이하(시가:79300)) | 신뢰도:0%
    13:33→13:36: 종가:78,900 | 거래량:543 | 🔴회피(당일시가이하(시가:79300)) | 신뢰도:0%
    13:36→13:39: 종가:78,900 | 거래량:362 | 🔴회피(당일시가이하(시가:79300)) | 신뢰도:0%
    13:39→13:42: 종가:78,700 | 거래량:846 | 🔴회피(위험신호: BISECTOR_BREAK) | 신뢰도:0%
    13:42→13:45: 종가:78,700 | 거래량:154 | 🔴회피(위험신호: BISECTOR_BREAK) | 신뢰도:0%
    13:45→13:48: 종가:78,700 | 거래량:1,781 | 🔴회피(위험신호: BISECTOR_BREAK) | 신뢰도:0%
    13:48→13:51: 종가:78,600 | 거래량:1,483 | 🔴회피(위험신호: BISECTOR_BREAK) | 신뢰도:0%
    13:51→13:54: 종가:78,650 | 거래량:741 | 🔴회피(위험신호: BISECTOR_BREAK) | 신뢰도:0%
    13:54→13:57: 종가:79,000 | 거래량:455 | 🔴회피(당일시가이하(시가:79300)) | 신뢰도:0%
    13:57→14:00: 종가:79,000 | 거래량:240 | 🔴회피(당일시가이하(시가:79300)) | 신뢰도:0%
    14:00→14:03: 종가:78,900 | 거래량:301 | 🔴회피(당일시가이하(시가:79300)) | 신뢰도:0%
    14:03→14:06: 종가:79,000 | 거래량:128 | 🔴회피(당일시가이하(시가:79300)) | 신뢰도:0%
    14:06→14:09: 종가:79,100 | 거래량:225 | 🔴회피(당일시가이하(시가:79300)) | 신뢰도:0%
    14:09→14:12: 종가:79,300 | 거래량:410 | 🔴회피(당일시가이하(시가:79300)) | 신뢰도:0%
    14:12→14:15: 종가:79,200 | 거래량:676 | 🔴회피(당일시가이하(시가:79300)) | 신뢰도:0%
    14:15→14:18: 종가:79,400 | 거래량:1,554 | 🔴회피(시가대비0.1%상승(2%미만차단)) | 신뢰도:0%
    14:18→14:21: 종가:79,400 | 거래량:449 | 🔴회피(시가대비0.1%상승(2%미만차단)) | 신뢰도:0%
    14:21→14:24: 종가:78,600 | 거래량:1,841 | 🔴회피(위험신호: BISECTOR_BREAK) | 신뢰도:0%
    14:24→14:27: 종가:78,750 | 거래량:1,237 | 🔴회피(위험신호: BISECTOR_BREAK) | 신뢰도:0%
    14:27→14:30: 종가:78,600 | 거래량:1,031 | 🔴회피(위험신호: BISECTOR_BREAK) | 신뢰도:0%
    14:30→14:33: 종가:78,600 | 거래량:1,070 | 🔴회피(위험신호: BISECTOR_BREAK) | 신뢰도:0%
    14:33→14:36: 종가:78,600 | 거래량:1,131 | 🔴회피(위험신호: BISECTOR_BREAK) | 신뢰도:0%
    14:36→14:39: 종가:78,600 | 거래량:841 | 🔴회피(위험신호: BISECTOR_BREAK) | 신뢰도:0%
    14:39→14:42: 종가:78,500 | 거래량:990 | 🔴회피(위험신호: BISECTOR_BREAK) | 신뢰도:0%
    14:42→14:45: 종가:78,600 | 거래량:1,153 | 🔴회피(위험신호: BISECTOR_BREAK) | 신뢰도:0%
    14:45→14:48: 종가:78,700 | 거래량:1,564 | 🔴회피(위험신호: BISECTOR_BREAK) | 신뢰도:0%
    14:48→14:51: 종가:78,900 | 거래량:1,113 | 🔴회피(당일시가이하(시가:79300)) | 신뢰도:0%
    14:51→14:54: 종가:78,800 | 거래량:1,072 | 🔴회피(위험신호: BISECTOR_BREAK) | 신뢰도:0%
    14:54→14:57: 종가:78,800 | 거래량:1,499 | 🔴회피(위험신호: BISECTOR_BREAK) | 신뢰도:0%
    14:57→15:00: 종가:79,000 | 거래량:1,177 | 🔴회피(당일시가이하(시가:79300)) | 신뢰도:0%
    15:00→15:03: 종가:78,900 | 거래량:999 | 🔴회피(당일시가이하(시가:79300)) | 신뢰도:0%
    15:03→15:06: 종가:79,400 | 거래량:1,401 | 🔴회피(시가대비0.1%상승(2%미만차단)) | 신뢰도:0%
    15:06→15:09: 종가:79,100 | 거래량:298 | 🔴회피(당일시가이하(시가:79300)) | 신뢰도:0%
    15:09→15:12: 종가:78,900 | 거래량:798 | 🔴회피(당일시가이하(시가:79300)) | 신뢰도:0%
    15:12→15:15: 종가:79,000 | 거래량:567 | 🔴회피(당일시가이하(시가:79300)) | 신뢰도:0%
    15:15→15:18: 종가:79,000 | 거래량:328 | 🔴회피(당일시가이하(시가:79300)) | 신뢰도:0%
    15:18→15:21: 종가:79,000 | 거래량:777 | 🔴회피(당일시가이하(시가:79300)) | 신뢰도:0%
